Microchip MPLAB XC8 Compiler V1.40 ()

Linker command line:

-W-3 --edf=C:\Program Files (x86)\Microchip\xc8\v1.40\dat\en_msgs.txt -cs \
  -h+dist/default/production\PIC18_LCD_LIB.X.production.sym \
  --cmf=dist/default/production\PIC18_LCD_LIB.X.production.cmf -z -Q18F4620 \
  -oC:\Users\Nam\AppData\Local\Temp\sa0s.2 \
  -Mdist/default/production/PIC18_LCD_LIB.X.production.map -E1 -ver=XC8 \
  -ASTACK=0176h-0f7fh -pstack=STACK -ACODE=00h-0FFFFh -ACONST=00h-0FFFFh \
  -ASMALLCONST=01000h-010FFhx240 -AMEDIUMCONST=01000h-0FFFFh \
  -ACOMRAM=01h-07Fh -AABS1=00h-0F7Fh -ABIGRAM=01h-0F7Fh \
  -ARAM=080h-0FFh,0100h-01FFhx14,0F00h-0F7Fh -ABANK0=080h-0FFh \
  -ABANK1=0100h-01FFh -ABANK2=0200h-02FFh -ABANK3=0300h-03FFh \
  -ABANK4=0400h-04FFh -ABANK5=0500h-05FFh -ABANK6=0600h-06FFh \
  -ABANK7=0700h-07FFh -ABANK8=0800h-08FFh -ABANK9=0900h-09FFh \
  -ABANK10=0A00h-0AFFh -ABANK11=0B00h-0BFFh -ABANK12=0C00h-0CFFh \
  -ABANK13=0D00h-0DFFh -ABANK14=0E00h-0EFFh -ABANK15=0F00h-0F7Fh \
  -ASFR=0F80h-0FFFh -preset_vec=00h,intcode=08h,intcodelo,powerup,init \
  -pramtop=01000h -psmallconst=SMALLCONST -pmediumconst=MEDIUMCONST \
  -pconst=CONST -AFARRAM=00h-00h -ACONFIG=0300000h-030000Dh -pconfig=CONFIG \
  -AIDLOC=0200000h-0200007h -pidloc=IDLOC -AEEDATA=0F00000h-0F003FFh \
  -peeprom_data=EEDATA \
  -prdata=COMRAM,nvrram=COMRAM,nvbit=COMRAM,rbss=COMRAM,rbit=COMRAM \
  -pfarbss=FARRAM,fardata=FARRAM,nvFARRAM=FARRAM \
  -pintsave_regs=BIGRAM,bigbss=BIGRAM,bigdata=BIGRAM -pbss=RAM \
  -pidata=CODE,irdata=CODE,ibigdata=CODE,ifardata=CODE -prparam=COMRAM \
  C:\Users\Nam\AppData\Local\Temp\sa0s.obj \
  dist/default/production\PIC18_LCD_LIB.X.production.obj 

Object code version is 3.11

Machine type is 18F4620

Call graph: (short form)




                Name                               Link     Load   Length Selector   Space Scale
C:\Users\Nam\AppData\Local\Temp\sa0s.obj
                init                                  E        E        4        4       0
                reset_vec                             0        0        4        0       0
                idloc                            200000   200000        8   200000       0
                config                           300000   300000        E   300000       0
dist/default/production\PIC18_LCD_LIB.X.production.obj
                intcode                               8        8        6        4       0
                temp                                 5D       5D        1        1       1
                mediumconst                        FE1C     FE1C      1E4     7F0E       0
                text54                             3350     3350       70        4       0
                text53                             2E24     2E24       C8        4       0
                text52                             3580     3580       4C        4       0
                text51                             26FA     26FA      10C        4       0
                intcode_body                       29F4     29F4       E6        4       0
                text49                             2C90     2C90       CC        4       0
                text48                             2F9A     2F9A       AC        4       0
                text47                             3426     3426       66        4       0
                text46                             388E     388E       22        4       0
                text45                             3616     3616       46        4       0
                text44                             35CC     35CC       4A        4       0
                text43                             2EEC     2EEC       AE        4       0
                text42                             3268     3268       78        4       0
                text41                             36D4     36D4       38        4       0
                text40                             1ACE     1ACE      268        4       0
                text39                             25EA     25EA      110        4       0
                text38                             1F96     1F96      15E        4       0
                text37                             224C     224C      144        4       0
                text36                             20F4     20F4      158        4       0
                text35                             2BBC     2BBC       D4        4       0
                text34                             3534     3534       4C        4       0
                text33                             2ADA     2ADA       E2        4       0
                text32                             3914     3914        8     1C82       0
                text31                             365C     365C       40        4       0
                text30                             390C     390C        8     1C82       0
                text29                             3046     3046       90        4       0
                text28                             3848     3848       24        4       0
                text27                             34E8     34E8       4C        4       0
                text26                             31E6     31E6       82        4       0
                text25                             33C0     33C0       66        4       0
                text24                             348C     348C       5C        4       0
                text23                             24C2     24C2      128        4       0
                text22                             2390     2390      132        4       0
                text21                             3162     3162       84        4       0
                text20                             32E0     32E0       70        4       0
                text19                             3822     3822       26        4       0
                text18                             1D36     1D36      260        4       0
                text17                             38CE     38CE       1E        4       0
                text16                             3904     3904        8     1C82       0
                text15                             386C     386C       22        4       0
                text14                             12F2     12F2      416        4       0
                text13                               12       12      DF8        4       0
                text12                             37FC     37FC       26        4       0
                text11                             37D6     37D6       26        4       0
                text10                             37B0     37B0       26        4       0
                text9                              370C     370C       32        4       0
                text8                              378A     378A       26        4       0
                text7                              3764     3764       26        4       0
                text6                              373E     373E       26        4       0
                text5                              2806     2806      104        4       0
                text4                              369C     369C       38        4       0
                text3                              290A     290A       EA        4       0
                text2                              2D5C     2D5C       C8        4       0
                text1                               E0A      E0A      4E8        4       0
                text0                              1708     1708      3C6        4       0
                cstackCOMRAM                          1        1       3A        1       1
                cstackBANK0                          80       80       6D       80       1
                cstackBANK1                         100      100       38      100       1
                dataBANK1                           158      158       1E      100       1
                bssBANK1                            138      138       20      100       1
                dataBANK0                            ED       ED        6       80       1
                bssBANK0                             F3       F3        2       80       1
                dataCOMRAM                           3B       3B       17        1       1
                bssCOMRAM                            52       52        B        1       1
                cinit                              30D6     30D6       8C        4       0
                idataBANK1                         38B0     38B0       1E        4       0
                idataBANK0                         391C     391C        6     1C82       0
                idataCOMRAM                        38EC     38EC       17        4       0

TOTAL           Name                               Link     Load   Length     Space
        CLASS   STACK          

        CLASS   CODE           
                intcode                               8        8        6         0
                init                                  E        E        4         0
                reset_vec                             0        0        4         0
                text54                             3350     3350       70         0
                text53                             2E24     2E24       C8         0
                text52                             3580     3580       4C         0
                text51                             26FA     26FA      10C         0
                intcode_body                       29F4     29F4       E6         0
                text49                             2C90     2C90       CC         0
                text48                             2F9A     2F9A       AC         0
                text47                             3426     3426       66         0
                text46                             388E     388E       22         0
                text45                             3616     3616       46         0
                text44                             35CC     35CC       4A         0
                text43                             2EEC     2EEC       AE         0
                text42                             3268     3268       78         0
                text41                             36D4     36D4       38         0
                text40                             1ACE     1ACE      268         0
                text39                             25EA     25EA      110         0
                text38                             1F96     1F96      15E         0
                text37                             224C     224C      144         0
                text36                             20F4     20F4      158         0
                text35                             2BBC     2BBC       D4         0
                text34                             3534     3534       4C         0
                text33                             2ADA     2ADA       E2         0
                text32                             3914     3914        8         0
                text31                             365C     365C       40         0
                text30                             390C     390C        8         0
                text29                             3046     3046       90         0
                text28                             3848     3848       24         0
                text27                             34E8     34E8       4C         0
                text26                             31E6     31E6       82         0
                text25                             33C0     33C0       66         0
                text24                             348C     348C       5C         0
                text23                             24C2     24C2      128         0
                text22                             2390     2390      132         0
                text21                             3162     3162       84         0
                text20                             32E0     32E0       70         0
                text19                             3822     3822       26         0
                text18                             1D36     1D36      260         0
                text17                             38CE     38CE       1E         0
                text16                             3904     3904        8         0
                text15                             386C     386C       22         0
                text14                             12F2     12F2      416         0
                text13                               12       12      DF8         0
                text12                             37FC     37FC       26         0
                text11                             37D6     37D6       26         0
                text10                             37B0     37B0       26         0
                text9                              370C     370C       32         0
                text8                              378A     378A       26         0
                text7                              3764     3764       26         0
                text6                              373E     373E       26         0
                text5                              2806     2806      104         0
                text4                              369C     369C       38         0
                text3                              290A     290A       EA         0
                text2                              2D5C     2D5C       C8         0
                text1                               E0A      E0A      4E8         0
                text0                              1708     1708      3C6         0
                cinit                              30D6     30D6       8C         0
                idataBANK1                         38B0     38B0       1E         0
                idataBANK0                         391C     391C        6         0
                idataCOMRAM                        38EC     38EC       17         0

        CLASS   CONST          

        CLASS   SMALLCONST     

        CLASS   MEDIUMCONST    
                mediumconst                        FE1C     FE1C      1E4         0

        CLASS   COMRAM         
                temp                                 5D       5D        1         1
                cstackCOMRAM                          1        1       3A         1
                dataCOMRAM                           3B       3B       17         1
                bssCOMRAM                            52       52        B         1

        CLASS   ABS1           

        CLASS   BIGRAM         

        CLASS   RAM            

        CLASS   BANK0          
                cstackBANK0                          80       80       6D         1
                dataBANK0                            ED       ED        6         1
                bssBANK0                             F3       F3        2         1

        CLASS   BANK1          
                cstackBANK1                         100      100       38         1
                dataBANK1                           158      158       1E         1
                bssBANK1                            138      138       20         1

        CLASS   BANK2          

        CLASS   BANK3          

        CLASS   BANK4          

        CLASS   BANK5          

        CLASS   BANK6          

        CLASS   BANK7          

        CLASS   BANK8          

        CLASS   BANK9          

        CLASS   BANK10         

        CLASS   BANK11         

        CLASS   BANK12         

        CLASS   BANK13         

        CLASS   BANK14         

        CLASS   BANK15         

        CLASS   SFR            

        CLASS   FARRAM         

        CLASS   CONFIG         
                config                           300000   300000        E         0

        CLASS   IDLOC          
                idloc                            200000   200000        8         0

        CLASS   EEDATA         



SEGMENTS        Name                           Load    Length   Top    Selector   Space  Class

                reset_vec                      000000  000004  000004         0       0  CODE    
                cstackCOMRAM                   000001  00005D  00005E         1       1  COMRAM  
                intcode                        000008  0038FB  003903         4       0  CODE    
                cstackBANK0                    000080  000075  0000F5        80       1  BANK0   
                cstackBANK1                    000100  000076  000176       100       1  BANK1   
                text16                         003904  00001E  003922      1C82       0  CODE    
                mediumconst                    00FE1C  0001E4  010000      7F0E       0  MEDIUMCO
                idloc                          200000  000008  200008    200000       0  IDLOC   
                config                         300000  00000E  30000E    300000       0  CONFIG  


UNUSED ADDRESS RANGES

        Name                Unused          Largest block    Delta
        BANK0            0000F5-0000FF                B
        BANK1            000176-0001FF               8A
        BANK10           000A00-000AFF              100
        BANK11           000B00-000BFF              100
        BANK12           000C00-000CFF              100
        BANK13           000D00-000DFF              100
        BANK14           000E00-000EFF              100
        BANK15           000F00-000F7F               80
        BANK2            000200-0002FF              100
        BANK3            000300-0003FF              100
        BANK4            000400-0004FF              100
        BANK5            000500-0005FF              100
        BANK6            000600-0006FF              100
        BANK7            000700-0007FF              100
        BANK8            000800-0008FF              100
        BANK9            000900-0009FF              100
        BIGRAM           00005E-00007F               22
                         0000F5-0000FF                B
                         000176-000F7F              E0A
        CODE             000004-000007                4
                         003903-003903                1
                         003922-00FE1B             C4FA
        COMRAM           00005E-00007F               22
        CONST            000004-000007                4
                         003903-003903                1
                         003922-00FE1B             C4FA
        EEDATA           F00000-F003FF              400
        MEDIUMCONST      003903-003903                1
                         003922-00FE1B             C4FA
        RAM              0000F5-0000FF                B
                         000176-000F7F              100
        SFR              000F80-000FFF               80
        SMALLCONST       003903-003903                1
                         003922-00FE1B              100
        STACK            000176-000F7F              E0A

                                  Symbol Table

?___aldiv                       cstackCOMRAM 000023
?___almod                       cstackCOMRAM 000031
?___altoft                      cstackCOMRAM 00002B
?___awdiv                       cstackCOMRAM 000029
?___awmod                       cstackCOMRAM 000023
?___awtoft                      cstackCOMRAM 00002B
?___ftadd                       cstackBANK0  0000A2
?___ftdiv                       cstackCOMRAM 000035
?___ftmul                       cstackBANK0  000089
?___ftneg                       cstackCOMRAM 000023
?___ftpack                      cstackCOMRAM 000023
?___ftsub                       cstackBANK0  0000AE
?___fttol                       cstackBANK0  0000AE
?___lldiv                       cstackCOMRAM 000023
?___llmod                       cstackCOMRAM 000030
?___lltoft                      cstackCOMRAM 00002B
?___wmul                        cstackCOMRAM 000031
?__div_to_l_                    cstackCOMRAM 000023
?__tdiv_to_l_                   cstackCOMRAM 000023
?_analogRead                    cstackCOMRAM 000023
?_angleToPulse                  cstackBANK0  0000BD
?_digitalRead                   cstackCOMRAM 000023
?_fround                        cstackBANK0  000098
?_printf                        cstackBANK0  0000BD
?_scale                         cstackBANK0  000098
?i2___awmod                     cstackCOMRAM 000001
_AA_float                       dataCOMRAM   00004A
_ACKDT                          (abs)        007E2D
_ACKEN                          (abs)        007E2C
_ADCON0                         (abs)        000FC2
_ADCON1                         (abs)        000FC1
_ADCON2                         (abs)        000FC0
_ADRESH                         (abs)        000FC4
_ADRESL                         (abs)        000FC3
_EEADR                          (abs)        000FA9
_EEADRH                         (abs)        000FAA
_EECON1                         (abs)        000FA6
_EECON2                         (abs)        000FA7
_EEDATA                         (abs)        000FA8
_EEIF                           (abs)        007D0C
_INT0IE                         (abs)        007F94
_INT0IF                         (abs)        007F91
_INT1IE                         (abs)        007F83
_INT1IF                         (abs)        007F80
_INTCONbits                     (abs)        000FF2
_LATA                           (abs)        000F89
_LATB                           (abs)        000F8A
_LATC                           (abs)        000F8B
_LATD                           (abs)        000F8C
_LATDbits                       (abs)        000F8C
_LATE                           (abs)        000F8D
_PEIE                           (abs)        007F96
_PEN                            (abs)        007E2A
_PORTA                          (abs)        000F80
_PORTB                          (abs)        000F81
_PORTBbits                      (abs)        000F81
_PORTC                          (abs)        000F82
_PORTD                          (abs)        000F83
_RCEN                           (abs)        007E2B
_RSEN                           (abs)        007E29
_SEN                            (abs)        007E28
_SSPADD                         (abs)        000FC8
_SSPBUF                         (abs)        000FC9
_SSPCON1                        (abs)        000FC6
_SSPCON2                        (abs)        000FC5
_SSPSTAT                        (abs)        000FC7
_T0CON                          (abs)        000FD5
_T1CON                          (abs)        000FCD
_T3CON                          (abs)        000FB1
_TMR0H                          (abs)        000FD7
_TMR0IE                         (abs)        007F95
_TMR0IF                         (abs)        007F92
_TMR0L                          (abs)        000FD6
_TMR1H                          (abs)        000FCF
_TMR1IE                         (abs)        007CE8
_TMR1IF                         (abs)        007CF0
_TMR1L                          (abs)        000FCE
_TMR3H                          (abs)        000FB3
_TMR3IE                         (abs)        007D01
_TMR3L                          (abs)        000FB2
_TRISA                          (abs)        000F92
_TRISB                          (abs)        000F93
_TRISC                          (abs)        000F94
_TRISC3                         (abs)        007CA3
_TRISC4                         (abs)        007CA4
_TRISD                          (abs)        000F95
_TRISE                          (abs)        000F96
_V_LIM_9V                       dataCOMRAM   00003B
_V_LIM_AA                       dataCOMRAM   00003E
_V_LIM_C                        dataCOMRAM   000041
__CFG_BOREN$SBORDIS             (abs)        000000
__CFG_BORV$3                    (abs)        000000
__CFG_CCP2MX$PORTC              (abs)        000000
__CFG_CP0$OFF                   (abs)        000000
__CFG_CP1$OFF                   (abs)        000000
__CFG_CP2$OFF                   (abs)        000000
__CFG_CP3$OFF                   (abs)        000000
__CFG_CPB$OFF                   (abs)        000000
__CFG_CPD$OFF                   (abs)        000000
__CFG_EBTR0$OFF                 (abs)        000000
__CFG_EBTR1$OFF                 (abs)        000000
__CFG_EBTR2$OFF                 (abs)        000000
__CFG_EBTR3$OFF                 (abs)        000000
__CFG_EBTRB$OFF                 (abs)        000000
__CFG_FCMEN$OFF                 (abs)        000000
__CFG_IESO$OFF                  (abs)        000000
__CFG_LPT1OSC$OFF               (abs)        000000
__CFG_LVP$OFF                   (abs)        000000
__CFG_MCLRE$ON                  (abs)        000000
__CFG_OSC$HS                    (abs)        000000
__CFG_PBADEN$ON                 (abs)        000000
__CFG_PWRT$OFF                  (abs)        000000
__CFG_STVREN$ON                 (abs)        000000
__CFG_WDT$OFF                   (abs)        000000
__CFG_WDTPS$32768               (abs)        000000
__CFG_WRT0$OFF                  (abs)        000000
__CFG_WRT1$OFF                  (abs)        000000
__CFG_WRT2$OFF                  (abs)        000000
__CFG_WRT3$OFF                  (abs)        000000
__CFG_WRTB$OFF                  (abs)        000000
__CFG_WRTC$OFF                  (abs)        000000
__CFG_WRTD$OFF                  (abs)        000000
__CFG_XINST$OFF                 (abs)        000000
__HRAM                          (abs)        000000
__Habs1                         abs1         000000
__Hbank0                        bank0        000000
__Hbank1                        bank1        000000
__Hbank10                       bank10       000000
__Hbank11                       bank11       000000
__Hbank12                       bank12       000000
__Hbank13                       bank13       000000
__Hbank14                       bank14       000000
__Hbank15                       bank15       000000
__Hbank2                        bank2        000000
__Hbank3                        bank3        000000
__Hbank4                        bank4        000000
__Hbank5                        bank5        000000
__Hbank6                        bank6        000000
__Hbank7                        bank7        000000
__Hbank8                        bank8        000000
__Hbank9                        bank9        000000
__Hbigbss                       bigbss       000000
__Hbigdata                      bigdata      000000
__Hbigram                       bigram       000000
__Hbss                          bss          000000
__HbssBANK0                     bssBANK0     000000
__HbssBANK1                     bssBANK1     000000
__HbssCOMRAM                    bssCOMRAM    000000
__Hcinit                        cinit        000000
__Hclrtext                      clrtext      000000
__Hcomram                       comram       000000
__Hconfig                       config       30000E
__Hconst                        const        000000
__HcstackBANK0                  cstackBANK0  000000
__HcstackBANK1                  cstackBANK1  000000
__HcstackCOMRAM                 cstackCOMRAM 000000
__Hdata                         data         000000
__HdataBANK0                    dataBANK0    000000
__HdataBANK1                    dataBANK1    000000
__HdataCOMRAM                   dataCOMRAM   000000
__Heeprom_data                  eeprom_data  000000
__Hfarbss                       farbss       000000
__Hfardata                      fardata      000000
__Hibigdata                     ibigdata     000000
__Hidata                        idata        000000
__HidataBANK0                   idataBANK0   000000
__HidataBANK1                   idataBANK1   000000
__HidataCOMRAM                  idataCOMRAM  000000
__Hidloc                        idloc        200008
__Hifardata                     ifardata     000000
__Hinit                         init         000012
__Hintcode                      intcode      00000E
__Hintcode_body                 intcode_body 000000
__Hintcodelo                    intcodelo    00000E
__Hintentry                     intentry     000000
__Hintret                       intret       000000
__Hintsave_regs                 intsave_regs 000000
__Hirdata                       irdata       000000
__Hmediumconst                  mediumconst  010000
__HnvFARRAM                     nvFARRAM     000000
__Hnvbit                        nvbit        000000
__Hnvrram                       nvrram       000000
__Hparam                        rparam       000000
__Hpowerup                      powerup      00000E
__Hram                          ram          000000
__Hramtop                       ramtop       001000
__Hrbit                         rbit         000000
__Hrbss                         rbss         000000
__Hrdata                        rdata        000000
__Hreset_vec                    reset_vec    000004
__Hrparam                       rparam       000000
__Hsfr                          sfr          000000
__Hsmallconst                   smallconst   000000
__Hspace_0                      (abs)        30000E
__Hspace_1                      (abs)        000176
__Hspace_2                      (abs)        000000
__Hstack                        stack        000000
__Hstruct                       struct       000000
__Htemp                         temp         00005E
__Htext                         text         000000
__Htext0                        text0        000000
__Htext1                        text1        000000
__Htext10                       text10       000000
__Htext11                       text11       000000
__Htext12                       text12       000000
__Htext13                       text13       000000
__Htext14                       text14       000000
__Htext15                       text15       000000
__Htext16                       text16       000000
__Htext17                       text17       000000
__Htext18                       text18       000000
__Htext19                       text19       000000
__Htext2                        text2        000000
__Htext20                       text20       000000
__Htext21                       text21       000000
__Htext22                       text22       000000
__Htext23                       text23       000000
__Htext24                       text24       000000
__Htext25                       text25       000000
__Htext26                       text26       000000
__Htext27                       text27       000000
__Htext28                       text28       000000
__Htext29                       text29       000000
__Htext3                        text3        000000
__Htext30                       text30       000000
__Htext31                       text31       000000
__Htext32                       text32       000000
__Htext33                       text33       000000
__Htext34                       text34       000000
__Htext35                       text35       000000
__Htext36                       text36       000000
__Htext37                       text37       000000
__Htext38                       text38       000000
__Htext39                       text39       000000
__Htext4                        text4        000000
__Htext40                       text40       000000
__Htext41                       text41       000000
__Htext42                       text42       000000
__Htext43                       text43       000000
__Htext44                       text44       000000
__Htext45                       text45       000000
__Htext46                       text46       000000
__Htext47                       text47       000000
__Htext48                       text48       000000
__Htext49                       text49       000000
__Htext5                        text5        000000
__Htext51                       text51       000000
__Htext52                       text52       000000
__Htext53                       text53       000000
__Htext54                       text54       000000
__Htext6                        text6        000000
__Htext7                        text7        000000
__Htext8                        text8        000000
__Htext9                        text9        000000
__LRAM                          (abs)        000001
__Labs1                         abs1         000000
__Lbank0                        bank0        000000
__Lbank1                        bank1        000000
__Lbank10                       bank10       000000
__Lbank11                       bank11       000000
__Lbank12                       bank12       000000
__Lbank13                       bank13       000000
__Lbank14                       bank14       000000
__Lbank15                       bank15       000000
__Lbank2                        bank2        000000
__Lbank3                        bank3        000000
__Lbank4                        bank4        000000
__Lbank5                        bank5        000000
__Lbank6                        bank6        000000
__Lbank7                        bank7        000000
__Lbank8                        bank8        000000
__Lbank9                        bank9        000000
__Lbigbss                       bigbss       000000
__Lbigdata                      bigdata      000000
__Lbigram                       bigram       000000
__Lbss                          bss          000000
__LbssBANK0                     bssBANK0     000000
__LbssBANK1                     bssBANK1     000000
__LbssCOMRAM                    bssCOMRAM    000000
__Lcinit                        cinit        000000
__Lclrtext                      clrtext      000000
__Lcomram                       comram       000000
__Lconfig                       config       300000
__Lconst                        const        000000
__LcstackBANK0                  cstackBANK0  000000
__LcstackBANK1                  cstackBANK1  000000
__LcstackCOMRAM                 cstackCOMRAM 000000
__Ldata                         data         000000
__LdataBANK0                    dataBANK0    000000
__LdataBANK1                    dataBANK1    000000
__LdataCOMRAM                   dataCOMRAM   000000
__Leeprom_data                  eeprom_data  000000
__Lfarbss                       farbss       000000
__Lfardata                      fardata      000000
__Libigdata                     ibigdata     000000
__Lidata                        idata        000000
__LidataBANK0                   idataBANK0   000000
__LidataBANK1                   idataBANK1   000000
__LidataCOMRAM                  idataCOMRAM  000000
__Lidloc                        idloc        200000
__Lifardata                     ifardata     000000
__Linit                         init         00000E
__Lintcode                      intcode      000008
__Lintcode_body                 intcode_body 000000
__Lintcodelo                    intcodelo    00000E
__Lintentry                     intentry     000000
__Lintret                       intret       000000
__Lintsave_regs                 intsave_regs 000000
__Lirdata                       irdata       000000
__Lmediumconst                  mediumconst  00FE1C
__LnvFARRAM                     nvFARRAM     000000
__Lnvbit                        nvbit        000000
__Lnvrram                       nvrram       000000
__Lparam                        rparam       000000
__Lpowerup                      powerup      00000E
__Lram                          ram          000000
__Lramtop                       ramtop       001000
__Lrbit                         rbit         000000
__Lrbss                         rbss         000000
__Lrdata                        rdata        000000
__Lreset_vec                    reset_vec    000000
__Lrparam                       rparam       000000
__Lsfr                          sfr          000000
__Lsmallconst                   smallconst   000000
__Lspace_0                      (abs)        000000
__Lspace_1                      (abs)        000000
__Lspace_2                      (abs)        000000
__Lstack                        stack        000000
__Lstruct                       struct       000000
__Ltemp                         temp         00005D
__Ltext                         text         000000
__Ltext0                        text0        000000
__Ltext1                        text1        000000
__Ltext10                       text10       000000
__Ltext11                       text11       000000
__Ltext12                       text12       000000
__Ltext13                       text13       000000
__Ltext14                       text14       000000
__Ltext15                       text15       000000
__Ltext16                       text16       000000
__Ltext17                       text17       000000
__Ltext18                       text18       000000
__Ltext19                       text19       000000
__Ltext2                        text2        000000
__Ltext20                       text20       000000
__Ltext21                       text21       000000
__Ltext22                       text22       000000
__Ltext23                       text23       000000
__Ltext24                       text24       000000
__Ltext25                       text25       000000
__Ltext26                       text26       000000
__Ltext27                       text27       000000
__Ltext28                       text28       000000
__Ltext29                       text29       000000
__Ltext3                        text3        000000
__Ltext30                       text30       000000
__Ltext31                       text31       000000
__Ltext32                       text32       000000
__Ltext33                       text33       000000
__Ltext34                       text34       000000
__Ltext35                       text35       000000
__Ltext36                       text36       000000
__Ltext37                       text37       000000
__Ltext38                       text38       000000
__Ltext39                       text39       000000
__Ltext4                        text4        000000
__Ltext40                       text40       000000
__Ltext41                       text41       000000
__Ltext42                       text42       000000
__Ltext43                       text43       000000
__Ltext44                       text44       000000
__Ltext45                       text45       000000
__Ltext46                       text46       000000
__Ltext47                       text47       000000
__Ltext48                       text48       000000
__Ltext49                       text49       000000
__Ltext5                        text5        000000
__Ltext51                       text51       000000
__Ltext52                       text52       000000
__Ltext53                       text53       000000
__Ltext54                       text54       000000
__Ltext6                        text6        000000
__Ltext7                        text7        000000
__Ltext8                        text8        000000
__Ltext9                        text9        000000
__S0                            (abs)        30000E
__S1                            (abs)        000176
__S2                            (abs)        000000
___aldiv                        text49       002C90
___aldiv@counter                cstackCOMRAM 00002B
___aldiv@dividend               cstackCOMRAM 000023
___aldiv@divisor                cstackCOMRAM 000027
___aldiv@quotient               cstackCOMRAM 00002D
___aldiv@sign                   cstackCOMRAM 00002C
___almod                        text48       002F9A
___almod@counter                cstackCOMRAM 000039
___almod@dividend               cstackCOMRAM 000031
___almod@divisor                cstackCOMRAM 000035
___almod@sign                   cstackCOMRAM 00003A
___altoft                       text42       003268
___altoft@c                     cstackCOMRAM 00002B
___altoft@exp                   cstackCOMRAM 000033
___altoft@sign                  cstackCOMRAM 000034
___awdiv                        text21       003162
___awdiv@counter                cstackCOMRAM 00002D
___awdiv@dividend               cstackCOMRAM 000029
___awdiv@divisor                cstackCOMRAM 00002B
___awdiv@quotient               cstackCOMRAM 00002F
___awdiv@sign                   cstackCOMRAM 00002E
___awmod                        text20       0032E0
___awmod@counter                cstackCOMRAM 000027
___awmod@dividend               cstackCOMRAM 000023
___awmod@divisor                cstackCOMRAM 000025
___awmod@sign                   cstackCOMRAM 000028
___awtoft                       text41       0036D4
___awtoft@c                     cstackCOMRAM 00002B
___awtoft@sign                  cstackCOMRAM 00002E
___ftadd                        text40       001ACE
___ftadd@exp1                   cstackBANK0  0000AD
___ftadd@exp2                   cstackBANK0  0000AC
___ftadd@f1                     cstackBANK0  0000A2
___ftadd@f2                     cstackBANK0  0000A5
___ftadd@sign                   cstackBANK0  0000AB
___ftdiv                        text39       0025EA
___ftdiv@cntr                   cstackBANK0  000083
___ftdiv@exp                    cstackBANK0  000087
___ftdiv@f1                     cstackCOMRAM 000035
___ftdiv@f2                     cstackCOMRAM 000038
___ftdiv@f3                     cstackBANK0  000084
___ftdiv@sign                   cstackBANK0  000088
___ftge                         text29       003046
___ftge@ff1                     cstackCOMRAM 00002F
___ftge@ff2                     cstackCOMRAM 000032
___ftmul                        text38       001F96
___ftmul@cntr                   cstackBANK0  000096
___ftmul@exp                    cstackBANK0  000092
___ftmul@f1                     cstackBANK0  000089
___ftmul@f2                     cstackBANK0  00008C
___ftmul@f3_as_product          cstackBANK0  000093
___ftmul@sign                   cstackBANK0  000097
___ftneg                        text28       003848
___ftneg@f1                     cstackCOMRAM 000023
___ftpack                       text43       002EEC
___ftpack@arg                   cstackCOMRAM 000023
___ftpack@exp                   cstackCOMRAM 000026
___ftpack@sign                  cstackCOMRAM 000027
___ftsub                        text27       0034E8
___ftsub@f1                     cstackBANK0  0000AE
___ftsub@f2                     cstackBANK0  0000B1
___fttol                        text37       00224C
___fttol@exp1                   cstackBANK0  0000BC
___fttol@f1                     cstackBANK0  0000AE
___fttol@lval                   cstackBANK0  0000B8
___fttol@sign1                  cstackBANK0  0000B7
___inthi_sp                     stack        000000
___intlo_sp                     stack        000000
___lldiv                        text26       0031E6
___lldiv@counter                cstackCOMRAM 00002F
___lldiv@dividend               cstackCOMRAM 000023
___lldiv@divisor                cstackCOMRAM 000027
___lldiv@quotient               cstackCOMRAM 00002B
___llmod                        text25       0033C0
___llmod@counter                cstackCOMRAM 000038
___llmod@dividend               cstackCOMRAM 000030
___llmod@divisor                cstackCOMRAM 000034
___lltoft                       text24       00348C
___lltoft@c                     cstackCOMRAM 00002B
___lltoft@exp                   cstackCOMRAM 000033
___param_bank                   (abs)        000000
___rparam_used                  (abs)        000001
___sp                           stack        000000
___wmul                         text19       003822
___wmul@multiplicand            cstackCOMRAM 000033
___wmul@multiplier              cstackCOMRAM 000031
___wmul@product                 cstackCOMRAM 000035
__accesstop                     (abs)        000080
__activetblptr                  (abs)        000002
__div_to_l_                     text23       0024C2
__div_to_l_@cntr                cstackCOMRAM 00002D
__div_to_l_@exp1                cstackCOMRAM 00002E
__div_to_l_@f1                  cstackCOMRAM 000023
__div_to_l_@f2                  cstackCOMRAM 000026
__div_to_l_@quot                cstackCOMRAM 000029
__end_of___aldiv                text49       002D5C
__end_of___almod                text48       003046
__end_of___altoft               text42       0032E0
__end_of___awdiv                text21       0031E6
__end_of___awmod                text20       003350
__end_of___awtoft               text41       00370C
__end_of___ftadd                text40       001D36
__end_of___ftdiv                text39       0026FA
__end_of___ftge                 text29       0030D6
__end_of___ftmul                text38       0020F4
__end_of___ftneg                text28       00386C
__end_of___ftpack               text43       002F9A
__end_of___ftsub                text27       003534
__end_of___fttol                text37       002390
__end_of___lldiv                text26       003268
__end_of___llmod                text25       003426
__end_of___lltoft               text24       0034E8
__end_of___wmul                 text19       003848
__end_of__div_to_l_             text23       0025EA
__end_of__initialization        cinit        003154
__end_of__npowers_              mediumconst  00FE6C
__end_of__powers_               mediumconst  00FE93
__end_of__tdiv_to_l_            text22       0024C2
__end_of_analogRead             text4        0036D4
__end_of_angleToPulse           text36       00224C
__end_of_dateTime               text12       003822
__end_of_digitalRead            text3        0029F4
__end_of_digitalWrite           text2        002E24
__end_of_dpowers                mediumconst  00FE45
__end_of_fround                 text18       001F96
__end_of_happynewyear           mediumconst  00FECB
__end_of_hexpowers              mediumconst  00FEB3
__end_of_initLCD                text45       00365C
__end_of_initServo              text33       002BBC
__end_of_initTimer              text44       003616
__end_of_isdigit                text17       0038EC
__end_of_keys                   mediumconst  00FEC4
__end_of_lcdClear               text30       003914
__end_of_lcdHome                text32       00391C
__end_of_lcdInst                text46       0038B0
__end_of_lcdNewline             text16       00390C
__end_of_lcdNibble              text47       00348C
__end_of_main                   text0        001ACE
__end_of_mainMenu               text11       0037FC
__end_of_pinSetup               text31       00369C
__end_of_printf                 text13       000E0A
__end_of_putch                  text15       00388E
__end_of_readKeypad             text10       0037D6
__end_of_runMenu                text9        00373E
__end_of_runSelect              text8        0037B0
__end_of_runStats               text7        00378A
__end_of_runTime                text6        003764
__end_of_scale                  text14       001708
__end_of_service                intcode_body 002ADA
__end_of_servoInterruptService  text51       002806
__end_of_setAngle               text35       002C90
__end_of_showInterface          text5        00290A
__end_of_sortBattery            text1        0012F2
__end_of_startTimer             text34       003580
__end_ofi2___awmod              text54       0033C0
__end_ofi2_digitalWrite         text53       002EEC
__end_ofi2_startTimer           text52       0035CC
__initialization                cinit        0030D6
__mediumconst                   mediumconst  00FE1C
__npowers_                      mediumconst  00FE45
__pbssBANK0                     bssBANK0     0000F3
__pbssBANK1                     bssBANK1     000138
__pbssCOMRAM                    bssCOMRAM    000052
__pcinit                        cinit        0030D6
__pcstackBANK0                  cstackBANK0  000080
__pcstackBANK1                  cstackBANK1  000100
__pcstackCOMRAM                 cstackCOMRAM 000001
__pdataBANK0                    dataBANK0    0000ED
__pdataBANK1                    dataBANK1    000158
__pdataCOMRAM                   dataCOMRAM   00003B
__pidataBANK0                   idataBANK0   00391C
__pidataBANK1                   idataBANK1   0038B0
__pidataCOMRAM                  idataCOMRAM  0038EC
__pintcode                      intcode      000008
__pintcode_body                 intcode_body 0029F4
__pmediumconst                  mediumconst  00FE1C
__powers_                       mediumconst  00FE6C
__ptext0                        text0        001708
__ptext1                        text1        000E0A
__ptext10                       text10       0037B0
__ptext11                       text11       0037D6
__ptext12                       text12       0037FC
__ptext13                       text13       000012
__ptext14                       text14       0012F2
__ptext15                       text15       00386C
__ptext16                       text16       003904
__ptext17                       text17       0038CE
__ptext18                       text18       001D36
__ptext19                       text19       003822
__ptext2                        text2        002D5C
__ptext20                       text20       0032E0
__ptext21                       text21       003162
__ptext22                       text22       002390
__ptext23                       text23       0024C2
__ptext24                       text24       00348C
__ptext25                       text25       0033C0
__ptext26                       text26       0031E6
__ptext27                       text27       0034E8
__ptext28                       text28       003848
__ptext29                       text29       003046
__ptext3                        text3        00290A
__ptext30                       text30       00390C
__ptext31                       text31       00365C
__ptext32                       text32       003914
__ptext33                       text33       002ADA
__ptext34                       text34       003534
__ptext35                       text35       002BBC
__ptext36                       text36       0020F4
__ptext37                       text37       00224C
__ptext38                       text38       001F96
__ptext39                       text39       0025EA
__ptext4                        text4        00369C
__ptext40                       text40       001ACE
__ptext41                       text41       0036D4
__ptext42                       text42       003268
__ptext43                       text43       002EEC
__ptext44                       text44       0035CC
__ptext45                       text45       003616
__ptext46                       text46       00388E
__ptext47                       text47       003426
__ptext48                       text48       002F9A
__ptext49                       text49       002C90
__ptext5                        text5        002806
__ptext51                       text51       0026FA
__ptext52                       text52       003580
__ptext53                       text53       002E24
__ptext54                       text54       003350
__ptext6                        text6        00373E
__ptext7                        text7        003764
__ptext8                        text8        00378A
__ptext9                        text9        00370C
__ramtop                        ramtop       001000
__size_of___aldiv               (abs)        000000
__size_of___almod               (abs)        000000
__size_of___altoft              (abs)        000000
__size_of___awdiv               (abs)        000000
__size_of___awmod               (abs)        000000
__size_of___awtoft              (abs)        000000
__size_of___ftadd               (abs)        000000
__size_of___ftdiv               (abs)        000000
__size_of___ftge                (abs)        000000
__size_of___ftmul               (abs)        000000
__size_of___ftneg               (abs)        000000
__size_of___ftpack              (abs)        000000
__size_of___ftsub               (abs)        000000
__size_of___fttol               (abs)        000000
__size_of___lldiv               (abs)        000000
__size_of___llmod               (abs)        000000
__size_of___lltoft              (abs)        000000
__size_of___wmul                (abs)        000000
__size_of__div_to_l_            (abs)        000000
__size_of__tdiv_to_l_           (abs)        000000
__size_of_analogRead            (abs)        000000
__size_of_angleToPulse          (abs)        000000
__size_of_dateTime              (abs)        000000
__size_of_digitalRead           (abs)        000000
__size_of_digitalWrite          (abs)        000000
__size_of_fround                (abs)        000000
__size_of_initLCD               (abs)        000000
__size_of_initServo             (abs)        000000
__size_of_initTimer             (abs)        000000
__size_of_isdigit               (abs)        000000
__size_of_lcdClear              (abs)        000000
__size_of_lcdHome               (abs)        000000
__size_of_lcdInst               (abs)        000000
__size_of_lcdNewline            (abs)        000000
__size_of_lcdNibble             (abs)        000000
__size_of_main                  (abs)        000000
__size_of_mainMenu              (abs)        000000
__size_of_pinSetup              (abs)        000000
__size_of_printf                (abs)        000000
__size_of_putch                 (abs)        000000
__size_of_readKeypad            (abs)        000000
__size_of_runMenu               (abs)        000000
__size_of_runSelect             (abs)        000000
__size_of_runStats              (abs)        000000
__size_of_runTime               (abs)        000000
__size_of_scale                 (abs)        000000
__size_of_service               (abs)        000000
__size_of_servoInterruptService (abs)        000000
__size_of_setAngle              (abs)        000000
__size_of_showInterface         (abs)        000000
__size_of_sortBattery           (abs)        000000
__size_of_startTimer            (abs)        000000
__size_ofi2___awmod             (abs)        000000
__size_ofi2_digitalWrite        (abs)        000000
__size_ofi2_startTimer          (abs)        000000
__smallconst                    smallconst   000000
__tdiv_to_l_                    text22       002390
__tdiv_to_l_@cntr               cstackCOMRAM 000030
__tdiv_to_l_@exp1               cstackCOMRAM 000031
__tdiv_to_l_@f1                 cstackCOMRAM 000023
__tdiv_to_l_@f2                 cstackCOMRAM 000026
__tdiv_to_l_@quot               cstackCOMRAM 00002C
_analogRead                     text4        00369C
_angle                          dataCOMRAM   000044
_angleToPulse                   text36       0020F4
_angleToPulse$1352              cstackBANK0  0000CD
_batteryDetected                bssBANK1     00014C
_conveyorServo                  dataBANK1    00015E
_count                          bssCOMRAM    000056
_curr                           bssCOMRAM    000058
_cylinderDir                    dataBANK1    000162
_cylinderMotor                  dataBANK1    000166
_dateTime                       text12       0037FC
_digitalRead                    text3        00290A
_digitalWrite                   text2        002D5C
_dpowers                        mediumconst  00FE1D
_fround                         text18       001D36
_fround$1353                    cstackBANK0  00009E
_fround$1354                    cstackBANK0  00009B
_happynewyear                   mediumconst  00FEC4
_hexpowers                      mediumconst  00FE93
_initLCD                        text45       003616
_initServo                      text33       002ADA
_initTimer                      text44       0035CC
_isdigit                        text17       0038CE
_isdigit$978                    cstackCOMRAM 000024
_keys                           mediumconst  00FEB3
_lastKey                        bssCOMRAM    00005C
_lcdClear                       text30       00390C
_lcdHome                        text32       003914
_lcdInst                        text46       00388E
_lcdNewline                     text16       003904
_lcdNibble                      text47       003426
_main                           text0        001708
_mainMenu                       text11       0037D6
_n                              bssBANK0     0000F3
_n_9V                           bssBANK1     00014E
_n_AA                           bssBANK1     000150
_n_C                            bssBANK1     000152
_n_OTHER                        bssBANK1     000154
_padAngle_CLOSE                 dataBANK0    0000ED
_padAngle_NEUTRAL               dataBANK1    000158
_padAngle_OPEN                  dataCOMRAM   000046
_padPin1                        dataCOMRAM   00004E
_padPin2                        dataBANK1    00016A
_padPin3                        bssCOMRAM    000052
_padServo                       dataBANK1    00016E
_pinSetup                       text31       00365C
_prevTime                       bssCOMRAM    00005A
_printf                         text13       000012
_printf$1356                    cstackBANK0  0000CD
_pulse                          bssBANK1     000138
_putch                          text15       00386C
_readKeypad                     text10       0037B0
_redirectAngle_9V               dataCOMRAM   000048
_redirectAngle_AA               dataBANK1    00015A
_redirectAngle_C                dataBANK0    0000EF
_redirectAngle_OTHER            dataBANK0    0000F1
_redirectingServo               dataBANK1    000172
_runMenu                        text9        00370C
_runSelect                      text8        00378A
_runStats                       text7        003764
_runTime                        text6        00373E
_scale                          text14       0012F2
_scale$1355                     cstackBANK0  00009B
_service                        intcode      000008
_servoInterruptService          text51       0026FA
_servos                         bssBANK1     000140
_setAngle                       text35       002BBC
_showInterface                  text5        002806
_sortBattery                    text1        000E0A
_sortBattery$1351               cstackBANK1  000100
_startTimer                     text34       003534
_stoppingTime                   dataBANK1    00015C
_terminate                      bssBANK1     000156
_time                           bssBANK1     000148
analogRead@channel              cstackCOMRAM 000023
angleToPulse@a000               cstackBANK0  0000D0
angleToPulse@a180               cstackBANK0  0000C9
angleToPulse@angle              cstackBANK0  0000BD
angleToPulse@offset             cstackBANK0  0000C5
btemp                           temp         00005D
digitalRead@pin                 cstackCOMRAM 000023
digitalWrite@p                  cstackCOMRAM 00002A
digitalWrite@pin                cstackCOMRAM 000023
digitalWrite@val                cstackCOMRAM 000025
end_of_initialization           cinit        003154
fround@prec                     cstackBANK0  0000A1
i2___awmod                      text54       003350
i2___awmod@counter              cstackCOMRAM 000005
i2___awmod@dividend             cstackCOMRAM 000001
i2___awmod@divisor              cstackCOMRAM 000003
i2___awmod@sign                 cstackCOMRAM 000006
i2_digitalWrite                 text53       002E24
i2_startTimer                   text52       003580
i2digitalWrite@p                cstackCOMRAM 00000E
i2digitalWrite@pin              cstackCOMRAM 000007
i2digitalWrite@val              cstackCOMRAM 000009
i2startTimer@timer              cstackCOMRAM 000007
i2startTimer@val                cstackCOMRAM 000009
initServo@angle                 cstackBANK0  0000E0
initServo@i                     cstackBANK0  0000E6
initServo@motor                 cstackBANK0  0000DE
initTimer@timer                 cstackCOMRAM 000023
int$flags                       temp         00005D
int_func                        intcode_body 0029F4
intlevel0                       text         000000
intlevel1                       text         000000
intlevel2                       text         000000
intlevel3                       text         000000
isdigit@c                       cstackCOMRAM 000025
lcdInst@data                    cstackCOMRAM 000026
lcdNibble@data                  cstackCOMRAM 000024
lcdNibble@temp                  cstackCOMRAM 000023
main@cylinderBackward           cstackBANK1  00012E
main@cylinderDur                cstackBANK1  000134
main@cylinderForward            cstackBANK1  00012C
main@cylinderStart              cstackBANK1  000132
main@lastBatteryTime            cstackBANK1  000130
main@prev                       cstackBANK1  000136
printf@ap                       cstackBANK0  0000D5
printf@c                        cstackBANK0  0000EA
printf@cp                       cstackBANK0  0000D1
printf@exp                      cstackBANK0  0000DB
printf@f                        cstackBANK0  0000BD
printf@flag                     cstackBANK0  0000E6
printf@fval                     cstackBANK0  0000DD
printf@idx                      cstackBANK0  0000D0
printf@len                      cstackBANK0  0000D3
printf@prec                     cstackBANK0  0000E8
printf@tmpval                   cstackBANK0  0000D7
printf@val                      cstackBANK0  0000E0
printf@width                    cstackBANK0  0000E4
putch@data                      cstackCOMRAM 000027
readKeypad@key                  cstackCOMRAM 000023
runMenu@key                     cstackBANK0  0000EB
scale@scl                       cstackBANK0  00009E
service@key                     cstackCOMRAM 000022
setAngle@angle                  cstackBANK0  0000D6
setAngle@i                      cstackBANK0  0000DC
setAngle@motor                  cstackBANK0  0000D4
setAngle@period                 cstackBANK0  0000DA
showInterface@key               cstackBANK0  0000EC
sortBattery@V                   cstackBANK1  000116
sortBattery@V_220               cstackBANK1  00011C
sortBattery@V_float             cstackBANK1  000102
sortBattery@V_max               cstackBANK1  00010F
sortBattery@Vcc                 cstackBANK1  000109
sortBattery@i                   cstackBANK1  000119
sortBattery@i_222               cstackBANK1  000112
sortBattery@pos_v_counter       cstackBANK1  000105
sortBattery@resolution          cstackBANK1  00010C
sortBattery@signal              cstackBANK1  000107
sortBattery@targetAngle         cstackBANK1  000114
stackhi                         (abs)        000F7F
stacklo                         (abs)        000176
start                           init         00000E
startTimer@timer                cstackCOMRAM 000023
startTimer@val                  cstackCOMRAM 000025
start_initialization            cinit        0030D6


FUNCTION INFORMATION:

 *************** function _main *****************
 Defined at:
		line 113 in file "main.c"
 Parameters:    Size  Location     Type
		None
 Auto vars:     Size  Location     Type
  prev            2   54[BANK1 ] int 
  cylinderDur     2   52[BANK1 ] int 
  cylinderStar    2   50[BANK1 ] int 
  lastBatteryT    2   48[BANK1 ] int 
  cylinderBack    2   46[BANK1 ] int 
  cylinderForw    2   44[BANK1 ] int 
 Return value:  Size  Location     Type
                  1    wreg      void 
 Registers used:
		wreg, fsr2l, fsr2h, status,2, status,0, tblptrl, tblptrh, tblptru, prodl, prodh, cstack
 Tracked objects:
		On entry : 
		On exit  : 
		Unchanged: 
 Data sizes:     COMRAM   BANK0   BANK1   BANK2   BANK3   BANK4   BANK5   BANK6   BANK7   BANK8   BANK9  BANK10  BANK11  BANK12  BANK13  BANK14  BANK15
      Params:         0       0       0       0       0       0       0       0       0       0       0       0       0       0       0       0       0
      Locals:         0       0      12       0       0       0       0       0       0       0       0       0       0       0       0       0       0
      Temps:          0       0      13       0       0       0       0       0       0       0       0       0       0       0       0       0       0
      Totals:         0       0      25       0       0       0       0       0       0       0       0       0       0       0       0       0       0
Total ram usage:       25 bytes
 Hardware stack levels required when called:   10
 This function calls:
		___aldiv
		___almod
		_digitalRead
		_digitalWrite
		_initLCD
		_initServo
		_initTimer
		_lcdClear
		_lcdHome
		_pinSetup
		_printf
		_readKeypad
		_showInterface
		_sortBattery
		_startTimer
 This function is called by:
		Startup code after reset
 This function uses a non-reentrant model


 *************** function _sortBattery *****************
 Defined at:
		line 195 in file "main.c"
 Parameters:    Size  Location     Type
		None
 Auto vars:     Size  Location     Type
  V               3   22[BANK1 ] float 
  i               2   18[BANK1 ] int 
  i               3   25[BANK1 ] float 
  V               3   28[BANK1 ] float 
  V_max           3   15[BANK1 ] float 
  resolution      3   12[BANK1 ] float 
  Vcc             3    9[BANK1 ] float 
  V_float         3    2[BANK1 ] float 
  targetAngle     2   20[BANK1 ] int 
  signal          2    7[BANK1 ] int 
  pos_v_counte    2    5[BANK1 ] int 
 Return value:  Size  Location     Type
                  1    wreg      void 
 Registers used:
		wreg, fsr2l, fsr2h, status,2, status,0, tblptrl, tblptrh, tblptru, prodl, prodh, cstack
 Tracked objects:
		On entry : 
		On exit  : 
		Unchanged: 
 Data sizes:     COMRAM   BANK0   BANK1   BANK2   BANK3   BANK4   BANK5   BANK6   BANK7   BANK8   BANK9  BANK10  BANK11  BANK12  BANK13  BANK14  BANK15
      Params:         0       0       0       0       0       0       0       0       0       0       0       0       0       0       0       0       0
      Locals:         0       0      31       0       0       0       0       0       0       0       0       0       0       0       0       0       0
      Temps:          0       2       0       0       0       0       0       0       0       0       0       0       0       0       0       0       0
      Totals:         0       2      31       0       0       0       0       0       0       0       0       0       0       0       0       0       0
Total ram usage:       33 bytes
 Hardware stack levels used:    1
 Hardware stack levels required when called:    8
 This function calls:
		___altoft
		___awtoft
		___ftdiv
		___ftge
		___ftmul
		___ftsub
		___fttol
		_analogRead
		_digitalRead
		_digitalWrite
		_lcdClear
		_printf
		_readKeypad
		_setAngle
 This function is called by:
		_main
 This function uses a non-reentrant model


 *************** function _digitalWrite *****************
 Defined at:
		line 53 in file "iopin.c"
 Parameters:    Size  Location     Type
  pin             2   34[COMRAM] PTR int 
		 -> AA_float(4), cylinderDir(4), redirectingServo(4), conveyorServo(4), 
		 -> cylinderMotor(4), padServo(4), 
  val             2   36[COMRAM] int 
 Auto vars:     Size  Location     Type
  p               2   41[COMRAM] int 
 Return value:  Size  Location     Type
                  1    wreg      void 
 Registers used:
		wreg, fsr2l, fsr2h, status,2, status,0
 Tracked objects:
		On entry : 
		On exit  : 
		Unchanged: 
 Data sizes:     COMRAM   BANK0   BANK1   BANK2   BANK3   BANK4   BANK5   BANK6   BANK7   BANK8   BANK9  BANK10  BANK11  BANK12  BANK13  BANK14  BANK15
      Params:         4       0       0       0       0       0       0       0       0       0       0       0       0       0       0       0       0
      Locals:         2       0       0       0       0       0       0       0       0       0       0       0       0       0       0       0       0
      Temps:          3       0       0       0       0       0       0       0       0       0       0       0       0       0       0       0       0
      Totals:         9       0       0       0       0       0       0       0       0       0       0       0       0       0       0       0       0
Total ram usage:        9 bytes
 Hardware stack levels used:    1
 Hardware stack levels required when called:    3
 This function calls:
		Nothing
 This function is called by:
		_main
		_sortBattery
 This function uses a non-reentrant model


 *************** function _digitalRead *****************
 Defined at:
		line 43 in file "iopin.c"
 Parameters:    Size  Location     Type
  pin             2   34[COMRAM] PTR int 
		 -> padPin2(4), padPin1(4), cylinderDir(4), 
 Auto vars:     Size  Location     Type
		None
 Return value:  Size  Location     Type
                  2   34[COMRAM] int 
 Registers used:
		wreg, fsr2l, fsr2h, status,2, status,0
 Tracked objects:
		On entry : 
		On exit  : 
		Unchanged: 
 Data sizes:     COMRAM   BANK0   BANK1   BANK2   BANK3   BANK4   BANK5   BANK6   BANK7   BANK8   BANK9  BANK10  BANK11  BANK12  BANK13  BANK14  BANK15
      Params:         2       0       0       0       0       0       0       0       0       0       0       0       0       0       0       0       0
      Locals:         0       0       0       0       0       0       0       0       0       0       0       0       0       0       0       0       0
      Temps:          2       0       0       0       0       0       0       0       0       0       0       0       0       0       0       0       0
      Totals:         4       0       0       0       0       0       0       0       0       0       0       0       0       0       0       0       0
Total ram usage:        4 bytes
 Hardware stack levels used:    1
 Hardware stack levels required when called:    3
 This function calls:
		Nothing
 This function is called by:
		_main
		_sortBattery
 This function uses a non-reentrant model


 *************** function _analogRead *****************
 Defined at:
		line 90 in file "iopin.c"
 Parameters:    Size  Location     Type
  channel         2   34[COMRAM] int 
 Auto vars:     Size  Location     Type
		None
 Return value:  Size  Location     Type
                  4   34[COMRAM] long 
 Registers used:
		wreg, status,2, status,0
 Tracked objects:
		On entry : 
		On exit  : 
		Unchanged: 
 Data sizes:     COMRAM   BANK0   BANK1   BANK2   BANK3   BANK4   BANK5   BANK6   BANK7   BANK8   BANK9  BANK10  BANK11  BANK12  BANK13  BANK14  BANK15
      Params:         4       0       0       0       0       0       0       0       0       0       0       0       0       0       0       0       0
      Locals:         0       0       0       0       0       0       0       0       0       0       0       0       0       0       0       0       0
      Temps:          2       0       0       0       0       0       0       0       0       0       0       0       0       0       0       0       0
      Totals:         6       0       0       0       0       0       0       0       0       0       0       0       0       0       0       0       0
Total ram usage:        6 bytes
 Hardware stack levels used:    1
 Hardware stack levels required when called:    3
 This function calls:
		Nothing
 This function is called by:
		_sortBattery
 This function uses a non-reentrant model


 *************** function _showInterface *****************
 Defined at:
		line 16 in file "interface.c"
 Parameters:    Size  Location     Type
		None
 Auto vars:     Size  Location     Type
  key             1  108[BANK0 ] unsigned char 
 Return value:  Size  Location     Type
                  1    wreg      void 
 Registers used:
		wreg, fsr2l, fsr2h, status,2, status,0, tblptrl, tblptrh, tblptru, prodl, prodh, cstack
 Tracked objects:
		On entry : 
		On exit  : 
		Unchanged: 
 Data sizes:     COMRAM   BANK0   BANK1   BANK2   BANK3   BANK4   BANK5   BANK6   BANK7   BANK8   BANK9  BANK10  BANK11  BANK12  BANK13  BANK14  BANK15
      Params:         0       0       0       0       0       0       0       0       0       0       0       0       0       0       0       0       0
      Locals:         0       1       0       0       0       0       0       0       0       0       0       0       0       0       0       0       0
      Temps:          0       0       0       0       0       0       0       0       0       0       0       0       0       0       0       0       0
      Totals:         0       1       0       0       0       0       0       0       0       0       0       0       0       0       0       0       0
Total ram usage:        1 bytes
 Hardware stack levels used:    1
 Hardware stack levels required when called:    9
 This function calls:
		_dateTime
		_mainMenu
		_readKeypad
		_runMenu
		_runSelect
		_runStats
		_runTime
 This function is called by:
		_main
 This function uses a non-reentrant model


 *************** function _runTime *****************
 Defined at:
		line 117 in file "interface.c"
 Parameters:    Size  Location     Type
		None
 Auto vars:     Size  Location     Type
		None
 Return value:  Size  Location     Type
                  1    wreg      void 
 Registers used:
		wreg, fsr2l, fsr2h, status,2, status,0, tblptrl, tblptrh, tblptru, prodl, prodh, cstack
 Tracked objects:
		On entry : 
		On exit  : 
		Unchanged: 
 Data sizes:     COMRAM   BANK0   BANK1   BANK2   BANK3   BANK4   BANK5   BANK6   BANK7   BANK8   BANK9  BANK10  BANK11  BANK12  BANK13  BANK14  BANK15
      Params:         0       0       0       0       0       0       0       0       0       0       0       0       0       0       0       0       0
      Locals:         0       0       0       0       0       0       0       0       0       0       0       0       0       0       0       0       0
      Temps:          0       0       0       0       0       0       0       0       0       0       0       0       0       0       0       0       0
      Totals:         0       0       0       0       0       0       0       0       0       0       0       0       0       0       0       0       0
Total ram usage:        0 bytes
 Hardware stack levels used:    1
 Hardware stack levels required when called:    8
 This function calls:
		_lcdClear
		_printf
 This function is called by:
		_showInterface
 This function uses a non-reentrant model


 *************** function _runStats *****************
 Defined at:
		line 123 in file "interface.c"
 Parameters:    Size  Location     Type
		None
 Auto vars:     Size  Location     Type
		None
 Return value:  Size  Location     Type
                  1    wreg      void 
 Registers used:
		wreg, fsr2l, fsr2h, status,2, status,0, tblptrl, tblptrh, tblptru, prodl, prodh, cstack
 Tracked objects:
		On entry : 
		On exit  : 
		Unchanged: 
 Data sizes:     COMRAM   BANK0   BANK1   BANK2   BANK3   BANK4   BANK5   BANK6   BANK7   BANK8   BANK9  BANK10  BANK11  BANK12  BANK13  BANK14  BANK15
      Params:         0       0       0       0       0       0       0       0       0       0       0       0       0       0       0       0       0
      Locals:         0       0       0       0       0       0       0       0       0       0       0       0       0       0       0       0       0
      Temps:          0       0       0       0       0       0       0       0       0       0       0       0       0       0       0       0       0
      Totals:         0       0       0       0       0       0       0       0       0       0       0       0       0       0       0       0       0
Total ram usage:        0 bytes
 Hardware stack levels used:    1
 Hardware stack levels required when called:    8
 This function calls:
		_lcdClear
		_printf
 This function is called by:
		_showInterface
 This function uses a non-reentrant model


 *************** function _runSelect *****************
 Defined at:
		line 105 in file "interface.c"
 Parameters:    Size  Location     Type
		None
 Auto vars:     Size  Location     Type
		None
 Return value:  Size  Location     Type
                  1    wreg      void 
 Registers used:
		wreg, fsr2l, fsr2h, status,2, status,0, tblptrl, tblptrh, tblptru, prodl, prodh, cstack
 Tracked objects:
		On entry : 
		On exit  : 
		Unchanged: 
 Data sizes:     COMRAM   BANK0   BANK1   BANK2   BANK3   BANK4   BANK5   BANK6   BANK7   BANK8   BANK9  BANK10  BANK11  BANK12  BANK13  BANK14  BANK15
      Params:         0       0       0       0       0       0       0       0       0       0       0       0       0       0       0       0       0
      Locals:         0       0       0       0       0       0       0       0       0       0       0       0       0       0       0       0       0
      Temps:          0       0       0       0       0       0       0       0       0       0       0       0       0       0       0       0       0
      Totals:         0       0       0       0       0       0       0       0       0       0       0       0       0       0       0       0       0
Total ram usage:        0 bytes
 Hardware stack levels used:    1
 Hardware stack levels required when called:    8
 This function calls:
		_lcdClear
		_printf
 This function is called by:
		_showInterface
 This function uses a non-reentrant model


 *************** function _runMenu *****************
 Defined at:
		line 111 in file "interface.c"
 Parameters:    Size  Location     Type
  key             1    wreg     unsigned char 
 Auto vars:     Size  Location     Type
  key             1  107[BANK0 ] unsigned char 
 Return value:  Size  Location     Type
                  1    wreg      void 
 Registers used:
		wreg, fsr2l, fsr2h, status,2, status,0, tblptrl, tblptrh, tblptru, prodl, prodh, cstack
 Tracked objects:
		On entry : 
		On exit  : 
		Unchanged: 
 Data sizes:     COMRAM   BANK0   BANK1   BANK2   BANK3   BANK4   BANK5   BANK6   BANK7   BANK8   BANK9  BANK10  BANK11  BANK12  BANK13  BANK14  BANK15
      Params:         0       0       0       0       0       0       0       0       0       0       0       0       0       0       0       0       0
      Locals:         0       1       0       0       0       0       0       0       0       0       0       0       0       0       0       0       0
      Temps:          0       0       0       0       0       0       0       0       0       0       0       0       0       0       0       0       0
      Totals:         0       1       0       0       0       0       0       0       0       0       0       0       0       0       0       0       0
Total ram usage:        1 bytes
 Hardware stack levels used:    1
 Hardware stack levels required when called:    8
 This function calls:
		_lcdClear
		_printf
 This function is called by:
		_showInterface
 This function uses a non-reentrant model


 *************** function _readKeypad *****************
 Defined at:
		line 36 in file "keypad.c"
 Parameters:    Size  Location     Type
		None
 Auto vars:     Size  Location     Type
  key             1   34[COMRAM] unsigned char 
 Return value:  Size  Location     Type
                  1    wreg      unsigned char 
 Registers used:
		wreg, status,2, status,0, tblptrl, tblptrh, tblptru, prodl, prodh
 Tracked objects:
		On entry : 
		On exit  : 
		Unchanged: 
 Data sizes:     COMRAM   BANK0   BANK1   BANK2   BANK3   BANK4   BANK5   BANK6   BANK7   BANK8   BANK9  BANK10  BANK11  BANK12  BANK13  BANK14  BANK15
      Params:         0       0       0       0       0       0       0       0       0       0       0       0       0       0       0       0       0
      Locals:         1       0       0       0       0       0       0       0       0       0       0       0       0       0       0       0       0
      Temps:          0       0       0       0       0       0       0       0       0       0       0       0       0       0       0       0       0
      Totals:         1       0       0       0       0       0       0       0       0       0       0       0       0       0       0       0       0
Total ram usage:        1 bytes
 Hardware stack levels used:    1
[...]
		On entry : 
		On exit  : 
		Unchanged: 
 Data sizes:     COMRAM   BANK0   BANK1   BANK2   BANK3   BANK4   BANK5   BANK6   BANK7   BANK8   BANK9  BANK10  BANK11  BANK12  BANK13  BANK14  BANK15
      Params:         0       0       0       0       0       0       0       0       0       0       0       0       0       0       0       0       0
      Locals:         1       0       0       0       0       0       0       0       0       0       0       0       0       0       0       0       0
      Temps:          1       0       0       0       0       0       0       0       0       0       0       0       0       0       0       0       0
      Totals:         2       0       0       0       0       0       0       0       0       0       0       0       0       0       0       0       0
Total ram usage:        2 bytes
 Hardware stack levels used:    1
 Hardware stack levels required when called:    4
 This function calls:
		_lcdNibble
 This function is called by:
		_initLCD
		_lcdHome
		_lcdClear
		_lcdNewline
 This function uses a non-reentrant model


 *************** function _lcdNibble *****************
 Defined at:
		line 46 in file "lcd.c"
 Parameters:    Size  Location     Type
  data            1    wreg     unsigned char 
 Auto vars:     Size  Location     Type
  data            1   35[COMRAM] unsigned char 
  temp            1   34[COMRAM] unsigned char 
 Return value:  Size  Location     Type
                  1    wreg      void 
 Registers used:
		wreg, status,2, status,0
 Tracked objects:
		On entry : 
		On exit  : 
		Unchanged: 
 Data sizes:     COMRAM   BANK0   BANK1   BANK2   BANK3   BANK4   BANK5   BANK6   BANK7   BANK8   BANK9  BANK10  BANK11  BANK12  BANK13  BANK14  BANK15
      Params:         0       0       0       0       0       0       0       0       0       0       0       0       0       0       0       0       0
      Locals:         2       0       0       0       0       0       0       0       0       0       0       0       0       0       0       0       0
      Temps:          0       0       0       0       0       0       0       0       0       0       0       0       0       0       0       0       0
      Totals:         2       0       0       0       0       0       0       0       0       0       0       0       0       0       0       0       0
Total ram usage:        2 bytes
 Hardware stack levels used:    1
 Hardware stack levels required when called:    3
 This function calls:
		Nothing
 This function is called by:
		_lcdInst
		_putch
 This function uses a non-reentrant model


 *************** function ___almod *****************
 Defined at:
		line 8 in file "C:\Program Files (x86)\Microchip\xc8\v1.40\sources\common\almod.c"
 Parameters:    Size  Location     Type
  dividend        4   48[COMRAM] long 
  divisor         4   52[COMRAM] long 
 Auto vars:     Size  Location     Type
  sign            1   57[COMRAM] unsigned char 
  counter         1   56[COMRAM] unsigned char 
 Return value:  Size  Location     Type
                  4   48[COMRAM] long 
 Registers used:
		wreg, status,2, status,0
 Tracked objects:
		On entry : 
		On exit  : 
		Unchanged: 
 Data sizes:     COMRAM   BANK0   BANK1   BANK2   BANK3   BANK4   BANK5   BANK6   BANK7   BANK8   BANK9  BANK10  BANK11  BANK12  BANK13  BANK14  BANK15
      Params:         8       0       0       0       0       0       0       0       0       0       0       0       0       0       0       0       0
      Locals:         2       0       0       0       0       0       0       0       0       0       0       0       0       0       0       0       0
      Temps:          0       0       0       0       0       0       0       0       0       0       0       0       0       0       0       0       0
      Totals:        10       0       0       0       0       0       0       0       0       0       0       0       0       0       0       0       0
Total ram usage:       10 bytes
 Hardware stack levels used:    1
 Hardware stack levels required when called:    3
 This function calls:
		Nothing
 This function is called by:
		_main
 This function uses a non-reentrant model


 *************** function ___aldiv *****************
 Defined at:
		line 8 in file "C:\Program Files (x86)\Microchip\xc8\v1.40\sources\common\aldiv.c"
 Parameters:    Size  Location     Type
  dividend        4   34[COMRAM] long 
  divisor         4   38[COMRAM] long 
 Auto vars:     Size  Location     Type
  quotient        4   44[COMRAM] long 
  sign            1   43[COMRAM] unsigned char 
  counter         1   42[COMRAM] unsigned char 
 Return value:  Size  Location     Type
                  4   34[COMRAM] long 
 Registers used:
		wreg, status,2, status,0
 Tracked objects:
		On entry : 
		On exit  : 
		Unchanged: 
 Data sizes:     COMRAM   BANK0   BANK1   BANK2   BANK3   BANK4   BANK5   BANK6   BANK7   BANK8   BANK9  BANK10  BANK11  BANK12  BANK13  BANK14  BANK15
      Params:         8       0       0       0       0       0       0       0       0       0       0       0       0       0       0       0       0
      Locals:         6       0       0       0       0       0       0       0       0       0       0       0       0       0       0       0       0
      Temps:          0       0       0       0       0       0       0       0       0       0       0       0       0       0       0       0       0
      Totals:        14       0       0       0       0       0       0       0       0       0       0       0       0       0       0       0       0
Total ram usage:       14 bytes
 Hardware stack levels used:    1
 Hardware stack levels required when called:    3
 This function calls:
		Nothing
 This function is called by:
		_main
 This function uses a non-reentrant model


 *************** function _service *****************
 Defined at:
		line 325 in file "main.c"
 Parameters:    Size  Location     Type
		None
 Auto vars:     Size  Location     Type
  key             1   33[COMRAM] unsigned char 
 Return value:  Size  Location     Type
                  1    wreg      void 
 Registers used:
		wreg, fsr2l, fsr2h, status,2, status,0, cstack
 Tracked objects:
		On entry : 
		On exit  : 
		Unchanged: 
 Data sizes:     COMRAM   BANK0   BANK1   BANK2   BANK3   BANK4   BANK5   BANK6   BANK7   BANK8   BANK9  BANK10  BANK11  BANK12  BANK13  BANK14  BANK15
      Params:         0       0       0       0       0       0       0       0       0       0       0       0       0       0       0       0       0
      Locals:         1       0       0       0       0       0       0       0       0       0       0       0       0       0       0       0       0
      Temps:         14       0       0       0       0       0       0       0       0       0       0       0       0       0       0       0       0
      Totals:        15       0       0       0       0       0       0       0       0       0       0       0       0       0       0       0       0
Total ram usage:       15 bytes
 Hardware stack levels used:    1
 Hardware stack levels required when called:    2
 This function calls:
		_servoInterruptService
		i2_startTimer
 This function is called by:
		Interrupt level 2
 This function uses a non-reentrant model


 *************** function _servoInterruptService *****************
 Defined at:
		line 55 in file "servo.c"
 Parameters:    Size  Location     Type
		None
 Auto vars:     Size  Location     Type
		None
 Return value:  Size  Location     Type
                  1    wreg      unsigned char 
 Registers used:
		wreg, fsr2l, fsr2h, status,2, status,0, cstack
 Tracked objects:
		On entry : 
		On exit  : 
		Unchanged: 
 Data sizes:     COMRAM   BANK0   BANK1   BANK2   BANK3   BANK4   BANK5   BANK6   BANK7   BANK8   BANK9  BANK10  BANK11  BANK12  BANK13  BANK14  BANK15
      Params:         0       0       0       0       0       0       0       0       0       0       0       0       0       0       0       0       0
      Locals:         0       0       0       0       0       0       0       0       0       0       0       0       0       0       0       0       0
      Temps:          4       0       0       0       0       0       0       0       0       0       0       0       0       0       0       0       0
      Totals:         4       0       0       0       0       0       0       0       0       0       0       0       0       0       0       0       0
Total ram usage:        4 bytes
 Hardware stack levels used:    1
 Hardware stack levels required when called:    1
 This function calls:
		i2___awmod
		i2_digitalWrite
		i2_startTimer
 This function is called by:
		_service
 This function uses a non-reentrant model


 *************** function i2_startTimer *****************
 Defined at:
		line 76 in file "timer.c"
 Parameters:    Size  Location     Type
  timer           2    6[COMRAM] int 
  val             4    8[COMRAM] long 
 Auto vars:     Size  Location     Type
		None
 Return value:  Size  Location     Type
                  1    wreg      void 
 Registers used:
		wreg, status,2, status,0
 Tracked objects:
		On entry : 
		On exit  : 
		Unchanged: 
 Data sizes:     COMRAM   BANK0   BANK1   BANK2   BANK3   BANK4   BANK5   BANK6   BANK7   BANK8   BANK9  BANK10  BANK11  BANK12  BANK13  BANK14  BANK15
      Params:         6       0       0       0       0       0       0       0       0       0       0       0       0       0       0       0       0
      Locals:         0       0       0       0       0       0       0       0       0       0       0       0       0       0       0       0       0
      Temps:          2       0       0       0       0       0       0       0       0       0       0       0       0       0       0       0       0
      Totals:         8       0       0       0       0       0       0       0       0       0       0       0       0       0       0       0       0
Total ram usage:        8 bytes
 Hardware stack levels used:    1
 This function calls:
		Nothing
 This function is called by:
		_service
		_servoInterruptService
 This function uses a non-reentrant model


 *************** function i2_digitalWrite *****************
 Defined at:
		line 53 in file "iopin.c"
 Parameters:    Size  Location     Type
  pin             2    6[COMRAM] PTR int 
		 -> AA_float(4), cylinderDir(4), redirectingServo(4), conveyorServo(4), 
		 -> cylinderMotor(4), padServo(4), 
  val             2    8[COMRAM] int 
 Auto vars:     Size  Location     Type
  digitalWrite    2   13[COMRAM] int 
 Return value:  Size  Location     Type
                  1    wreg      void 
 Registers used:
		wreg, fsr2l, fsr2h, status,2, status,0
 Tracked objects:
		On entry : 
		On exit  : 
		Unchanged: 
 Data sizes:     COMRAM   BANK0   BANK1   BANK2   BANK3   BANK4   BANK5   BANK6   BANK7   BANK8   BANK9  BANK10  BANK11  BANK12  BANK13  BANK14  BANK15
      Params:         4       0       0       0       0       0       0       0       0       0       0       0       0       0       0       0       0
      Locals:         2       0       0       0       0       0       0       0       0       0       0       0       0       0       0       0       0
      Temps:          3       0       0       0       0       0       0       0       0       0       0       0       0       0       0       0       0
      Totals:         9       0       0       0       0       0       0       0       0       0       0       0       0       0       0       0       0
Total ram usage:        9 bytes
 Hardware stack levels used:    1
 This function calls:
		Nothing
 This function is called by:
		_servoInterruptService
 This function uses a non-reentrant model


 *************** function i2___awmod *****************
 Defined at:
		line 8 in file "C:\Program Files (x86)\Microchip\xc8\v1.40\sources\common\awmod.c"
 Parameters:    Size  Location     Type
  dividend        2    0[COMRAM] int 
  divisor         2    2[COMRAM] int 
 Auto vars:     Size  Location     Type
  __awmod         1    5[COMRAM] unsigned char 
  __awmod         1    4[COMRAM] unsigned char 
 Return value:  Size  Location     Type
                  2    0[COMRAM] int 
 Registers used:
		wreg, status,2, status,0
 Tracked objects:
		On entry : 
		On exit  : 
		Unchanged: 
 Data sizes:     COMRAM   BANK0   BANK1   BANK2   BANK3   BANK4   BANK5   BANK6   BANK7   BANK8   BANK9  BANK10  BANK11  BANK12  BANK13  BANK14  BANK15
      Params:         4       0       0       0       0       0       0       0       0       0       0       0       0       0       0       0       0
      Locals:         2       0       0       0       0       0       0       0       0       0       0       0       0       0       0       0       0
      Temps:          0       0       0       0       0       0       0       0       0       0       0       0       0       0       0       0       0
      Totals:         6       0       0       0       0       0       0       0       0       0       0       0       0       0       0       0       0
Total ram usage:        6 bytes
 Hardware stack levels used:    1
 This function calls:
		Nothing
 This function is called by:
		_servoInterruptService
 This function uses a non-reentrant model



MODULE INFORMATION

Module		Function		Class		Link	Load	Size
C:\Program Files (x86)\Microchip\xc8\v1.40\sources\common\awtoft.c
		___awtoft      		CODE           	36D4	0000	57

C:\Program Files (x86)\Microchip\xc8\v1.40\sources\common\awtoft.c estimated size: 57

C:\Program Files (x86)\Microchip\xc8\v1.40\sources\common\altoft.c
		___altoft      		CODE           	3268	0000	121

C:\Program Files (x86)\Microchip\xc8\v1.40\sources\common\altoft.c estimated size: 121

servo.c
		_initServo     		CODE           	2ADA	0000	227
		_servoInterruptService		CODE           	26FA	0000	269
		_setAngle      		CODE           	2BBC	0000	213
		_angleToPulse  		CODE           	20F4	0000	345

servo.c estimated size: 1054

keypad.c
		_readKeypad    		CODE           	37B0	0000	39

keypad.c estimated size: 39

C:\Program Files (x86)\Microchip\xc8\v1.40\sources\common\ftneg.c
		___ftneg       		CODE           	3848	0000	37

C:\Program Files (x86)\Microchip\xc8\v1.40\sources\common\ftneg.c estimated size: 37

C:\Program Files (x86)\Microchip\xc8\v1.40\sources\common\doprnt.c
		_scale         		CODE           	12F2	0000	1047
		_printf        		CODE           	0012	0000	3577
		_fround        		CODE           	1D36	0000	609

C:\Program Files (x86)\Microchip\xc8\v1.40\sources\common\doprnt.c estimated size: 5233

C:\Program Files (x86)\Microchip\xc8\v1.40\sources\common\lltoft.c
		___lltoft      		CODE           	348C	0000	93

C:\Program Files (x86)\Microchip\xc8\v1.40\sources\common\lltoft.c estimated size: 93

C:\Program Files (x86)\Microchip\xc8\v1.40\sources\common\ftsub.c
		___ftsub       		CODE           	34E8	0000	77

C:\Program Files (x86)\Microchip\xc8\v1.40\sources\common\ftsub.c estimated size: 77

C:\Program Files (x86)\Microchip\xc8\v1.40\sources\common\float.c
		___ftpack      		CODE           	2EEC	0000	175

C:\Program Files (x86)\Microchip\xc8\v1.40\sources\common\float.c estimated size: 175

timer.c
		_initTimer     		CODE           	35CC	0000	75
		_startTimer    		CODE           	3534	0000	77

timer.c estimated size: 152

C:\Program Files (x86)\Microchip\xc8\v1.40\sources\common\ftdivl.c
		__tdiv_to_l_   		CODE           	2390	0000	307

C:\Program Files (x86)\Microchip\xc8\v1.40\sources\common\ftdivl.c estimated size: 307

C:\Program Files (x86)\Microchip\xc8\v1.40\sources\common\ftge.c
		___ftge        		CODE           	3046	0000	145

C:\Program Files (x86)\Microchip\xc8\v1.40\sources\common\ftge.c estimated size: 145

C:\Program Files (x86)\Microchip\xc8\v1.40\sources\common\Umul16.c
		___wmul        		CODE           	3822	0000	39

C:\Program Files (x86)\Microchip\xc8\v1.40\sources\common\Umul16.c estimated size: 39

C:\Program Files (x86)\Microchip\xc8\v1.40\sources\common\ftmul.c
		___ftmul       		CODE           	1F96	0000	351

C:\Program Files (x86)\Microchip\xc8\v1.40\sources\common\ftmul.c estimated size: 351

C:\Program Files (x86)\Microchip\xc8\v1.40\sources\common\awmod.c
		___awmod       		CODE           	32E0	0000	113

C:\Program Files (x86)\Microchip\xc8\v1.40\sources\common\awmod.c estimated size: 113

iopin.c
		_digitalRead   		CODE           	290A	0000	235
		_digitalWrite  		CODE           	2D5C	0000	201
		_analogRead    		CODE           	369C	0000	57

iopin.c estimated size: 493

C:\Program Files (x86)\Microchip\xc8\v1.40\sources\common\ftdiv.c
		___ftdiv       		CODE           	25EA	0000	273

C:\Program Files (x86)\Microchip\xc8\v1.40\sources\common\ftdiv.c estimated size: 273

C:\Program Files (x86)\Microchip\xc8\v1.40\sources\common\llmod.c
		___llmod       		CODE           	33C0	0000	103

C:\Program Files (x86)\Microchip\xc8\v1.40\sources\common\llmod.c estimated size: 103

C:\Program Files (x86)\Microchip\xc8\v1.40\sources\common\almod.c
		___almod       		CODE           	2F9A	0000	173

C:\Program Files (x86)\Microchip\xc8\v1.40\sources\common\almod.c estimated size: 173

C:\Program Files (x86)\Microchip\xc8\v1.40\sources\common\isdigit.c
		_isdigit       		CODE           	38CE	0000	31

C:\Program Files (x86)\Microchip\xc8\v1.40\sources\common\isdigit.c estimated size: 31

shared
		__powers_      		MEDIUMCONST    	FE6C	0000	40
		_dpowers       		MEDIUMCONST    	FE1D	0000	41
		i2_startTimer  		CODE           	3580	0000	77
		__npowers_     		MEDIUMCONST    	FE45	0000	40
		_keys          		MEDIUMCONST    	FEB3	0000	18
		__initialization		CODE           	30D6	0000	127
		i2___awmod     		CODE           	3350	0000	113
		_hexpowers     		MEDIUMCONST    	FE93	0000	33
		_happynewyear  		MEDIUMCONST    	FEC4	0000	8
		i2_digitalWrite		CODE           	2E24	0000	201

shared estimated size: 698

interface.c
		_dateTime      		CODE           	37FC	0000	39
		_runSelect     		CODE           	378A	0000	39
		_runTime       		CODE           	373E	0000	39
		_runStats      		CODE           	3764	0000	39
		_runMenu       		CODE           	370C	0000	51
		_showInterface 		CODE           	2806	0000	261
		_mainMenu      		CODE           	37D6	0000	39

interface.c estimated size: 507

lcd.c
		_putch         		CODE           	386C	0000	35
		_lcdInst       		CODE           	388E	0000	35
		_lcdClear      		CODE           	390C	0000	9
		_lcdNibble     		CODE           	3426	0000	103
		_lcdHome       		CODE           	3914	0000	9
		_initLCD       		CODE           	3616	0000	71
		_lcdNewline    		CODE           	3904	0000	9

lcd.c estimated size: 271

C:\Program Files (x86)\Microchip\xc8\v1.40\sources\common\fttol.c
		___fttol       		CODE           	224C	0000	325

C:\Program Files (x86)\Microchip\xc8\v1.40\sources\common\fttol.c estimated size: 325

C:\Program Files (x86)\Microchip\xc8\v1.40\sources\common\fldivl.c
		__div_to_l_    		CODE           	24C2	0000	297

C:\Program Files (x86)\Microchip\xc8\v1.40\sources\common\fldivl.c estimated size: 297

C:\Program Files (x86)\Microchip\xc8\v1.40\sources\common\awdiv.c
		___awdiv       		CODE           	3162	0000	133

C:\Program Files (x86)\Microchip\xc8\v1.40\sources\common\awdiv.c estimated size: 133

main.c
		_service       		CODE           	0008	0000	237
		_sortBattery   		CODE           	0E0A	0000	1257
		_pinSetup      		CODE           	365C	0000	65
		_main          		CODE           	1708	0000	967

main.c estimated size: 2526

C:\Program Files (x86)\Microchip\xc8\v1.40\sources\common\ftadd.c
		___ftadd       		CODE           	1ACE	0000	617

C:\Program Files (x86)\Microchip\xc8\v1.40\sources\common\ftadd.c estimated size: 617

C:\Program Files (x86)\Microchip\xc8\v1.40\sources\common\lldiv.c
		___lldiv       		CODE           	31E6	0000	131

C:\Program Files (x86)\Microchip\xc8\v1.40\sources\common\lldiv.c estimated size: 131

C:\Program Files (x86)\Microchip\xc8\v1.40\sources\common\aldiv.c
		___aldiv       		CODE           	2C90	0000	205

C:\Program Files (x86)\Microchip\xc8\v1.40\sources\common\aldiv.c estimated size: 205

