Microchip MPLAB XC8 Compiler V1.40 ()

Linker command line:

-W-3 --edf=C:\Program Files (x86)\Microchip\xc8\v1.40\dat\en_msgs.txt -cs \
  -h+dist/default/production\PIC18_LCD_LIB.X.production.sym \
  --cmf=dist/default/production\PIC18_LCD_LIB.X.production.cmf -z -Q18F4620 \
  -oC:\Users\Nam\AppData\Local\Temp\s1rg.2 \
  -Mdist/default/production/PIC18_LCD_LIB.X.production.map -E1 -ver=XC8 \
  -ASTACK=01BAh-0f7fh -pstack=STACK -ACODE=00h-0FFFFh -ACONST=00h-0FFFFh \
  -ASMALLCONST=01000h-010FFhx240 -AMEDIUMCONST=01000h-0FFFFh \
  -ACOMRAM=01h-07Fh -AABS1=00h-0F7Fh -ABIGRAM=01h-0F7Fh \
  -ARAM=080h-0FFh,0100h-01FFhx14,0F00h-0F7Fh -ABANK0=080h-0FFh \
  -ABANK1=0100h-01FFh -ABANK2=0200h-02FFh -ABANK3=0300h-03FFh \
  -ABANK4=0400h-04FFh -ABANK5=0500h-05FFh -ABANK6=0600h-06FFh \
  -ABANK7=0700h-07FFh -ABANK8=0800h-08FFh -ABANK9=0900h-09FFh \
  -ABANK10=0A00h-0AFFh -ABANK11=0B00h-0BFFh -ABANK12=0C00h-0CFFh \
  -ABANK13=0D00h-0DFFh -ABANK14=0E00h-0EFFh -ABANK15=0F00h-0F7Fh \
  -ASFR=0F80h-0FFFh -preset_vec=00h,intcode=08h,intcodelo,powerup,init \
  -pramtop=01000h -psmallconst=SMALLCONST -pmediumconst=MEDIUMCONST \
  -pconst=CONST -AFARRAM=00h-00h -ACONFIG=0300000h-030000Dh -pconfig=CONFIG \
  -AIDLOC=0200000h-0200007h -pidloc=IDLOC -AEEDATA=0F00000h-0F003FFh \
  -peeprom_data=EEDATA \
  -prdata=COMRAM,nvrram=COMRAM,nvbit=COMRAM,rbss=COMRAM,rbit=COMRAM \
  -pfarbss=FARRAM,fardata=FARRAM,nvFARRAM=FARRAM \
  -pintsave_regs=BIGRAM,bigbss=BIGRAM,bigdata=BIGRAM -pbss=RAM \
  -pidata=CODE,irdata=CODE,ibigdata=CODE,ifardata=CODE -prparam=COMRAM \
  C:\Users\Nam\AppData\Local\Temp\s1rg.obj \
  dist/default/production\PIC18_LCD_LIB.X.production.obj 

Object code version is 3.11

Machine type is 18F4620

Call graph: (short form)




                Name                               Link     Load   Length Selector   Space Scale
C:\Users\Nam\AppData\Local\Temp\s1rg.obj
                init                                  E        E        4        4       0
                reset_vec                             0        0        4        0       0
                idloc                            200000   200000        8   200000       0
                config                           300000   300000        E   300000       0
dist/default/production\PIC18_LCD_LIB.X.production.obj
                intcode                               8        8        6        4       0
                temp                                 7E       7E        1        1       1
                mediumconst                        FE28     FE28      1D8     7F14       0
                text78                             52FA     52FA       70        4       0
                text77                             4B18     4B18       C8        4       0
                text76                             557C     557C       4C        4       0
                text75                             4394     4394      106        4       0
                text74                             53D0     53D0       66        4       0
                text73                             5A02     5A02       22     2BCD       0
                text72                             5A78     5A78        8     2BCD       0
                text71                             4FE2     4FE2       90        4       0
                text70                             59BC     59BC       24     2BCD       0
                text69                             4D5A     4D5A       AE        4       0
                text68                             3284     3284      1AC        4       0
                text67                             56DE     56DE       40        4       0
                text66                             4796     4796       F4        4       0
                text65                             5184     5184       82        4       0
                text64                             536A     536A       66        4       0
                text63                             5436     5436       5C        4       0
                text62                             4046     4046      128        4       0
                text61                             3DE4     3DE4      132        4       0
                text60                             5100     5100       84        4       0
                text59                             46A2     46A2       F4        4       0
                text58                             5996     5996       26     2BCD       0
                text57                             303E     303E      246        4       0
                text56                             5A24     5A24       1E     2BCD       0
                text55                             5A70     5A70        8     2BCD       0
                text54                             59E0     59E0       22     2BCD       0
                text53                             23B0     23B0      3F0        4       0
                text52                              E3C      E3C      B94        4       0
                intcode_body                       3CAA     3CAA      13A        4       0
                text50                             416E     416E      11A        4       0
                text49                             488A     488A       F2        4       0
                text48                             5282     5282       78        4       0
                text47                             5886     5886       2A     2BCD       0
                text46                             55C8     55C8       4A        4       0
                text45                             54E2     54E2       4E        4       0
                text44                             4288     4288      10C        4       0
                text43                             4EAA     4EAA       9E        4       0
                text42                             5658     5658       44        4       0
                text41                             2DD6     2DD6      268        4       0
                text40                             3A1A     3A1A      14C        4       0
                text39                             38BC     38BC      15E        4       0
                text38                             3B66     3B66      144        4       0
                text37                             3756     3756      166        4       0
                text36                             497C     497C       D4        4       0
                text35                             5492     5492       50        4       0
                text34                             5072     5072       8E        4       0
                text33                             5A68     5A68        8     2BCD       0
                text32                             5A60     5A60        8     2BCD       0
                text31                             4A50     4A50       C8        4       0
                text30                             5802     5802       30     2BCD       0
                text29                             5530     5530       4C        4       0
                text28                             4C9E     4C9E       BC        4       0
                text27                             4F48     4F48       9A        4       0
                text26                             5206     5206       7C        4       0
                text25                             35CE     35CE      188        4       0
                text24                             3430     3430      19E        4       0
                text23                             4BE0     4BE0       BE        4       0
                text22                             4E08     4E08       A2        4       0
                text21                             579A     579A       36     2BCD       0
                text20                             2B2A     2B2A      2AC        4       0
                text19                             585C     585C       2A     2BCD       0
                text18                             5A58     5A58        8     2BCD       0
                text17                             58B0     58B0       28     2BCD       0
                text16                             1F02     1F02      4AE        4       0
                text15                               12       12      E2A        4       0
                text14                             5832     5832       2A     2BCD       0
                text13                             5A42     5A42       16     2BCD       0
                text12                             571E     571E       3E        4       0
                text11                             5970     5970       26     2BCD       0
                text10                             594A     594A       26     2BCD       0
                text9                              57D0     57D0       32     2BCD       0
                text8                              5924     5924       26     2BCD       0
                text7                              58FE     58FE       26     2BCD       0
                text6                              58D8     58D8       26     2BCD       0
                text5                              459E     459E      104        4       0
                text4                              569C     569C       42        4       0
                text3                              3F16     3F16      130        4       0
                text2                              449A     449A      104        4       0
                text1                              19D0     19D0      532        4       0
                text0                              27A0     27A0      38A        4       0
                cstackCOMRAM                          1        1       7A        1       1
                cstackBANK0                          80       80       7E       80       1
                cstackBANK1                         100      100       55      100       1
                dataBANK1                           155      155       3D      100       1
                bssBANK1                            192      192       28      100       1
                bssBANK0                             FE       FE        2       80       1
                bssCOMRAM                            7B       7B        3        1       1
                cinit                              5612     5612       46        4       0
                idataBANK1                         575C     575C       3D        4       0

TOTAL           Name                               Link     Load   Length     Space
        CLASS   STACK          

        CLASS   CODE           
                intcode                               8        8        6         0
                init                                  E        E        4         0
                reset_vec                             0        0        4         0
                text78                             52FA     52FA       70         0
                text77                             4B18     4B18       C8         0
                text76                             557C     557C       4C         0
                text75                             4394     4394      106         0
                text74                             53D0     53D0       66         0
                text73                             5A02     5A02       22         0
                text72                             5A78     5A78        8         0
                text71                             4FE2     4FE2       90         0
                text70                             59BC     59BC       24         0
                text69                             4D5A     4D5A       AE         0
                text68                             3284     3284      1AC         0
                text67                             56DE     56DE       40         0
                text66                             4796     4796       F4         0
                text65                             5184     5184       82         0
                text64                             536A     536A       66         0
                text63                             5436     5436       5C         0
                text62                             4046     4046      128         0
                text61                             3DE4     3DE4      132         0
                text60                             5100     5100       84         0
                text59                             46A2     46A2       F4         0
                text58                             5996     5996       26         0
                text57                             303E     303E      246         0
                text56                             5A24     5A24       1E         0
                text55                             5A70     5A70        8         0
                text54                             59E0     59E0       22         0
                text53                             23B0     23B0      3F0         0
                text52                              E3C      E3C      B94         0
                intcode_body                       3CAA     3CAA      13A         0
                text50                             416E     416E      11A         0
                text49                             488A     488A       F2         0
                text48                             5282     5282       78         0
                text47                             5886     5886       2A         0
                text46                             55C8     55C8       4A         0
                text45                             54E2     54E2       4E         0
                text44                             4288     4288      10C         0
                text43                             4EAA     4EAA       9E         0
                text42                             5658     5658       44         0
                text41                             2DD6     2DD6      268         0
                text40                             3A1A     3A1A      14C         0
                text39                             38BC     38BC      15E         0
                text38                             3B66     3B66      144         0
                text37                             3756     3756      166         0
                text36                             497C     497C       D4         0
                text35                             5492     5492       50         0
                text34                             5072     5072       8E         0
                text33                             5A68     5A68        8         0
                text32                             5A60     5A60        8         0
                text31                             4A50     4A50       C8         0
                text30                             5802     5802       30         0
                text29                             5530     5530       4C         0
                text28                             4C9E     4C9E       BC         0
                text27                             4F48     4F48       9A         0
                text26                             5206     5206       7C         0
                text25                             35CE     35CE      188         0
                text24                             3430     3430      19E         0
                text23                             4BE0     4BE0       BE         0
                text22                             4E08     4E08       A2         0
                text21                             579A     579A       36         0
                text20                             2B2A     2B2A      2AC         0
                text19                             585C     585C       2A         0
                text18                             5A58     5A58        8         0
                text17                             58B0     58B0       28         0
                text16                             1F02     1F02      4AE         0
                text15                               12       12      E2A         0
                text14                             5832     5832       2A         0
                text13                             5A42     5A42       16         0
                text12                             571E     571E       3E         0
                text11                             5970     5970       26         0
                text10                             594A     594A       26         0
                text9                              57D0     57D0       32         0
                text8                              5924     5924       26         0
                text7                              58FE     58FE       26         0
                text6                              58D8     58D8       26         0
                text5                              459E     459E      104         0
                text4                              569C     569C       42         0
                text3                              3F16     3F16      130         0
                text2                              449A     449A      104         0
                text1                              19D0     19D0      532         0
                text0                              27A0     27A0      38A         0
                cinit                              5612     5612       46         0
                idataBANK1                         575C     575C       3D         0

        CLASS   CONST          

        CLASS   SMALLCONST     

        CLASS   MEDIUMCONST    
                mediumconst                        FE28     FE28      1D8         0

        CLASS   COMRAM         
                temp                                 7E       7E        1         1
                cstackCOMRAM                          1        1       7A         1
                bssCOMRAM                            7B       7B        3         1

        CLASS   ABS1           

        CLASS   BIGRAM         

        CLASS   RAM            

        CLASS   BANK0          
                cstackBANK0                          80       80       7E         1
                bssBANK0                             FE       FE        2         1

        CLASS   BANK1          
                cstackBANK1                         100      100       55         1
                dataBANK1                           155      155       3D         1
                bssBANK1                            192      192       28         1

        CLASS   BANK2          

        CLASS   BANK3          

        CLASS   BANK4          

        CLASS   BANK5          

        CLASS   BANK6          

        CLASS   BANK7          

        CLASS   BANK8          

        CLASS   BANK9          

        CLASS   BANK10         

        CLASS   BANK11         

        CLASS   BANK12         

        CLASS   BANK13         

        CLASS   BANK14         

        CLASS   BANK15         

        CLASS   SFR            

        CLASS   FARRAM         

        CLASS   CONFIG         
                config                           300000   300000        E         0

        CLASS   IDLOC          
                idloc                            200000   200000        8         0

        CLASS   EEDATA         



SEGMENTS        Name                           Load    Length   Top    Selector   Space  Class

                reset_vec                      000000  000004  000004         0       0  CODE    
                cstackCOMRAM                   000001  00007E  00007F         1       1  COMRAM  
                intcode                        000008  005791  005799         4       0  CODE    
                cstackBANK0                    000080  000080  000100        80       1  BANK0   
                cstackBANK1                    000100  0000BA  0001BA       100       1  BANK1   
                text21                         00579A  0002E6  005A80      2BCD       0  CODE    
                mediumconst                    00FE28  0001D8  010000      7F14       0  MEDIUMCO
                idloc                          200000  000008  200008    200000       0  IDLOC   
                config                         300000  00000E  30000E    300000       0  CONFIG  


UNUSED ADDRESS RANGES

        Name                Unused          Largest block    Delta
        BANK1            0001BA-0001FF               46
        BANK10           000A00-000AFF              100
        BANK11           000B00-000BFF              100
        BANK12           000C00-000CFF              100
        BANK13           000D00-000DFF              100
        BANK14           000E00-000EFF              100
        BANK15           000F00-000F7F               80
        BANK2            000200-0002FF              100
        BANK3            000300-0003FF              100
        BANK4            000400-0004FF              100
        BANK5            000500-0005FF              100
        BANK6            000600-0006FF              100
        BANK7            000700-0007FF              100
        BANK8            000800-0008FF              100
        BANK9            000900-0009FF              100
        BIGRAM           00007F-00007F                1
                         0001BA-000F7F              DC6
        CODE             000004-000007                4
                         005799-005799                1
                         005A80-00FE27             A3A8
        COMRAM           00007F-00007F                1
        CONST            000004-000007                4
                         005799-005799                1
                         005A80-00FE27             A3A8
        EEDATA           F00000-F003FF              400
        MEDIUMCONST      005799-005799                1
                         005A80-00FE27             A3A8
        RAM              0001BA-000F7F              100
        SFR              000F80-000FFF               80
        SMALLCONST       005799-005799                1
                         005A80-00FE27              100
        STACK            0001BA-000F7F              DC6

                                  Symbol Table

?___aldiv                       cstackBANK0  000080
?___almod                       cstackBANK0  00008E
?___altoft                      cstackBANK0  000088
?___awdiv                       cstackBANK0  000086
?___awmod                       cstackBANK0  000080
?___awtoft                      cstackBANK0  000088
?___ftadd                       cstackBANK0  0000BA
?___ftdiv                       cstackBANK0  000092
?___ftmul                       cstackBANK0  0000A1
?___ftneg                       cstackBANK0  000080
?___ftpack                      cstackBANK0  000080
?___ftsub                       cstackBANK0  0000C6
?___fttol                       cstackBANK0  0000C6
?___lldiv                       cstackBANK0  000080
?___llmod                       cstackBANK0  00008D
?___lltoft                      cstackBANK0  000088
?___wmul                        cstackBANK0  00008E
?__div_to_l_                    cstackBANK0  000080
?__tdiv_to_l_                   cstackBANK0  000080
?_analogRead                    cstackBANK0  000080
?_angleToPulse                  cstackBANK0  0000D5
?_digitalRead                   cstackBANK0  000080
?_fround                        cstackBANK0  0000B0
?_printf                        cstackBANK0  0000D5
?_scale                         cstackBANK0  0000B0
?i2___awdiv                     cstackCOMRAM 000007
?i2___awmod                     cstackCOMRAM 000001
?i2___ftadd                     cstackCOMRAM 00002E
?i2___ftmul                     cstackCOMRAM 000015
?i2___ftneg                     cstackCOMRAM 000001
?i2___ftpack                    cstackCOMRAM 000001
?i2___ftsub                     cstackCOMRAM 00003A
?i2___fttol                     cstackCOMRAM 00002B
?i2___lldiv                     cstackCOMRAM 000001
?i2___llmod                     cstackCOMRAM 00000E
?i2___lltoft                    cstackCOMRAM 000009
?i2___wmul                      cstackCOMRAM 00000F
?i2__div_to_l_                  cstackCOMRAM 000001
?i2__tdiv_to_l_                 cstackCOMRAM 000001
?i2_fround                      cstackCOMRAM 000024
?i2_printf                      cstackCOMRAM 000040
?i2_scale                       cstackCOMRAM 000024
_AA_float                       dataBANK1    000172
_ACKDT                          (abs)        007E2D
_ACKEN                          (abs)        007E2C
_ADCON0                         (abs)        000FC2
_ADCON1                         (abs)        000FC1
_ADCON2                         (abs)        000FC0
_ADRESH                         (abs)        000FC4
_ADRESL                         (abs)        000FC3
_EEADR                          (abs)        000FA9
_EEADRH                         (abs)        000FAA
_EECON1                         (abs)        000FA6
_EECON2                         (abs)        000FA7
_EEDATA                         (abs)        000FA8
_EEIF                           (abs)        007D0C
_INT0IE                         (abs)        007F94
_INT0IF                         (abs)        007F91
_INT1IE                         (abs)        007F83
_INT1IF                         (abs)        007F80
_INTCONbits                     (abs)        000FF2
_LATA                           (abs)        000F89
_LATB                           (abs)        000F8A
_LATC                           (abs)        000F8B
_LATD                           (abs)        000F8C
_LATDbits                       (abs)        000F8C
_LATE                           (abs)        000F8D
_PEIE                           (abs)        007F96
_PEN                            (abs)        007E2A
_PORTA                          (abs)        000F80
_PORTB                          (abs)        000F81
_PORTBbits                      (abs)        000F81
_PORTC                          (abs)        000F82
_PORTD                          (abs)        000F83
_RCEN                           (abs)        007E2B
_RSEN                           (abs)        007E29
_SEN                            (abs)        007E28
_SSPADD                         (abs)        000FC8
_SSPBUF                         (abs)        000FC9
_SSPCON1                        (abs)        000FC6
_SSPCON2                        (abs)        000FC5
_SSPSTAT                        (abs)        000FC7
_T0CON                          (abs)        000FD5
_T1CON                          (abs)        000FCD
_T3CON                          (abs)        000FB1
_TMR0H                          (abs)        000FD7
_TMR0IE                         (abs)        007F95
_TMR0IF                         (abs)        007F92
_TMR0L                          (abs)        000FD6
_TMR1H                          (abs)        000FCF
_TMR1IE                         (abs)        007CE8
_TMR1IF                         (abs)        007CF0
_TMR1L                          (abs)        000FCE
_TMR3H                          (abs)        000FB3
_TMR3IE                         (abs)        007D01
_TMR3L                          (abs)        000FB2
_TRISA                          (abs)        000F92
_TRISB                          (abs)        000F93
_TRISC                          (abs)        000F94
_TRISC3                         (abs)        007CA3
_TRISC4                         (abs)        007CA4
_TRISD                          (abs)        000F95
_TRISE                          (abs)        000F96
_V_LIM_9V                       dataBANK1    000155
_V_LIM_AA                       dataBANK1    000158
_V_LIM_C                        dataBANK1    00015B
__CFG_BOREN$SBORDIS             (abs)        000000
__CFG_BORV$3                    (abs)        000000
__CFG_CCP2MX$PORTC              (abs)        000000
__CFG_CP0$OFF                   (abs)        000000
__CFG_CP1$OFF                   (abs)        000000
__CFG_CP2$OFF                   (abs)        000000
__CFG_CP3$OFF                   (abs)        000000
__CFG_CPB$OFF                   (abs)        000000
__CFG_CPD$OFF                   (abs)        000000
__CFG_EBTR0$OFF                 (abs)        000000
__CFG_EBTR1$OFF                 (abs)        000000
__CFG_EBTR2$OFF                 (abs)        000000
__CFG_EBTR3$OFF                 (abs)        000000
__CFG_EBTRB$OFF                 (abs)        000000
__CFG_FCMEN$OFF                 (abs)        000000
__CFG_IESO$OFF                  (abs)        000000
__CFG_LPT1OSC$OFF               (abs)        000000
__CFG_LVP$OFF                   (abs)        000000
__CFG_MCLRE$ON                  (abs)        000000
__CFG_OSC$HS                    (abs)        000000
__CFG_PBADEN$ON                 (abs)        000000
__CFG_PWRT$OFF                  (abs)        000000
__CFG_STVREN$ON                 (abs)        000000
__CFG_WDT$OFF                   (abs)        000000
__CFG_WDTPS$32768               (abs)        000000
__CFG_WRT0$OFF                  (abs)        000000
__CFG_WRT1$OFF                  (abs)        000000
__CFG_WRT2$OFF                  (abs)        000000
__CFG_WRT3$OFF                  (abs)        000000
__CFG_WRTB$OFF                  (abs)        000000
__CFG_WRTC$OFF                  (abs)        000000
__CFG_WRTD$OFF                  (abs)        000000
__CFG_XINST$OFF                 (abs)        000000
__HRAM                          (abs)        000000
__Habs1                         abs1         000000
__Hbank0                        bank0        000000
__Hbank1                        bank1        000000
__Hbank10                       bank10       000000
__Hbank11                       bank11       000000
__Hbank12                       bank12       000000
__Hbank13                       bank13       000000
__Hbank14                       bank14       000000
__Hbank15                       bank15       000000
__Hbank2                        bank2        000000
__Hbank3                        bank3        000000
__Hbank4                        bank4        000000
__Hbank5                        bank5        000000
__Hbank6                        bank6        000000
__Hbank7                        bank7        000000
__Hbank8                        bank8        000000
__Hbank9                        bank9        000000
__Hbigbss                       bigbss       000000
__Hbigdata                      bigdata      000000
__Hbigram                       bigram       000000
__Hbss                          bss          000000
__HbssBANK0                     bssBANK0     000000
__HbssBANK1                     bssBANK1     000000
__HbssCOMRAM                    bssCOMRAM    000000
__Hcinit                        cinit        000000
__Hclrtext                      clrtext      000000
__Hcomram                       comram       000000
__Hconfig                       config       30000E
__Hconst                        const        000000
__HcstackBANK0                  cstackBANK0  000000
__HcstackBANK1                  cstackBANK1  000000
__HcstackCOMRAM                 cstackCOMRAM 000000
__Hdata                         data         000000
__HdataBANK1                    dataBANK1    000000
__Heeprom_data                  eeprom_data  000000
__Hfarbss                       farbss       000000
__Hfardata                      fardata      000000
__Hibigdata                     ibigdata     000000
__Hidata                        idata        000000
__HidataBANK1                   idataBANK1   000000
__Hidloc                        idloc        200008
__Hifardata                     ifardata     000000
__Hinit                         init         000012
__Hintcode                      intcode      00000E
__Hintcode_body                 intcode_body 000000
__Hintcodelo                    intcodelo    00000E
__Hintentry                     intentry     000000
__Hintret                       intret       000000
__Hintsave_regs                 intsave_regs 000000
__Hirdata                       irdata       000000
__Hmediumconst                  mediumconst  010000
__HnvFARRAM                     nvFARRAM     000000
__Hnvbit                        nvbit        000000
__Hnvrram                       nvrram       000000
__Hparam                        rparam       000000
__Hpowerup                      powerup      00000E
__Hram                          ram          000000
__Hramtop                       ramtop       001000
__Hrbit                         rbit         000000
__Hrbss                         rbss         000000
__Hrdata                        rdata        000000
__Hreset_vec                    reset_vec    000004
__Hrparam                       rparam       000000
__Hsfr                          sfr          000000
__Hsmallconst                   smallconst   000000
__Hspace_0                      (abs)        30000E
__Hspace_1                      (abs)        0001BA
__Hspace_2                      (abs)        000000
__Hstack                        stack        000000
__Hstruct                       struct       000000
__Htemp                         temp         00007F
__Htext                         text         000000
__Htext0                        text0        000000
__Htext1                        text1        000000
__Htext10                       text10       000000
__Htext11                       text11       000000
__Htext12                       text12       000000
__Htext13                       text13       000000
__Htext14                       text14       000000
__Htext15                       text15       000000
__Htext16                       text16       000000
__Htext17                       text17       000000
__Htext18                       text18       000000
__Htext19                       text19       000000
__Htext2                        text2        000000
__Htext20                       text20       000000
__Htext21                       text21       000000
__Htext22                       text22       000000
__Htext23                       text23       000000
__Htext24                       text24       000000
__Htext25                       text25       000000
__Htext26                       text26       000000
__Htext27                       text27       000000
__Htext28                       text28       000000
__Htext29                       text29       000000
__Htext3                        text3        000000
__Htext30                       text30       000000
__Htext31                       text31       000000
__Htext32                       text32       000000
__Htext33                       text33       000000
__Htext34                       text34       000000
__Htext35                       text35       000000
__Htext36                       text36       000000
__Htext37                       text37       000000
__Htext38                       text38       000000
__Htext39                       text39       000000
__Htext4                        text4        000000
__Htext40                       text40       000000
__Htext41                       text41       000000
__Htext42                       text42       000000
__Htext43                       text43       000000
__Htext44                       text44       000000
__Htext45                       text45       000000
__Htext46                       text46       000000
__Htext47                       text47       000000
__Htext48                       text48       000000
__Htext49                       text49       000000
__Htext5                        text5        000000
__Htext50                       text50       000000
__Htext52                       text52       000000
__Htext53                       text53       000000
__Htext54                       text54       000000
__Htext55                       text55       000000
__Htext56                       text56       000000
__Htext57                       text57       000000
__Htext58                       text58       000000
__Htext59                       text59       000000
__Htext6                        text6        000000
__Htext60                       text60       000000
__Htext61                       text61       000000
__Htext62                       text62       000000
__Htext63                       text63       000000
__Htext64                       text64       000000
__Htext65                       text65       000000
__Htext66                       text66       000000
__Htext67                       text67       000000
__Htext68                       text68       000000
__Htext69                       text69       000000
__Htext7                        text7        000000
__Htext70                       text70       000000
__Htext71                       text71       000000
__Htext72                       text72       000000
__Htext73                       text73       000000
__Htext74                       text74       000000
__Htext75                       text75       000000
__Htext76                       text76       000000
__Htext77                       text77       000000
__Htext78                       text78       000000
__Htext8                        text8        000000
__Htext9                        text9        000000
__LRAM                          (abs)        000001
__Labs1                         abs1         000000
__Lbank0                        bank0        000000
__Lbank1                        bank1        000000
__Lbank10                       bank10       000000
__Lbank11                       bank11       000000
__Lbank12                       bank12       000000
__Lbank13                       bank13       000000
__Lbank14                       bank14       000000
__Lbank15                       bank15       000000
__Lbank2                        bank2        000000
__Lbank3                        bank3        000000
__Lbank4                        bank4        000000
__Lbank5                        bank5        000000
__Lbank6                        bank6        000000
__Lbank7                        bank7        000000
__Lbank8                        bank8        000000
__Lbank9                        bank9        000000
__Lbigbss                       bigbss       000000
__Lbigdata                      bigdata      000000
__Lbigram                       bigram       000000
__Lbss                          bss          000000
__LbssBANK0                     bssBANK0     000000
__LbssBANK1                     bssBANK1     000000
__LbssCOMRAM                    bssCOMRAM    000000
__Lcinit                        cinit        000000
__Lclrtext                      clrtext      000000
__Lcomram                       comram       000000
__Lconfig                       config       300000
__Lconst                        const        000000
__LcstackBANK0                  cstackBANK0  000000
__LcstackBANK1                  cstackBANK1  000000
__LcstackCOMRAM                 cstackCOMRAM 000000
__Ldata                         data         000000
__LdataBANK1                    dataBANK1    000000
__Leeprom_data                  eeprom_data  000000
__Lfarbss                       farbss       000000
__Lfardata                      fardata      000000
__Libigdata                     ibigdata     000000
__Lidata                        idata        000000
__LidataBANK1                   idataBANK1   000000
__Lidloc                        idloc        200000
__Lifardata                     ifardata     000000
__Linit                         init         00000E
__Lintcode                      intcode      000008
__Lintcode_body                 intcode_body 000000
__Lintcodelo                    intcodelo    00000E
__Lintentry                     intentry     000000
__Lintret                       intret       000000
__Lintsave_regs                 intsave_regs 000000
__Lirdata                       irdata       000000
__Lmediumconst                  mediumconst  00FE28
__LnvFARRAM                     nvFARRAM     000000
__Lnvbit                        nvbit        000000
__Lnvrram                       nvrram       000000
__Lparam                        rparam       000000
__Lpowerup                      powerup      00000E
__Lram                          ram          000000
__Lramtop                       ramtop       001000
__Lrbit                         rbit         000000
__Lrbss                         rbss         000000
__Lrdata                        rdata        000000
__Lreset_vec                    reset_vec    000000
__Lrparam                       rparam       000000
__Lsfr                          sfr          000000
__Lsmallconst                   smallconst   000000
__Lspace_0                      (abs)        000000
__Lspace_1                      (abs)        000000
__Lspace_2                      (abs)        000000
__Lstack                        stack        000000
__Lstruct                       struct       000000
__Ltemp                         temp         00007E
__Ltext                         text         000000
__Ltext0                        text0        000000
__Ltext1                        text1        000000
__Ltext10                       text10       000000
__Ltext11                       text11       000000
__Ltext12                       text12       000000
__Ltext13                       text13       000000
__Ltext14                       text14       000000
__Ltext15                       text15       000000
__Ltext16                       text16       000000
__Ltext17                       text17       000000
__Ltext18                       text18       000000
__Ltext19                       text19       000000
__Ltext2                        text2        000000
__Ltext20                       text20       000000
__Ltext21                       text21       000000
__Ltext22                       text22       000000
__Ltext23                       text23       000000
__Ltext24                       text24       000000
__Ltext25                       text25       000000
__Ltext26                       text26       000000
__Ltext27                       text27       000000
__Ltext28                       text28       000000
__Ltext29                       text29       000000
__Ltext3                        text3        000000
__Ltext30                       text30       000000
__Ltext31                       text31       000000
__Ltext32                       text32       000000
__Ltext33                       text33       000000
__Ltext34                       text34       000000
__Ltext35                       text35       000000
__Ltext36                       text36       000000
__Ltext37                       text37       000000
__Ltext38                       text38       000000
__Ltext39                       text39       000000
__Ltext4                        text4        000000
__Ltext40                       text40       000000
__Ltext41                       text41       000000
__Ltext42                       text42       000000
__Ltext43                       text43       000000
__Ltext44                       text44       000000
__Ltext45                       text45       000000
__Ltext46                       text46       000000
__Ltext47                       text47       000000
__Ltext48                       text48       000000
__Ltext49                       text49       000000
__Ltext5                        text5        000000
__Ltext50                       text50       000000
__Ltext52                       text52       000000
__Ltext53                       text53       000000
__Ltext54                       text54       000000
__Ltext55                       text55       000000
__Ltext56                       text56       000000
__Ltext57                       text57       000000
__Ltext58                       text58       000000
__Ltext59                       text59       000000
__Ltext6                        text6        000000
__Ltext60                       text60       000000
__Ltext61                       text61       000000
__Ltext62                       text62       000000
__Ltext63                       text63       000000
__Ltext64                       text64       000000
__Ltext65                       text65       000000
__Ltext66                       text66       000000
__Ltext67                       text67       000000
__Ltext68                       text68       000000
__Ltext69                       text69       000000
__Ltext7                        text7        000000
__Ltext70                       text70       000000
__Ltext71                       text71       000000
__Ltext72                       text72       000000
__Ltext73                       text73       000000
__Ltext74                       text74       000000
__Ltext75                       text75       000000
__Ltext76                       text76       000000
__Ltext77                       text77       000000
__Ltext78                       text78       000000
__Ltext8                        text8        000000
__Ltext9                        text9        000000
__S0                            (abs)        30000E
__S1                            (abs)        0001BA
__S2                            (abs)        000000
___aldiv                        text50       00416E
___aldiv@counter                cstackBANK0  000088
___aldiv@dividend               cstackBANK0  000080
___aldiv@divisor                cstackBANK0  000084
___aldiv@quotient               cstackBANK0  00008A
___aldiv@sign                   cstackBANK0  000089
___almod                        text49       00488A
___almod@counter                cstackBANK0  000096
___almod@dividend               cstackBANK0  00008E
___almod@divisor                cstackBANK0  000092
___almod@sign                   cstackBANK0  000097
___altoft                       text43       004EAA
___altoft@c                     cstackBANK0  000088
___altoft@exp                   cstackBANK0  000090
___altoft@sign                  cstackBANK0  000091
___awdiv                        text23       004BE0
___awdiv@counter                cstackBANK0  00008A
___awdiv@dividend               cstackBANK0  000086
___awdiv@divisor                cstackBANK0  000088
___awdiv@quotient               cstackBANK0  00008C
___awdiv@sign                   cstackBANK0  00008B
___awmod                        text22       004E08
___awmod@counter                cstackBANK0  000084
___awmod@dividend               cstackBANK0  000080
___awmod@divisor                cstackBANK0  000082
___awmod@sign                   cstackBANK0  000085
___awtoft                       text42       005658
___awtoft@c                     cstackBANK0  000088
___awtoft@sign                  cstackBANK0  00008B
___ftadd                        text41       002DD6
___ftadd@exp1                   cstackBANK0  0000C5
___ftadd@exp2                   cstackBANK0  0000C4
___ftadd@f1                     cstackBANK0  0000BA
___ftadd@f2                     cstackBANK0  0000BD
___ftadd@sign                   cstackBANK0  0000C3
___ftdiv                        text40       003A1A
___ftdiv@cntr                   cstackBANK0  00009B
___ftdiv@exp                    cstackBANK0  00009F
___ftdiv@f1                     cstackBANK0  000092
___ftdiv@f2                     cstackBANK0  000095
___ftdiv@f3                     cstackBANK0  00009C
___ftdiv@sign                   cstackBANK0  0000A0
___ftge                         text31       004A50
___ftge@ff1                     cstackBANK0  00008C
___ftge@ff2                     cstackBANK0  00008F
___ftmul                        text39       0038BC
___ftmul@cntr                   cstackBANK0  0000AE
___ftmul@exp                    cstackBANK0  0000AA
___ftmul@f1                     cstackBANK0  0000A1
___ftmul@f2                     cstackBANK0  0000A4
___ftmul@f3_as_product          cstackBANK0  0000AB
___ftmul@sign                   cstackBANK0  0000AF
___ftneg                        text30       005802
___ftneg@f1                     cstackBANK0  000080
___ftpack                       text44       004288
___ftpack@arg                   cstackBANK0  000080
___ftpack@exp                   cstackBANK0  000083
___ftpack@sign                  cstackBANK0  000084
___ftsub                        text29       005530
___ftsub@f1                     cstackBANK0  0000C6
___ftsub@f2                     cstackBANK0  0000C9
___fttol                        text38       003B66
___fttol@exp1                   cstackBANK0  0000D4
___fttol@f1                     cstackBANK0  0000C6
___fttol@lval                   cstackBANK0  0000D0
___fttol@sign1                  cstackBANK0  0000CF
___inthi_sp                     stack        000000
___intlo_sp                     stack        000000
___lldiv                        text28       004C9E
___lldiv@counter                cstackBANK0  00008C
___lldiv@dividend               cstackBANK0  000080
___lldiv@divisor                cstackBANK0  000084
___lldiv@quotient               cstackBANK0  000088
___llmod                        text27       004F48
___llmod@counter                cstackBANK0  000095
___llmod@dividend               cstackBANK0  00008D
___llmod@divisor                cstackBANK0  000091
___lltoft                       text26       005206
___lltoft@c                     cstackBANK0  000088
___lltoft@exp                   cstackBANK0  000090
___param_bank                   (abs)        000000
___rparam_used                  (abs)        000001
___sp                           stack        000000
___wmul                         text21       00579A
___wmul@multiplicand            cstackBANK0  000090
___wmul@multiplier              cstackBANK0  00008E
___wmul@product                 cstackBANK0  000092
__accesstop                     (abs)        000080
__activetblptr                  (abs)        000002
__div_to_l_                     text25       0035CE
__div_to_l_@cntr                cstackBANK0  00008A
__div_to_l_@exp1                cstackBANK0  00008B
__div_to_l_@f1                  cstackBANK0  000080
__div_to_l_@f2                  cstackBANK0  000083
__div_to_l_@quot                cstackBANK0  000086
__end_of___aldiv                text50       004288
__end_of___almod                text49       00497C
__end_of___altoft               text43       004F48
__end_of___awdiv                text23       004C9E
__end_of___awmod                text22       004EAA
__end_of___awtoft               text42       00569C
__end_of___ftadd                text41       00303E
__end_of___ftdiv                text40       003B66
__end_of___ftge                 text31       004B18
__end_of___ftmul                text39       003A1A
__end_of___ftneg                text30       005832
__end_of___ftpack               text44       004394
__end_of___ftsub                text29       00557C
__end_of___fttol                text38       003CAA
__end_of___lldiv                text28       004D5A
__end_of___llmod                text27       004FE2
__end_of___lltoft               text26       005282
__end_of___wmul                 text21       0057D0
__end_of__div_to_l_             text25       003756
__end_of__initialization        cinit        00564A
__end_of__npowers_              mediumconst  00FE78
__end_of__powers_               mediumconst  00FE9F
__end_of__tdiv_to_l_            text24       0035CE
__end_of_analogRead             text4        0056DE
__end_of_angleToPulse           text37       0038BC
__end_of_dateTime               text11       005996
__end_of_digitalRead            text3        004046
__end_of_digitalWrite           text2        00459E
__end_of_dpowers                mediumconst  00FE51
__end_of_fround                 text20       002DD6
__end_of_happynewyear           mediumconst  00FED7
__end_of_hexpowers              mediumconst  00FEBF
__end_of_initLCD                text46       005612
__end_of_initServo              text34       005100
__end_of_initTimer              text45       005530
__end_of_isdigit                text19       005886
__end_of_keys                   mediumconst  00FED0
__end_of_lcdClear               text32       005A68
__end_of_lcdHome                text33       005A70
__end_of_lcdInst                text47       0058B0
__end_of_lcdNewline             text18       005A60
__end_of_lcdNibble              text48       0052FA
__end_of_main                   text0        002B2A
__end_of_mainMenu               text10       005970
__end_of_pause                  text13       005A58
__end_of_pinSetup               text12       00575C
__end_of_printf                 text15       000E3C
__end_of_putch                  text17       0058D8
__end_of_readKeypad             text14       00585C
__end_of_runMenu                text9        005802
__end_of_runSelect              text8        00594A
__end_of_runStats               text7        005924
__end_of_runTime                text6        0058FE
__end_of_scale                  text16       0023B0
__end_of_service                intcode_body 003DE4
__end_of_servoInterruptService  text75       00449A
__end_of_setAngle               text36       004A50
__end_of_showInterface          text5        0046A2
__end_of_sortBattery            text1        001F02
__end_of_startTimer             text35       0054E2
__end_ofi2___awdiv              text60       005184
__end_ofi2___awmod              text78       00536A
__end_ofi2___ftadd              text68       003430
__end_ofi2___ftge               text71       005072
__end_ofi2___ftmul              text59       004796
__end_ofi2___ftneg              text70       0059E0
__end_ofi2___ftpack             text69       004E08
__end_ofi2___ftsub              text67       00571E
__end_ofi2___fttol              text66       00488A
__end_ofi2___lldiv              text65       005206
__end_ofi2___llmod              text64       0053D0
__end_ofi2___lltoft             text63       005492
__end_ofi2___wmul               text58       0059BC
__end_ofi2__div_to_l_           text62       00416E
__end_ofi2__tdiv_to_l_          text61       003F16
__end_ofi2_digitalWrite         text77       004BE0
__end_ofi2_fround               text57       003284
__end_ofi2_isdigit              text56       005A42
__end_ofi2_lcdClear             text72       005A80
__end_ofi2_lcdInst              text73       005A24
__end_ofi2_lcdNewline           text55       005A78
__end_ofi2_lcdNibble            text74       005436
__end_ofi2_printf               text52       0019D0
__end_ofi2_putch                text54       005A02
__end_ofi2_scale                text53       0027A0
__end_ofi2_startTimer           text76       0055C8
__initialization                cinit        005612
__mediumconst                   mediumconst  00FE28
__npowers_                      mediumconst  00FE51
__pbssBANK0                     bssBANK0     0000FE
__pbssBANK1                     bssBANK1     000192
__pbssCOMRAM                    bssCOMRAM    00007B
__pcinit                        cinit        005612
__pcstackBANK0                  cstackBANK0  000080
__pcstackBANK1                  cstackBANK1  000100
__pcstackCOMRAM                 cstackCOMRAM 000001
__pdataBANK1                    dataBANK1    000155
__pidataBANK1                   idataBANK1   00575C
__pintcode                      intcode      000008
__pintcode_body                 intcode_body 003CAA
__pmediumconst                  mediumconst  00FE28
__powers_                       mediumconst  00FE78
__ptext0                        text0        0027A0
__ptext1                        text1        0019D0
__ptext10                       text10       00594A
__ptext11                       text11       005970
__ptext12                       text12       00571E
__ptext13                       text13       005A42
__ptext14                       text14       005832
__ptext15                       text15       000012
__ptext16                       text16       001F02
__ptext17                       text17       0058B0
__ptext18                       text18       005A58
__ptext19                       text19       00585C
__ptext2                        text2        00449A
__ptext20                       text20       002B2A
__ptext21                       text21       00579A
__ptext22                       text22       004E08
__ptext23                       text23       004BE0
__ptext24                       text24       003430
__ptext25                       text25       0035CE
__ptext26                       text26       005206
__ptext27                       text27       004F48
__ptext28                       text28       004C9E
__ptext29                       text29       005530
__ptext3                        text3        003F16
__ptext30                       text30       005802
__ptext31                       text31       004A50
__ptext32                       text32       005A60
__ptext33                       text33       005A68
__ptext34                       text34       005072
__ptext35                       text35       005492
__ptext36                       text36       00497C
__ptext37                       text37       003756
__ptext38                       text38       003B66
__ptext39                       text39       0038BC
__ptext4                        text4        00569C
__ptext40                       text40       003A1A
__ptext41                       text41       002DD6
__ptext42                       text42       005658
__ptext43                       text43       004EAA
__ptext44                       text44       004288
__ptext45                       text45       0054E2
__ptext46                       text46       0055C8
__ptext47                       text47       005886
__ptext48                       text48       005282
__ptext49                       text49       00488A
__ptext5                        text5        00459E
__ptext50                       text50       00416E
__ptext52                       text52       000E3C
__ptext53                       text53       0023B0
__ptext54                       text54       0059E0
__ptext55                       text55       005A70
__ptext56                       text56       005A24
__ptext57                       text57       00303E
__ptext58                       text58       005996
__ptext59                       text59       0046A2
__ptext6                        text6        0058D8
__ptext60                       text60       005100
__ptext61                       text61       003DE4
__ptext62                       text62       004046
__ptext63                       text63       005436
__ptext64                       text64       00536A
__ptext65                       text65       005184
__ptext66                       text66       004796
__ptext67                       text67       0056DE
__ptext68                       text68       003284
__ptext69                       text69       004D5A
__ptext7                        text7        0058FE
__ptext70                       text70       0059BC
__ptext71                       text71       004FE2
__ptext72                       text72       005A78
__ptext73                       text73       005A02
__ptext74                       text74       0053D0
__ptext75                       text75       004394
__ptext76                       text76       00557C
__ptext77                       text77       004B18
__ptext78                       text78       0052FA
__ptext8                        text8        005924
__ptext9                        text9        0057D0
__ramtop                        ramtop       001000
__size_of___aldiv               (abs)        000000
__size_of___almod               (abs)        000000
__size_of___altoft              (abs)        000000
__size_of___awdiv               (abs)        000000
__size_of___awmod               (abs)        000000
__size_of___awtoft              (abs)        000000
__size_of___ftadd               (abs)        000000
__size_of___ftdiv               (abs)        000000
__size_of___ftge                (abs)        000000
__size_of___ftmul               (abs)        000000
__size_of___ftneg               (abs)        000000
__size_of___ftpack              (abs)        000000
__size_of___ftsub               (abs)        000000
__size_of___fttol               (abs)        000000
__size_of___lldiv               (abs)        000000
__size_of___llmod               (abs)        000000
__size_of___lltoft              (abs)        000000
__size_of___wmul                (abs)        000000
__size_of__div_to_l_            (abs)        000000
__size_of__tdiv_to_l_           (abs)        000000
__size_of_analogRead            (abs)        000000
__size_of_angleToPulse          (abs)        000000
__size_of_dateTime              (abs)        000000
__size_of_digitalRead           (abs)        000000
__size_of_digitalWrite          (abs)        000000
__size_of_fround                (abs)        000000
__size_of_initLCD               (abs)        000000
__size_of_initServo             (abs)        000000
__size_of_initTimer             (abs)        000000
__size_of_isdigit               (abs)        000000
__size_of_lcdClear              (abs)        000000
__size_of_lcdHome               (abs)        000000
__size_of_lcdInst               (abs)        000000
__size_of_lcdNewline            (abs)        000000
__size_of_lcdNibble             (abs)        000000
__size_of_main                  (abs)        000000
__size_of_mainMenu              (abs)        000000
__size_of_pause                 (abs)        000000
__size_of_pinSetup              (abs)        000000
__size_of_printf                (abs)        000000
__size_of_putch                 (abs)        000000
__size_of_readKeypad            (abs)        000000
__size_of_runMenu               (abs)        000000
__size_of_runSelect             (abs)        000000
__size_of_runStats              (abs)        000000
__size_of_runTime               (abs)        000000
__size_of_scale                 (abs)        000000
__size_of_service               (abs)        000000
__size_of_servoInterruptService (abs)        000000
__size_of_setAngle              (abs)        000000
__size_of_showInterface         (abs)        000000
__size_of_sortBattery           (abs)        000000
__size_of_startTimer            (abs)        000000
__size_ofi2___awdiv             (abs)        000000
__size_ofi2___awmod             (abs)        000000
__size_ofi2___ftadd             (abs)        000000
__size_ofi2___ftge              (abs)        000000
__size_ofi2___ftmul             (abs)        000000
__size_ofi2___ftneg             (abs)        000000
__size_ofi2___ftpack            (abs)        000000
__size_ofi2___ftsub             (abs)        000000
__size_ofi2___fttol             (abs)        000000
__size_ofi2___lldiv             (abs)        000000
__size_ofi2___llmod             (abs)        000000
__size_ofi2___lltoft            (abs)        000000
__size_ofi2___wmul              (abs)        000000
__size_ofi2__div_to_l_          (abs)        000000
__size_ofi2__tdiv_to_l_         (abs)        000000
__size_ofi2_digitalWrite        (abs)        000000
__size_ofi2_fround              (abs)        000000
__size_ofi2_isdigit             (abs)        000000
__size_ofi2_lcdClear            (abs)        000000
__size_ofi2_lcdInst             (abs)        000000
__size_ofi2_lcdNewline          (abs)        000000
__size_ofi2_lcdNibble           (abs)        000000
__size_ofi2_printf              (abs)        000000
__size_ofi2_putch               (abs)        000000
__size_ofi2_scale               (abs)        000000
__size_ofi2_startTimer          (abs)        000000
__smallconst                    smallconst   000000
__tdiv_to_l_                    text24       003430
__tdiv_to_l_@cntr               cstackBANK0  00008D
__tdiv_to_l_@exp1               cstackBANK0  00008E
__tdiv_to_l_@f1                 cstackBANK0  000080
__tdiv_to_l_@f2                 cstackBANK0  000083
__tdiv_to_l_@quot               cstackBANK0  000089
_analogRead                     text4        00569C
_angle                          dataBANK1    00015E
_angleToPulse                   text37       003756
_angleToPulse$1350              cstackBANK0  0000E5
_batteryDetected                bssBANK1     0001AA
_conveyorServo                  dataBANK1    000176
_count                          bssBANK1     0001AC
_curr                           bssCOMRAM    00007B
_cylinderDir                    dataBANK1    00017A
_cylinderMotor                  dataBANK1    00017E
_dateTime                       text11       005970
_digitalRead                    text3        003F16
_digitalWrite                   text2        00449A
_dpowers                        mediumconst  00FE29
_fround                         text20       002B2A
_fround$1351                    cstackBANK0  0000B6
_fround$1352                    cstackBANK0  0000B3
_happynewyear                   mediumconst  00FED0
_hexpowers                      mediumconst  00FE9F
_initLCD                        text46       0055C8
_initServo                      text34       005072
_initTimer                      text45       0054E2
_isdigit                        text19       00585C
_isdigit$982                    cstackBANK0  000081
_keys                           mediumconst  00FEBF
_lastKey                        bssCOMRAM    00007D
_lcdClear                       text32       005A60
_lcdHome                        text33       005A68
_lcdInst                        text47       005886
_lcdNewline                     text18       005A58
_lcdNibble                      text48       005282
_main                           text0        0027A0
_mainMenu                       text10       00594A
_n                              bssBANK0     0000FE
_n_9V                           bssBANK1     0001AE
_n_AA                           bssBANK1     0001B0
_n_C                            bssBANK1     0001B2
_n_OTHER                        bssBANK1     0001B4
_padAngle_CLOSE                 dataBANK1    000160
_padAngle_NEUTRAL               dataBANK1    000162
_padAngle_OPEN                  dataBANK1    000164
_padPin1                        dataBANK1    000182
_padPin2                        dataBANK1    000186
_padPin3                        bssBANK1     0001A2
_padServo                       dataBANK1    00018A
_pause                          text13       005A42
_period                         dataBANK1    000166
_pinSetup                       text12       00571E
_prevTime                       bssBANK1     0001B6
_printf                         text15       000012
_printf$1354                    cstackBANK1  000100
_pulse                          bssBANK1     000192
_putch                          text17       0058B0
_readKeypad                     text14       005832
_redirectAngle_9V               dataBANK1    000168
_redirectAngle_AA               dataBANK1    00016A
_redirectAngle_C                dataBANK1    00016C
_redirectAngle_OTHER            dataBANK1    00016E
_redirectingServo               dataBANK1    00018E
_runMenu                        text9        0057D0
_runSelect                      text8        005924
_runStats                       text7        0058FE
_runTime                        text6        0058D8
_scale                          text16       001F02
_scale$1353                     cstackBANK0  0000B3
_service                        intcode      000008
_servoInterruptService          text75       004394
_servos                         bssBANK1     00019A
_setAngle                       text36       00497C
_showInterface                  text5        00459E
_sortBattery                    text1        0019D0
_sortBattery$1349               cstackBANK1  000120
_startTimer                     text35       005492
_stoppingTime                   dataBANK1    000170
_terminate                      bssBANK1     0001B8
_time                           bssBANK1     0001A6
analogRead@channel              cstackBANK0  000080
angleToPulse@a000               cstackBANK0  0000E8
angleToPulse@a180               cstackBANK0  0000E1
angleToPulse@angle              cstackBANK0  0000D5
angleToPulse@offset             cstackBANK0  0000DD
btemp                           temp         00007E
digitalRead@pin                 cstackBANK0  000080
digitalWrite@p                  cstackBANK0  000087
digitalWrite@pin                cstackBANK0  000080
digitalWrite@val                cstackBANK0  000082
end_of_initialization           cinit        00564A
fround@prec                     cstackBANK0  0000B9
i2___awdiv                      text60       005100
i2___awdiv@counter              cstackCOMRAM 00000B
i2___awdiv@dividend             cstackCOMRAM 000007
i2___awdiv@divisor              cstackCOMRAM 000009
i2___awdiv@quotient             cstackCOMRAM 00000D
i2___awdiv@sign                 cstackCOMRAM 00000C
i2___awmod                      text78       0052FA
i2___awmod@counter              cstackCOMRAM 000005
i2___awmod@dividend             cstackCOMRAM 000001
i2___awmod@divisor              cstackCOMRAM 000003
i2___awmod@sign                 cstackCOMRAM 000006
i2___ftadd                      text68       003284
i2___ftadd@exp1                 cstackCOMRAM 000039
i2___ftadd@exp2                 cstackCOMRAM 000038
i2___ftadd@f1                   cstackCOMRAM 00002E
i2___ftadd@f2                   cstackCOMRAM 000031
i2___ftadd@sign                 cstackCOMRAM 000037
i2___ftge                       text71       004FE2
i2___ftge@ff1                   cstackCOMRAM 000001
i2___ftge@ff2                   cstackCOMRAM 000004
i2___ftmul                      text59       0046A2
i2___ftmul@cntr                 cstackCOMRAM 000022
i2___ftmul@exp                  cstackCOMRAM 00001E
i2___ftmul@f1                   cstackCOMRAM 000015
i2___ftmul@f2                   cstackCOMRAM 000018
i2___ftmul@f3_as_product        cstackCOMRAM 00001F
i2___ftmul@sign                 cstackCOMRAM 000023
i2___ftneg                      text70       0059BC
i2___ftneg@f1                   cstackCOMRAM 000001
i2___ftpack                     text69       004D5A
i2___ftpack@arg                 cstackCOMRAM 000001
i2___ftpack@exp                 cstackCOMRAM 000004
i2___ftpack@sign                cstackCOMRAM 000005
i2___ftsub                      text67       0056DE
i2___ftsub@f1                   cstackCOMRAM 00003A
i2___ftsub@f2                   cstackCOMRAM 00003D
i2___fttol                      text66       004796
i2___fttol@exp1                 cstackCOMRAM 000039
i2___fttol@f1                   cstackCOMRAM 00002B
i2___fttol@lval                 cstackCOMRAM 000035
i2___fttol@sign1                cstackCOMRAM 000034
i2___lldiv                      text65       005184
i2___lldiv@counter              cstackCOMRAM 00000D
i2___lldiv@dividend             cstackCOMRAM 000001
i2___lldiv@divisor              cstackCOMRAM 000005
i2___lldiv@quotient             cstackCOMRAM 000009
i2___llmod                      text64       00536A
i2___llmod@counter              cstackCOMRAM 000016
i2___llmod@dividend             cstackCOMRAM 00000E
i2___llmod@divisor              cstackCOMRAM 000012
i2___lltoft                     text63       005436
i2___lltoft@c                   cstackCOMRAM 000009
i2___lltoft@exp                 cstackCOMRAM 000011
i2___wmul                       text58       005996
i2___wmul@multiplicand          cstackCOMRAM 000011
i2___wmul@multiplier            cstackCOMRAM 00000F
i2___wmul@product               cstackCOMRAM 000013
i2__div_to_l_                   text62       004046
i2__div_to_l_@cntr              cstackCOMRAM 00000B
i2__div_to_l_@exp1              cstackCOMRAM 00000C
i2__div_to_l_@f1                cstackCOMRAM 000001
i2__div_to_l_@f2                cstackCOMRAM 000004
i2__div_to_l_@quot              cstackCOMRAM 000007
i2__tdiv_to_l_                  text61       003DE4
i2__tdiv_to_l_@cntr             cstackCOMRAM 00000E
i2__tdiv_to_l_@exp1             cstackCOMRAM 00000F
i2__tdiv_to_l_@f1               cstackCOMRAM 000001
i2__tdiv_to_l_@f2               cstackCOMRAM 000004
i2__tdiv_to_l_@quot             cstackCOMRAM 00000A
i2_digitalWrite                 text77       004B18
i2_fround                       text57       00303E
i2_fround$1546                  cstackCOMRAM 00002A
i2_fround$1547                  cstackCOMRAM 000027
i2_isdigit                      text56       005A24
i2_isdigit$982                  cstackCOMRAM 000002
i2_lcdClear                     text72       005A78
i2_lcdInst                      text73       005A02
i2_lcdNewline                   text55       005A70
i2_lcdNibble                    text74       0053D0
i2_printf                       text52       000E3C
i2_printf$1549                  cstackCOMRAM 00004A
i2_putch                        text54       0059E0
i2_scale                        text53       0023B0
i2_scale$1548                   cstackCOMRAM 000027
i2_startTimer                   text76       00557C
i2digitalWrite@p                cstackCOMRAM 00000E
i2digitalWrite@pin              cstackCOMRAM 000007
i2digitalWrite@val              cstackCOMRAM 000009
i2fround@prec                   cstackCOMRAM 00002D
i2isdigit@c                     cstackCOMRAM 000003
i2lcdInst@data                  cstackCOMRAM 000004
i2lcdNibble@data                cstackCOMRAM 000002
i2lcdNibble@temp                cstackCOMRAM 000001
i2printf@ap                     cstackCOMRAM 000052
i2printf@c                      cstackCOMRAM 000067
i2printf@cp                     cstackCOMRAM 00004E
i2printf@exp                    cstackCOMRAM 000058
i2printf@f                      cstackCOMRAM 000040
i2printf@flag                   cstackCOMRAM 000063
i2printf@fval                   cstackCOMRAM 00005A
i2printf@idx                    cstackCOMRAM 00004D
i2printf@len                    cstackCOMRAM 000050
i2printf@prec                   cstackCOMRAM 000065
i2printf@tmpval                 cstackCOMRAM 000054
i2printf@val                    cstackCOMRAM 00005D
i2printf@width                  cstackCOMRAM 000061
i2putch@data                    cstackCOMRAM 000005
i2scale@scl                     cstackCOMRAM 00002A
i2startTimer@timer              cstackCOMRAM 000007
i2startTimer@val                cstackCOMRAM 000009
initServo@angle                 cstackBANK0  0000F8
initServo@motor                 cstackBANK0  0000F6
initTimer@timer                 cstackBANK0  000080
int$flags                       temp         00007E
int_func                        intcode_body 003CAA
intlevel0                       text         000000
intlevel1                       text         000000
intlevel2                       text         000000
intlevel3                       text         000000
isdigit@c                       cstackBANK0  000082
lcdInst@data                    cstackBANK0  000083
lcdNibble@data                  cstackBANK0  000081
lcdNibble@temp                  cstackBANK0  000080
main@cylinderBackward           cstackBANK1  00014B
main@cylinderDur                cstackBANK1  000151
main@cylinderForward            cstackBANK1  000149
main@cylinderStart              cstackBANK1  00014F
main@lastBatteryTime            cstackBANK1  00014D
main@prev                       cstackBANK1  000153
pause@message                   cstackBANK0  0000E5
printf@ap                       cstackBANK1  000108
printf@c                        cstackBANK1  00011D
printf@cp                       cstackBANK1  000103
printf@exp                      cstackBANK1  00010E
printf@f                        cstackBANK0  0000D5
printf@flag                     cstackBANK1  000119
printf@fval                     cstackBANK1  000114
printf@idx                      cstackBANK1  000105
printf@len                      cstackBANK1  000106
printf@prec                     cstackBANK1  00011B
printf@tmpval                   cstackBANK1  00010A
printf@val                      cstackBANK1  000110
printf@width                    cstackBANK1  000117
putch@data                      cstackBANK0  000084
readKeypad@key                  cstackBANK0  000080
runMenu@key                     cstackBANK0  0000E5
scale@scl                       cstackBANK0  0000B6
service@key                     cstackCOMRAM 00007A
setAngle@angle                  cstackBANK0  0000EE
setAngle@i                      cstackBANK0  0000F4
setAngle@motor                  cstackBANK0  0000EC
setAngle@period                 cstackBANK0  0000F2
showInterface@key               cstackBANK0  0000E6
sortBattery@V                   cstackBANK1  00012D
sortBattery@V_223               cstackBANK1  00013A
sortBattery@V_float             cstackBANK1  000122
sortBattery@V_max               cstackBANK1  000130
sortBattery@Vcc                 cstackBANK1  000127
sortBattery@i                   cstackBANK1  000137
sortBattery@i_225               cstackBANK1  000135
sortBattery@pos_v_counter       cstackBANK1  00011E
sortBattery@resolution          cstackBANK1  00012A
sortBattery@signal              cstackBANK1  000125
sortBattery@targetAngle         cstackBANK1  000133
stackhi                         (abs)        000F7F
stacklo                         (abs)        0001BA
start                           init         00000E
startTimer@timer                cstackBANK0  000080
startTimer@val                  cstackBANK0  000082
start_initialization            cinit        005612


FUNCTION INFORMATION:

 *************** function _main *****************
 Defined at:
		line 101 in file "main.c"
 Parameters:    Size  Location     Type
		None
 Auto vars:     Size  Location     Type
  prev            2   83[BANK1 ] int 
  cylinderDur     2   81[BANK1 ] int 
  cylinderStar    2   79[BANK1 ] int 
  lastBatteryT    2   77[BANK1 ] int 
  cylinderBack    2   75[BANK1 ] int 
  cylinderForw    2   73[BANK1 ] int 
 Return value:  Size  Location     Type
                  1    wreg      void 
 Registers used:
		wreg, fsr2l, fsr2h, status,2, status,0, tblptrl, tblptrh, tblptru, prodl, prodh, cstack
 Tracked objects:
		On entry : 
		On exit  : 
		Unchanged: 
 Data sizes:     COMRAM   BANK0   BANK1   BANK2   BANK3   BANK4   BANK5   BANK6   BANK7   BANK8   BANK9  BANK10  BANK11  BANK12  BANK13  BANK14  BANK15
      Params:         0       0       0       0       0       0       0       0       0       0       0       0       0       0       0       0       0
      Locals:         0       0      12       0       0       0       0       0       0       0       0       0       0       0       0       0       0
      Temps:          0       0      13       0       0       0       0       0       0       0       0       0       0       0       0       0       0
      Totals:         0       0      25       0       0       0       0       0       0       0       0       0       0       0       0       0       0
Total ram usage:       25 bytes
 Hardware stack levels required when called:   13
 This function calls:
		___aldiv
		___almod
		_digitalRead
		_digitalWrite
		_initLCD
		_initServo
		_initTimer
		_lcdClear
		_lcdHome
		_pause
		_pinSetup
		_printf
		_showInterface
		_sortBattery
		_startTimer
 This function is called by:
		Startup code after reset
 This function uses a non-reentrant model


 *************** function _sortBattery *****************
 Defined at:
		line 174 in file "main.c"
 Parameters:    Size  Location     Type
		None
 Auto vars:     Size  Location     Type
  V               3   45[BANK1 ] float 
  i               2   53[BANK1 ] int 
[...]
Total ram usage:        3 bytes
 Hardware stack levels used:    1
 This function calls:
		Nothing
 This function is called by:
		i2_printf
 This function uses a non-reentrant model


 *************** function i2___ftge *****************
 Defined at:
		line 4 in file "C:\Program Files (x86)\Microchip\xc8\v1.40\sources\common\ftge.c"
 Parameters:    Size  Location     Type
  ff1             3    0[COMRAM] float 
  ff2             3    3[COMRAM] float 
 Auto vars:     Size  Location     Type
		None
 Return value:  Size  Location     Type
		None               void
 Registers used:
		wreg, status,2, status,0
 Tracked objects:
		On entry : 
		On exit  : 
		Unchanged: 
 Data sizes:     COMRAM   BANK0   BANK1   BANK2   BANK3   BANK4   BANK5   BANK6   BANK7   BANK8   BANK9  BANK10  BANK11  BANK12  BANK13  BANK14  BANK15
      Params:         6       0       0       0       0       0       0       0       0       0       0       0       0       0       0       0       0
      Locals:         0       0       0       0       0       0       0       0       0       0       0       0       0       0       0       0       0
      Temps:          3       0       0       0       0       0       0       0       0       0       0       0       0       0       0       0       0
      Totals:         9       0       0       0       0       0       0       0       0       0       0       0       0       0       0       0       0
Total ram usage:        9 bytes
 Hardware stack levels used:    1
 This function calls:
		Nothing
 This function is called by:
		i2_printf
 This function uses a non-reentrant model


 *************** function i2_lcdClear *****************
 Defined at:
		line 74 in file "lcd.c"
 Parameters:    Size  Location     Type
		None
 Auto vars:     Size  Location     Type
		None
 Return value:  Size  Location     Type
                  1    wreg      void 
 Registers used:
		wreg, status,2, status,0, cstack
 Tracked objects:
		On entry : 
		On exit  : 
		Unchanged: 
 Data sizes:     COMRAM   BANK0   BANK1   BANK2   BANK3   BANK4   BANK5   BANK6   BANK7   BANK8   BANK9  BANK10  BANK11  BANK12  BANK13  BANK14  BANK15
      Params:         0       0       0       0       0       0       0       0       0       0       0       0       0       0       0       0       0
      Locals:         0       0       0       0       0       0       0       0       0       0       0       0       0       0       0       0       0
      Temps:          0       0       0       0       0       0       0       0       0       0       0       0       0       0       0       0       0
      Totals:         0       0       0       0       0       0       0       0       0       0       0       0       0       0       0       0       0
Total ram usage:        0 bytes
 Hardware stack levels used:    1
 Hardware stack levels required when called:    2
 This function calls:
		i2_lcdInst
 This function is called by:
		_service
 This function uses a non-reentrant model


 *************** function i2_lcdInst *****************
 Defined at:
		line 27 in file "lcd.c"
 Parameters:    Size  Location     Type
  data            1    wreg     unsigned char 
 Auto vars:     Size  Location     Type
  data            1    3[COMRAM] unsigned char 
 Return value:  Size  Location     Type
                  1    wreg      void 
 Registers used:
		wreg, status,2, status,0, cstack
 Tracked objects:
		On entry : 
		On exit  : 
		Unchanged: 
 Data sizes:     COMRAM   BANK0   BANK1   BANK2   BANK3   BANK4   BANK5   BANK6   BANK7   BANK8   BANK9  BANK10  BANK11  BANK12  BANK13  BANK14  BANK15
      Params:         0       0       0       0       0       0       0       0       0       0       0       0       0       0       0       0       0
      Locals:         1       0       0       0       0       0       0       0       0       0       0       0       0       0       0       0       0
      Temps:          1       0       0       0       0       0       0       0       0       0       0       0       0       0       0       0       0
      Totals:         2       0       0       0       0       0       0       0       0       0       0       0       0       0       0       0       0
Total ram usage:        2 bytes
 Hardware stack levels used:    1
 Hardware stack levels required when called:    1
 This function calls:
		i2_lcdNibble
 This function is called by:
		i2_lcdClear
		i2_lcdNewline
 This function uses a non-reentrant model


 *************** function i2_lcdNibble *****************
 Defined at:
		line 46 in file "lcd.c"
 Parameters:    Size  Location     Type
  data            1    wreg     unsigned char 
 Auto vars:     Size  Location     Type
  data            1    1[COMRAM] unsigned char 
  lcdNibble       1    0[COMRAM] unsigned char 
 Return value:  Size  Location     Type
                  1    wreg      void 
 Registers used:
		wreg, status,2, status,0
 Tracked objects:
		On entry : 
		On exit  : 
		Unchanged: 
 Data sizes:     COMRAM   BANK0   BANK1   BANK2   BANK3   BANK4   BANK5   BANK6   BANK7   BANK8   BANK9  BANK10  BANK11  BANK12  BANK13  BANK14  BANK15
      Params:         0       0       0       0       0       0       0       0       0       0       0       0       0       0       0       0       0
      Locals:         2       0       0       0       0       0       0       0       0       0       0       0       0       0       0       0       0
      Temps:          0       0       0       0       0       0       0       0       0       0       0       0       0       0       0       0       0
      Totals:         2       0       0       0       0       0       0       0       0       0       0       0       0       0       0       0       0
Total ram usage:        2 bytes
 Hardware stack levels used:    1
 This function calls:
		Nothing
 This function is called by:
		i2_lcdInst
		i2_putch
 This function uses a non-reentrant model


 *************** function _servoInterruptService *****************
 Defined at:
		line 52 in file "servo.c"
 Parameters:    Size  Location     Type
		None
 Auto vars:     Size  Location     Type
		None
 Return value:  Size  Location     Type
                  1    wreg      void 
 Registers used:
		wreg, fsr2l, fsr2h, status,2, status,0, cstack
 Tracked objects:
		On entry : 
		On exit  : 
		Unchanged: 
 Data sizes:     COMRAM   BANK0   BANK1   BANK2   BANK3   BANK4   BANK5   BANK6   BANK7   BANK8   BANK9  BANK10  BANK11  BANK12  BANK13  BANK14  BANK15
      Params:         0       0       0       0       0       0       0       0       0       0       0       0       0       0       0       0       0
      Locals:         0       0       0       0       0       0       0       0       0       0       0       0       0       0       0       0       0
      Temps:          4       0       0       0       0       0       0       0       0       0       0       0       0       0       0       0       0
      Totals:         4       0       0       0       0       0       0       0       0       0       0       0       0       0       0       0       0
Total ram usage:        4 bytes
 Hardware stack levels used:    1
 Hardware stack levels required when called:    1
 This function calls:
		i2___awmod
		i2_digitalWrite
		i2_startTimer
 This function is called by:
		_service
 This function uses a non-reentrant model


 *************** function i2_startTimer *****************
 Defined at:
		line 76 in file "timer.c"
 Parameters:    Size  Location     Type
  timer           2    6[COMRAM] int 
  val             4    8[COMRAM] long 
 Auto vars:     Size  Location     Type
		None
 Return value:  Size  Location     Type
                  1    wreg      void 
 Registers used:
		wreg, status,2, status,0
 Tracked objects:
		On entry : 
		On exit  : 
		Unchanged: 
 Data sizes:     COMRAM   BANK0   BANK1   BANK2   BANK3   BANK4   BANK5   BANK6   BANK7   BANK8   BANK9  BANK10  BANK11  BANK12  BANK13  BANK14  BANK15
      Params:         6       0       0       0       0       0       0       0       0       0       0       0       0       0       0       0       0
      Locals:         0       0       0       0       0       0       0       0       0       0       0       0       0       0       0       0       0
      Temps:          2       0       0       0       0       0       0       0       0       0       0       0       0       0       0       0       0
      Totals:         8       0       0       0       0       0       0       0       0       0       0       0       0       0       0       0       0
Total ram usage:        8 bytes
 Hardware stack levels used:    1
 This function calls:
		Nothing
 This function is called by:
		_service
		_servoInterruptService
 This function uses a non-reentrant model


 *************** function i2_digitalWrite *****************
 Defined at:
		line 53 in file "iopin.c"
 Parameters:    Size  Location     Type
  pin             2    6[COMRAM] PTR int 
		 -> AA_float(4), cylinderDir(4), redirectingServo(4), padServo(4), 
		 -> conveyorServo(4), cylinderMotor(4), 
  val             2    8[COMRAM] int 
 Auto vars:     Size  Location     Type
  digitalWrite    2   13[COMRAM] int 
 Return value:  Size  Location     Type
                  1    wreg      void 
 Registers used:
		wreg, fsr2l, fsr2h, status,2, status,0
 Tracked objects:
		On entry : 
		On exit  : 
		Unchanged: 
 Data sizes:     COMRAM   BANK0   BANK1   BANK2   BANK3   BANK4   BANK5   BANK6   BANK7   BANK8   BANK9  BANK10  BANK11  BANK12  BANK13  BANK14  BANK15
      Params:         4       0       0       0       0       0       0       0       0       0       0       0       0       0       0       0       0
      Locals:         2       0       0       0       0       0       0       0       0       0       0       0       0       0       0       0       0
      Temps:          3       0       0       0       0       0       0       0       0       0       0       0       0       0       0       0       0
      Totals:         9       0       0       0       0       0       0       0       0       0       0       0       0       0       0       0       0
Total ram usage:        9 bytes
 Hardware stack levels used:    1
 This function calls:
		Nothing
 This function is called by:
		_servoInterruptService
 This function uses a non-reentrant model


 *************** function i2___awmod *****************
 Defined at:
		line 8 in file "C:\Program Files (x86)\Microchip\xc8\v1.40\sources\common\awmod.c"
 Parameters:    Size  Location     Type
  dividend        2    0[COMRAM] int 
  divisor         2    2[COMRAM] int 
 Auto vars:     Size  Location     Type
  __awmod         1    5[COMRAM] unsigned char 
  __awmod         1    4[COMRAM] unsigned char 
 Return value:  Size  Location     Type
                  2    0[COMRAM] int 
 Registers used:
		wreg, status,2, status,0
 Tracked objects:
		On entry : 
		On exit  : 
		Unchanged: 
 Data sizes:     COMRAM   BANK0   BANK1   BANK2   BANK3   BANK4   BANK5   BANK6   BANK7   BANK8   BANK9  BANK10  BANK11  BANK12  BANK13  BANK14  BANK15
      Params:         4       0       0       0       0       0       0       0       0       0       0       0       0       0       0       0       0
      Locals:         2       0       0       0       0       0       0       0       0       0       0       0       0       0       0       0       0
      Temps:          0       0       0       0       0       0       0       0       0       0       0       0       0       0       0       0       0
      Totals:         6       0       0       0       0       0       0       0       0       0       0       0       0       0       0       0       0
Total ram usage:        6 bytes
 Hardware stack levels used:    1
 This function calls:
		Nothing
 This function is called by:
		_servoInterruptService
		i2_fround
		i2_scale
 This function uses a non-reentrant model



MODULE INFORMATION

Module		Function		Class		Link	Load	Size
C:\Program Files (x86)\Microchip\xc8\v1.40\sources\common\awtoft.c
		___awtoft      		CODE           	5658	0000	69

C:\Program Files (x86)\Microchip\xc8\v1.40\sources\common\awtoft.c estimated size: 69

C:\Program Files (x86)\Microchip\xc8\v1.40\sources\common\altoft.c
		___altoft      		CODE           	4EAA	0000	159

C:\Program Files (x86)\Microchip\xc8\v1.40\sources\common\altoft.c estimated size: 159

servo.c
		_initServo     		CODE           	5072	0000	143
		_servoInterruptService		CODE           	4394	0000	263
		_setAngle      		CODE           	497C	0000	213
		_angleToPulse  		CODE           	3756	0000	359

servo.c estimated size: 978

keypad.c
		_readKeypad    		CODE           	5832	0000	43

keypad.c estimated size: 43

C:\Program Files (x86)\Microchip\xc8\v1.40\sources\common\ftneg.c
		___ftneg       		CODE           	5802	0000	49

C:\Program Files (x86)\Microchip\xc8\v1.40\sources\common\ftneg.c estimated size: 49

C:\Program Files (x86)\Microchip\xc8\v1.40\sources\common\doprnt.c
		_scale         		CODE           	1F02	0000	1199
		_printf        		CODE           	0012	0000	3627
		_fround        		CODE           	2B2A	0000	685

C:\Program Files (x86)\Microchip\xc8\v1.40\sources\common\doprnt.c estimated size: 5511

C:\Program Files (x86)\Microchip\xc8\v1.40\sources\common\lltoft.c
		___lltoft      		CODE           	5206	0000	125

C:\Program Files (x86)\Microchip\xc8\v1.40\sources\common\lltoft.c estimated size: 125

C:\Program Files (x86)\Microchip\xc8\v1.40\sources\common\ftsub.c
		___ftsub       		CODE           	5530	0000	77

C:\Program Files (x86)\Microchip\xc8\v1.40\sources\common\ftsub.c estimated size: 77

C:\Program Files (x86)\Microchip\xc8\v1.40\sources\common\float.c
		___ftpack      		CODE           	4288	0000	269

C:\Program Files (x86)\Microchip\xc8\v1.40\sources\common\float.c estimated size: 269

timer.c
		_initTimer     		CODE           	54E2	0000	79
		_startTimer    		CODE           	5492	0000	81

timer.c estimated size: 160

C:\Program Files (x86)\Microchip\xc8\v1.40\sources\common\ftdivl.c
		__tdiv_to_l_   		CODE           	3430	0000	415

C:\Program Files (x86)\Microchip\xc8\v1.40\sources\common\ftdivl.c estimated size: 415

C:\Program Files (x86)\Microchip\xc8\v1.40\sources\common\ftge.c
		___ftge        		CODE           	4A50	0000	201

C:\Program Files (x86)\Microchip\xc8\v1.40\sources\common\ftge.c estimated size: 201

C:\Program Files (x86)\Microchip\xc8\v1.40\sources\common\Umul16.c
		___wmul        		CODE           	579A	0000	55

C:\Program Files (x86)\Microchip\xc8\v1.40\sources\common\Umul16.c estimated size: 55

C:\Program Files (x86)\Microchip\xc8\v1.40\sources\common\ftmul.c
		___ftmul       		CODE           	38BC	0000	351

C:\Program Files (x86)\Microchip\xc8\v1.40\sources\common\ftmul.c estimated size: 351

C:\Program Files (x86)\Microchip\xc8\v1.40\sources\common\awmod.c
		___awmod       		CODE           	4E08	0000	163

C:\Program Files (x86)\Microchip\xc8\v1.40\sources\common\awmod.c estimated size: 163

iopin.c
		_digitalRead   		CODE           	3F16	0000	305
		_digitalWrite  		CODE           	449A	0000	261
		_analogRead    		CODE           	569C	0000	67

iopin.c estimated size: 633

C:\Program Files (x86)\Microchip\xc8\v1.40\sources\common\ftdiv.c
		___ftdiv       		CODE           	3A1A	0000	333

C:\Program Files (x86)\Microchip\xc8\v1.40\sources\common\ftdiv.c estimated size: 333

C:\Program Files (x86)\Microchip\xc8\v1.40\sources\common\llmod.c
		___llmod       		CODE           	4F48	0000	155

C:\Program Files (x86)\Microchip\xc8\v1.40\sources\common\llmod.c estimated size: 155

C:\Program Files (x86)\Microchip\xc8\v1.40\sources\common\almod.c
		___almod       		CODE           	488A	0000	243

C:\Program Files (x86)\Microchip\xc8\v1.40\sources\common\almod.c estimated size: 243

C:\Program Files (x86)\Microchip\xc8\v1.40\sources\common\isdigit.c
		_isdigit       		CODE           	585C	0000	43

C:\Program Files (x86)\Microchip\xc8\v1.40\sources\common\isdigit.c estimated size: 43

shared
		i2_printf      		CODE           	0E3C	0000	2965
		i2___ftneg     		CODE           	59BC	0000	37
		i2_putch       		CODE           	59E0	0000	35
		i2___ftadd     		CODE           	3284	0000	429
		i2_lcdNibble   		CODE           	53D0	0000	103
		__powers_      		MEDIUMCONST    	FE78	0000	40
		i2___fttol     		CODE           	4796	0000	245
		_dpowers       		MEDIUMCONST    	FE29	0000	41
		i2___ftge      		CODE           	4FE2	0000	145
		i2_isdigit     		CODE           	5A24	0000	31
		i2___awdiv     		CODE           	5100	0000	133
		i2__tdiv_to_l_ 		CODE           	3DE4	0000	307
		i2_startTimer  		CODE           	557C	0000	77
		i2___ftmul     		CODE           	46A2	0000	245
		i2___wmul      		CODE           	5996	0000	39
		i2_lcdClear    		CODE           	5A78	0000	9
		i2_lcdNewline  		CODE           	5A70	0000	9
		i2__div_to_l_  		CODE           	4046	0000	297
		__npowers_     		MEDIUMCONST    	FE51	0000	40
		i2___ftpack    		CODE           	4D5A	0000	175
		i2_scale       		CODE           	23B0	0000	1009
		_keys          		MEDIUMCONST    	FEBF	0000	18
		i2___lldiv     		CODE           	5184	0000	131
		__initialization		CODE           	5612	0000	57
		i2___lltoft    		CODE           	5436	0000	93
		i2___ftsub     		CODE           	56DE	0000	65
		i2___awmod     		CODE           	52FA	0000	113
		_hexpowers     		MEDIUMCONST    	FE9F	0000	33
		i2___llmod     		CODE           	536A	0000	103
		i2_lcdInst     		CODE           	5A02	0000	35
		i2_fround      		CODE           	303E	0000	583
		_happynewyear  		MEDIUMCONST    	FED0	0000	8
		i2_digitalWrite		CODE           	4B18	0000	201

shared estimated size: 7851

interface.c
		_dateTime      		CODE           	5970	0000	39
		_runSelect     		CODE           	5924	0000	39
		_runTime       		CODE           	58D8	0000	39
		_runStats      		CODE           	58FE	0000	39
		_runMenu       		CODE           	57D0	0000	51
		_showInterface 		CODE           	459E	0000	261
		_mainMenu      		CODE           	594A	0000	39

interface.c estimated size: 507

lcd.c
		_putch         		CODE           	58B0	0000	41
		_lcdInst       		CODE           	5886	0000	43
		_lcdClear      		CODE           	5A60	0000	9
		_lcdNibble     		CODE           	5282	0000	121
		_lcdHome       		CODE           	5A68	0000	9
		_initLCD       		CODE           	55C8	0000	75
		_lcdNewline    		CODE           	5A58	0000	9

lcd.c estimated size: 307

C:\Program Files (x86)\Microchip\xc8\v1.40\sources\common\fttol.c
		___fttol       		CODE           	3B66	0000	325

C:\Program Files (x86)\Microchip\xc8\v1.40\sources\common\fttol.c estimated size: 325

C:\Program Files (x86)\Microchip\xc8\v1.40\sources\common\fldivl.c
		__div_to_l_    		CODE           	35CE	0000	393

C:\Program Files (x86)\Microchip\xc8\v1.40\sources\common\fldivl.c estimated size: 393

C:\Program Files (x86)\Microchip\xc8\v1.40\sources\common\awdiv.c
		___awdiv       		CODE           	4BE0	0000	191

C:\Program Files (x86)\Microchip\xc8\v1.40\sources\common\awdiv.c estimated size: 191

main.c
		_service       		CODE           	0008	0000	321
		_sortBattery   		CODE           	19D0	0000	1331
		_pinSetup      		CODE           	571E	0000	63
		_main          		CODE           	27A0	0000	907
		_pause         		CODE           	5A42	0000	23

main.c estimated size: 2645

C:\Program Files (x86)\Microchip\xc8\v1.40\sources\common\ftadd.c
		___ftadd       		CODE           	2DD6	0000	617

C:\Program Files (x86)\Microchip\xc8\v1.40\sources\common\ftadd.c estimated size: 617

C:\Program Files (x86)\Microchip\xc8\v1.40\sources\common\lldiv.c
		___lldiv       		CODE           	4C9E	0000	189

C:\Program Files (x86)\Microchip\xc8\v1.40\sources\common\lldiv.c estimated size: 189

C:\Program Files (x86)\Microchip\xc8\v1.40\sources\common\aldiv.c
		___aldiv       		CODE           	416E	0000	283

C:\Program Files (x86)\Microchip\xc8\v1.40\sources\common\aldiv.c estimated size: 283

