Microchip MPLAB XC8 Compiler V1.40 ()

Linker command line:

-W-3 --edf=C:\Program Files (x86)\Microchip\xc8\v1.40\dat\en_msgs.txt -cs \
  -h+dist/default/production\PIC18_LCD_LIB.X.production.sym \
  --cmf=dist/default/production\PIC18_LCD_LIB.X.production.cmf -z -Q18F4620 \
  -oC:\Users\Nam\AppData\Local\Temp\sd0o.2 \
  -Mdist/default/production/PIC18_LCD_LIB.X.production.map -E1 -ver=XC8 \
  -ASTACK=01ABh-0f7fh -pstack=STACK -ACODE=00h-0FFFFh -ACONST=00h-0FFFFh \
  -ASMALLCONST=01000h-010FFhx240 -AMEDIUMCONST=01000h-0FFFFh \
  -ACOMRAM=01h-07Fh -AABS1=00h-0F7Fh -ABIGRAM=01h-0F7Fh \
  -ARAM=080h-0FFh,0100h-01FFhx14,0F00h-0F7Fh -ABANK0=080h-0FFh \
  -ABANK1=0100h-01FFh -ABANK2=0200h-02FFh -ABANK3=0300h-03FFh \
  -ABANK4=0400h-04FFh -ABANK5=0500h-05FFh -ABANK6=0600h-06FFh \
  -ABANK7=0700h-07FFh -ABANK8=0800h-08FFh -ABANK9=0900h-09FFh \
  -ABANK10=0A00h-0AFFh -ABANK11=0B00h-0BFFh -ABANK12=0C00h-0CFFh \
  -ABANK13=0D00h-0DFFh -ABANK14=0E00h-0EFFh -ABANK15=0F00h-0F7Fh \
  -ASFR=0F80h-0FFFh -preset_vec=00h,intcode=08h,intcodelo,powerup,init \
  -pramtop=01000h -psmallconst=SMALLCONST -pmediumconst=MEDIUMCONST \
  -pconst=CONST -AFARRAM=00h-00h -ACONFIG=0300000h-030000Dh -pconfig=CONFIG \
  -AIDLOC=0200000h-0200007h -pidloc=IDLOC -AEEDATA=0F00000h-0F003FFh \
  -peeprom_data=EEDATA \
  -prdata=COMRAM,nvrram=COMRAM,nvbit=COMRAM,rbss=COMRAM,rbit=COMRAM \
  -pfarbss=FARRAM,fardata=FARRAM,nvFARRAM=FARRAM \
  -pintsave_regs=BIGRAM,bigbss=BIGRAM,bigdata=BIGRAM -pbss=RAM \
  -pidata=CODE,irdata=CODE,ibigdata=CODE,ifardata=CODE -prparam=COMRAM \
  C:\Users\Nam\AppData\Local\Temp\sd0o.obj \
  dist/default/production\PIC18_LCD_LIB.X.production.obj 

Object code version is 3.11

Machine type is 18F4620

Call graph: (short form)




                Name                               Link     Load   Length Selector   Space Scale
C:\Users\Nam\AppData\Local\Temp\sd0o.obj
                init                                  E        E        4        4       0
                reset_vec                             0        0        4        0       0
                idloc                            200000   200000        8   200000       0
                config                           300000   300000        E   300000       0
dist/default/production\PIC18_LCD_LIB.X.production.obj
                intcode                               8        8        6        4       0
                temp                                 7F       7F        1        1       1
                mediumconst                        FE88     FE88      178     7F44       0
                text43                             215E     215E       AC        4       0
                text42                             26AC     26AC       4C        4       0
                text41                             1118     1118      222        4       0
                text40                             20B0     20B0       AE        4       0
                text39                             24CA     24CA       78        4       0
                text38                             284E     284E       38        4       0
                text37                             133A     133A      1AC        4       0
                text36                             1E32     1E32       E6        4       0
                text35                             1D3E     1D3E       F4        4       0
                text34                             1C4A     1C4A       F4        4       0
                text33                             1A2A     1A2A      114        4       0
                text32                             25A8     25A8       66        4       0
                text31                             28FA     28FA       22        4       0
                text30                             293C     293C        8        4       0
                text29                             23D0     23D0       82        4       0
                text28                             2542     2542       66        4       0
                text27                             2934     2934        8        4       0
                text26                             28D8     28D8       22        4       0
                text25                              BC4      BC4      2EC        4       0
                text24                              476      476      3E8        4       0
                intcode_body                       1F18     1F18       DC        4       0
                text22                             2452     2452       78        4       0
                text21                             2886     2886       2A        4       0
                text20                             2742     2742       4A        4       0
                text19                             26F8     26F8       4A        4       0
                text18                             1B3E     1B3E      10C        4       0
                text17                             220A     220A       9E        4       0
                text16                             27D0     27D0       44        4       0
                text15                              EB0      EB0      268        4       0
                text14                             179A     179A      14C        4       0
                text13                             14E6     14E6      15E        4       0
                text12                             18E6     18E6      144        4       0
                text11                             1644     1644      156        4       0
                text10                             292C     292C        8        4       0
                text9                              1FF4     1FF4       BC        4       0
                text8                              22A8     22A8       9A        4       0
                text7                              2924     2924        8        4       0
                text6                              28B0     28B0       28        4       0
                text5                               85E      85E      366        4       0
                text4                                12       12      464        4       0
                text3                              260E     260E       50        4       0
                text2                              2342     2342       8E        4       0
                text1                              2814     2814       3A        4       0
                text0                              265E     265E       4E        4       0
                cstackCOMRAM                          1        1       7C        1       1
                cstackBANK0                          80       80       50       80       1
                cstackBANK1                         100      100       71      100       1
                bssBANK1                            171      171       3A      100       1
                dataBANK0                            D0       D0        8       80       1
                bssBANK0                             D8       D8        2       80       1
                bssCOMRAM                            7D       7D        2        1       1
                cinit                              278C     278C       44        4       0
                idataBANK0                         291C     291C        8        4       0

TOTAL           Name                               Link     Load   Length     Space
        CLASS   STACK          

        CLASS   CODE           
                intcode                               8        8        6         0
                init                                  E        E        4         0
                reset_vec                             0        0        4         0
                text43                             215E     215E       AC         0
                text42                             26AC     26AC       4C         0
                text41                             1118     1118      222         0
                text40                             20B0     20B0       AE         0
                text39                             24CA     24CA       78         0
                text38                             284E     284E       38         0
                text37                             133A     133A      1AC         0
                text36                             1E32     1E32       E6         0
                text35                             1D3E     1D3E       F4         0
                text34                             1C4A     1C4A       F4         0
                text33                             1A2A     1A2A      114         0
                text32                             25A8     25A8       66         0
                text31                             28FA     28FA       22         0
                text30                             293C     293C        8         0
                text29                             23D0     23D0       82         0
                text28                             2542     2542       66         0
                text27                             2934     2934        8         0
                text26                             28D8     28D8       22         0
                text25                              BC4      BC4      2EC         0
                text24                              476      476      3E8         0
                intcode_body                       1F18     1F18       DC         0
                text22                             2452     2452       78         0
                text21                             2886     2886       2A         0
                text20                             2742     2742       4A         0
                text19                             26F8     26F8       4A         0
                text18                             1B3E     1B3E      10C         0
                text17                             220A     220A       9E         0
                text16                             27D0     27D0       44         0
                text15                              EB0      EB0      268         0
                text14                             179A     179A      14C         0
                text13                             14E6     14E6      15E         0
                text12                             18E6     18E6      144         0
                text11                             1644     1644      156         0
                text10                             292C     292C        8         0
                text9                              1FF4     1FF4       BC         0
                text8                              22A8     22A8       9A         0
                text7                              2924     2924        8         0
                text6                              28B0     28B0       28         0
                text5                               85E      85E      366         0
                text4                                12       12      464         0
                text3                              260E     260E       50         0
                text2                              2342     2342       8E         0
                text1                              2814     2814       3A         0
                text0                              265E     265E       4E         0
                cinit                              278C     278C       44         0
                idataBANK0                         291C     291C        8         0

        CLASS   CONST          

        CLASS   SMALLCONST     

        CLASS   MEDIUMCONST    
                mediumconst                        FE88     FE88      178         0

        CLASS   COMRAM         
                temp                                 7F       7F        1         1
                cstackCOMRAM                          1        1       7C         1
                bssCOMRAM                            7D       7D        2         1

        CLASS   ABS1           

        CLASS   BIGRAM         

        CLASS   RAM            

        CLASS   BANK0          
                cstackBANK0                          80       80       50         1
                dataBANK0                            D0       D0        8         1
                bssBANK0                             D8       D8        2         1

        CLASS   BANK1          
                cstackBANK1                         100      100       71         1
                bssBANK1                            171      171       3A         1

        CLASS   BANK2          

        CLASS   BANK3          

        CLASS   BANK4          

        CLASS   BANK5          

        CLASS   BANK6          

        CLASS   BANK7          

        CLASS   BANK8          

        CLASS   BANK9          

        CLASS   BANK10         

        CLASS   BANK11         

        CLASS   BANK12         

        CLASS   BANK13         

        CLASS   BANK14         

        CLASS   BANK15         

        CLASS   SFR            

        CLASS   FARRAM         

        CLASS   CONFIG         
                config                           300000   300000        E         0

        CLASS   IDLOC          
                idloc                            200000   200000        8         0

        CLASS   EEDATA         



SEGMENTS        Name                           Load    Length   Top    Selector   Space  Class

                reset_vec                      000000  000004  000004         0       0  CODE    
                cstackCOMRAM                   000001  00007F  000080         1       1  COMRAM  
                intcode                        000008  00293C  002944         4       0  CODE    
                cstackBANK0                    000080  00005A  0000DA        80       1  BANK0   
                cstackBANK1                    000100  0000AB  0001AB       100       1  BANK1   
                mediumconst                    00FE88  000178  010000      7F44       0  MEDIUMCO
                idloc                          200000  000008  200008    200000       0  IDLOC   
                config                         300000  00000E  30000E    300000       0  CONFIG  


UNUSED ADDRESS RANGES

        Name                Unused          Largest block    Delta
        BANK0            0000DA-0000FF               26
        BANK1            0001AB-0001FF               55
        BANK10           000A00-000AFF              100
        BANK11           000B00-000BFF              100
        BANK12           000C00-000CFF              100
        BANK13           000D00-000DFF              100
        BANK14           000E00-000EFF              100
        BANK15           000F00-000F7F               80
        BANK2            000200-0002FF              100
        BANK3            000300-0003FF              100
        BANK4            000400-0004FF              100
        BANK5            000500-0005FF              100
        BANK6            000600-0006FF              100
        BANK7            000700-0007FF              100
        BANK8            000800-0008FF              100
        BANK9            000900-0009FF              100
        BIGRAM           0000DA-0000FF               26
                         0001AB-000F7F              DD5
        CODE             000004-000007                4
                         002944-00FE87             D544
        CONST            000004-000007                4
                         002944-00FE87             D544
        EEDATA           F00000-F003FF              400
        MEDIUMCONST      002944-00FE87             D544
        RAM              0000DA-0000FF               26
                         0001AB-000F7F              100
        SFR              000F80-000FFF               80
        SMALLCONST       002944-00FE87              100
        STACK            0001AB-000F7F              DD5

                                  Symbol Table

?___altoft                      cstackBANK0  0000AE
?___awtoft                      cstackBANK0  0000AE
?___ftadd                       cstackBANK1  000100
?___ftdiv                       cstackBANK0  0000B2
?___ftmul                       cstackBANK0  0000C1
?___ftpack                      cstackBANK0  0000A6
?___fttol                       cstackBANK1  00010C
?___lldiv                       cstackBANK0  0000A6
?___llmod                       cstackBANK0  0000B3
?_angleToPulse                  cstackBANK1  00011B
?_printf                        cstackBANK0  0000BC
?i2___altoft                    cstackCOMRAM 000009
?i2___awtoft                    cstackCOMRAM 000009
?i2___ftadd                     cstackCOMRAM 00002B
?i2___ftdiv                     cstackCOMRAM 00000D
?i2___ftmul                     cstackCOMRAM 00001C
?i2___ftpack                    cstackCOMRAM 000001
?i2___fttol                     cstackCOMRAM 000037
?i2___lldiv                     cstackCOMRAM 000001
?i2___llmod                     cstackCOMRAM 00000E
?i2_angleToPulse                cstackCOMRAM 000046
?i2_printf                      cstackCOMRAM 000017
_ACKDT                          (abs)        007E2D
_ACKEN                          (abs)        007E2C
_ADCON0                         (abs)        000FC2
_ADCON1                         (abs)        000FC1
_ADCON2                         (abs)        000FC0
_ADRESH                         (abs)        000FC4
_ADRESL                         (abs)        000FC3
_EEADR                          (abs)        000FA9
_EEADRH                         (abs)        000FAA
_EECON1                         (abs)        000FA6
_EECON2                         (abs)        000FA7
_EEDATA                         (abs)        000FA8
_EEIF                           (abs)        007D0C
_INT1IF                         (abs)        007F80
_INTCONbits                     (abs)        000FF2
_LATA                           (abs)        000F89
_LATB                           (abs)        000F8A
_LATC                           (abs)        000F8B
_LATD                           (abs)        000F8C
_LATDbits                       (abs)        000F8C
_LATE                           (abs)        000F8D
_PEIE                           (abs)        007F96
_PEN                            (abs)        007E2A
_PORTA                          (abs)        000F80
_PORTB                          (abs)        000F81
_PORTBbits                      (abs)        000F81
_PORTC                          (abs)        000F82
_PORTD                          (abs)        000F83
_RCEN                           (abs)        007E2B
_RSEN                           (abs)        007E29
_SEN                            (abs)        007E28
_SSPADD                         (abs)        000FC8
_SSPBUF                         (abs)        000FC9
_SSPCON1                        (abs)        000FC6
_SSPCON2                        (abs)        000FC5
_SSPSTAT                        (abs)        000FC7
_T0CON                          (abs)        000FD5
_T1CON                          (abs)        000FCD
_T3CON                          (abs)        000FB1
_TMR0H                          (abs)        000FD7
_TMR0IE                         (abs)        007F95
_TMR0IF                         (abs)        007F92
_TMR0L                          (abs)        000FD6
_TMR1H                          (abs)        000FCF
_TMR1IE                         (abs)        007CE8
_TMR1L                          (abs)        000FCE
_TMR3H                          (abs)        000FB3
_TMR3IE                         (abs)        007D01
_TMR3L                          (abs)        000FB2
_TRISA                          (abs)        000F92
_TRISB                          (abs)        000F93
_TRISC                          (abs)        000F94
_TRISC3                         (abs)        007CA3
_TRISC4                         (abs)        007CA4
_TRISD                          (abs)        000F95
_TRISE                          (abs)        000F96
__CFG_BOREN$SBORDIS             (abs)        000000
__CFG_BORV$3                    (abs)        000000
__CFG_CCP2MX$PORTC              (abs)        000000
__CFG_CP0$OFF                   (abs)        000000
__CFG_CP1$OFF                   (abs)        000000
__CFG_CP2$OFF                   (abs)        000000
__CFG_CP3$OFF                   (abs)        000000
__CFG_CPB$OFF                   (abs)        000000
__CFG_CPD$OFF                   (abs)        000000
__CFG_EBTR0$OFF                 (abs)        000000
__CFG_EBTR1$OFF                 (abs)        000000
__CFG_EBTR2$OFF                 (abs)        000000
__CFG_EBTR3$OFF                 (abs)        000000
__CFG_EBTRB$OFF                 (abs)        000000
__CFG_FCMEN$OFF                 (abs)        000000
__CFG_IESO$OFF                  (abs)        000000
__CFG_LPT1OSC$OFF               (abs)        000000
__CFG_LVP$OFF                   (abs)        000000
__CFG_MCLRE$ON                  (abs)        000000
__CFG_OSC$HS                    (abs)        000000
__CFG_PBADEN$ON                 (abs)        000000
__CFG_PWRT$OFF                  (abs)        000000
__CFG_STVREN$ON                 (abs)        000000
__CFG_WDT$OFF                   (abs)        000000
__CFG_WDTPS$32768               (abs)        000000
__CFG_WRT0$OFF                  (abs)        000000
__CFG_WRT1$OFF                  (abs)        000000
__CFG_WRT2$OFF                  (abs)        000000
__CFG_WRT3$OFF                  (abs)        000000
__CFG_WRTB$OFF                  (abs)        000000
__CFG_WRTC$OFF                  (abs)        000000
__CFG_WRTD$OFF                  (abs)        000000
__CFG_XINST$OFF                 (abs)        000000
__HRAM                          (abs)        000000
__Habs1                         abs1         000000
__Hbank0                        bank0        000000
__Hbank1                        bank1        000000
__Hbank10                       bank10       000000
__Hbank11                       bank11       000000
__Hbank12                       bank12       000000
__Hbank13                       bank13       000000
__Hbank14                       bank14       000000
__Hbank15                       bank15       000000
__Hbank2                        bank2        000000
__Hbank3                        bank3        000000
__Hbank4                        bank4        000000
__Hbank5                        bank5        000000
__Hbank6                        bank6        000000
__Hbank7                        bank7        000000
__Hbank8                        bank8        000000
__Hbank9                        bank9        000000
__Hbigbss                       bigbss       000000
__Hbigdata                      bigdata      000000
__Hbigram                       bigram       000000
__Hbss                          bss          000000
__HbssBANK0                     bssBANK0     000000
__HbssBANK1                     bssBANK1     000000
__HbssCOMRAM                    bssCOMRAM    000000
__Hcinit                        cinit        000000
__Hclrtext                      clrtext      000000
__Hcomram                       comram       000000
__Hconfig                       config       30000E
__Hconst                        const        000000
__HcstackBANK0                  cstackBANK0  000000
__HcstackBANK1                  cstackBANK1  000000
__HcstackCOMRAM                 cstackCOMRAM 000000
__Hdata                         data         000000
__HdataBANK0                    dataBANK0    000000
__Heeprom_data                  eeprom_data  000000
__Hfarbss                       farbss       000000
__Hfardata                      fardata      000000
__Hibigdata                     ibigdata     000000
__Hidata                        idata        000000
__HidataBANK0                   idataBANK0   000000
__Hidloc                        idloc        200008
__Hifardata                     ifardata     000000
__Hinit                         init         000012
__Hintcode                      intcode      00000E
__Hintcode_body                 intcode_body 000000
__Hintcodelo                    intcodelo    00000E
__Hintentry                     intentry     000000
__Hintret                       intret       000000
__Hintsave_regs                 intsave_regs 000000
__Hirdata                       irdata       000000
__Hmediumconst                  mediumconst  010000
__HnvFARRAM                     nvFARRAM     000000
__Hnvbit                        nvbit        000000
__Hnvrram                       nvrram       000000
__Hparam                        rparam       000000
__Hpowerup                      powerup      00000E
__Hram                          ram          000000
__Hramtop                       ramtop       001000
__Hrbit                         rbit         000000
__Hrbss                         rbss         000000
__Hrdata                        rdata        000000
__Hreset_vec                    reset_vec    000004
__Hrparam                       rparam       000000
__Hsfr                          sfr          000000
__Hsmallconst                   smallconst   000000
__Hspace_0                      (abs)        30000E
__Hspace_1                      (abs)        0001AB
__Hspace_2                      (abs)        000000
__Hstack                        stack        000000
__Hstruct                       struct       000000
__Htemp                         temp         000080
__Htext                         text         000000
__Htext0                        text0        000000
__Htext1                        text1        000000
__Htext10                       text10       000000
__Htext11                       text11       000000
__Htext12                       text12       000000
__Htext13                       text13       000000
__Htext14                       text14       000000
__Htext15                       text15       000000
__Htext16                       text16       000000
__Htext17                       text17       000000
__Htext18                       text18       000000
__Htext19                       text19       000000
__Htext2                        text2        000000
__Htext20                       text20       000000
__Htext21                       text21       000000
__Htext22                       text22       000000
__Htext24                       text24       000000
__Htext25                       text25       000000
__Htext26                       text26       000000
__Htext27                       text27       000000
__Htext28                       text28       000000
__Htext29                       text29       000000
__Htext3                        text3        000000
__Htext30                       text30       000000
__Htext31                       text31       000000
__Htext32                       text32       000000
__Htext33                       text33       000000
__Htext34                       text34       000000
__Htext35                       text35       000000
__Htext36                       text36       000000
__Htext37                       text37       000000
__Htext38                       text38       000000
__Htext39                       text39       000000
__Htext4                        text4        000000
__Htext40                       text40       000000
__Htext41                       text41       000000
__Htext42                       text42       000000
__Htext43                       text43       000000
__Htext5                        text5        000000
__Htext6                        text6        000000
__Htext7                        text7        000000
__Htext8                        text8        000000
__Htext9                        text9        000000
__LRAM                          (abs)        000001
__Labs1                         abs1         000000
__Lbank0                        bank0        000000
__Lbank1                        bank1        000000
__Lbank10                       bank10       000000
__Lbank11                       bank11       000000
__Lbank12                       bank12       000000
__Lbank13                       bank13       000000
__Lbank14                       bank14       000000
__Lbank15                       bank15       000000
__Lbank2                        bank2        000000
__Lbank3                        bank3        000000
__Lbank4                        bank4        000000
__Lbank5                        bank5        000000
__Lbank6                        bank6        000000
__Lbank7                        bank7        000000
__Lbank8                        bank8        000000
__Lbank9                        bank9        000000
__Lbigbss                       bigbss       000000
__Lbigdata                      bigdata      000000
__Lbigram                       bigram       000000
__Lbss                          bss          000000
__LbssBANK0                     bssBANK0     000000
__LbssBANK1                     bssBANK1     000000
__LbssCOMRAM                    bssCOMRAM    000000
__Lcinit                        cinit        000000
__Lclrtext                      clrtext      000000
__Lcomram                       comram       000000
__Lconfig                       config       300000
__Lconst                        const        000000
__LcstackBANK0                  cstackBANK0  000000
__LcstackBANK1                  cstackBANK1  000000
__LcstackCOMRAM                 cstackCOMRAM 000000
__Ldata                         data         000000
__LdataBANK0                    dataBANK0    000000
__Leeprom_data                  eeprom_data  000000
__Lfarbss                       farbss       000000
__Lfardata                      fardata      000000
__Libigdata                     ibigdata     000000
__Lidata                        idata        000000
__LidataBANK0                   idataBANK0   000000
__Lidloc                        idloc        200000
__Lifardata                     ifardata     000000
__Linit                         init         00000E
__Lintcode                      intcode      000008
__Lintcode_body                 intcode_body 000000
__Lintcodelo                    intcodelo    00000E
__Lintentry                     intentry     000000
__Lintret                       intret       000000
__Lintsave_regs                 intsave_regs 000000
__Lirdata                       irdata       000000
__Lmediumconst                  mediumconst  00FE88
__LnvFARRAM                     nvFARRAM     000000
__Lnvbit                        nvbit        000000
__Lnvrram                       nvrram       000000
__Lparam                        rparam       000000
__Lpowerup                      powerup      00000E
__Lram                          ram          000000
__Lramtop                       ramtop       001000
__Lrbit                         rbit         000000
__Lrbss                         rbss         000000
__Lrdata                        rdata        000000
__Lreset_vec                    reset_vec    000000
__Lrparam                       rparam       000000
__Lsfr                          sfr          000000
__Lsmallconst                   smallconst   000000
__Lspace_0                      (abs)        000000
__Lspace_1                      (abs)        000000
__Lspace_2                      (abs)        000000
__Lstack                        stack        000000
__Lstruct                       struct       000000
__Ltemp                         temp         00007F
__Ltext                         text         000000
__Ltext0                        text0        000000
__Ltext1                        text1        000000
__Ltext10                       text10       000000
__Ltext11                       text11       000000
__Ltext12                       text12       000000
__Ltext13                       text13       000000
__Ltext14                       text14       000000
__Ltext15                       text15       000000
__Ltext16                       text16       000000
__Ltext17                       text17       000000
__Ltext18                       text18       000000
__Ltext19                       text19       000000
__Ltext2                        text2        000000
__Ltext20                       text20       000000
__Ltext21                       text21       000000
__Ltext22                       text22       000000
__Ltext24                       text24       000000
__Ltext25                       text25       000000
__Ltext26                       text26       000000
__Ltext27                       text27       000000
__Ltext28                       text28       000000
__Ltext29                       text29       000000
__Ltext3                        text3        000000
__Ltext30                       text30       000000
__Ltext31                       text31       000000
__Ltext32                       text32       000000
__Ltext33                       text33       000000
__Ltext34                       text34       000000
__Ltext35                       text35       000000
__Ltext36                       text36       000000
__Ltext37                       text37       000000
__Ltext38                       text38       000000
__Ltext39                       text39       000000
__Ltext4                        text4        000000
__Ltext40                       text40       000000
__Ltext41                       text41       000000
__Ltext42                       text42       000000
__Ltext43                       text43       000000
__Ltext5                        text5        000000
__Ltext6                        text6        000000
__Ltext7                        text7        000000
__Ltext8                        text8        000000
__Ltext9                        text9        000000
__S0                            (abs)        30000E
__S1                            (abs)        0001AB
__S2                            (abs)        000000
___altoft                       text17       00220A
___altoft@c                     cstackBANK0  0000AE
___altoft@exp                   cstackBANK0  0000B6
___altoft@sign                  cstackBANK0  0000B7
___awtoft                       text16       0027D0
___awtoft@c                     cstackBANK0  0000AE
___awtoft@sign                  cstackBANK0  0000B1
___ftadd                        text15       000EB0
___ftadd@exp1                   cstackBANK1  00010B
___ftadd@exp2                   cstackBANK1  00010A
___ftadd@f1                     cstackBANK1  000100
___ftadd@f2                     cstackBANK1  000103
___ftadd@sign                   cstackBANK1  000109
___ftdiv                        text14       00179A
___ftdiv@cntr                   cstackBANK0  0000BB
___ftdiv@exp                    cstackBANK0  0000BF
___ftdiv@f1                     cstackBANK0  0000B2
___ftdiv@f2                     cstackBANK0  0000B5
___ftdiv@f3                     cstackBANK0  0000BC
___ftdiv@sign                   cstackBANK0  0000C0
___ftmul                        text13       0014E6
___ftmul@cntr                   cstackBANK0  0000CE
___ftmul@exp                    cstackBANK0  0000CA
___ftmul@f1                     cstackBANK0  0000C1
___ftmul@f2                     cstackBANK0  0000C4
___ftmul@f3_as_product          cstackBANK0  0000CB
___ftmul@sign                   cstackBANK0  0000CF
___ftpack                       text18       001B3E
___ftpack@arg                   cstackBANK0  0000A6
___ftpack@exp                   cstackBANK0  0000A9
___ftpack@sign                  cstackBANK0  0000AA
___fttol                        text12       0018E6
___fttol@exp1                   cstackBANK1  00011A
___fttol@f1                     cstackBANK1  00010C
___fttol@lval                   cstackBANK1  000116
___fttol@sign1                  cstackBANK1  000115
___inthi_sp                     stack        000000
___intlo_sp                     stack        000000
___lldiv                        text9        001FF4
___lldiv@counter                cstackBANK0  0000B2
___lldiv@dividend               cstackBANK0  0000A6
___lldiv@divisor                cstackBANK0  0000AA
___lldiv@quotient               cstackBANK0  0000AE
___llmod                        text8        0022A8
___llmod@counter                cstackBANK0  0000BB
___llmod@dividend               cstackBANK0  0000B3
___llmod@divisor                cstackBANK0  0000B7
___param_bank                   (abs)        000000
___rparam_used                  (abs)        000001
___sp                           stack        000000
__accesstop                     (abs)        000080
__activetblptr                  (abs)        000002
__end_of___altoft               text17       0022A8
__end_of___awtoft               text16       002814
__end_of___ftadd                text15       001118
__end_of___ftdiv                text14       0018E6
__end_of___ftmul                text13       001644
__end_of___ftpack               text18       001C4A
__end_of___fttol                text12       001A2A
__end_of___lldiv                text9        0020B0
__end_of___llmod                text8        002342
__end_of__initialization        cinit        0027C2
__end_of_angleToPulse           text11       00179A
__end_of_digitalWrite           text43       00220A
__end_of_dpowers                mediumconst  00FEB1
__end_of_happynewyear           mediumconst  00FEE9
__end_of_hexpowers              mediumconst  00FED1
__end_of_initLCD                text20       00278C
__end_of_initServo              text2        0023D0
__end_of_initTimer              text19       002742
__end_of_keys                   mediumconst  00FEE2
__end_of_lcdClear               text10       002934
__end_of_lcdInst                text21       0028B0
__end_of_lcdNewline             text7        00292C
__end_of_lcdNibble              text22       0024CA
__end_of_main                   text0        0026AC
__end_of_pinSetup               text1        00284E
__end_of_printf                 text5        000BC4
__end_of_putch                  text6        0028D8
__end_of_service                intcode_body 001FF4
__end_of_servoInterruptService  text41       00133A
__end_of_setAngle               text4        000476
__end_of_startTimer             text3        00265E
__end_ofi2___altoft             text39       002542
__end_ofi2___awtoft             text38       002886
__end_ofi2___ftadd              text37       0014E6
__end_ofi2___ftdiv              text36       001F18
__end_ofi2___ftmul              text35       001E32
__end_ofi2___ftpack             text40       00215E
__end_ofi2___fttol              text34       001D3E
__end_ofi2___lldiv              text29       002452
__end_ofi2___llmod              text28       0025A8
__end_ofi2_angleToPulse         text33       001B3E
__end_ofi2_lcdClear             text30       002944
__end_ofi2_lcdInst              text31       00291C
__end_ofi2_lcdNewline           text27       00293C
__end_ofi2_lcdNibble            text32       00260E
__end_ofi2_printf               text25       000EB0
__end_ofi2_putch                text26       0028FA
__end_ofi2_setAngle             text24       00085E
__end_ofi2_startTimer           text42       0026F8
__initialization                cinit        00278C
__mediumconst                   mediumconst  00FE88
__pbssBANK0                     bssBANK0     0000D8
__pbssBANK1                     bssBANK1     000171
__pbssCOMRAM                    bssCOMRAM    00007D
__pcinit                        cinit        00278C
__pcstackBANK0                  cstackBANK0  000080
__pcstackBANK1                  cstackBANK1  000100
__pcstackCOMRAM                 cstackCOMRAM 000001
__pdataBANK0                    dataBANK0    0000D0
__pidataBANK0                   idataBANK0   00291C
__pintcode                      intcode      000008
__pintcode_body                 intcode_body 001F18
__pmediumconst                  mediumconst  00FE88
__ptext0                        text0        00265E
__ptext1                        text1        002814
__ptext10                       text10       00292C
__ptext11                       text11       001644
__ptext12                       text12       0018E6
__ptext13                       text13       0014E6
__ptext14                       text14       00179A
__ptext15                       text15       000EB0
__ptext16                       text16       0027D0
__ptext17                       text17       00220A
__ptext18                       text18       001B3E
__ptext19                       text19       0026F8
__ptext2                        text2        002342
__ptext20                       text20       002742
__ptext21                       text21       002886
__ptext22                       text22       002452
__ptext24                       text24       000476
__ptext25                       text25       000BC4
__ptext26                       text26       0028D8
__ptext27                       text27       002934
__ptext28                       text28       002542
__ptext29                       text29       0023D0
__ptext3                        text3        00260E
__ptext30                       text30       00293C
__ptext31                       text31       0028FA
__ptext32                       text32       0025A8
__ptext33                       text33       001A2A
__ptext34                       text34       001C4A
__ptext35                       text35       001D3E
__ptext36                       text36       001E32
__ptext37                       text37       00133A
__ptext38                       text38       00284E
__ptext39                       text39       0024CA
__ptext4                        text4        000012
__ptext40                       text40       0020B0
__ptext41                       text41       001118
__ptext42                       text42       0026AC
__ptext43                       text43       00215E
__ptext5                        text5        00085E
__ptext6                        text6        0028B0
__ptext7                        text7        002924
__ptext8                        text8        0022A8
__ptext9                        text9        001FF4
__ramtop                        ramtop       001000
__size_of___altoft              (abs)        000000
__size_of___awtoft              (abs)        000000
__size_of___ftadd               (abs)        000000
__size_of___ftdiv               (abs)        000000
__size_of___ftmul               (abs)        000000
__size_of___ftpack              (abs)        000000
__size_of___fttol               (abs)        000000
__size_of___lldiv               (abs)        000000
__size_of___llmod               (abs)        000000
__size_of_angleToPulse          (abs)        000000
__size_of_digitalWrite          (abs)        000000
__size_of_initLCD               (abs)        000000
__size_of_initServo             (abs)        000000
__size_of_initTimer             (abs)        000000
__size_of_lcdClear              (abs)        000000
__size_of_lcdInst               (abs)        000000
__size_of_lcdNewline            (abs)        000000
__size_of_lcdNibble             (abs)        000000
__size_of_main                  (abs)        000000
__size_of_pinSetup              (abs)        000000
__size_of_printf                (abs)        000000
__size_of_putch                 (abs)        000000
__size_of_service               (abs)        000000
__size_of_servoInterruptService (abs)        000000
__size_of_setAngle              (abs)        000000
__size_of_startTimer            (abs)        000000
__size_ofi2___altoft            (abs)        000000
__size_ofi2___awtoft            (abs)        000000
__size_ofi2___ftadd             (abs)        000000
__size_ofi2___ftdiv             (abs)        000000
__size_ofi2___ftmul             (abs)        000000
__size_ofi2___ftpack            (abs)        000000
__size_ofi2___fttol             (abs)        000000
__size_ofi2___lldiv             (abs)        000000
__size_ofi2___llmod             (abs)        000000
__size_ofi2_angleToPulse        (abs)        000000
__size_ofi2_lcdClear            (abs)        000000
__size_ofi2_lcdInst             (abs)        000000
__size_ofi2_lcdNewline          (abs)        000000
__size_ofi2_lcdNibble           (abs)        000000
__size_ofi2_printf              (abs)        000000
__size_ofi2_putch               (abs)        000000
__size_ofi2_setAngle            (abs)        000000
__size_ofi2_startTimer          (abs)        000000
__smallconst                    smallconst   000000
_a0                             bssBANK0     0000D8
_a1                             dataBANK0    0000D4
_a2                             dataBANK0    0000D6
_angle                          dataBANK0    0000D0
_angleToPulse                   text11       001644
_curr                           bssCOMRAM    00007D
_digitalWrite                   text43       00215E
_dpowers                        mediumconst  00FE89
_happynewyear                   mediumconst  00FEE2
_hexpowers                      mediumconst  00FEB1
_initLCD                        text20       002742
_initServo                      text2        002342
_initTimer                      text19       0026F8
_keys                           mediumconst  00FED1
_lcdClear                       text10       00292C
_lcdInst                        text21       002886
_lcdNewline                     text7        002924
_lcdNibble                      text22       002452
_main                           text0        00265E
_nServo                         bssBANK1     0001A9
_order                          bssBANK1     000191
_pin                            bssBANK1     000199
_pinSetup                       text1        002814
_port                           bssBANK1     0001A1
_printf                         text5        00085E
_pulse                          bssBANK1     000171
_putch                          text6        0028B0
_sequence                       bssBANK1     000181
_service                        intcode      000008
_servoInterruptService          text41       001118
_setAngle                       text4        000012
_startTimer                     text3        00260E
angleToPulse@a000               cstackBANK1  00012B
angleToPulse@a180               cstackBANK1  000123
angleToPulse@angle              cstackBANK1  00011B
angleToPulse@offset             cstackBANK1  000127
btemp                           temp         00007F
digitalWrite@pin                cstackCOMRAM 000003
digitalWrite@port               cstackCOMRAM 000001
digitalWrite@val                cstackCOMRAM 000005
end_of_initialization           cinit        0027C2
i2___altoft                     text39       0024CA
i2___altoft@c                   cstackCOMRAM 000009
i2___altoft@exp                 cstackCOMRAM 000011
i2___altoft@sign                cstackCOMRAM 000012
i2___awtoft                     text38       00284E
i2___awtoft@c                   cstackCOMRAM 000009
i2___awtoft@sign                cstackCOMRAM 00000C
i2___ftadd                      text37       00133A
i2___ftadd@exp1                 cstackCOMRAM 000036
i2___ftadd@exp2                 cstackCOMRAM 000035
i2___ftadd@f1                   cstackCOMRAM 00002B
i2___ftadd@f2                   cstackCOMRAM 00002E
i2___ftadd@sign                 cstackCOMRAM 000034
i2___ftdiv                      text36       001E32
i2___ftdiv@cntr                 cstackCOMRAM 000016
i2___ftdiv@exp                  cstackCOMRAM 00001A
i2___ftdiv@f1                   cstackCOMRAM 00000D
i2___ftdiv@f2                   cstackCOMRAM 000010
i2___ftdiv@f3                   cstackCOMRAM 000017
i2___ftdiv@sign                 cstackCOMRAM 00001B
i2___ftmul                      text35       001D3E
i2___ftmul@cntr                 cstackCOMRAM 000029
i2___ftmul@exp                  cstackCOMRAM 000025
i2___ftmul@f1                   cstackCOMRAM 00001C
i2___ftmul@f2                   cstackCOMRAM 00001F
i2___ftmul@f3_as_product        cstackCOMRAM 000026
i2___ftmul@sign                 cstackCOMRAM 00002A
i2___ftpack                     text40       0020B0
i2___ftpack@arg                 cstackCOMRAM 000001
i2___ftpack@exp                 cstackCOMRAM 000004
i2___ftpack@sign                cstackCOMRAM 000005
i2___fttol                      text34       001C4A
i2___fttol@exp1                 cstackCOMRAM 000045
i2___fttol@f1                   cstackCOMRAM 000037
i2___fttol@lval                 cstackCOMRAM 000041
i2___fttol@sign1                cstackCOMRAM 000040
i2___lldiv                      text29       0023D0
i2___lldiv@counter              cstackCOMRAM 00000D
i2___lldiv@dividend             cstackCOMRAM 000001
i2___lldiv@divisor              cstackCOMRAM 000005
i2___lldiv@quotient             cstackCOMRAM 000009
i2___llmod                      text28       002542
i2___llmod@counter              cstackCOMRAM 000016
i2___llmod@dividend             cstackCOMRAM 00000E
i2___llmod@divisor              cstackCOMRAM 000012
i2_angleToPulse                 text33       001A2A
i2_lcdClear                     text30       00293C
i2_lcdInst                      text31       0028FA
i2_lcdNewline                   text27       002934
i2_lcdNibble                    text32       0025A8
i2_printf                       text25       000BC4
i2_putch                        text26       0028D8
i2_setAngle                     text24       000476
i2_startTimer                   text42       0026AC
i2angleToPulse@a000             cstackCOMRAM 000056
i2angleToPulse@a180             cstackCOMRAM 00004E
i2angleToPulse@angle            cstackCOMRAM 000046
i2angleToPulse@offset           cstackCOMRAM 000052
i2lcdInst@data                  cstackCOMRAM 000004
i2lcdNibble@data                cstackCOMRAM 000002
i2lcdNibble@temp                cstackCOMRAM 000001
i2printf@ap                     cstackCOMRAM 00002E
i2printf@c                      cstackCOMRAM 000035
i2printf@f                      cstackCOMRAM 000017
i2printf@flag                   cstackCOMRAM 000034
i2printf@idx                    cstackCOMRAM 00002B
i2printf@prec                   cstackCOMRAM 00002C
i2printf@val                    cstackCOMRAM 000030
i2putch@data                    cstackCOMRAM 000005
i2setAngle@a                    cstackBANK0  00009E
i2setAngle@a_505                cstackBANK0  00009A
i2setAngle@a_510                cstackBANK0  0000A2
i2setAngle@angle                cstackCOMRAM 00005C
i2setAngle@b                    cstackBANK0  0000A4
i2setAngle@id                   cstackCOMRAM 00005A
i2setAngle@ind                  cstackBANK0  000098
i2setAngle@prev                 cstackBANK0  00009C
i2setAngle@smallest             cstackBANK0  000094
i2setAngle@smallest_ind         cstackBANK0  0000A0
i2setAngle@taken                cstackBANK0  000080
i2startTimer@timer              cstackCOMRAM 000001
i2startTimer@val                cstackCOMRAM 000003
initServo@angle                 cstackBANK1  00016D
initServo@id                    cstackBANK1  00016F
initServo@pi                    cstackBANK1  00016B
initServo@po                    cstackBANK1  000169
initTimer@timer                 cstackBANK0  0000A6
int$flags                       temp         00007F
int_func                        intcode_body 001F18
intlevel0                       text         000000
intlevel1                       text         000000
intlevel2                       text         000000
intlevel3                       text         000000
lcdInst@data                    cstackBANK0  0000A9
lcdNibble@data                  cstackBANK0  0000A7
lcdNibble@temp                  cstackBANK0  0000A6
printf@ap                       cstackBANK1  000103
printf@c                        cstackBANK1  00010A
printf@f                        cstackBANK0  0000BC
printf@flag                     cstackBANK1  000109
printf@idx                      cstackBANK1  000100
printf@prec                     cstackBANK1  000101
printf@val                      cstackBANK1  000105
putch@data                      cstackBANK0  0000AA
service@key                     cstackCOMRAM 00007C
servoInterruptService@i         cstackCOMRAM 000016
setAngle@a                      cstackBANK1  000161
setAngle@a_505                  cstackBANK1  00015D
setAngle@a_510                  cstackBANK1  000165
setAngle@angle                  cstackBANK1  000131
setAngle@b                      cstackBANK1  000167
setAngle@id                     cstackBANK1  00012F
setAngle@ind                    cstackBANK1  00015B
setAngle@prev                   cstackBANK1  00015F
setAngle@smallest               cstackBANK1  000157
setAngle@smallest_ind           cstackBANK1  000163
setAngle@taken                  cstackBANK1  000143
stackhi                         (abs)        000F7F
stacklo                         (abs)        0001AB
start                           init         00000E
startTimer@timer                cstackBANK0  0000A6
startTimer@val                  cstackBANK0  0000A8
start_initialization            cinit        00278C


FUNCTION INFORMATION:

 *************** function _main *****************
 Defined at:
		line 121 in file "main.c"
 Parameters:    Size  Location     Type
		None
 Auto vars:     Size  Location     Type
		None
 Return value:  Size  Location     Type
                  1    wreg      void 
 Registers used:
		wreg, fsr2l, fsr2h, status,2, status,0, tblptrl, tblptrh, tblptru, prodl, prodh, cstack
 Tracked objects:
		On entry : 
		On exit  : 
		Unchanged: 
 Data sizes:     COMRAM   BANK0   BANK1   BANK2   BANK3   BANK4   BANK5   BANK6   BANK7   BANK8   BANK9  BANK10  BANK11  BANK12  BANK13  BANK14  BANK15
      Params:         0       0       0       0       0       0       0       0       0       0       0       0       0       0       0       0       0
      Locals:         0       0       0       0       0       0       0       0       0       0       0       0       0       0       0       0       0
      Temps:          0       0       0       0       0       0       0       0       0       0       0       0       0       0       0       0       0
      Totals:         0       0       0       0       0       0       0       0       0       0       0       0       0       0       0       0       0
Total ram usage:        0 bytes
 Hardware stack levels required when called:   14
 This function calls:
		_initLCD
		_initServo
		_pinSetup
 This function is called by:
		Startup code after reset
 This function uses a non-reentrant model


 *************** function _pinSetup *****************
 Defined at:
		line 27 in file "main.c"
 Parameters:    Size  Location     Type
		None
 Auto vars:     Size  Location     Type
		None
 Return value:  Size  Location     Type
                  1    wreg      void 
 Registers used:
		wreg, status,2, status,0
 Tracked objects:
		On entry : 
		On exit  : 
		Unchanged: 
 Data sizes:     COMRAM   BANK0   BANK1   BANK2   BANK3   BANK4   BANK5   BANK6   BANK7   BANK8   BANK9  BANK10  BANK11  BANK12  BANK13  BANK14  BANK15
      Params:         0       0       0       0       0       0       0       0       0       0       0       0       0       0       0       0       0
      Locals:         0       0       0       0       0       0       0       0       0       0       0       0       0       0       0       0       0
      Temps:          0       0       0       0       0       0       0       0       0       0       0       0       0       0       0       0       0
      Totals:         0       0       0       0       0       0       0       0       0       0       0       0       0       0       0       0       0
Total ram usage:        0 bytes
 Hardware stack levels used:    1
 Hardware stack levels required when called:    7
 This function calls:
		Nothing
 This function is called by:
		_main
 This function uses a non-reentrant model


 *************** function _initServo *****************
 Defined at:
		line 23 in file "servo.c"
 Parameters:    Size  Location     Type
  po              2  105[BANK1 ] int 
  pi              2  107[BANK1 ] int 
  angle           2  109[BANK1 ] int 
 Auto vars:     Size  Location     Type
  id              2  111[BANK1 ] int 
 Return value:  Size  Location     Type
                  2  105[BANK1 ] int 
 Registers used:
		wreg, fsr2l, fsr2h, status,2, status,0, tblptrl, tblptrh, tblptru, prodl, prodh, cstack
 Tracked objects:
		On entry : 
		On exit  : 
		Unchanged: 
 Data sizes:     COMRAM   BANK0   BANK1   BANK2   BANK3   BANK4   BANK5   BANK6   BANK7   BANK8   BANK9  BANK10  BANK11  BANK12  BANK13  BANK14  BANK15
      Params:         0       0       6       0       0       0       0       0       0       0       0       0       0       0       0       0       0
      Locals:         0       0       2       0       0       0       0       0       0       0       0       0       0       0       0       0       0
      Temps:          0       0       0       0       0       0       0       0       0       0       0       0       0       0       0       0       0
      Totals:         0       0       8       0       0       0       0       0       0       0       0       0       0       0       0       0       0
Total ram usage:        8 bytes
 Hardware stack levels used:    1
 Hardware stack levels required when called:   13
 This function calls:
		_initTimer
		_setAngle
		_startTimer
 This function is called by:
		_main
 This function uses a non-reentrant model


 *************** function _startTimer *****************
 Defined at:
		line 75 in file "timer.c"
 Parameters:    Size  Location     Type
  timer           2   38[BANK0 ] int 
  val             4   40[BANK0 ] long 
 Auto vars:     Size  Location     Type
		None
 Return value:  Size  Location     Type
                  1    wreg      void 
 Registers used:
		wreg, status,2, status,0
 Tracked objects:
		On entry : 
		On exit  : 
		Unchanged: 
 Data sizes:     COMRAM   BANK0   BANK1   BANK2   BANK3   BANK4   BANK5   BANK6   BANK7   BANK8   BANK9  BANK10  BANK11  BANK12  BANK13  BANK14  BANK15
      Params:         0       6       0       0       0       0       0       0       0       0       0       0       0       0       0       0       0
      Locals:         0       0       0       0       0       0       0       0       0       0       0       0       0       0       0       0       0
      Temps:          0       2       0       0       0       0       0       0       0       0       0       0       0       0       0       0       0
      Totals:         0       8       0       0       0       0       0       0       0       0       0       0       0       0       0       0       0
Total ram usage:        8 bytes
 Hardware stack levels used:    1
 Hardware stack levels required when called:    7
 This function calls:
		Nothing
 This function is called by:
		_initServo
		_testFrequency
 This function uses a non-reentrant model


 *************** function _setAngle *****************
 Defined at:
		line 41 in file "servo.c"
 Parameters:    Size  Location     Type
  id              2   47[BANK1 ] int 
  angle           2   49[BANK1 ] int 
 Auto vars:     Size  Location     Type
  b               2  103[BANK1 ] int 
  smallest        4   87[BANK1 ] long 
  smallest_ind    2   99[BANK1 ] int 
  a               2  101[BANK1 ] int 
  a               2   93[BANK1 ] int 
  a               2   97[BANK1 ] int 
  taken          20   67[BANK1 ] int [10]
  prev            2   95[BANK1 ] int 
  ind             2   91[BANK1 ] int 
 Return value:  Size  Location     Type
                  1    wreg      void 
 Registers used:
		wreg, fsr2l, fsr2h, status,2, status,0, tblptrl, tblptrh, tblptru, prodl, prodh, cstack
 Tracked objects:
		On entry : 
		On exit  : 
		Unchanged: 
 Data sizes:     COMRAM   BANK0   BANK1   BANK2   BANK3   BANK4   BANK5   BANK6   BANK7   BANK8   BANK9  BANK10  BANK11  BANK12  BANK13  BANK14  BANK15
      Params:         0       0       4       0       0       0       0       0       0       0       0       0       0       0       0       0       0
      Locals:         0       0      38       0       0       0       0       0       0       0       0       0       0       0       0       0       0
      Temps:          0       0      16       0       0       0       0       0       0       0       0       0       0       0       0       0       0
      Totals:         0       0      58       0       0       0       0       0       0       0       0       0       0       0       0       0       0
Total ram usage:       58 bytes
 Hardware stack levels used:    1
 Hardware stack levels required when called:   12
 This function calls:
		_angleToPulse
		_lcdClear
		_printf
 This function is called by:
		_initServo
 This function uses a non-reentrant model


 *************** function _printf *****************
 Defined at:
		line 464 in file "C:\Program Files (x86)\Microchip\xc8\v1.40\sources\common\doprnt.c"
 Parameters:    Size  Location     Type
  f               2   60[BANK0 ] PTR const unsigned char 
		 -> STR_16(17), STR_15(18), STR_14(17), STR_13(18), 
		 -> STR_12(17), STR_11(19), STR_10(17), STR_9(18), 
		 -> STR_8(17), STR_7(18), STR_6(17), STR_5(18), 
		 -> STR_4(16), STR_3(17), STR_2(9), STR_1(8), 
 Auto vars:     Size  Location     Type
  idx             1    0[BANK1 ] unsigned char 
  val             4    5[BANK1 ] unsigned long 
  tmpval          4    0        struct .
  cp              3    0        PTR const unsigned char 
  ap              2    3[BANK1 ] PTR void [1]
		 -> ?i2_printf(2), ?_printf(2), 
  prec            2    1[BANK1 ] int 
  len             2    0        unsigned int 
  c               1   10[BANK1 ] char 
  flag            1    9[BANK1 ] unsigned char 
 Return value:  Size  Location     Type
                  2   60[BANK0 ] int 
 Registers used:
		wreg, fsr2l, fsr2h, status,2, status,0, tblptrl, tblptrh, tblptru, prodl, prodh, cstack
 Tracked objects:
		On entry : 
		On exit  : 
		Unchanged: 
 Data sizes:     COMRAM   BANK0   BANK1   BANK2   BANK3   BANK4   BANK5   BANK6   BANK7   BANK8   BANK9  BANK10  BANK11  BANK12  BANK13  BANK14  BANK15
      Params:         0      18       0       0       0       0       0       0       0       0       0       0       0       0       0       0       0
      Locals:         0       0      11       0       0       0       0       0       0       0       0       0       0       0       0       0       0
      Temps:          0       2       0       0       0       0       0       0       0       0       0       0       0       0       0       0       0
      Totals:         0      20      11       0       0       0       0       0       0       0       0       0       0       0       0       0       0
Total ram usage:       31 bytes
 Hardware stack levels used:    1
 Hardware stack levels required when called:   11
 This function calls:
		___lldiv
		___llmod
		_putch
 This function is called by:
		_setAngle
		_testFrequency
		_dateTime
		_mainMenu
		_runSelect
		_runMenu
		_runTime
		_runStats
 This function uses a non-reentrant model


 *************** function _putch *****************
 Defined at:
		line 35 in file "lcd.c"
 Parameters:    Size  Location     Type
  data            1    wreg     unsigned char 
 Auto vars:     Size  Location     Type
  data            1   42[BANK0 ] unsigned char 
 Return value:  Size  Location     Type
                  1    wreg      void 
 Registers used:
		wreg, status,2, status,0, cstack
 Tracked objects:
		On entry : 
		On exit  : 
		Unchanged: 
 Data sizes:     COMRAM   BANK0   BANK1   BANK2   BANK3   BANK4   BANK5   BANK6   BANK7   BANK8   BANK9  BANK10  BANK11  BANK12  BANK13  BANK14  BANK15
      Params:         0       0       0       0       0       0       0       0       0       0       0       0       0       0       0       0       0
      Locals:         0       1       0       0       0       0       0       0       0       0       0       0       0       0       0       0       0
      Temps:          0       0       0       0       0       0       0       0       0       0       0       0       0       0       0       0       0
      Totals:         0       1       0       0       0       0       0       0       0       0       0       0       0       0       0       0       0
Total ram usage:        1 bytes
 Hardware stack levels used:    1
 Hardware stack levels required when called:   10
 This function calls:
		_lcdNewline
		_lcdNibble
 This function is called by:
		_printf
 This function uses a non-reentrant model


 *************** function _lcdNewline *****************
 Defined at:
		line 78 in file "lcd.c"
 Parameters:    Size  Location     Type
		None
 Auto vars:     Size  Location     Type
		None
 Return value:  Size  Location     Type
                  1    wreg      void 
 Registers used:
		wreg, status,2, status,0, cstack
 Tracked objects:
		On entry : 
		On exit  : 
		Unchanged: 
 Data sizes:     COMRAM   BANK0   BANK1   BANK2   BANK3   BANK4   BANK5   BANK6   BANK7   BANK8   BANK9  BANK10  BANK11  BANK12  BANK13  BANK14  BANK15
      Params:         0       0       0       0       0       0       0       0       0       0       0       0       0       0       0       0       0
      Locals:         0       0       0       0       0       0       0       0       0       0       0       0       0       0       0       0       0
      Temps:          0       0       0       0       0       0       0       0       0       0       0       0       0       0       0       0       0
      Totals:         0       0       0       0       0       0       0       0       0       0       0       0       0       0       0       0       0
Total ram usage:        0 bytes
 Hardware stack levels used:    1
 Hardware stack levels required when called:    9
 This function calls:
		_lcdInst
 This function is called by:
		_putch
 This function uses a non-reentrant model


 *************** function ___llmod *****************
 Defined at:
		line 8 in file "C:\Program Files (x86)\Microchip\xc8\v1.40\sources\common\llmod.c"
 Parameters:    Size  Location     Type
  dividend        4   51[BANK0 ] unsigned long 
  divisor         4   55[BANK0 ] unsigned long 
 Auto vars:     Size  Location     Type
  counter         1   59[BANK0 ] unsigned char 
 Return value:  Size  Location     Type
                  4   51[BANK0 ] unsigned long 
 Registers used:
		wreg, status,2, status,0
 Tracked objects:
		On entry : 
		On exit  : 
		Unchanged: 
 Data sizes:     COMRAM   BANK0   BANK1   BANK2   BANK3   BANK4   BANK5   BANK6   BANK7   BANK8   BANK9  BANK10  BANK11  BANK12  BANK13  BANK14  BANK15
      Params:         0       8       0       0       0       0       0       0       0       0       0       0       0       0       0       0       0
      Locals:         0       1       0       0       0       0       0       0       0       0       0       0       0       0       0       0       0
      Temps:          0       0       0       0       0       0       0       0       0       0       0       0       0       0       0       0       0
      Totals:         0       9       0       0       0       0       0       0       0       0       0       0       0       0       0       0       0
Total ram usage:        9 bytes
 Hardware stack levels used:    1
 Hardware stack levels required when called:    7
 This function calls:
		Nothing
 This function is called by:
		_printf
 This function uses a non-reentrant model


 *************** function ___lldiv *****************
 Defined at:
		line 8 in file "C:\Program Files (x86)\Microchip\xc8\v1.40\sources\common\lldiv.c"
 Parameters:    Size  Location     Type
  dividend        4   38[BANK0 ] unsigned long 
  divisor         4   42[BANK0 ] unsigned long 
 Auto vars:     Size  Location     Type
  quotient        4   46[BANK0 ] unsigned long 
  counter         1   50[BANK0 ] unsigned char 
 Return value:  Size  Location     Type
                  4   38[BANK0 ] unsigned long 
 Registers used:
		wreg, status,2, status,0
 Tracked objects:
		On entry : 
		On exit  : 
		Unchanged: 
 Data sizes:     COMRAM   BANK0   BANK1   BANK2   BANK3   BANK4   BANK5   BANK6   BANK7   BANK8   BANK9  BANK10  BANK11  BANK12  BANK13  BANK14  BANK15
      Params:         0       8       0       0       0       0       0       0       0       0       0       0       0       0       0       0       0
      Locals:         0       5       0       0       0       0       0       0       0       0       0       0       0       0       0       0       0
      Temps:          0       0       0       0       0       0       0       0       0       0       0       0       0       0       0       0       0
      Totals:         0      13       0       0       0       0       0       0       0       0       0       0       0       0       0       0       0
Total ram usage:       13 bytes
 Hardware stack levels used:    1
 Hardware stack levels required when called:    7
 This function calls:
		Nothing
 This function is called by:
		_printf
		_I2C_Master_Init
 This function uses a non-reentrant model


 *************** function _lcdClear *****************
 Defined at:
		line 74 in file "lcd.c"
 Parameters:    Size  Location     Type
		None
 Auto vars:     Size  Location     Type
		None
 Return value:  Size  Location     Type
                  1    wreg      void 
 Registers used:
		wreg, status,2, status,0, cstack
 Tracked objects:
		On entry : 
		On exit  : 
		Unchanged: 
 Data sizes:     COMRAM   BANK0   BANK1   BANK2   BANK3   BANK4   BANK5   BANK6   BANK7   BANK8   BANK9  BANK10  BANK11  BANK12  BANK13  BANK14  BANK15
      Params:         0       0       0       0       0       0       0       0       0       0       0       0       0       0       0       0       0
      Locals:         0       0       0       0       0       0       0       0       0       0       0       0       0       0       0       0       0
      Temps:          0       0       0       0       0       0       0       0       0       0       0       0       0       0       0       0       0
      Totals:         0       0       0       0       0       0       0       0       0       0       0       0       0       0       0       0       0
Total ram usage:        0 bytes
 Hardware stack levels used:    1
 Hardware stack levels required when called:    9
 This function calls:
		_lcdInst
 This function is called by:
		_setAngle
		_dateTime
		_mainMenu
		_runSelect
		_runMenu
		_runTime
		_runStats
 This function uses a non-reentrant model


 *************** function _angleToPulse *****************
 Defined at:
		line 75 in file "servo.c"
 Parameters:    Size  Location     Type
  angle           2   27[BANK1 ] int 
 Auto vars:     Size  Location     Type
  a000            4   43[BANK1 ] long 
  offset          4   39[BANK1 ] long 
  a180            4   35[BANK1 ] long 
 Return value:  Size  Location     Type
                  4   27[BANK1 ] long 
 Registers used:
		wreg, status,2, status,0, cstack
 Tracked objects:
		On entry : 
		On exit  : 
		Unchanged: 
 Data sizes:     COMRAM   BANK0   BANK1   BANK2   BANK3   BANK4   BANK5   BANK6   BANK7   BANK8   BANK9  BANK10  BANK11  BANK12  BANK13  BANK14  BANK15
      Params:         0       0       4       0       0       0       0       0       0       0       0       0       0       0       0       0       0
      Locals:         0       0      12       0       0       0       0       0       0       0       0       0       0       0       0       0       0
      Temps:          0       0       4       0       0       0       0       0       0       0       0       0       0       0       0       0       0
      Totals:         0       0      20       0       0       0       0       0       0       0       0       0       0       0       0       0       0
Total ram usage:       20 bytes
 Hardware stack levels used:    1
 Hardware stack levels required when called:    9
 This function calls:
		___altoft
		___awtoft
		___ftadd
		___ftdiv
		___ftmul
		___fttol
 This function is called by:
		_setAngle
 This function uses a non-reentrant model


 *************** function ___fttol *****************
 Defined at:
		line 44 in file "C:\Program Files (x86)\Microchip\xc8\v1.40\sources\common\fttol.c"
 Parameters:    Size  Location     Type
  f1              3   12[BANK1 ] float 
 Auto vars:     Size  Location     Type
  lval            4   22[BANK1 ] unsigned long 
  exp1            1   26[BANK1 ] unsigned char 
  sign1           1   21[BANK1 ] unsigned char 
 Return value:  Size  Location     Type
                  4   12[BANK1 ] long 
 Registers used:
		wreg, status,2, status,0
 Tracked objects:
		On entry : 
		On exit  : 
		Unchanged: 
 Data sizes:     COMRAM   BANK0   BANK1   BANK2   BANK3   BANK4   BANK5   BANK6   BANK7   BANK8   BANK9  BANK10  BANK11  BANK12  BANK13  BANK14  BANK15
      Params:         0       0       4       0       0       0       0       0       0       0       0       0       0       0       0       0       0
      Locals:         0       0       6       0       0       0       0       0       0       0       0       0       0       0       0       0       0
      Temps:          0       0       5       0       0       0       0       0       0       0       0       0       0       0       0       0       0
      Totals:         0       0      15       0       0       0       0       0       0       0       0       0       0       0       0       0       0
Total ram usage:       15 bytes
 Hardware stack levels used:    1
 Hardware stack levels required when called:    7
 This function calls:
		Nothing
 This function is called by:
		_angleToPulse
 This function uses a non-reentrant model


 *************** function ___ftmul *****************
 Defined at:
		line 62 in file "C:\Program Files (x86)\Microchip\xc8\v1.40\sources\common\ftmul.c"
 Parameters:    Size  Location     Type
  f1              3   65[BANK0 ] float 
  f2              3   68[BANK0 ] float 
 Auto vars:     Size  Location     Type
  f3_as_produc    3   75[BANK0 ] unsigned um
  sign            1   79[BANK0 ] unsigned char 
  cntr            1   78[BANK0 ] unsigned char 
  exp             1   74[BANK0 ] unsigned char 
 Return value:  Size  Location     Type
                  3   65[BANK0 ] float 
 Registers used:
		wreg, status,2, status,0, cstack
 Tracked objects:
		On entry : 
		On exit  : 
		Unchanged: 
 Data sizes:     COMRAM   BANK0   BANK1   BANK2   BANK3   BANK4   BANK5   BANK6   BANK7   BANK8   BANK9  BANK10  BANK11  BANK12  BANK13  BANK14  BANK15
      Params:         0       6       0       0       0       0       0       0       0       0       0       0       0       0       0       0       0
      Locals:         0       6       0       0       0       0       0       0       0       0       0       0       0       0       0       0       0
      Temps:          0       3       0       0       0       0       0       0       0       0       0       0       0       0       0       0       0
      Totals:         0      15       0       0       0       0       0       0       0       0       0       0       0       0       0       0       0
Total ram usage:       15 bytes
 Hardware stack levels used:    1
 Hardware stack levels required when called:    8
 This function calls:
		___ftpack
 This function is called by:
		_angleToPulse
 This function uses a non-reentrant model


 *************** function ___ftdiv *****************
 Defined at:
		line 54 in file "C:\Program Files (x86)\Microchip\xc8\v1.40\sources\common\ftdiv.c"
 Parameters:    Size  Location     Type
  f1              3   50[BANK0 ] float 
  f2              3   53[BANK0 ] float 
 Auto vars:     Size  Location     Type
  f3              3   60[BANK0 ] float 
  sign            1   64[BANK0 ] unsigned char 
  exp             1   63[BANK0 ] unsigned char 
  cntr            1   59[BANK0 ] unsigned char 
 Return value:  Size  Location     Type
                  3   50[BANK0 ] float 
 Registers used:
		wreg, status,2, status,0, cstack
 Tracked objects:
		On entry : 
		On exit  : 
		Unchanged: 
 Data sizes:     COMRAM   BANK0   BANK1   BANK2   BANK3   BANK4   BANK5   BANK6   BANK7   BANK8   BANK9  BANK10  BANK11  BANK12  BANK13  BANK14  BANK15
      Params:         0       6       0       0       0       0       0       0       0       0       0       0       0       0       0       0       0
      Locals:         0       6       0       0       0       0       0       0       0       0       0       0       0       0       0       0       0
      Temps:          0       3       0       0       0       0       0       0       0       0       0       0       0       0       0       0       0
      Totals:         0      15       0       0       0       0       0       0       0       0       0       0       0       0       0       0       0
Total ram usage:       15 bytes
 Hardware stack levels used:    1
 Hardware stack levels required when called:    8
 This function calls:
		___ftpack
 This function is called by:
		_angleToPulse
		_testFrequency
 This function uses a non-reentrant model


 *************** function ___ftadd *****************
 Defined at:
		line 86 in file "C:\Program Files (x86)\Microchip\xc8\v1.40\sources\common\ftadd.c"
 Parameters:    Size  Location     Type
  f1              3    0[BANK1 ] float 
  f2              3    3[BANK1 ] float 
 Auto vars:     Size  Location     Type
  exp1            1   11[BANK1 ] unsigned char 
  exp2            1   10[BANK1 ] unsigned char 
  sign            1    9[BANK1 ] unsigned char 
 Return value:  Size  Location     Type
                  3    0[BANK1 ] float 
 Registers used:
		wreg, status,2, status,0, cstack
 Tracked objects:
		On entry : 
		On exit  : 
		Unchanged: 
 Data sizes:     COMRAM   BANK0   BANK1   BANK2   BANK3   BANK4   BANK5   BANK6   BANK7   BANK8   BANK9  BANK10  BANK11  BANK12  BANK13  BANK14  BANK15
      Params:         0       0       6       0       0       0       0       0       0       0       0       0       0       0       0       0       0
      Locals:         0       0       3       0       0       0       0       0       0       0       0       0       0       0       0       0       0
      Temps:          0       0       3       0       0       0       0       0       0       0       0       0       0       0       0       0       0
      Totals:         0       0      12       0       0       0       0       0       0       0       0       0       0       0       0       0       0
Total ram usage:       12 bytes
 Hardware stack levels used:    1
 Hardware stack levels required when called:    8
 This function calls:
		___ftpack
 This function is called by:
		_angleToPulse
 This function uses a non-reentrant model


 *************** function ___awtoft *****************
 Defined at:
		line 32 in file "C:\Program Files (x86)\Microchip\xc8\v1.40\sources\common\awtoft.c"
 Parameters:    Size  Location     Type
  c               2   46[BANK0 ] int 
 Auto vars:     Size  Location     Type
  sign            1   49[BANK0 ] unsigned char 
 Return value:  Size  Location     Type
                  3   46[BANK0 ] float 
 Registers used:
		wreg, status,2, status,0, cstack
 Tracked objects:
		On entry : 
		On exit  : 
		Unchanged: 
 Data sizes:     COMRAM   BANK0   BANK1   BANK2   BANK3   BANK4   BANK5   BANK6   BANK7   BANK8   BANK9  BANK10  BANK11  BANK12  BANK13  BANK14  BANK15
      Params:         0       3       0       0       0       0       0       0       0       0       0       0       0       0       0       0       0
      Locals:         0       1       0       0       0       0       0       0       0       0       0       0       0       0       0       0       0
[...]
 Hardware stack levels required when called:    2
 This function calls:
		i2___altoft
		i2___awtoft
		i2___ftadd
		i2___ftdiv
		i2___ftmul
		i2___fttol
 This function is called by:
		i2_setAngle
 This function uses a non-reentrant model


 *************** function i2___fttol *****************
 Defined at:
		line 44 in file "C:\Program Files (x86)\Microchip\xc8\v1.40\sources\common\fttol.c"
 Parameters:    Size  Location     Type
  f1              3   54[COMRAM] float 
 Auto vars:     Size  Location     Type
  __fttol         4   64[COMRAM] unsigned long 
  __fttol         1   68[COMRAM] unsigned char 
  __fttol         1   63[COMRAM] unsigned char 
 Return value:  Size  Location     Type
                  4   54[COMRAM] long 
 Registers used:
		wreg, status,2, status,0
 Tracked objects:
		On entry : 
		On exit  : 
		Unchanged: 
 Data sizes:     COMRAM   BANK0   BANK1   BANK2   BANK3   BANK4   BANK5   BANK6   BANK7   BANK8   BANK9  BANK10  BANK11  BANK12  BANK13  BANK14  BANK15
      Params:         4       0       0       0       0       0       0       0       0       0       0       0       0       0       0       0       0
      Locals:         6       0       0       0       0       0       0       0       0       0       0       0       0       0       0       0       0
      Temps:          5       0       0       0       0       0       0       0       0       0       0       0       0       0       0       0       0
      Totals:        15       0       0       0       0       0       0       0       0       0       0       0       0       0       0       0       0
Total ram usage:       15 bytes
 Hardware stack levels used:    1
 This function calls:
		Nothing
 This function is called by:
		i2_angleToPulse
 This function uses a non-reentrant model


 *************** function i2___ftmul *****************
 Defined at:
		line 62 in file "C:\Program Files (x86)\Microchip\xc8\v1.40\sources\common\ftmul.c"
 Parameters:    Size  Location     Type
  f1              3   27[COMRAM] float 
  f2              3   30[COMRAM] float 
 Auto vars:     Size  Location     Type
  __ftmul         3   37[COMRAM] unsigned um
  __ftmul         1   41[COMRAM] unsigned char 
  __ftmul         1   40[COMRAM] unsigned char 
  __ftmul         1   36[COMRAM] unsigned char 
 Return value:  Size  Location     Type
                  3   27[COMRAM] float 
 Registers used:
		wreg, status,2, status,0, cstack
 Tracked objects:
		On entry : 
		On exit  : 
		Unchanged: 
 Data sizes:     COMRAM   BANK0   BANK1   BANK2   BANK3   BANK4   BANK5   BANK6   BANK7   BANK8   BANK9  BANK10  BANK11  BANK12  BANK13  BANK14  BANK15
      Params:         6       0       0       0       0       0       0       0       0       0       0       0       0       0       0       0       0
      Locals:         6       0       0       0       0       0       0       0       0       0       0       0       0       0       0       0       0
      Temps:          3       0       0       0       0       0       0       0       0       0       0       0       0       0       0       0       0
      Totals:        15       0       0       0       0       0       0       0       0       0       0       0       0       0       0       0       0
Total ram usage:       15 bytes
 Hardware stack levels used:    1
 Hardware stack levels required when called:    1
 This function calls:
		i2___ftpack
 This function is called by:
		i2_angleToPulse
 This function uses a non-reentrant model


 *************** function i2___ftdiv *****************
 Defined at:
		line 54 in file "C:\Program Files (x86)\Microchip\xc8\v1.40\sources\common\ftdiv.c"
 Parameters:    Size  Location     Type
  f1              3   12[COMRAM] float 
  f2              3   15[COMRAM] float 
 Auto vars:     Size  Location     Type
  __ftdiv         3   22[COMRAM] float 
  __ftdiv         1   26[COMRAM] unsigned char 
  __ftdiv         1   25[COMRAM] unsigned char 
  __ftdiv         1   21[COMRAM] unsigned char 
 Return value:  Size  Location     Type
                  3   12[COMRAM] float 
 Registers used:
		wreg, status,2, status,0, cstack
 Tracked objects:
		On entry : 
		On exit  : 
		Unchanged: 
 Data sizes:     COMRAM   BANK0   BANK1   BANK2   BANK3   BANK4   BANK5   BANK6   BANK7   BANK8   BANK9  BANK10  BANK11  BANK12  BANK13  BANK14  BANK15
      Params:         6       0       0       0       0       0       0       0       0       0       0       0       0       0       0       0       0
      Locals:         6       0       0       0       0       0       0       0       0       0       0       0       0       0       0       0       0
      Temps:          3       0       0       0       0       0       0       0       0       0       0       0       0       0       0       0       0
      Totals:        15       0       0       0       0       0       0       0       0       0       0       0       0       0       0       0       0
Total ram usage:       15 bytes
 Hardware stack levels used:    1
 Hardware stack levels required when called:    1
 This function calls:
		i2___ftpack
 This function is called by:
		i2_angleToPulse
 This function uses a non-reentrant model


 *************** function i2___ftadd *****************
 Defined at:
		line 86 in file "C:\Program Files (x86)\Microchip\xc8\v1.40\sources\common\ftadd.c"
 Parameters:    Size  Location     Type
  f1              3   42[COMRAM] float 
  f2              3   45[COMRAM] float 
 Auto vars:     Size  Location     Type
  __ftadd         1   53[COMRAM] unsigned char 
  __ftadd         1   52[COMRAM] unsigned char 
  __ftadd         1   51[COMRAM] unsigned char 
 Return value:  Size  Location     Type
                  3   42[COMRAM] float 
 Registers used:
		wreg, status,2, status,0, cstack
 Tracked objects:
		On entry : 
		On exit  : 
		Unchanged: 
 Data sizes:     COMRAM   BANK0   BANK1   BANK2   BANK3   BANK4   BANK5   BANK6   BANK7   BANK8   BANK9  BANK10  BANK11  BANK12  BANK13  BANK14  BANK15
      Params:         6       0       0       0       0       0       0       0       0       0       0       0       0       0       0       0       0
      Locals:         3       0       0       0       0       0       0       0       0       0       0       0       0       0       0       0       0
      Temps:          3       0       0       0       0       0       0       0       0       0       0       0       0       0       0       0       0
      Totals:        12       0       0       0       0       0       0       0       0       0       0       0       0       0       0       0       0
Total ram usage:       12 bytes
 Hardware stack levels used:    1
 Hardware stack levels required when called:    1
 This function calls:
		i2___ftpack
 This function is called by:
		i2_angleToPulse
 This function uses a non-reentrant model


 *************** function i2___awtoft *****************
 Defined at:
		line 32 in file "C:\Program Files (x86)\Microchip\xc8\v1.40\sources\common\awtoft.c"
 Parameters:    Size  Location     Type
  c               2    8[COMRAM] int 
 Auto vars:     Size  Location     Type
  __awtoft        1   11[COMRAM] unsigned char 
 Return value:  Size  Location     Type
                  3    8[COMRAM] float 
 Registers used:
		wreg, status,2, status,0, cstack
 Tracked objects:
		On entry : 
		On exit  : 
		Unchanged: 
 Data sizes:     COMRAM   BANK0   BANK1   BANK2   BANK3   BANK4   BANK5   BANK6   BANK7   BANK8   BANK9  BANK10  BANK11  BANK12  BANK13  BANK14  BANK15
      Params:         3       0       0       0       0       0       0       0       0       0       0       0       0       0       0       0       0
      Locals:         1       0       0       0       0       0       0       0       0       0       0       0       0       0       0       0       0
      Temps:          0       0       0       0       0       0       0       0       0       0       0       0       0       0       0       0       0
      Totals:         4       0       0       0       0       0       0       0       0       0       0       0       0       0       0       0       0
Total ram usage:        4 bytes
 Hardware stack levels used:    1
 Hardware stack levels required when called:    1
 This function calls:
		i2___ftpack
 This function is called by:
		i2_angleToPulse
 This function uses a non-reentrant model


 *************** function i2___altoft *****************
 Defined at:
		line 42 in file "C:\Program Files (x86)\Microchip\xc8\v1.40\sources\common\altoft.c"
 Parameters:    Size  Location     Type
  c               4    8[COMRAM] long 
 Auto vars:     Size  Location     Type
  __altoft        1   17[COMRAM] unsigned char 
  __altoft        1   16[COMRAM] unsigned char 
 Return value:  Size  Location     Type
                  3    8[COMRAM] float 
 Registers used:
		wreg, status,2, status,0, cstack
 Tracked objects:
		On entry : 
		On exit  : 
		Unchanged: 
 Data sizes:     COMRAM   BANK0   BANK1   BANK2   BANK3   BANK4   BANK5   BANK6   BANK7   BANK8   BANK9  BANK10  BANK11  BANK12  BANK13  BANK14  BANK15
      Params:         4       0       0       0       0       0       0       0       0       0       0       0       0       0       0       0       0
      Locals:         2       0       0       0       0       0       0       0       0       0       0       0       0       0       0       0       0
      Temps:          4       0       0       0       0       0       0       0       0       0       0       0       0       0       0       0       0
      Totals:        10       0       0       0       0       0       0       0       0       0       0       0       0       0       0       0       0
Total ram usage:       10 bytes
 Hardware stack levels used:    1
 Hardware stack levels required when called:    1
 This function calls:
		i2___ftpack
 This function is called by:
		i2_angleToPulse
 This function uses a non-reentrant model


 *************** function i2___ftpack *****************
 Defined at:
		line 62 in file "C:\Program Files (x86)\Microchip\xc8\v1.40\sources\common\float.c"
 Parameters:    Size  Location     Type
  arg             3    0[COMRAM] unsigned um
  exp             1    3[COMRAM] unsigned char 
  sign            1    4[COMRAM] unsigned char 
 Auto vars:     Size  Location     Type
		None
 Return value:  Size  Location     Type
                  3    0[COMRAM] float 
 Registers used:
		wreg, status,2, status,0
 Tracked objects:
		On entry : 
		On exit  : 
		Unchanged: 
 Data sizes:     COMRAM   BANK0   BANK1   BANK2   BANK3   BANK4   BANK5   BANK6   BANK7   BANK8   BANK9  BANK10  BANK11  BANK12  BANK13  BANK14  BANK15
      Params:         5       0       0       0       0       0       0       0       0       0       0       0       0       0       0       0       0
      Locals:         0       0       0       0       0       0       0       0       0       0       0       0       0       0       0       0       0
      Temps:          3       0       0       0       0       0       0       0       0       0       0       0       0       0       0       0       0
      Totals:         8       0       0       0       0       0       0       0       0       0       0       0       0       0       0       0       0
Total ram usage:        8 bytes
 Hardware stack levels used:    1
 This function calls:
		Nothing
 This function is called by:
		i2___altoft
		i2___awtoft
		i2___ftadd
		i2___ftdiv
		i2___ftmul
 This function uses a non-reentrant model


 *************** function _servoInterruptService *****************
 Defined at:
		line 83 in file "servo.c"
 Parameters:    Size  Location     Type
		None
 Auto vars:     Size  Location     Type
  i               2   21[COMRAM] int 
 Return value:  Size  Location     Type
                  1    wreg      void 
 Registers used:
		wreg, fsr2l, fsr2h, status,2, status,0, cstack
 Tracked objects:
		On entry : 
		On exit  : 
		Unchanged: 
 Data sizes:     COMRAM   BANK0   BANK1   BANK2   BANK3   BANK4   BANK5   BANK6   BANK7   BANK8   BANK9  BANK10  BANK11  BANK12  BANK13  BANK14  BANK15
      Params:         0       0       0       0       0       0       0       0       0       0       0       0       0       0       0       0       0
      Locals:         2       0       0       0       0       0       0       0       0       0       0       0       0       0       0       0       0
      Temps:         12       0       0       0       0       0       0       0       0       0       0       0       0       0       0       0       0
      Totals:        14       0       0       0       0       0       0       0       0       0       0       0       0       0       0       0       0
Total ram usage:       14 bytes
 Hardware stack levels used:    1
 Hardware stack levels required when called:    1
 This function calls:
		_digitalWrite
		i2_startTimer
 This function is called by:
		_service
 This function uses a non-reentrant model


 *************** function i2_startTimer *****************
 Defined at:
		line 75 in file "timer.c"
 Parameters:    Size  Location     Type
  timer           2    0[COMRAM] int 
  val             4    2[COMRAM] long 
 Auto vars:     Size  Location     Type
		None
 Return value:  Size  Location     Type
                  1    wreg      void 
 Registers used:
		wreg, status,2, status,0
 Tracked objects:
		On entry : 
		On exit  : 
		Unchanged: 
 Data sizes:     COMRAM   BANK0   BANK1   BANK2   BANK3   BANK4   BANK5   BANK6   BANK7   BANK8   BANK9  BANK10  BANK11  BANK12  BANK13  BANK14  BANK15
      Params:         6       0       0       0       0       0       0       0       0       0       0       0       0       0       0       0       0
      Locals:         0       0       0       0       0       0       0       0       0       0       0       0       0       0       0       0       0
      Temps:          2       0       0       0       0       0       0       0       0       0       0       0       0       0       0       0       0
      Totals:         8       0       0       0       0       0       0       0       0       0       0       0       0       0       0       0       0
Total ram usage:        8 bytes
 Hardware stack levels used:    1
 This function calls:
		Nothing
 This function is called by:
		_servoInterruptService
 This function uses a non-reentrant model


 *************** function _digitalWrite *****************
 Defined at:
		line 53 in file "iopin.c"
 Parameters:    Size  Location     Type
  port            2    0[COMRAM] int 
  pin             2    2[COMRAM] int 
  val             2    4[COMRAM] int 
 Auto vars:     Size  Location     Type
		None
 Return value:  Size  Location     Type
                  1    wreg      void 
 Registers used:
		wreg, status,2, status,0
 Tracked objects:
		On entry : 
		On exit  : 
		Unchanged: 
 Data sizes:     COMRAM   BANK0   BANK1   BANK2   BANK3   BANK4   BANK5   BANK6   BANK7   BANK8   BANK9  BANK10  BANK11  BANK12  BANK13  BANK14  BANK15
      Params:         6       0       0       0       0       0       0       0       0       0       0       0       0       0       0       0       0
      Locals:         0       0       0       0       0       0       0       0       0       0       0       0       0       0       0       0       0
      Temps:          3       0       0       0       0       0       0       0       0       0       0       0       0       0       0       0       0
      Totals:         9       0       0       0       0       0       0       0       0       0       0       0       0       0       0       0       0
Total ram usage:        9 bytes
 Hardware stack levels used:    1
 This function calls:
		Nothing
 This function is called by:
		_servoInterruptService
 This function uses a non-reentrant model



MODULE INFORMATION

Module		Function		Class		Link	Load	Size
C:\Program Files (x86)\Microchip\xc8\v1.40\sources\common\awtoft.c
		___awtoft      		CODE           	27D0	0000	69

C:\Program Files (x86)\Microchip\xc8\v1.40\sources\common\awtoft.c estimated size: 69

C:\Program Files (x86)\Microchip\xc8\v1.40\sources\common\altoft.c
		___altoft      		CODE           	220A	0000	159

C:\Program Files (x86)\Microchip\xc8\v1.40\sources\common\altoft.c estimated size: 159

servo.c
		_initServo     		CODE           	2342	0000	143
		_servoInterruptService		CODE           	1118	0000	547
		_setAngle      		CODE           	0012	0000	1125
		_angleToPulse  		CODE           	1644	0000	343

servo.c estimated size: 2158

C:\Program Files (x86)\Microchip\xc8\v1.40\sources\common\doprnt.c
		_printf        		CODE           	085E	0000	871

C:\Program Files (x86)\Microchip\xc8\v1.40\sources\common\doprnt.c estimated size: 871

C:\Program Files (x86)\Microchip\xc8\v1.40\sources\common\float.c
		___ftpack      		CODE           	1B3E	0000	269

C:\Program Files (x86)\Microchip\xc8\v1.40\sources\common\float.c estimated size: 269

timer.c
		_initTimer     		CODE           	26F8	0000	75
		_startTimer    		CODE           	260E	0000	81

timer.c estimated size: 156

C:\Program Files (x86)\Microchip\xc8\v1.40\sources\common\ftmul.c
		___ftmul       		CODE           	14E6	0000	351

C:\Program Files (x86)\Microchip\xc8\v1.40\sources\common\ftmul.c estimated size: 351

iopin.c
		_digitalWrite  		CODE           	215E	0000	173

iopin.c estimated size: 173

C:\Program Files (x86)\Microchip\xc8\v1.40\sources\common\ftdiv.c
		___ftdiv       		CODE           	179A	0000	333

C:\Program Files (x86)\Microchip\xc8\v1.40\sources\common\ftdiv.c estimated size: 333

C:\Program Files (x86)\Microchip\xc8\v1.40\sources\common\llmod.c
		___llmod       		CODE           	22A8	0000	155

C:\Program Files (x86)\Microchip\xc8\v1.40\sources\common\llmod.c estimated size: 155

shared
		i2_printf      		CODE           	0BC4	0000	749
		i2_putch       		CODE           	28D8	0000	35
		i2___ftadd     		CODE           	133A	0000	429
		i2_lcdNibble   		CODE           	25A8	0000	103
		i2___ftdiv     		CODE           	1E32	0000	231
		i2___fttol     		CODE           	1C4A	0000	245
		_dpowers       		MEDIUMCONST    	FE89	0000	41
		i2_setAngle    		CODE           	0476	0000	1001
		i2___awtoft    		CODE           	284E	0000	57
		i2_startTimer  		CODE           	26AC	0000	77
		i2___ftmul     		CODE           	1D3E	0000	245
		i2_lcdClear    		CODE           	293C	0000	9
		i2_lcdNewline  		CODE           	2934	0000	9
		i2___ftpack    		CODE           	20B0	0000	175
		_keys          		MEDIUMCONST    	FED1	0000	18
		i2___lldiv     		CODE           	23D0	0000	131
		__initialization		CODE           	278C	0000	55
		i2___altoft    		CODE           	24CA	0000	121
		_hexpowers     		MEDIUMCONST    	FEB1	0000	33
		i2___llmod     		CODE           	2542	0000	103
		i2_lcdInst     		CODE           	28FA	0000	35
		_happynewyear  		MEDIUMCONST    	FEE2	0000	8
		i2_angleToPulse		CODE           	1A2A	0000	277

shared estimated size: 4187

lcd.c
		_putch         		CODE           	28B0	0000	41
		_lcdInst       		CODE           	2886	0000	43
		_lcdClear      		CODE           	292C	0000	9
		_lcdNibble     		CODE           	2452	0000	121
		_initLCD       		CODE           	2742	0000	75
		_lcdNewline    		CODE           	2924	0000	9

lcd.c estimated size: 298

C:\Program Files (x86)\Microchip\xc8\v1.40\sources\common\fttol.c
		___fttol       		CODE           	18E6	0000	325

C:\Program Files (x86)\Microchip\xc8\v1.40\sources\common\fttol.c estimated size: 325

main.c
		_service       		CODE           	0008	0000	227
		_pinSetup      		CODE           	2814	0000	59
		_main          		CODE           	265E	0000	79

main.c estimated size: 365

C:\Program Files (x86)\Microchip\xc8\v1.40\sources\common\ftadd.c
		___ftadd       		CODE           	0EB0	0000	617

C:\Program Files (x86)\Microchip\xc8\v1.40\sources\common\ftadd.c estimated size: 617

C:\Program Files (x86)\Microchip\xc8\v1.40\sources\common\lldiv.c
		___lldiv       		CODE           	1FF4	0000	189

C:\Program Files (x86)\Microchip\xc8\v1.40\sources\common\lldiv.c estimated size: 189

