Microchip MPLAB XC8 Compiler V1.40 ()

Linker command line:

-W-3 --edf=C:\Program Files (x86)\Microchip\xc8\v1.40\dat\en_msgs.txt -cs \
  -h+dist/default/production\PIC18_LCD_LIB.X.production.sym \
  --cmf=dist/default/production\PIC18_LCD_LIB.X.production.cmf -z -Q18F4620 \
  -oC:\Users\Nam\AppData\Local\Temp\scu4.2 \
  -Mdist/default/production/PIC18_LCD_LIB.X.production.map -E1 -ver=XC8 \
  -ASTACK=0173h-0f7fh -pstack=STACK -ACODE=00h-0FFFFh -ACONST=00h-0FFFFh \
  -ASMALLCONST=01000h-010FFhx240 -AMEDIUMCONST=01000h-0FFFFh \
  -ACOMRAM=01h-07Fh -AABS1=00h-0F7Fh -ABIGRAM=01h-0F7Fh \
  -ARAM=080h-0FFh,0100h-01FFhx14,0F00h-0F7Fh -ABANK0=080h-0FFh \
  -ABANK1=0100h-01FFh -ABANK2=0200h-02FFh -ABANK3=0300h-03FFh \
  -ABANK4=0400h-04FFh -ABANK5=0500h-05FFh -ABANK6=0600h-06FFh \
  -ABANK7=0700h-07FFh -ABANK8=0800h-08FFh -ABANK9=0900h-09FFh \
  -ABANK10=0A00h-0AFFh -ABANK11=0B00h-0BFFh -ABANK12=0C00h-0CFFh \
  -ABANK13=0D00h-0DFFh -ABANK14=0E00h-0EFFh -ABANK15=0F00h-0F7Fh \
  -ASFR=0F80h-0FFFh -preset_vec=00h,intcode=08h,intcodelo,powerup,init \
  -pramtop=01000h -psmallconst=SMALLCONST -pmediumconst=MEDIUMCONST \
  -pconst=CONST -AFARRAM=00h-00h -ACONFIG=0300000h-030000Dh -pconfig=CONFIG \
  -AIDLOC=0200000h-0200007h -pidloc=IDLOC -AEEDATA=0F00000h-0F003FFh \
  -peeprom_data=EEDATA \
  -prdata=COMRAM,nvrram=COMRAM,nvbit=COMRAM,rbss=COMRAM,rbit=COMRAM \
  -pfarbss=FARRAM,fardata=FARRAM,nvFARRAM=FARRAM \
  -pintsave_regs=BIGRAM,bigbss=BIGRAM,bigdata=BIGRAM -pbss=RAM \
  -pidata=CODE,irdata=CODE,ibigdata=CODE,ifardata=CODE -prparam=COMRAM \
  C:\Users\Nam\AppData\Local\Temp\scu4.obj \
  dist/default/production\PIC18_LCD_LIB.X.production.obj 

Object code version is 3.11

Machine type is 18F4620

Call graph: (short form)




                Name                               Link     Load   Length Selector   Space Scale
C:\Users\Nam\AppData\Local\Temp\scu4.obj
                init                                  E        E        4        4       0
                reset_vec                             0        0        4        0       0
                idloc                            200000   200000        8   200000       0
                config                           300000   300000        E   300000       0
dist/default/production\PIC18_LCD_LIB.X.production.obj
                intcode                               8        8        6        4       0
                temp                                 7C       7C        1        1       1
                mediumconst                        FE30     FE30      1D0     7F18       0
                text70                             45FC     45FC       70        4       0
                text69                             3C5A     3C5A       C8        4       0
                text68                             489A     489A       4C        4       0
                text67                             350A     350A      106        4       0
                text66                             473C     473C       66        4       0
                text65                             4C38     4C38       22     2590       0
                text64                             4C72     4C72        8     2590       0
                text63                             426C     426C       90        4       0
                text62                             4BF2     4BF2       24     2590       0
                text61                             3F4A     3F4A       AE        4       0
                text60                             250E     250E      1AC        4       0
                text59                             4A00     4A00       40        4       0
                text58                             3808     3808       F4        4       0
                text57                             440E     440E       82        4       0
                text56                             46D6     46D6       66        4       0
                text55                             47A2     47A2       5C        4       0
                text54                             32D6     32D6      128        4       0
                text53                             3074     3074      132        4       0
                text52                             438A     438A       84        4       0
                text51                             3714     3714       F4        4       0
                text50                             4BCC     4BCC       26     2590       0
                text49                             22C8     22C8      246        4       0
                text48                             4C6A     4C6A        8     2590       0
                text47                             4C16     4C16       22     2590       0
                text46                             160A     160A      3F0        4       0
                text45                              964      964      7F8        4       0
                text44                             4584     4584       78        4       0
                text43                             4A7E     4A7E       38        4       0
                text42                             38FC     38FC       E6        4       0
                text41                             2F34     2F34      140        4       0
                text40                             3E9C     3E9C       AE        4       0
                intcode_body                       39E2     39E2       DC        4       0
                text38                             450C     450C       78        4       0
                text37                             4B7A     4B7A       2A     2590       0
                text36                             4930     4930       4A        4       0
                text35                             48E6     48E6       4A        4       0
                text34                             33FE     33FE      10C        4       0
                text33                             409A     409A       9E        4       0
                text32                             497A     497A       44        4       0
                text31                             2060     2060      268        4       0
                text30                             2CA4     2CA4      14C        4       0
                text29                             2B46     2B46      15E        4       0
                text28                             2DF0     2DF0      144        4       0
                text27                             29E0     29E0      166        4       0
                text26                             3ABE     3ABE       D4        4       0
                text25                             47FE     47FE       50        4       0
                text24                             42FC     42FC       8E        4       0
                text23                             4A40     4A40       3E        4       0
                text22                             49BE     49BE       42        4       0
                text21                             31A6     31A6      130        4       0
                text20                             3610     3610      104        4       0
                text19                             4C62     4C62        8     2590       0
                text18                             3B92     3B92       C8        4       0
                text17                             4B20     4B20       30     2590       0
                text16                             484E     484E       4C        4       0
                text15                             3DE0     3DE0       BC        4       0
                text14                             41D2     41D2       9A        4       0
                text13                             4490     4490       7C        4       0
                text12                             2858     2858      188        4       0
                text11                             26BA     26BA      19E        4       0
                text10                             3D22     3D22       BE        4       0
                text9                              3FF8     3FF8       A2        4       0
                text8                              4AB6     4AB6       36        4       0
                text7                              1DB4     1DB4      2AC        4       0
                text6                              4C5A     4C5A        8     2590       0
                text5                              4BA4     4BA4       28     2590       0
                text4                              115C     115C      4AE        4       0
                text3                                12       12      952        4       0
                text2                              4B50     4B50       2A     2590       0
                text1                              19FA     19FA      3BA        4       0
                text0                              4138     4138       9A        4       0
                cstackCOMRAM                          1        1       72        1       1
                cstackBANK0                          80       80       6A       80       1
                cstackBANK1                         133      133       30      100       1
                dataBANK1                           100      100       33      100       1
                bssBANK1                            163      163       10      100       1
                bssBANK0                             EA       EA        8       80       1
                dataCOMRAM                           7A       7A        2        1       1
                bssCOMRAM                            73       73        7        1       1
                cinit                              466C     466C       6A        4       0
                idataBANK1                         4AEC     4AEC       33        4       0
                idataCOMRAM                        4C7A     4C7A        2     2590       0

TOTAL           Name                               Link     Load   Length     Space
        CLASS   STACK          

        CLASS   CODE           
                intcode                               8        8        6         0
                init                                  E        E        4         0
                reset_vec                             0        0        4         0
                text70                             45FC     45FC       70         0
                text69                             3C5A     3C5A       C8         0
                text68                             489A     489A       4C         0
                text67                             350A     350A      106         0
                text66                             473C     473C       66         0
                text65                             4C38     4C38       22         0
                text64                             4C72     4C72        8         0
                text63                             426C     426C       90         0
                text62                             4BF2     4BF2       24         0
                text61                             3F4A     3F4A       AE         0
                text60                             250E     250E      1AC         0
                text59                             4A00     4A00       40         0
                text58                             3808     3808       F4         0
                text57                             440E     440E       82         0
                text56                             46D6     46D6       66         0
                text55                             47A2     47A2       5C         0
                text54                             32D6     32D6      128         0
                text53                             3074     3074      132         0
                text52                             438A     438A       84         0
                text51                             3714     3714       F4         0
                text50                             4BCC     4BCC       26         0
                text49                             22C8     22C8      246         0
                text48                             4C6A     4C6A        8         0
                text47                             4C16     4C16       22         0
                text46                             160A     160A      3F0         0
                text45                              964      964      7F8         0
                text44                             4584     4584       78         0
                text43                             4A7E     4A7E       38         0
                text42                             38FC     38FC       E6         0
                text41                             2F34     2F34      140         0
                text40                             3E9C     3E9C       AE         0
                intcode_body                       39E2     39E2       DC         0
                text38                             450C     450C       78         0
                text37                             4B7A     4B7A       2A         0
                text36                             4930     4930       4A         0
                text35                             48E6     48E6       4A         0
                text34                             33FE     33FE      10C         0
                text33                             409A     409A       9E         0
                text32                             497A     497A       44         0
                text31                             2060     2060      268         0
                text30                             2CA4     2CA4      14C         0
                text29                             2B46     2B46      15E         0
                text28                             2DF0     2DF0      144         0
                text27                             29E0     29E0      166         0
                text26                             3ABE     3ABE       D4         0
                text25                             47FE     47FE       50         0
                text24                             42FC     42FC       8E         0
                text23                             4A40     4A40       3E         0
                text22                             49BE     49BE       42         0
                text21                             31A6     31A6      130         0
                text20                             3610     3610      104         0
                text19                             4C62     4C62        8         0
                text18                             3B92     3B92       C8         0
                text17                             4B20     4B20       30         0
                text16                             484E     484E       4C         0
                text15                             3DE0     3DE0       BC         0
                text14                             41D2     41D2       9A         0
                text13                             4490     4490       7C         0
                text12                             2858     2858      188         0
                text11                             26BA     26BA      19E         0
                text10                             3D22     3D22       BE         0
                text9                              3FF8     3FF8       A2         0
                text8                              4AB6     4AB6       36         0
                text7                              1DB4     1DB4      2AC         0
                text6                              4C5A     4C5A        8         0
                text5                              4BA4     4BA4       28         0
                text4                              115C     115C      4AE         0
                text3                                12       12      952         0
                text2                              4B50     4B50       2A         0
                text1                              19FA     19FA      3BA         0
                text0                              4138     4138       9A         0
                cinit                              466C     466C       6A         0
                idataBANK1                         4AEC     4AEC       33         0
                idataCOMRAM                        4C7A     4C7A        2         0

        CLASS   CONST          

        CLASS   SMALLCONST     

        CLASS   MEDIUMCONST    
                mediumconst                        FE30     FE30      1D0         0

        CLASS   COMRAM         
                temp                                 7C       7C        1         1
                cstackCOMRAM                          1        1       72         1
                dataCOMRAM                           7A       7A        2         1
                bssCOMRAM                            73       73        7         1

        CLASS   ABS1           

        CLASS   BIGRAM         

        CLASS   RAM            

        CLASS   BANK0          
                cstackBANK0                          80       80       6A         1
                bssBANK0                             EA       EA        8         1

        CLASS   BANK1          
                cstackBANK1                         133      133       30         1
                dataBANK1                           100      100       33         1
                bssBANK1                            163      163       10         1

        CLASS   BANK2          

        CLASS   BANK3          

        CLASS   BANK4          

        CLASS   BANK5          

        CLASS   BANK6          

        CLASS   BANK7          

        CLASS   BANK8          

        CLASS   BANK9          

        CLASS   BANK10         

        CLASS   BANK11         

        CLASS   BANK12         

        CLASS   BANK13         

        CLASS   BANK14         

        CLASS   BANK15         

        CLASS   SFR            

        CLASS   FARRAM         

        CLASS   CONFIG         
                config                           300000   300000        E         0

        CLASS   IDLOC          
                idloc                            200000   200000        8         0

        CLASS   EEDATA         



SEGMENTS        Name                           Load    Length   Top    Selector   Space  Class

                reset_vec                      000000  000004  000004         0       0  CODE    
                cstackCOMRAM                   000001  00007C  00007D         1       1  COMRAM  
                intcode                        000008  004B17  004B1F         4       0  CODE    
                cstackBANK0                    000080  000072  0000F2        80       1  BANK0   
                dataBANK1                      000100  000073  000173       100       1  BANK1   
                text17                         004B20  00015C  004C7C      2590       0  CODE    
                mediumconst                    00FE30  0001D0  010000      7F18       0  MEDIUMCO
                idloc                          200000  000008  200008    200000       0  IDLOC   
                config                         300000  00000E  30000E    300000       0  CONFIG  


UNUSED ADDRESS RANGES

        Name                Unused          Largest block    Delta
        BANK0            0000F2-0000FF                E
        BANK1            000173-0001FF               8D
        BANK10           000A00-000AFF              100
        BANK11           000B00-000BFF              100
        BANK12           000C00-000CFF              100
        BANK13           000D00-000DFF              100
        BANK14           000E00-000EFF              100
        BANK15           000F00-000F7F               80
        BANK2            000200-0002FF              100
        BANK3            000300-0003FF              100
        BANK4            000400-0004FF              100
        BANK5            000500-0005FF              100
        BANK6            000600-0006FF              100
        BANK7            000700-0007FF              100
        BANK8            000800-0008FF              100
        BANK9            000900-0009FF              100
        BIGRAM           00007D-00007F                3
                         0000F2-0000FF                E
                         000173-000F7F              E0D
        CODE             000004-000007                4
                         004B1F-004B1F                1
                         004C7C-00FE2F             B1B4
        COMRAM           00007D-00007F                3
        CONST            000004-000007                4
                         004B1F-004B1F                1
                         004C7C-00FE2F             B1B4
        EEDATA           F00000-F003FF              400
        MEDIUMCONST      004B1F-004B1F                1
                         004C7C-00FE2F             B1B4
        RAM              0000F2-0000FF                E
                         000173-000F7F              100
        SFR              000F80-000FFF               80
        SMALLCONST       004B1F-004B1F                1
                         004C7C-00FE2F              100
        STACK            000173-000F7F              E0D

                                  Symbol Table

?___altoft                      cstackBANK0  000096
?___awdiv                       cstackBANK0  000094
?___awmod                       cstackBANK0  00008E
?___awtoft                      cstackBANK0  000096
?___ftadd                       cstackBANK0  0000C8
?___ftdiv                       cstackBANK0  0000A0
?___ftmul                       cstackBANK0  0000AF
?___ftneg                       cstackBANK0  00008E
?___ftpack                      cstackBANK0  00008E
?___ftsub                       cstackBANK0  0000D4
?___fttol                       cstackBANK0  0000D4
?___lldiv                       cstackBANK0  00008E
?___llmod                       cstackBANK0  00009B
?___lltoft                      cstackBANK0  000096
?___wmul                        cstackBANK0  00009C
?__div_to_l_                    cstackBANK0  00008E
?__tdiv_to_l_                   cstackBANK0  00008E
?_analogRead                    cstackBANK0  00008E
?_angleToPulse                  cstackBANK0  0000E3
?_digitalRead                   cstackBANK0  00008E
?_fround                        cstackBANK0  0000BE
?_printf                        cstackBANK0  0000E3
?_scale                         cstackBANK0  0000BE
?i2___altoft                    cstackCOMRAM 000009
?i2___awdiv                     cstackCOMRAM 000007
?i2___awmod                     cstackCOMRAM 000001
?i2___awtoft                    cstackCOMRAM 000009
?i2___ftadd                     cstackCOMRAM 000035
?i2___ftdiv                     cstackCOMRAM 00000D
?i2___ftmul                     cstackCOMRAM 00001C
?i2___ftneg                     cstackCOMRAM 000001
?i2___ftpack                    cstackCOMRAM 000001
?i2___ftsub                     cstackCOMRAM 000041
?i2___fttol                     cstackCOMRAM 000041
?i2___lldiv                     cstackCOMRAM 000001
?i2___llmod                     cstackCOMRAM 00000E
?i2___lltoft                    cstackCOMRAM 000009
?i2___wmul                      cstackCOMRAM 00000F
?i2__div_to_l_                  cstackCOMRAM 000001
?i2__tdiv_to_l_                 cstackCOMRAM 000001
?i2_angleToPulse                cstackCOMRAM 000050
?i2_fround                      cstackCOMRAM 00002B
?i2_printf                      cstackCOMRAM 000050
?i2_scale                       cstackCOMRAM 00002B
_AA_float                       dataBANK1    000117
_ACKDT                          (abs)        007E2D
_ACKEN                          (abs)        007E2C
_ADCON0                         (abs)        000FC2
_ADCON1                         (abs)        000FC1
_ADCON2                         (abs)        000FC0
_ADRESH                         (abs)        000FC4
_ADRESL                         (abs)        000FC3
_EEADR                          (abs)        000FA9
_EEADRH                         (abs)        000FAA
_EECON1                         (abs)        000FA6
_EECON2                         (abs)        000FA7
_EEDATA                         (abs)        000FA8
_EEIF                           (abs)        007D0C
_INT0IE                         (abs)        007F94
_INT0IF                         (abs)        007F91
_INT1IE                         (abs)        007F83
_INT1IF                         (abs)        007F80
_INTCONbits                     (abs)        000FF2
_LATA                           (abs)        000F89
_LATB                           (abs)        000F8A
_LATC                           (abs)        000F8B
_LATD                           (abs)        000F8C
_LATDbits                       (abs)        000F8C
_LATE                           (abs)        000F8D
_PEIE                           (abs)        007F96
_PEN                            (abs)        007E2A
_PORTA                          (abs)        000F80
_PORTB                          (abs)        000F81
_PORTBbits                      (abs)        000F81
_PORTC                          (abs)        000F82
_PORTD                          (abs)        000F83
_RCEN                           (abs)        007E2B
_RSEN                           (abs)        007E29
_SEN                            (abs)        007E28
_SSPADD                         (abs)        000FC8
_SSPBUF                         (abs)        000FC9
_SSPCON1                        (abs)        000FC6
_SSPCON2                        (abs)        000FC5
_SSPSTAT                        (abs)        000FC7
_T0CON                          (abs)        000FD5
_T1CON                          (abs)        000FCD
_T3CON                          (abs)        000FB1
_TMR0H                          (abs)        000FD7
_TMR0IE                         (abs)        007F95
_TMR0IF                         (abs)        007F92
_TMR0L                          (abs)        000FD6
_TMR1H                          (abs)        000FCF
_TMR1IE                         (abs)        007CE8
_TMR1L                          (abs)        000FCE
_TMR3H                          (abs)        000FB3
_TMR3IE                         (abs)        007D01
_TMR3L                          (abs)        000FB2
_TRISA                          (abs)        000F92
_TRISB                          (abs)        000F93
_TRISC                          (abs)        000F94
_TRISC3                         (abs)        007CA3
_TRISC4                         (abs)        007CA4
_TRISD                          (abs)        000F95
_TRISE                          (abs)        000F96
_V_LIM_9V                       dataBANK1    000100
_V_LIM_AA                       dataBANK1    000103
_V_LIM_C                        dataBANK1    000106
__CFG_BOREN$SBORDIS             (abs)        000000
__CFG_BORV$3                    (abs)        000000
__CFG_CCP2MX$PORTC              (abs)        000000
__CFG_CP0$OFF                   (abs)        000000
__CFG_CP1$OFF                   (abs)        000000
__CFG_CP2$OFF                   (abs)        000000
__CFG_CP3$OFF                   (abs)        000000
__CFG_CPB$OFF                   (abs)        000000
__CFG_CPD$OFF                   (abs)        000000
__CFG_EBTR0$OFF                 (abs)        000000
__CFG_EBTR1$OFF                 (abs)        000000
__CFG_EBTR2$OFF                 (abs)        000000
__CFG_EBTR3$OFF                 (abs)        000000
__CFG_EBTRB$OFF                 (abs)        000000
__CFG_FCMEN$OFF                 (abs)        000000
__CFG_IESO$OFF                  (abs)        000000
__CFG_LPT1OSC$OFF               (abs)        000000
__CFG_LVP$OFF                   (abs)        000000
__CFG_MCLRE$ON                  (abs)        000000
__CFG_OSC$HS                    (abs)        000000
__CFG_PBADEN$ON                 (abs)        000000
__CFG_PWRT$OFF                  (abs)        000000
__CFG_STVREN$ON                 (abs)        000000
__CFG_WDT$OFF                   (abs)        000000
__CFG_WDTPS$32768               (abs)        000000
__CFG_WRT0$OFF                  (abs)        000000
__CFG_WRT1$OFF                  (abs)        000000
__CFG_WRT2$OFF                  (abs)        000000
__CFG_WRT3$OFF                  (abs)        000000
__CFG_WRTB$OFF                  (abs)        000000
__CFG_WRTC$OFF                  (abs)        000000
__CFG_WRTD$OFF                  (abs)        000000
__CFG_XINST$OFF                 (abs)        000000
__HRAM                          (abs)        000000
__Habs1                         abs1         000000
__Hbank0                        bank0        000000
__Hbank1                        bank1        000000
__Hbank10                       bank10       000000
__Hbank11                       bank11       000000
__Hbank12                       bank12       000000
__Hbank13                       bank13       000000
__Hbank14                       bank14       000000
__Hbank15                       bank15       000000
__Hbank2                        bank2        000000
__Hbank3                        bank3        000000
__Hbank4                        bank4        000000
__Hbank5                        bank5        000000
__Hbank6                        bank6        000000
__Hbank7                        bank7        000000
__Hbank8                        bank8        000000
__Hbank9                        bank9        000000
__Hbigbss                       bigbss       000000
__Hbigdata                      bigdata      000000
__Hbigram                       bigram       000000
__Hbss                          bss          000000
__HbssBANK0                     bssBANK0     000000
__HbssBANK1                     bssBANK1     000000
__HbssCOMRAM                    bssCOMRAM    000000
__Hcinit                        cinit        000000
__Hclrtext                      clrtext      000000
__Hcomram                       comram       000000
__Hconfig                       config       30000E
__Hconst                        const        000000
__HcstackBANK0                  cstackBANK0  000000
__HcstackBANK1                  cstackBANK1  000000
__HcstackCOMRAM                 cstackCOMRAM 000000
__Hdata                         data         000000
__HdataBANK1                    dataBANK1    000000
__HdataCOMRAM                   dataCOMRAM   000000
__Heeprom_data                  eeprom_data  000000
__Hfarbss                       farbss       000000
__Hfardata                      fardata      000000
__Hibigdata                     ibigdata     000000
__Hidata                        idata        000000
__HidataBANK1                   idataBANK1   000000
__HidataCOMRAM                  idataCOMRAM  000000
__Hidloc                        idloc        200008
__Hifardata                     ifardata     000000
__Hinit                         init         000012
__Hintcode                      intcode      00000E
__Hintcode_body                 intcode_body 000000
__Hintcodelo                    intcodelo    00000E
__Hintentry                     intentry     000000
__Hintret                       intret       000000
__Hintsave_regs                 intsave_regs 000000
__Hirdata                       irdata       000000
__Hmediumconst                  mediumconst  010000
__HnvFARRAM                     nvFARRAM     000000
__Hnvbit                        nvbit        000000
__Hnvrram                       nvrram       000000
__Hparam                        rparam       000000
__Hpowerup                      powerup      00000E
__Hram                          ram          000000
__Hramtop                       ramtop       001000
__Hrbit                         rbit         000000
__Hrbss                         rbss         000000
__Hrdata                        rdata        000000
__Hreset_vec                    reset_vec    000004
__Hrparam                       rparam       000000
__Hsfr                          sfr          000000
__Hsmallconst                   smallconst   000000
__Hspace_0                      (abs)        30000E
__Hspace_1                      (abs)        000173
__Hspace_2                      (abs)        000000
__Hstack                        stack        000000
__Hstruct                       struct       000000
__Htemp                         temp         00007D
__Htext                         text         000000
__Htext0                        text0        000000
__Htext1                        text1        000000
__Htext10                       text10       000000
__Htext11                       text11       000000
__Htext12                       text12       000000
__Htext13                       text13       000000
__Htext14                       text14       000000
__Htext15                       text15       000000
__Htext16                       text16       000000
__Htext17                       text17       000000
__Htext18                       text18       000000
__Htext19                       text19       000000
__Htext2                        text2        000000
__Htext20                       text20       000000
__Htext21                       text21       000000
__Htext22                       text22       000000
__Htext23                       text23       000000
__Htext24                       text24       000000
__Htext25                       text25       000000
__Htext26                       text26       000000
__Htext27                       text27       000000
__Htext28                       text28       000000
__Htext29                       text29       000000
__Htext3                        text3        000000
__Htext30                       text30       000000
__Htext31                       text31       000000
__Htext32                       text32       000000
__Htext33                       text33       000000
__Htext34                       text34       000000
__Htext35                       text35       000000
__Htext36                       text36       000000
__Htext37                       text37       000000
__Htext38                       text38       000000
__Htext4                        text4        000000
__Htext40                       text40       000000
__Htext41                       text41       000000
__Htext42                       text42       000000
__Htext43                       text43       000000
__Htext44                       text44       000000
__Htext45                       text45       000000
__Htext46                       text46       000000
__Htext47                       text47       000000
__Htext48                       text48       000000
__Htext49                       text49       000000
__Htext5                        text5        000000
__Htext50                       text50       000000
__Htext51                       text51       000000
__Htext52                       text52       000000
__Htext53                       text53       000000
__Htext54                       text54       000000
__Htext55                       text55       000000
__Htext56                       text56       000000
__Htext57                       text57       000000
__Htext58                       text58       000000
__Htext59                       text59       000000
__Htext6                        text6        000000
__Htext60                       text60       000000
__Htext61                       text61       000000
__Htext62                       text62       000000
__Htext63                       text63       000000
__Htext64                       text64       000000
__Htext65                       text65       000000
__Htext66                       text66       000000
__Htext67                       text67       000000
__Htext68                       text68       000000
__Htext69                       text69       000000
__Htext7                        text7        000000
__Htext70                       text70       000000
__Htext8                        text8        000000
__Htext9                        text9        000000
__LRAM                          (abs)        000001
__Labs1                         abs1         000000
__Lbank0                        bank0        000000
__Lbank1                        bank1        000000
__Lbank10                       bank10       000000
__Lbank11                       bank11       000000
__Lbank12                       bank12       000000
__Lbank13                       bank13       000000
__Lbank14                       bank14       000000
__Lbank15                       bank15       000000
__Lbank2                        bank2        000000
__Lbank3                        bank3        000000
__Lbank4                        bank4        000000
__Lbank5                        bank5        000000
__Lbank6                        bank6        000000
__Lbank7                        bank7        000000
__Lbank8                        bank8        000000
__Lbank9                        bank9        000000
__Lbigbss                       bigbss       000000
__Lbigdata                      bigdata      000000
__Lbigram                       bigram       000000
__Lbss                          bss          000000
__LbssBANK0                     bssBANK0     000000
__LbssBANK1                     bssBANK1     000000
__LbssCOMRAM                    bssCOMRAM    000000
__Lcinit                        cinit        000000
__Lclrtext                      clrtext      000000
__Lcomram                       comram       000000
__Lconfig                       config       300000
__Lconst                        const        000000
__LcstackBANK0                  cstackBANK0  000000
__LcstackBANK1                  cstackBANK1  000000
__LcstackCOMRAM                 cstackCOMRAM 000000
__Ldata                         data         000000
__LdataBANK1                    dataBANK1    000000
__LdataCOMRAM                   dataCOMRAM   000000
__Leeprom_data                  eeprom_data  000000
__Lfarbss                       farbss       000000
__Lfardata                      fardata      000000
__Libigdata                     ibigdata     000000
__Lidata                        idata        000000
__LidataBANK1                   idataBANK1   000000
__LidataCOMRAM                  idataCOMRAM  000000
__Lidloc                        idloc        200000
__Lifardata                     ifardata     000000
__Linit                         init         00000E
__Lintcode                      intcode      000008
__Lintcode_body                 intcode_body 000000
__Lintcodelo                    intcodelo    00000E
__Lintentry                     intentry     000000
__Lintret                       intret       000000
__Lintsave_regs                 intsave_regs 000000
__Lirdata                       irdata       000000
__Lmediumconst                  mediumconst  00FE30
__LnvFARRAM                     nvFARRAM     000000
__Lnvbit                        nvbit        000000
__Lnvrram                       nvrram       000000
__Lparam                        rparam       000000
__Lpowerup                      powerup      00000E
__Lram                          ram          000000
__Lramtop                       ramtop       001000
__Lrbit                         rbit         000000
__Lrbss                         rbss         000000
__Lrdata                        rdata        000000
__Lreset_vec                    reset_vec    000000
__Lrparam                       rparam       000000
__Lsfr                          sfr          000000
__Lsmallconst                   smallconst   000000
__Lspace_0                      (abs)        000000
__Lspace_1                      (abs)        000000
__Lspace_2                      (abs)        000000
__Lstack                        stack        000000
__Lstruct                       struct       000000
__Ltemp                         temp         00007C
__Ltext                         text         000000
__Ltext0                        text0        000000
__Ltext1                        text1        000000
__Ltext10                       text10       000000
__Ltext11                       text11       000000
__Ltext12                       text12       000000
__Ltext13                       text13       000000
__Ltext14                       text14       000000
__Ltext15                       text15       000000
__Ltext16                       text16       000000
__Ltext17                       text17       000000
__Ltext18                       text18       000000
__Ltext19                       text19       000000
__Ltext2                        text2        000000
__Ltext20                       text20       000000
__Ltext21                       text21       000000
__Ltext22                       text22       000000
__Ltext23                       text23       000000
__Ltext24                       text24       000000
__Ltext25                       text25       000000
__Ltext26                       text26       000000
__Ltext27                       text27       000000
__Ltext28                       text28       000000
__Ltext29                       text29       000000
__Ltext3                        text3        000000
__Ltext30                       text30       000000
__Ltext31                       text31       000000
__Ltext32                       text32       000000
__Ltext33                       text33       000000
__Ltext34                       text34       000000
__Ltext35                       text35       000000
__Ltext36                       text36       000000
__Ltext37                       text37       000000
__Ltext38                       text38       000000
__Ltext4                        text4        000000
__Ltext40                       text40       000000
__Ltext41                       text41       000000
__Ltext42                       text42       000000
__Ltext43                       text43       000000
__Ltext44                       text44       000000
__Ltext45                       text45       000000
__Ltext46                       text46       000000
__Ltext47                       text47       000000
__Ltext48                       text48       000000
__Ltext49                       text49       000000
__Ltext5                        text5        000000
__Ltext50                       text50       000000
__Ltext51                       text51       000000
__Ltext52                       text52       000000
__Ltext53                       text53       000000
__Ltext54                       text54       000000
__Ltext55                       text55       000000
__Ltext56                       text56       000000
__Ltext57                       text57       000000
__Ltext58                       text58       000000
__Ltext59                       text59       000000
__Ltext6                        text6        000000
__Ltext60                       text60       000000
__Ltext61                       text61       000000
__Ltext62                       text62       000000
__Ltext63                       text63       000000
__Ltext64                       text64       000000
__Ltext65                       text65       000000
__Ltext66                       text66       000000
__Ltext67                       text67       000000
__Ltext68                       text68       000000
__Ltext69                       text69       000000
__Ltext7                        text7        000000
__Ltext70                       text70       000000
__Ltext8                        text8        000000
__Ltext9                        text9        000000
__S0                            (abs)        30000E
__S1                            (abs)        000173
__S2                            (abs)        000000
___altoft                       text33       00409A
___altoft@c                     cstackBANK0  000096
___altoft@exp                   cstackBANK0  00009E
___altoft@sign                  cstackBANK0  00009F
___awdiv                        text10       003D22
___awdiv@counter                cstackBANK0  000098
___awdiv@dividend               cstackBANK0  000094
___awdiv@divisor                cstackBANK0  000096
___awdiv@quotient               cstackBANK0  00009A
___awdiv@sign                   cstackBANK0  000099
___awmod                        text9        003FF8
___awmod@counter                cstackBANK0  000092
___awmod@dividend               cstackBANK0  00008E
___awmod@divisor                cstackBANK0  000090
___awmod@sign                   cstackBANK0  000093
___awtoft                       text32       00497A
___awtoft@c                     cstackBANK0  000096
___awtoft@sign                  cstackBANK0  000099
___ftadd                        text31       002060
___ftadd@exp1                   cstackBANK0  0000D3
___ftadd@exp2                   cstackBANK0  0000D2
___ftadd@f1                     cstackBANK0  0000C8
___ftadd@f2                     cstackBANK0  0000CB
___ftadd@sign                   cstackBANK0  0000D1
___ftdiv                        text30       002CA4
___ftdiv@cntr                   cstackBANK0  0000A9
___ftdiv@exp                    cstackBANK0  0000AD
___ftdiv@f1                     cstackBANK0  0000A0
___ftdiv@f2                     cstackBANK0  0000A3
___ftdiv@f3                     cstackBANK0  0000AA
___ftdiv@sign                   cstackBANK0  0000AE
___ftge                         text18       003B92
___ftge@ff1                     cstackBANK0  00008E
___ftge@ff2                     cstackBANK0  000091
___ftmul                        text29       002B46
___ftmul@cntr                   cstackBANK0  0000BC
___ftmul@exp                    cstackBANK0  0000B8
___ftmul@f1                     cstackBANK0  0000AF
___ftmul@f2                     cstackBANK0  0000B2
___ftmul@f3_as_product          cstackBANK0  0000B9
___ftmul@sign                   cstackBANK0  0000BD
___ftneg                        text17       004B20
___ftneg@f1                     cstackBANK0  00008E
___ftpack                       text34       0033FE
___ftpack@arg                   cstackBANK0  00008E
___ftpack@exp                   cstackBANK0  000091
___ftpack@sign                  cstackBANK0  000092
___ftsub                        text16       00484E
___ftsub@f1                     cstackBANK0  0000D4
___ftsub@f2                     cstackBANK0  0000D7
___fttol                        text28       002DF0
___fttol@exp1                   cstackBANK0  0000E2
___fttol@f1                     cstackBANK0  0000D4
___fttol@lval                   cstackBANK0  0000DE
___fttol@sign1                  cstackBANK0  0000DD
___inthi_sp                     stack        000000
___intlo_sp                     stack        000000
___lldiv                        text15       003DE0
___lldiv@counter                cstackBANK0  00009A
___lldiv@dividend               cstackBANK0  00008E
___lldiv@divisor                cstackBANK0  000092
___lldiv@quotient               cstackBANK0  000096
___llmod                        text14       0041D2
___llmod@counter                cstackBANK0  0000A3
___llmod@dividend               cstackBANK0  00009B
___llmod@divisor                cstackBANK0  00009F
___lltoft                       text13       004490
___lltoft@c                     cstackBANK0  000096
___lltoft@exp                   cstackBANK0  00009E
___param_bank                   (abs)        000000
___rparam_used                  (abs)        000001
___sp                           stack        000000
___wmul                         text8        004AB6
___wmul@multiplicand            cstackBANK0  00009E
___wmul@multiplier              cstackBANK0  00009C
___wmul@product                 cstackBANK0  0000A0
__accesstop                     (abs)        000080
__activetblptr                  (abs)        000002
__div_to_l_                     text12       002858
__div_to_l_@cntr                cstackBANK0  000098
__div_to_l_@exp1                cstackBANK0  000099
__div_to_l_@f1                  cstackBANK0  00008E
__div_to_l_@f2                  cstackBANK0  000091
__div_to_l_@quot                cstackBANK0  000094
__end_of___altoft               text33       004138
__end_of___awdiv                text10       003DE0
__end_of___awmod                text9        00409A
__end_of___awtoft               text32       0049BE
__end_of___ftadd                text31       0022C8
__end_of___ftdiv                text30       002DF0
__end_of___ftge                 text18       003C5A
__end_of___ftmul                text29       002CA4
__end_of___ftneg                text17       004B50
__end_of___ftpack               text34       00350A
__end_of___ftsub                text16       00489A
__end_of___fttol                text28       002F34
__end_of___lldiv                text15       003E9C
__end_of___llmod                text14       00426C
__end_of___lltoft               text13       00450C
__end_of___wmul                 text8        004AEC
__end_of__div_to_l_             text12       0029E0
__end_of__initialization        cinit        0046C8
__end_of__npowers_              mediumconst  00FE80
__end_of__powers_               mediumconst  00FEA7
__end_of__tdiv_to_l_            text11       002858
__end_of_analogRead             text22       004A00
__end_of_angleToPulse           text27       002B46
__end_of_digitalRead            text21       0032D6
__end_of_digitalWrite           text20       003714
__end_of_dpowers                mediumconst  00FE59
__end_of_fround                 text7        002060
__end_of_happynewyear           mediumconst  00FEDF
__end_of_hexpowers              mediumconst  00FEC7
__end_of_initLCD                text36       00497A
__end_of_initServo              text24       00438A
__end_of_initTimer              text35       004930
__end_of_keys                   mediumconst  00FED8
__end_of_lcdClear               text19       004C6A
__end_of_lcdInst                text37       004BA4
__end_of_lcdNewline             text6        004C62
__end_of_lcdNibble              text38       004584
__end_of_main                   text0        0041D2
__end_of_pinSetup               text23       004A7E
__end_of_printf                 text3        000964
__end_of_putch                  text5        004BCC
__end_of_readKeypad             text2        004B7A
__end_of_scale                  text4        00160A
__end_of_service                intcode_body 003ABE
__end_of_servoInterruptService  text67       003610
__end_of_setAngle               text26       003B92
__end_of_sortBattery            text1        001DB4
__end_of_startTimer             text25       00484E
__end_ofi2___altoft             text44       0045FC
__end_ofi2___awdiv              text52       00440E
__end_ofi2___awmod              text70       00466C
__end_ofi2___awtoft             text43       004AB6
__end_ofi2___ftadd              text60       0026BA
__end_ofi2___ftdiv              text42       0039E2
__end_ofi2___ftge               text63       0042FC
__end_ofi2___ftmul              text51       003808
__end_ofi2___ftneg              text62       004C16
__end_ofi2___ftpack             text61       003FF8
__end_ofi2___ftsub              text59       004A40
__end_ofi2___fttol              text58       0038FC
__end_ofi2___lldiv              text57       004490
__end_ofi2___llmod              text56       00473C
__end_ofi2___lltoft             text55       0047FE
__end_ofi2___wmul               text50       004BF2
__end_ofi2__div_to_l_           text54       0033FE
__end_ofi2__tdiv_to_l_          text53       0031A6
__end_ofi2_angleToPulse         text41       003074
__end_ofi2_digitalWrite         text69       003D22
__end_ofi2_fround               text49       00250E
__end_ofi2_lcdClear             text64       004C7A
__end_ofi2_lcdInst              text65       004C5A
__end_ofi2_lcdNewline           text48       004C72
__end_ofi2_lcdNibble            text66       0047A2
__end_ofi2_printf               text45       00115C
__end_ofi2_putch                text47       004C38
__end_ofi2_scale                text46       0019FA
__end_ofi2_setAngle             text40       003F4A
__end_ofi2_startTimer           text68       0048E6
__initialization                cinit        00466C
__mediumconst                   mediumconst  00FE30
__npowers_                      mediumconst  00FE59
__pbssBANK0                     bssBANK0     0000EA
__pbssBANK1                     bssBANK1     000163
__pbssCOMRAM                    bssCOMRAM    000073
__pcinit                        cinit        00466C
__pcstackBANK0                  cstackBANK0  000080
__pcstackBANK1                  cstackBANK1  000133
__pcstackCOMRAM                 cstackCOMRAM 000001
__pdataBANK1                    dataBANK1    000100
__pdataCOMRAM                   dataCOMRAM   00007A
__pidataBANK1                   idataBANK1   004AEC
__pidataCOMRAM                  idataCOMRAM  004C7A
__pintcode                      intcode      000008
__pintcode_body                 intcode_body 0039E2
__pmediumconst                  mediumconst  00FE30
__powers_                       mediumconst  00FE80
__ptext0                        text0        004138
__ptext1                        text1        0019FA
__ptext10                       text10       003D22
__ptext11                       text11       0026BA
__ptext12                       text12       002858
__ptext13                       text13       004490
__ptext14                       text14       0041D2
__ptext15                       text15       003DE0
__ptext16                       text16       00484E
__ptext17                       text17       004B20
__ptext18                       text18       003B92
__ptext19                       text19       004C62
__ptext2                        text2        004B50
__ptext20                       text20       003610
__ptext21                       text21       0031A6
__ptext22                       text22       0049BE
__ptext23                       text23       004A40
__ptext24                       text24       0042FC
__ptext25                       text25       0047FE
__ptext26                       text26       003ABE
__ptext27                       text27       0029E0
__ptext28                       text28       002DF0
__ptext29                       text29       002B46
__ptext3                        text3        000012
__ptext30                       text30       002CA4
__ptext31                       text31       002060
__ptext32                       text32       00497A
__ptext33                       text33       00409A
__ptext34                       text34       0033FE
__ptext35                       text35       0048E6
__ptext36                       text36       004930
__ptext37                       text37       004B7A
__ptext38                       text38       00450C
__ptext4                        text4        00115C
__ptext40                       text40       003E9C
__ptext41                       text41       002F34
__ptext42                       text42       0038FC
__ptext43                       text43       004A7E
__ptext44                       text44       004584
__ptext45                       text45       000964
__ptext46                       text46       00160A
__ptext47                       text47       004C16
__ptext48                       text48       004C6A
__ptext49                       text49       0022C8
__ptext5                        text5        004BA4
__ptext50                       text50       004BCC
__ptext51                       text51       003714
__ptext52                       text52       00438A
__ptext53                       text53       003074
__ptext54                       text54       0032D6
__ptext55                       text55       0047A2
__ptext56                       text56       0046D6
__ptext57                       text57       00440E
__ptext58                       text58       003808
__ptext59                       text59       004A00
__ptext6                        text6        004C5A
__ptext60                       text60       00250E
__ptext61                       text61       003F4A
__ptext62                       text62       004BF2
__ptext63                       text63       00426C
__ptext64                       text64       004C72
__ptext65                       text65       004C38
__ptext66                       text66       00473C
__ptext67                       text67       00350A
__ptext68                       text68       00489A
__ptext69                       text69       003C5A
__ptext7                        text7        001DB4
__ptext70                       text70       0045FC
__ptext8                        text8        004AB6
__ptext9                        text9        003FF8
__ramtop                        ramtop       001000
__size_of___altoft              (abs)        000000
__size_of___awdiv               (abs)        000000
__size_of___awmod               (abs)        000000
__size_of___awtoft              (abs)        000000
__size_of___ftadd               (abs)        000000
__size_of___ftdiv               (abs)        000000
__size_of___ftge                (abs)        000000
__size_of___ftmul               (abs)        000000
__size_of___ftneg               (abs)        000000
__size_of___ftpack              (abs)        000000
__size_of___ftsub               (abs)        000000
__size_of___fttol               (abs)        000000
__size_of___lldiv               (abs)        000000
__size_of___llmod               (abs)        000000
__size_of___lltoft              (abs)        000000
__size_of___wmul                (abs)        000000
__size_of__div_to_l_            (abs)        000000
__size_of__tdiv_to_l_           (abs)        000000
__size_of_analogRead            (abs)        000000
__size_of_angleToPulse          (abs)        000000
__size_of_digitalRead           (abs)        000000
__size_of_digitalWrite          (abs)        000000
__size_of_fround                (abs)        000000
__size_of_initLCD               (abs)        000000
__size_of_initServo             (abs)        000000
__size_of_initTimer             (abs)        000000
__size_of_lcdClear              (abs)        000000
__size_of_lcdInst               (abs)        000000
__size_of_lcdNewline            (abs)        000000
__size_of_lcdNibble             (abs)        000000
__size_of_main                  (abs)        000000
__size_of_pinSetup              (abs)        000000
__size_of_printf                (abs)        000000
__size_of_putch                 (abs)        000000
__size_of_readKeypad            (abs)        000000
__size_of_scale                 (abs)        000000
__size_of_service               (abs)        000000
__size_of_servoInterruptService (abs)        000000
__size_of_setAngle              (abs)        000000
__size_of_sortBattery           (abs)        000000
__size_of_startTimer            (abs)        000000
__size_ofi2___altoft            (abs)        000000
__size_ofi2___awdiv             (abs)        000000
__size_ofi2___awmod             (abs)        000000
__size_ofi2___awtoft            (abs)        000000
__size_ofi2___ftadd             (abs)        000000
__size_ofi2___ftdiv             (abs)        000000
__size_ofi2___ftge              (abs)        000000
__size_ofi2___ftmul             (abs)        000000
__size_ofi2___ftneg             (abs)        000000
__size_ofi2___ftpack            (abs)        000000
__size_ofi2___ftsub             (abs)        000000
__size_ofi2___fttol             (abs)        000000
__size_ofi2___lldiv             (abs)        000000
__size_ofi2___llmod             (abs)        000000
__size_ofi2___lltoft            (abs)        000000
__size_ofi2___wmul              (abs)        000000
__size_ofi2__div_to_l_          (abs)        000000
__size_ofi2__tdiv_to_l_         (abs)        000000
__size_ofi2_angleToPulse        (abs)        000000
__size_ofi2_digitalWrite        (abs)        000000
__size_ofi2_fround              (abs)        000000
__size_ofi2_lcdClear            (abs)        000000
__size_ofi2_lcdInst             (abs)        000000
__size_ofi2_lcdNewline          (abs)        000000
__size_ofi2_lcdNibble           (abs)        000000
__size_ofi2_printf              (abs)        000000
__size_ofi2_putch               (abs)        000000
__size_ofi2_scale               (abs)        000000
__size_ofi2_setAngle            (abs)        000000
__size_ofi2_startTimer          (abs)        000000
__smallconst                    smallconst   000000
__tdiv_to_l_                    text11       0026BA
__tdiv_to_l_@cntr               cstackBANK0  00009B
__tdiv_to_l_@exp1               cstackBANK0  00009C
__tdiv_to_l_@f1                 cstackBANK0  00008E
__tdiv_to_l_@f2                 cstackBANK0  000091
__tdiv_to_l_@quot               cstackBANK0  000097
_analogRead                     text22       0049BE
_angle                          dataCOMRAM   00007A
_angleToPulse                   text27       0029E0
_angleToPulse$1311              cstackBANK1  00013F
_batteryDetected                bssBANK1     00016F
_conveyorServo                  dataBANK1    00011B
_count                          bssCOMRAM    000073
_curr                           bssCOMRAM    000075
_cylinderMotor                  dataBANK1    00011F
_digitalRead                    text21       0031A6
_digitalWrite                   text20       003610
_dpowers                        mediumconst  00FE31
_fround                         text7        001DB4
_fround$1312                    cstackBANK0  0000C4
_fround$1313                    cstackBANK0  0000C1
_happynewyear                   mediumconst  00FED8
_hexpowers                      mediumconst  00FEA7
_initLCD                        text36       004930
_initServo                      text24       0042FC
_initTimer                      text35       0048E6
_keys                           mediumconst  00FEC7
_lastKey                        bssCOMRAM    000079
_lcdClear                       text19       004C62
_lcdInst                        text37       004B7A
_lcdNewline                     text6        004C5A
_lcdNibble                      text38       00450C
_main                           text0        004138
_n                              bssBANK1     000171
_padAngle_CLOSE                 dataBANK1    000109
_padAngle_NEUTRAL               dataBANK1    00010B
_padAngle_OPEN                  dataBANK1    00010D
_padPin1                        dataBANK1    000123
_padPin2                        dataBANK1    000127
_padPin3                        bssBANK1     00016B
_padServo                       dataBANK1    00012B
_pinSetup                       text23       004A40
_prevTime                       bssCOMRAM    000077
_printf                         text3        000012
_printf$1315                    cstackBANK1  000139
_pulse                          bssBANK0     0000EA
_putch                          text5        004BA4
_readKeypad                     text2        004B50
_redirectAngle_9V               dataBANK1    00010F
_redirectAngle_AA               dataBANK1    000111
_redirectAngle_C                dataBANK1    000113
_redirectAngle_OTHER            dataBANK1    000115
_redirectingServo               dataBANK1    00012F
_scale                          text4        00115C
_scale$1314                     cstackBANK0  0000C1
_service                        intcode      000008
_servoInterruptService          text67       00350A
_servos                         bssBANK1     000163
_setAngle                       text26       003ABE
_sortBattery                    text1        0019FA
_startTimer                     text25       0047FE
analogRead@channel              cstackBANK0  00008E
angleToPulse@a000               cstackBANK1  000142
angleToPulse@a180               cstackBANK1  00013B
angleToPulse@angle              cstackBANK0  0000E3
angleToPulse@offset             cstackBANK1  000137
btemp                           temp         00007C
digitalRead@pin                 cstackBANK0  00008E
digitalWrite@p                  cstackBANK0  000095
digitalWrite@pin                cstackBANK0  00008E
digitalWrite@val                cstackBANK0  000090
end_of_initialization           cinit        0046C8
fround@prec                     cstackBANK0  0000C7
i2___altoft                     text44       004584
i2___altoft@c                   cstackCOMRAM 000009
i2___altoft@exp                 cstackCOMRAM 000011
i2___altoft@sign                cstackCOMRAM 000012
i2___awdiv                      text52       00438A
i2___awdiv@counter              cstackCOMRAM 00000B
i2___awdiv@dividend             cstackCOMRAM 000007
i2___awdiv@divisor              cstackCOMRAM 000009
i2___awdiv@quotient             cstackCOMRAM 00000D
i2___awdiv@sign                 cstackCOMRAM 00000C
i2___awmod                      text70       0045FC
i2___awmod@counter              cstackCOMRAM 000005
i2___awmod@dividend             cstackCOMRAM 000001
i2___awmod@divisor              cstackCOMRAM 000003
i2___awmod@sign                 cstackCOMRAM 000006
i2___awtoft                     text43       004A7E
i2___awtoft@c                   cstackCOMRAM 000009
i2___awtoft@sign                cstackCOMRAM 00000C
i2___ftadd                      text60       00250E
i2___ftadd@exp1                 cstackCOMRAM 000040
i2___ftadd@exp2                 cstackCOMRAM 00003F
i2___ftadd@f1                   cstackCOMRAM 000035
i2___ftadd@f2                   cstackCOMRAM 000038
i2___ftadd@sign                 cstackCOMRAM 00003E
i2___ftdiv                      text42       0038FC
i2___ftdiv@cntr                 cstackCOMRAM 000016
i2___ftdiv@exp                  cstackCOMRAM 00001A
i2___ftdiv@f1                   cstackCOMRAM 00000D
i2___ftdiv@f2                   cstackCOMRAM 000010
i2___ftdiv@f3                   cstackCOMRAM 000017
i2___ftdiv@sign                 cstackCOMRAM 00001B
i2___ftge                       text63       00426C
i2___ftge@ff1                   cstackCOMRAM 000001
i2___ftge@ff2                   cstackCOMRAM 000004
i2___ftmul                      text51       003714
i2___ftmul@cntr                 cstackCOMRAM 000029
i2___ftmul@exp                  cstackCOMRAM 000025
i2___ftmul@f1                   cstackCOMRAM 00001C
i2___ftmul@f2                   cstackCOMRAM 00001F
i2___ftmul@f3_as_product        cstackCOMRAM 000026
i2___ftmul@sign                 cstackCOMRAM 00002A
i2___ftneg                      text62       004BF2
i2___ftneg@f1                   cstackCOMRAM 000001
i2___ftpack                     text61       003F4A
i2___ftpack@arg                 cstackCOMRAM 000001
i2___ftpack@exp                 cstackCOMRAM 000004
i2___ftpack@sign                cstackCOMRAM 000005
i2___ftsub                      text59       004A00
i2___ftsub@f1                   cstackCOMRAM 000041
i2___ftsub@f2                   cstackCOMRAM 000044
i2___fttol                      text58       003808
i2___fttol@exp1                 cstackCOMRAM 00004F
i2___fttol@f1                   cstackCOMRAM 000041
i2___fttol@lval                 cstackCOMRAM 00004B
i2___fttol@sign1                cstackCOMRAM 00004A
i2___lldiv                      text57       00440E
i2___lldiv@counter              cstackCOMRAM 00000D
i2___lldiv@dividend             cstackCOMRAM 000001
i2___lldiv@divisor              cstackCOMRAM 000005
i2___lldiv@quotient             cstackCOMRAM 000009
i2___llmod                      text56       0046D6
i2___llmod@counter              cstackCOMRAM 000016
i2___llmod@dividend             cstackCOMRAM 00000E
i2___llmod@divisor              cstackCOMRAM 000012
i2___lltoft                     text55       0047A2
i2___lltoft@c                   cstackCOMRAM 000009
i2___lltoft@exp                 cstackCOMRAM 000011
i2___wmul                       text50       004BCC
i2___wmul@multiplicand          cstackCOMRAM 000011
i2___wmul@multiplier            cstackCOMRAM 00000F
i2___wmul@product               cstackCOMRAM 000013
i2__div_to_l_                   text54       0032D6
i2__div_to_l_@cntr              cstackCOMRAM 00000B
i2__div_to_l_@exp1              cstackCOMRAM 00000C
i2__div_to_l_@f1                cstackCOMRAM 000001
i2__div_to_l_@f2                cstackCOMRAM 000004
i2__div_to_l_@quot              cstackCOMRAM 000007
i2__tdiv_to_l_                  text53       003074
i2__tdiv_to_l_@cntr             cstackCOMRAM 00000E
i2__tdiv_to_l_@exp1             cstackCOMRAM 00000F
i2__tdiv_to_l_@f1               cstackCOMRAM 000001
i2__tdiv_to_l_@f2               cstackCOMRAM 000004
i2__tdiv_to_l_@quot             cstackCOMRAM 00000A
i2_angleToPulse                 text41       002F34
i2_angleToPulse$1541            cstackCOMRAM 000060
i2_digitalWrite                 text69       003C5A
i2_fround                       text49       0022C8
i2_fround$1542                  cstackCOMRAM 000031
i2_fround$1543                  cstackCOMRAM 00002E
i2_lcdClear                     text64       004C72
i2_lcdInst                      text65       004C38
i2_lcdNewline                   text48       004C6A
i2_lcdNibble                    text66       00473C
i2_printf                       text45       000964
i2_printf$1545                  cstackCOMRAM 00005A
i2_putch                        text47       004C16
i2_scale                        text46       00160A
i2_scale$1544                   cstackCOMRAM 00002E
i2_setAngle                     text40       003E9C
i2_startTimer                   text68       00489A
i2angleToPulse@a000             cstackCOMRAM 000063
i2angleToPulse@a180             cstackCOMRAM 00005C
i2angleToPulse@angle            cstackCOMRAM 000050
i2angleToPulse@offset           cstackCOMRAM 000058
i2digitalWrite@p                cstackCOMRAM 00000E
i2digitalWrite@pin              cstackCOMRAM 000007
i2digitalWrite@val              cstackCOMRAM 000009
i2fround@prec                   cstackCOMRAM 000034
i2lcdInst@data                  cstackCOMRAM 000004
i2lcdNibble@data                cstackCOMRAM 000002
i2lcdNibble@temp                cstackCOMRAM 000001
i2printf@ap                     cstackCOMRAM 00005E
i2printf@c                      cstackCOMRAM 000071
i2printf@exp                    cstackCOMRAM 000064
i2printf@f                      cstackCOMRAM 000050
i2printf@flag                   cstackCOMRAM 000060
i2printf@fval                   cstackCOMRAM 00006E
i2printf@idx                    cstackCOMRAM 00005D
i2printf@prec                   cstackCOMRAM 000062
i2printf@tmpval                 cstackCOMRAM 000066
i2printf@val                    cstackCOMRAM 00006A
i2putch@data                    cstackCOMRAM 000005
i2scale@scl                     cstackCOMRAM 000031
i2setAngle@angle                cstackCOMRAM 000069
i2setAngle@i                    cstackCOMRAM 00006F
i2setAngle@motor                cstackCOMRAM 000067
i2setAngle@period               cstackCOMRAM 00006D
i2startTimer@timer              cstackCOMRAM 000007
i2startTimer@val                cstackCOMRAM 000009
initServo@angle                 cstackBANK1  000150
initServo@motor                 cstackBANK1  00014E
initTimer@timer                 cstackBANK0  00008E
int$flags                       temp         00007C
int_func                        intcode_body 0039E2
intlevel0                       text         000000
intlevel1                       text         000000
intlevel2                       text         000000
intlevel3                       text         000000
lcdInst@data                    cstackBANK0  000091
lcdNibble@data                  cstackBANK0  00008F
lcdNibble@temp                  cstackBANK0  00008E
printf@ap                       cstackBANK1  00013D
printf@c                        cstackBANK1  000150
printf@exp                      cstackBANK1  000143
printf@f                        cstackBANK0  0000E3
printf@flag                     cstackBANK1  00013F
printf@fval                     cstackBANK1  00014D
printf@idx                      cstackBANK1  00013C
printf@prec                     cstackBANK1  000141
printf@tmpval                   cstackBANK1  000145
printf@val                      cstackBANK1  000149
putch@data                      cstackBANK0  000092
readKeypad@key                  cstackBANK0  00008E
scale@scl                       cstackBANK0  0000C4
service@key                     cstackCOMRAM 000072
setAngle@angle                  cstackBANK1  000148
setAngle@i                      cstackBANK1  00014C
setAngle@motor                  cstackBANK1  000146
setAngle@period                 cstackBANK1  00014A
sortBattery@V                   cstackBANK1  000160
sortBattery@V_float             cstackBANK1  000153
sortBattery@Vcc                 cstackBANK1  000156
sortBattery@resolution          cstackBANK1  000159
sortBattery@signal              cstackBANK1  00015C
sortBattery@targetAngle         cstackBANK1  00015E
stackhi                         (abs)        000F7F
stacklo                         (abs)        000173
start                           init         00000E
startTimer@timer                cstackBANK0  00008E
startTimer@val                  cstackBANK0  000090
start_initialization            cinit        00466C


FUNCTION INFORMATION:

 *************** function _main *****************
 Defined at:
		line 90 in file "main.c"
 Parameters:    Size  Location     Type
		None
 Auto vars:     Size  Location     Type
		None
 Return value:  Size  Location     Type
                  1    wreg      void 
 Registers used:
		wreg, fsr2l, fsr2h, status,2, status,0, tblptrl, tblptrh, tblptru, prodl, prodh, cstack
 Tracked objects:
		On entry : 
		On exit  : 
		Unchanged: 
 Data sizes:     COMRAM   BANK0   BANK1   BANK2   BANK3   BANK4   BANK5   BANK6   BANK7   BANK8   BANK9  BANK10  BANK11  BANK12  BANK13  BANK14  BANK15
      Params:         0       0       0       0       0       0       0       0       0       0       0       0       0       0       0       0       0
      Locals:         0       0       0       0       0       0       0       0       0       0       0       0       0       0       0       0       0
      Temps:          0       0       0       0       0       0       0       0       0       0       0       0       0       0       0       0       0
      Totals:         0       0       0       0       0       0       0       0       0       0       0       0       0       0       0       0       0
Total ram usage:        0 bytes
 Hardware stack levels required when called:   12
 This function calls:
		_digitalWrite
		_initLCD
		_initServo
		_pinSetup
		_printf
		_sortBattery
 This function is called by:
		Startup code after reset
 This function uses a non-reentrant model


 *************** function _sortBattery *****************
 Defined at:
		line 125 in file "main.c"
 Parameters:    Size  Location     Type
		None
 Auto vars:     Size  Location     Type
  V_float         3   32[BANK1 ] float 
  V               3   45[BANK1 ] float 
  resolution      3   38[BANK1 ] float 
  Vcc             3   35[BANK1 ] float 
  targetAngle     2   43[BANK1 ] int 
  signal          2   41[BANK1 ] int 
 Return value:  Size  Location     Type
                  1    wreg      void 
 Registers used:
		wreg, fsr2l, fsr2h, status,2, status,0, tblptrl, tblptrh, tblptru, prodl, prodh, cstack
 Tracked objects:
		On entry : 
		On exit  : 
		Unchanged: 
 Data sizes:     COMRAM   BANK0   BANK1   BANK2   BANK3   BANK4   BANK5   BANK6   BANK7   BANK8   BANK9  BANK10  BANK11  BANK12  BANK13  BANK14  BANK15
      Params:         0       0       0       0       0       0       0       0       0       0       0       0       0       0       0       0       0
      Locals:         0       0      16       0       0       0       0       0       0       0       0       0       0       0       0       0       0
      Temps:          0       0       2       0       0       0       0       0       0       0       0       0       0       0       0       0       0
      Totals:         0       0      18       0       0       0       0       0       0       0       0       0       0       0       0       0       0
Total ram usage:       18 bytes
 Hardware stack levels used:    1
 Hardware stack levels required when called:   11
 This function calls:
		___altoft
		___ftdiv
		___ftge
		___ftmul
		_analogRead
		_digitalRead
		_digitalWrite
		_lcdClear
		_printf
		_readKeypad
		_setAngle
 This function is called by:
		_main
 This function uses a non-reentrant model


 *************** function _readKeypad *****************
 Defined at:
		line 36 in file "keypad.c"
 Parameters:    Size  Location     Type
		None
 Auto vars:     Size  Location     Type
  key             1   14[BANK0 ] unsigned char 
 Return value:  Size  Location     Type
                  1    wreg      unsigned char 
 Registers used:
		wreg, status,2, status,0, tblptrl, tblptrh, tblptru, prodl, prodh
 Tracked objects:
		On entry : 
		On exit  : 
		Unchanged: 
 Data sizes:     COMRAM   BANK0   BANK1   BANK2   BANK3   BANK4   BANK5   BANK6   BANK7   BANK8   BANK9  BANK10  BANK11  BANK12  BANK13  BANK14  BANK15
      Params:         0       0       0       0       0       0       0       0       0       0       0       0       0       0       0       0       0
      Locals:         0       1       0       0       0       0       0       0       0       0       0       0       0       0       0       0       0
      Temps:          0       0       0       0       0       0       0       0       0       0       0       0       0       0       0       0       0
      Totals:         0       1       0       0       0       0       0       0       0       0       0       0       0       0       0       0       0
Total ram usage:        1 bytes
 Hardware stack levels used:    1
 Hardware stack levels required when called:    6
 This function calls:
		Nothing
 This function is called by:
		_sortBattery
		_pause
		_showInterface
 This function uses a non-reentrant model


 *************** function _printf *****************
 Defined at:
		line 464 in file "C:\Program Files (x86)\Microchip\xc8\v1.40\sources\common\doprnt.c"
 Parameters:    Size  Location     Type
  f               2   99[BANK0 ] PTR const unsigned char 
		 -> STR_17(17), STR_16(18), STR_15(17), STR_14(18), 
		 -> STR_13(17), STR_12(19), STR_11(17), STR_10(18), 
		 -> STR_9(17), STR_8(18), STR_7(17), STR_6(18), 
		 -> STR_5(9), STR_4(8), STR_3(10), STR_2(24), 
		 -> STR_1(8), 
 Auto vars:     Size  Location     Type
  idx             1    9[BANK1 ] unsigned char 
  val             4   22[BANK1 ] unsigned long 
  tmpval          4   18[BANK1 ] struct .
  fval            3   26[BANK1 ] struct .
  cp              3    0        PTR const unsigned char 
  exp             2   16[BANK1 ] int 
  prec            2   14[BANK1 ] int 
  flag            2   12[BANK1 ] unsigned short 
  ap              2   10[BANK1 ] PTR void [1]
		 -> ?i2_printf(2), ?_printf(2), 
  len             2    0        unsigned int 
  width           2    0        int 
  c               1   29[BANK1 ] char 
  d               1    0        unsigned char 
 Return value:  Size  Location     Type
                  2   99[BANK0 ] int 
 Registers used:
		wreg, fsr2l, fsr2h, status,2, status,0, tblptrl, tblptrh, tblptru, prodl, prodh, cstack
 Tracked objects:
		On entry : 
		On exit  : 
		Unchanged: 
 Data sizes:     COMRAM   BANK0   BANK1   BANK2   BANK3   BANK4   BANK5   BANK6   BANK7   BANK8   BANK9  BANK10  BANK11  BANK12  BANK13  BANK14  BANK15
[...]
  f1              3    0[COMRAM] float 
 Auto vars:     Size  Location     Type
		None
 Return value:  Size  Location     Type
                  3    0[COMRAM] float 
 Registers used:
		wreg, status,2, status,0
 Tracked objects:
		On entry : 
		On exit  : 
		Unchanged: 
 Data sizes:     COMRAM   BANK0   BANK1   BANK2   BANK3   BANK4   BANK5   BANK6   BANK7   BANK8   BANK9  BANK10  BANK11  BANK12  BANK13  BANK14  BANK15
      Params:         3       0       0       0       0       0       0       0       0       0       0       0       0       0       0       0       0
      Locals:         0       0       0       0       0       0       0       0       0       0       0       0       0       0       0       0       0
      Temps:          0       0       0       0       0       0       0       0       0       0       0       0       0       0       0       0       0
      Totals:         3       0       0       0       0       0       0       0       0       0       0       0       0       0       0       0       0
Total ram usage:        3 bytes
 Hardware stack levels used:    1
 This function calls:
		Nothing
 This function is called by:
		i2_printf
 This function uses a non-reentrant model


 *************** function i2___ftge *****************
 Defined at:
		line 4 in file "C:\Program Files (x86)\Microchip\xc8\v1.40\sources\common\ftge.c"
 Parameters:    Size  Location     Type
  ff1             3    0[COMRAM] float 
  ff2             3    3[COMRAM] float 
 Auto vars:     Size  Location     Type
		None
 Return value:  Size  Location     Type
		None               void
 Registers used:
		wreg, status,2, status,0
 Tracked objects:
		On entry : 
		On exit  : 
		Unchanged: 
 Data sizes:     COMRAM   BANK0   BANK1   BANK2   BANK3   BANK4   BANK5   BANK6   BANK7   BANK8   BANK9  BANK10  BANK11  BANK12  BANK13  BANK14  BANK15
      Params:         6       0       0       0       0       0       0       0       0       0       0       0       0       0       0       0       0
      Locals:         0       0       0       0       0       0       0       0       0       0       0       0       0       0       0       0       0
      Temps:          3       0       0       0       0       0       0       0       0       0       0       0       0       0       0       0       0
      Totals:         9       0       0       0       0       0       0       0       0       0       0       0       0       0       0       0       0
Total ram usage:        9 bytes
 Hardware stack levels used:    1
 This function calls:
		Nothing
 This function is called by:
		i2_printf
 This function uses a non-reentrant model


 *************** function i2_lcdClear *****************
 Defined at:
		line 74 in file "lcd.c"
 Parameters:    Size  Location     Type
		None
 Auto vars:     Size  Location     Type
		None
 Return value:  Size  Location     Type
                  1    wreg      void 
 Registers used:
		wreg, status,2, status,0, cstack
 Tracked objects:
		On entry : 
		On exit  : 
		Unchanged: 
 Data sizes:     COMRAM   BANK0   BANK1   BANK2   BANK3   BANK4   BANK5   BANK6   BANK7   BANK8   BANK9  BANK10  BANK11  BANK12  BANK13  BANK14  BANK15
      Params:         0       0       0       0       0       0       0       0       0       0       0       0       0       0       0       0       0
      Locals:         0       0       0       0       0       0       0       0       0       0       0       0       0       0       0       0       0
      Temps:          0       0       0       0       0       0       0       0       0       0       0       0       0       0       0       0       0
      Totals:         0       0       0       0       0       0       0       0       0       0       0       0       0       0       0       0       0
Total ram usage:        0 bytes
 Hardware stack levels used:    1
 Hardware stack levels required when called:    2
 This function calls:
		i2_lcdInst
 This function is called by:
		_service
 This function uses a non-reentrant model


 *************** function i2_lcdInst *****************
 Defined at:
		line 27 in file "lcd.c"
 Parameters:    Size  Location     Type
  data            1    wreg     unsigned char 
 Auto vars:     Size  Location     Type
  data            1    3[COMRAM] unsigned char 
 Return value:  Size  Location     Type
                  1    wreg      void 
 Registers used:
		wreg, status,2, status,0, cstack
 Tracked objects:
		On entry : 
		On exit  : 
		Unchanged: 
 Data sizes:     COMRAM   BANK0   BANK1   BANK2   BANK3   BANK4   BANK5   BANK6   BANK7   BANK8   BANK9  BANK10  BANK11  BANK12  BANK13  BANK14  BANK15
      Params:         0       0       0       0       0       0       0       0       0       0       0       0       0       0       0       0       0
      Locals:         1       0       0       0       0       0       0       0       0       0       0       0       0       0       0       0       0
      Temps:          1       0       0       0       0       0       0       0       0       0       0       0       0       0       0       0       0
      Totals:         2       0       0       0       0       0       0       0       0       0       0       0       0       0       0       0       0
Total ram usage:        2 bytes
 Hardware stack levels used:    1
 Hardware stack levels required when called:    1
 This function calls:
		i2_lcdNibble
 This function is called by:
		i2_lcdClear
		i2_lcdNewline
 This function uses a non-reentrant model


 *************** function i2_lcdNibble *****************
 Defined at:
		line 46 in file "lcd.c"
 Parameters:    Size  Location     Type
  data            1    wreg     unsigned char 
 Auto vars:     Size  Location     Type
  data            1    1[COMRAM] unsigned char 
  lcdNibble       1    0[COMRAM] unsigned char 
 Return value:  Size  Location     Type
                  1    wreg      void 
 Registers used:
		wreg, status,2, status,0
 Tracked objects:
		On entry : 
		On exit  : 
		Unchanged: 
 Data sizes:     COMRAM   BANK0   BANK1   BANK2   BANK3   BANK4   BANK5   BANK6   BANK7   BANK8   BANK9  BANK10  BANK11  BANK12  BANK13  BANK14  BANK15
      Params:         0       0       0       0       0       0       0       0       0       0       0       0       0       0       0       0       0
      Locals:         2       0       0       0       0       0       0       0       0       0       0       0       0       0       0       0       0
      Temps:          0       0       0       0       0       0       0       0       0       0       0       0       0       0       0       0       0
      Totals:         2       0       0       0       0       0       0       0       0       0       0       0       0       0       0       0       0
Total ram usage:        2 bytes
 Hardware stack levels used:    1
 This function calls:
		Nothing
 This function is called by:
		i2_lcdInst
		i2_putch
 This function uses a non-reentrant model


 *************** function _servoInterruptService *****************
 Defined at:
		line 52 in file "servo.c"
 Parameters:    Size  Location     Type
		None
 Auto vars:     Size  Location     Type
		None
 Return value:  Size  Location     Type
                  1    wreg      void 
 Registers used:
		wreg, fsr2l, fsr2h, status,2, status,0, cstack
 Tracked objects:
		On entry : 
		On exit  : 
		Unchanged: 
 Data sizes:     COMRAM   BANK0   BANK1   BANK2   BANK3   BANK4   BANK5   BANK6   BANK7   BANK8   BANK9  BANK10  BANK11  BANK12  BANK13  BANK14  BANK15
      Params:         0       0       0       0       0       0       0       0       0       0       0       0       0       0       0       0       0
      Locals:         0       0       0       0       0       0       0       0       0       0       0       0       0       0       0       0       0
      Temps:          4       0       0       0       0       0       0       0       0       0       0       0       0       0       0       0       0
      Totals:         4       0       0       0       0       0       0       0       0       0       0       0       0       0       0       0       0
Total ram usage:        4 bytes
 Hardware stack levels used:    1
 Hardware stack levels required when called:    1
 This function calls:
		i2___awmod
		i2_digitalWrite
		i2_startTimer
 This function is called by:
		_service
 This function uses a non-reentrant model


 *************** function i2_startTimer *****************
 Defined at:
		line 75 in file "timer.c"
 Parameters:    Size  Location     Type
  timer           2    6[COMRAM] int 
  val             4    8[COMRAM] long 
 Auto vars:     Size  Location     Type
		None
 Return value:  Size  Location     Type
                  1    wreg      void 
 Registers used:
		wreg, status,2, status,0
 Tracked objects:
		On entry : 
		On exit  : 
		Unchanged: 
 Data sizes:     COMRAM   BANK0   BANK1   BANK2   BANK3   BANK4   BANK5   BANK6   BANK7   BANK8   BANK9  BANK10  BANK11  BANK12  BANK13  BANK14  BANK15
      Params:         6       0       0       0       0       0       0       0       0       0       0       0       0       0       0       0       0
      Locals:         0       0       0       0       0       0       0       0       0       0       0       0       0       0       0       0       0
      Temps:          2       0       0       0       0       0       0       0       0       0       0       0       0       0       0       0       0
      Totals:         8       0       0       0       0       0       0       0       0       0       0       0       0       0       0       0       0
Total ram usage:        8 bytes
 Hardware stack levels used:    1
 This function calls:
		Nothing
 This function is called by:
		_servoInterruptService
 This function uses a non-reentrant model


 *************** function i2_digitalWrite *****************
 Defined at:
		line 53 in file "iopin.c"
 Parameters:    Size  Location     Type
  pin             2    6[COMRAM] PTR int 
		 -> AA_float(4), redirectingServo(4), padServo(4), conveyorServo(4), 
		 -> cylinderMotor(4), 
  val             2    8[COMRAM] int 
 Auto vars:     Size  Location     Type
  digitalWrite    2   13[COMRAM] int 
 Return value:  Size  Location     Type
                  1    wreg      void 
 Registers used:
		wreg, fsr2l, fsr2h, status,2, status,0
 Tracked objects:
		On entry : 
		On exit  : 
		Unchanged: 
 Data sizes:     COMRAM   BANK0   BANK1   BANK2   BANK3   BANK4   BANK5   BANK6   BANK7   BANK8   BANK9  BANK10  BANK11  BANK12  BANK13  BANK14  BANK15
      Params:         4       0       0       0       0       0       0       0       0       0       0       0       0       0       0       0       0
      Locals:         2       0       0       0       0       0       0       0       0       0       0       0       0       0       0       0       0
      Temps:          3       0       0       0       0       0       0       0       0       0       0       0       0       0       0       0       0
      Totals:         9       0       0       0       0       0       0       0       0       0       0       0       0       0       0       0       0
Total ram usage:        9 bytes
 Hardware stack levels used:    1
 This function calls:
		Nothing
 This function is called by:
		_servoInterruptService
 This function uses a non-reentrant model


 *************** function i2___awmod *****************
 Defined at:
		line 8 in file "C:\Program Files (x86)\Microchip\xc8\v1.40\sources\common\awmod.c"
 Parameters:    Size  Location     Type
  dividend        2    0[COMRAM] int 
  divisor         2    2[COMRAM] int 
 Auto vars:     Size  Location     Type
  __awmod         1    5[COMRAM] unsigned char 
  __awmod         1    4[COMRAM] unsigned char 
 Return value:  Size  Location     Type
                  2    0[COMRAM] int 
 Registers used:
		wreg, status,2, status,0
 Tracked objects:
		On entry : 
		On exit  : 
		Unchanged: 
 Data sizes:     COMRAM   BANK0   BANK1   BANK2   BANK3   BANK4   BANK5   BANK6   BANK7   BANK8   BANK9  BANK10  BANK11  BANK12  BANK13  BANK14  BANK15
      Params:         4       0       0       0       0       0       0       0       0       0       0       0       0       0       0       0       0
      Locals:         2       0       0       0       0       0       0       0       0       0       0       0       0       0       0       0       0
      Temps:          0       0       0       0       0       0       0       0       0       0       0       0       0       0       0       0       0
      Totals:         6       0       0       0       0       0       0       0       0       0       0       0       0       0       0       0       0
Total ram usage:        6 bytes
 Hardware stack levels used:    1
 This function calls:
		Nothing
 This function is called by:
		_servoInterruptService
		i2_fround
		i2_scale
 This function uses a non-reentrant model



MODULE INFORMATION

Module		Function		Class		Link	Load	Size
C:\Program Files (x86)\Microchip\xc8\v1.40\sources\common\awtoft.c
		___awtoft      		CODE           	497A	0000	69

C:\Program Files (x86)\Microchip\xc8\v1.40\sources\common\awtoft.c estimated size: 69

C:\Program Files (x86)\Microchip\xc8\v1.40\sources\common\altoft.c
		___altoft      		CODE           	409A	0000	159

C:\Program Files (x86)\Microchip\xc8\v1.40\sources\common\altoft.c estimated size: 159

servo.c
		_initServo     		CODE           	42FC	0000	143
		_servoInterruptService		CODE           	350A	0000	263
		_setAngle      		CODE           	3ABE	0000	213
		_angleToPulse  		CODE           	29E0	0000	359

servo.c estimated size: 978

keypad.c
		_readKeypad    		CODE           	4B50	0000	43

keypad.c estimated size: 43

C:\Program Files (x86)\Microchip\xc8\v1.40\sources\common\ftneg.c
		___ftneg       		CODE           	4B20	0000	49

C:\Program Files (x86)\Microchip\xc8\v1.40\sources\common\ftneg.c estimated size: 49

C:\Program Files (x86)\Microchip\xc8\v1.40\sources\common\doprnt.c
		_scale         		CODE           	115C	0000	1199
		_printf        		CODE           	0012	0000	2387
		_fround        		CODE           	1DB4	0000	685

C:\Program Files (x86)\Microchip\xc8\v1.40\sources\common\doprnt.c estimated size: 4271

C:\Program Files (x86)\Microchip\xc8\v1.40\sources\common\lltoft.c
		___lltoft      		CODE           	4490	0000	125

C:\Program Files (x86)\Microchip\xc8\v1.40\sources\common\lltoft.c estimated size: 125

C:\Program Files (x86)\Microchip\xc8\v1.40\sources\common\ftsub.c
		___ftsub       		CODE           	484E	0000	77

C:\Program Files (x86)\Microchip\xc8\v1.40\sources\common\ftsub.c estimated size: 77

C:\Program Files (x86)\Microchip\xc8\v1.40\sources\common\float.c
		___ftpack      		CODE           	33FE	0000	269

C:\Program Files (x86)\Microchip\xc8\v1.40\sources\common\float.c estimated size: 269

timer.c
		_initTimer     		CODE           	48E6	0000	75
		_startTimer    		CODE           	47FE	0000	81

timer.c estimated size: 156

C:\Program Files (x86)\Microchip\xc8\v1.40\sources\common\ftdivl.c
		__tdiv_to_l_   		CODE           	26BA	0000	415

C:\Program Files (x86)\Microchip\xc8\v1.40\sources\common\ftdivl.c estimated size: 415

C:\Program Files (x86)\Microchip\xc8\v1.40\sources\common\ftge.c
		___ftge        		CODE           	3B92	0000	201

C:\Program Files (x86)\Microchip\xc8\v1.40\sources\common\ftge.c estimated size: 201

C:\Program Files (x86)\Microchip\xc8\v1.40\sources\common\Umul16.c
		___wmul        		CODE           	4AB6	0000	55

C:\Program Files (x86)\Microchip\xc8\v1.40\sources\common\Umul16.c estimated size: 55

C:\Program Files (x86)\Microchip\xc8\v1.40\sources\common\ftmul.c
		___ftmul       		CODE           	2B46	0000	351

C:\Program Files (x86)\Microchip\xc8\v1.40\sources\common\ftmul.c estimated size: 351

C:\Program Files (x86)\Microchip\xc8\v1.40\sources\common\awmod.c
		___awmod       		CODE           	3FF8	0000	163

C:\Program Files (x86)\Microchip\xc8\v1.40\sources\common\awmod.c estimated size: 163

iopin.c
		_digitalRead   		CODE           	31A6	0000	305
		_digitalWrite  		CODE           	3610	0000	261
		_analogRead    		CODE           	49BE	0000	67

iopin.c estimated size: 633

C:\Program Files (x86)\Microchip\xc8\v1.40\sources\common\ftdiv.c
		___ftdiv       		CODE           	2CA4	0000	333

C:\Program Files (x86)\Microchip\xc8\v1.40\sources\common\ftdiv.c estimated size: 333

C:\Program Files (x86)\Microchip\xc8\v1.40\sources\common\llmod.c
		___llmod       		CODE           	41D2	0000	155

C:\Program Files (x86)\Microchip\xc8\v1.40\sources\common\llmod.c estimated size: 155

shared
		i2_printf      		CODE           	0964	0000	2041
		i2___ftneg     		CODE           	4BF2	0000	37
		i2_putch       		CODE           	4C16	0000	35
		i2___ftadd     		CODE           	250E	0000	429
		i2_lcdNibble   		CODE           	473C	0000	103
		i2___ftdiv     		CODE           	38FC	0000	231
		__powers_      		MEDIUMCONST    	FE80	0000	40
		i2___fttol     		CODE           	3808	0000	245
		_dpowers       		MEDIUMCONST    	FE31	0000	41
		i2___ftge      		CODE           	426C	0000	145
		i2_setAngle    		CODE           	3E9C	0000	175
		i2___awdiv     		CODE           	438A	0000	133
		i2__tdiv_to_l_ 		CODE           	3074	0000	307
		i2___awtoft    		CODE           	4A7E	0000	57
		i2_startTimer  		CODE           	489A	0000	77
		i2___ftmul     		CODE           	3714	0000	245
		i2___wmul      		CODE           	4BCC	0000	39
		i2_lcdClear    		CODE           	4C72	0000	9
		i2_lcdNewline  		CODE           	4C6A	0000	9
		i2__div_to_l_  		CODE           	32D6	0000	297
		__npowers_     		MEDIUMCONST    	FE59	0000	40
		i2___ftpack    		CODE           	3F4A	0000	175
		i2_scale       		CODE           	160A	0000	1009
		_keys          		MEDIUMCONST    	FEC7	0000	18
		i2___lldiv     		CODE           	440E	0000	131
		__initialization		CODE           	466C	0000	93
		i2___lltoft    		CODE           	47A2	0000	93
		i2___ftsub     		CODE           	4A00	0000	65
		i2___awmod     		CODE           	45FC	0000	113
		i2___altoft    		CODE           	4584	0000	121
		_hexpowers     		MEDIUMCONST    	FEA7	0000	33
		i2___llmod     		CODE           	46D6	0000	103
		i2_lcdInst     		CODE           	4C38	0000	35
		i2_fround      		CODE           	22C8	0000	583
		_happynewyear  		MEDIUMCONST    	FED8	0000	8
		i2_digitalWrite		CODE           	3C5A	0000	201
		i2_angleToPulse		CODE           	2F34	0000	321

shared estimated size: 7837

lcd.c
		_putch         		CODE           	4BA4	0000	41
		_lcdInst       		CODE           	4B7A	0000	43
		_lcdClear      		CODE           	4C62	0000	9
		_lcdNibble     		CODE           	450C	0000	121
		_initLCD       		CODE           	4930	0000	75
		_lcdNewline    		CODE           	4C5A	0000	9

lcd.c estimated size: 298

C:\Program Files (x86)\Microchip\xc8\v1.40\sources\common\fttol.c
		___fttol       		CODE           	2DF0	0000	325

C:\Program Files (x86)\Microchip\xc8\v1.40\sources\common\fttol.c estimated size: 325

C:\Program Files (x86)\Microchip\xc8\v1.40\sources\common\fldivl.c
		__div_to_l_    		CODE           	2858	0000	393

C:\Program Files (x86)\Microchip\xc8\v1.40\sources\common\fldivl.c estimated size: 393

C:\Program Files (x86)\Microchip\xc8\v1.40\sources\common\awdiv.c
		___awdiv       		CODE           	3D22	0000	191

C:\Program Files (x86)\Microchip\xc8\v1.40\sources\common\awdiv.c estimated size: 191

main.c
		_service       		CODE           	0008	0000	227
		_sortBattery   		CODE           	19FA	0000	955
		_pinSetup      		CODE           	4A40	0000	63
		_main          		CODE           	4138	0000	155

main.c estimated size: 1400

C:\Program Files (x86)\Microchip\xc8\v1.40\sources\common\ftadd.c
		___ftadd       		CODE           	2060	0000	617

C:\Program Files (x86)\Microchip\xc8\v1.40\sources\common\ftadd.c estimated size: 617

C:\Program Files (x86)\Microchip\xc8\v1.40\sources\common\lldiv.c
		___lldiv       		CODE           	3DE0	0000	189

C:\Program Files (x86)\Microchip\xc8\v1.40\sources\common\lldiv.c estimated size: 189

