Microchip MPLAB XC8 Compiler V1.40 ()

Linker command line:

-W-3 --edf=C:\Program Files (x86)\Microchip\xc8\v1.40\dat\en_msgs.txt -cs \
  -h+dist/default/production\PIC18_LCD_LIB.X.production.sym \
  --cmf=dist/default/production\PIC18_LCD_LIB.X.production.cmf -z -Q18F4620 \
  -oC:\Users\Nam\AppData\Local\Temp\s788.2 \
  -Mdist/default/production/PIC18_LCD_LIB.X.production.map -E1 -ver=XC8 \
  -ASTACK=01B8h-0f7fh -pstack=STACK -ACODE=00h-0FFFFh -ACONST=00h-0FFFFh \
  -ASMALLCONST=01000h-010FFhx240 -AMEDIUMCONST=01000h-0FFFFh \
  -ACOMRAM=01h-07Fh -AABS1=00h-0F7Fh -ABIGRAM=01h-0F7Fh \
  -ARAM=080h-0FFh,0100h-01FFhx14,0F00h-0F7Fh -ABANK0=080h-0FFh \
  -ABANK1=0100h-01FFh -ABANK2=0200h-02FFh -ABANK3=0300h-03FFh \
  -ABANK4=0400h-04FFh -ABANK5=0500h-05FFh -ABANK6=0600h-06FFh \
  -ABANK7=0700h-07FFh -ABANK8=0800h-08FFh -ABANK9=0900h-09FFh \
  -ABANK10=0A00h-0AFFh -ABANK11=0B00h-0BFFh -ABANK12=0C00h-0CFFh \
  -ABANK13=0D00h-0DFFh -ABANK14=0E00h-0EFFh -ABANK15=0F00h-0F7Fh \
  -ASFR=0F80h-0FFFh -preset_vec=00h,intcode=08h,intcodelo,powerup,init \
  -pramtop=01000h -psmallconst=SMALLCONST -pmediumconst=MEDIUMCONST \
  -pconst=CONST -AFARRAM=00h-00h -ACONFIG=0300000h-030000Dh -pconfig=CONFIG \
  -AIDLOC=0200000h-0200007h -pidloc=IDLOC -AEEDATA=0F00000h-0F003FFh \
  -peeprom_data=EEDATA \
  -prdata=COMRAM,nvrram=COMRAM,nvbit=COMRAM,rbss=COMRAM,rbit=COMRAM \
  -pfarbss=FARRAM,fardata=FARRAM,nvFARRAM=FARRAM \
  -pintsave_regs=BIGRAM,bigbss=BIGRAM,bigdata=BIGRAM -pbss=RAM \
  -pidata=CODE,irdata=CODE,ibigdata=CODE,ifardata=CODE -prparam=COMRAM \
  C:\Users\Nam\AppData\Local\Temp\s788.obj \
  dist/default/production\PIC18_LCD_LIB.X.production.obj 

Object code version is 3.11

Machine type is 18F4620

Call graph: (short form)




                Name                               Link     Load   Length Selector   Space Scale
C:\Users\Nam\AppData\Local\Temp\s788.obj
                init                                  E        E        4        4       0
                reset_vec                             0        0        4        0       0
                idloc                            200000   200000        8   200000       0
                config                           300000   300000        E   300000       0
dist/default/production\PIC18_LCD_LIB.X.production.obj
                intcode                               8        8        6        4       0
                temp                                 7E       7E        1        1       1
                mediumconst                        FE1C     FE1C      1E4     7F0E       0
                text71                             526E     526E       70        4       0
                text70                             4A8C     4A8C       C8        4       0
                text69                             54F0     54F0       4C        4       0
                text68                             440C     440C      106        4       0
                text67                             5344     5344       66        4       0
                text66                             5886     5886       22     2B87       0
                text65                             58FC     58FC        8     2B87       0
                text64                             4F56     4F56       90        4       0
                text63                             5840     5840       24     2B87       0
                text62                             4CCE     4CCE       AE        4       0
                text61                             32FC     32FC      1AC        4       0
                text60                             5652     5652       40        4       0
                text59                             470A     470A       F4        4       0
                text58                             50F8     50F8       82        4       0
                text57                             52DE     52DE       66        4       0
                text56                             53AA     53AA       5C        4       0
                text55                             40BE     40BE      128        4       0
                text54                             3E5C     3E5C      132        4       0
                text53                             5074     5074       84        4       0
                text52                             4616     4616       F4        4       0
                text51                             581A     581A       26     2B87       0
                text50                             30B6     30B6      246        4       0
                text49                             58A8     58A8       1E     2B87       0
                text48                             58F4     58F4        8     2B87       0
                text47                             5864     5864       22     2B87       0
                text46                             242C     242C      3F0        4       0
                text45                              E3C      E3C      B94        4       0
                intcode_body                       3D22     3D22      13A        4       0
                text43                             41E6     41E6      11A        4       0
                text42                             47FE     47FE       F2        4       0
                text41                             51F6     51F6       78        4       0
                text40                             57C8     57C8       2A     2B87       0
                text39                             553C     553C       4A        4       0
                text38                             5456     5456       4E        4       0
                text37                             4300     4300      10C        4       0
                text36                             4E1E     4E1E       9E        4       0
                text35                             55CC     55CC       44        4       0
                text34                             2E4E     2E4E      268        4       0
                text33                             3A92     3A92      14C        4       0
                text32                             3934     3934      15E        4       0
                text31                             3BDE     3BDE      144        4       0
                text30                             37CE     37CE      166        4       0
                text29                             48F0     48F0       D4        4       0
                text28                             5406     5406       50        4       0
                text27                             4FE6     4FE6       8E        4       0
                text26                             58EC     58EC        8     2B87       0
                text25                             58E4     58E4        8     2B87       0
                text24                             49C4     49C4       C8        4       0
                text23                             5744     5744       30     2B87       0
                text22                             54A4     54A4       4C        4       0
                text21                             4C12     4C12       BC        4       0
                text20                             4EBC     4EBC       9A        4       0
                text19                             517A     517A       7C        4       0
                text18                             3646     3646      188        4       0
                text17                             34A8     34A8      19E        4       0
                text16                             4B54     4B54       BE        4       0
                text15                             4D7C     4D7C       A2        4       0
                text14                             570E     570E       36     2B87       0
                text13                             2BA2     2BA2      2AC        4       0
                text12                             579E     579E       2A     2B87       0
                text11                             58DC     58DC        8     2B87       0
                text10                             57F2     57F2       28     2B87       0
                text9                              1F7E     1F7E      4AE        4       0
                text8                                12       12      E2A        4       0
                text7                              5774     5774       2A     2B87       0
                text6                              58C6     58C6       16     2B87       0
                text5                              5692     5692       3E        4       0
                text4                              5610     5610       42        4       0
                text3                              3F8E     3F8E      130        4       0
                text2                              4512     4512      104        4       0
                text1                              19D0     19D0      5AE        4       0
                text0                              281C     281C      386        4       0
                cstackCOMRAM                          1        1       7A        1       1
                cstackBANK0                          80       80       7E       80       1
                cstackBANK1                         100      100       5B      100       1
                dataBANK1                           15B      15B       3D      100       1
                bssBANK1                            198      198       20      100       1
                bssBANK0                             FE       FE        2       80       1
                bssCOMRAM                            7B       7B        3        1       1
                cinit                              5586     5586       46        4       0
                idataBANK1                         56D0     56D0       3D        4       0

TOTAL           Name                               Link     Load   Length     Space
        CLASS   STACK          

        CLASS   CODE           
                intcode                               8        8        6         0
                init                                  E        E        4         0
                reset_vec                             0        0        4         0
                text71                             526E     526E       70         0
                text70                             4A8C     4A8C       C8         0
                text69                             54F0     54F0       4C         0
                text68                             440C     440C      106         0
                text67                             5344     5344       66         0
                text66                             5886     5886       22         0
                text65                             58FC     58FC        8         0
                text64                             4F56     4F56       90         0
                text63                             5840     5840       24         0
                text62                             4CCE     4CCE       AE         0
                text61                             32FC     32FC      1AC         0
                text60                             5652     5652       40         0
                text59                             470A     470A       F4         0
                text58                             50F8     50F8       82         0
                text57                             52DE     52DE       66         0
                text56                             53AA     53AA       5C         0
                text55                             40BE     40BE      128         0
                text54                             3E5C     3E5C      132         0
                text53                             5074     5074       84         0
                text52                             4616     4616       F4         0
                text51                             581A     581A       26         0
                text50                             30B6     30B6      246         0
                text49                             58A8     58A8       1E         0
                text48                             58F4     58F4        8         0
                text47                             5864     5864       22         0
                text46                             242C     242C      3F0         0
                text45                              E3C      E3C      B94         0
                intcode_body                       3D22     3D22      13A         0
                text43                             41E6     41E6      11A         0
                text42                             47FE     47FE       F2         0
                text41                             51F6     51F6       78         0
                text40                             57C8     57C8       2A         0
                text39                             553C     553C       4A         0
                text38                             5456     5456       4E         0
                text37                             4300     4300      10C         0
                text36                             4E1E     4E1E       9E         0
                text35                             55CC     55CC       44         0
                text34                             2E4E     2E4E      268         0
                text33                             3A92     3A92      14C         0
                text32                             3934     3934      15E         0
                text31                             3BDE     3BDE      144         0
                text30                             37CE     37CE      166         0
                text29                             48F0     48F0       D4         0
                text28                             5406     5406       50         0
                text27                             4FE6     4FE6       8E         0
                text26                             58EC     58EC        8         0
                text25                             58E4     58E4        8         0
                text24                             49C4     49C4       C8         0
                text23                             5744     5744       30         0
                text22                             54A4     54A4       4C         0
                text21                             4C12     4C12       BC         0
                text20                             4EBC     4EBC       9A         0
                text19                             517A     517A       7C         0
                text18                             3646     3646      188         0
                text17                             34A8     34A8      19E         0
                text16                             4B54     4B54       BE         0
                text15                             4D7C     4D7C       A2         0
                text14                             570E     570E       36         0
                text13                             2BA2     2BA2      2AC         0
                text12                             579E     579E       2A         0
                text11                             58DC     58DC        8         0
                text10                             57F2     57F2       28         0
                text9                              1F7E     1F7E      4AE         0
                text8                                12       12      E2A         0
                text7                              5774     5774       2A         0
                text6                              58C6     58C6       16         0
                text5                              5692     5692       3E         0
                text4                              5610     5610       42         0
                text3                              3F8E     3F8E      130         0
                text2                              4512     4512      104         0
                text1                              19D0     19D0      5AE         0
                text0                              281C     281C      386         0
                cinit                              5586     5586       46         0
                idataBANK1                         56D0     56D0       3D         0

        CLASS   CONST          

        CLASS   SMALLCONST     

        CLASS   MEDIUMCONST    
                mediumconst                        FE1C     FE1C      1E4         0

        CLASS   COMRAM         
                temp                                 7E       7E        1         1
                cstackCOMRAM                          1        1       7A         1
                bssCOMRAM                            7B       7B        3         1

        CLASS   ABS1           

        CLASS   BIGRAM         

        CLASS   RAM            

        CLASS   BANK0          
                cstackBANK0                          80       80       7E         1
                bssBANK0                             FE       FE        2         1

        CLASS   BANK1          
                cstackBANK1                         100      100       5B         1
                dataBANK1                           15B      15B       3D         1
                bssBANK1                            198      198       20         1

        CLASS   BANK2          

        CLASS   BANK3          

        CLASS   BANK4          

        CLASS   BANK5          

        CLASS   BANK6          

        CLASS   BANK7          

        CLASS   BANK8          

        CLASS   BANK9          

        CLASS   BANK10         

        CLASS   BANK11         

        CLASS   BANK12         

        CLASS   BANK13         

        CLASS   BANK14         

        CLASS   BANK15         

        CLASS   SFR            

        CLASS   FARRAM         

        CLASS   CONFIG         
                config                           300000   300000        E         0

        CLASS   IDLOC          
                idloc                            200000   200000        8         0

        CLASS   EEDATA         



SEGMENTS        Name                           Load    Length   Top    Selector   Space  Class

                reset_vec                      000000  000004  000004         0       0  CODE    
                cstackCOMRAM                   000001  00007E  00007F         1       1  COMRAM  
                intcode                        000008  005705  00570D         4       0  CODE    
                cstackBANK0                    000080  000080  000100        80       1  BANK0   
                cstackBANK1                    000100  0000B8  0001B8       100       1  BANK1   
                text14                         00570E  0001F6  005904      2B87       0  CODE    
                mediumconst                    00FE1C  0001E4  010000      7F0E       0  MEDIUMCO
                idloc                          200000  000008  200008    200000       0  IDLOC   
                config                         300000  00000E  30000E    300000       0  CONFIG  


UNUSED ADDRESS RANGES

        Name                Unused          Largest block    Delta
        BANK1            0001B8-0001FF               48
        BANK10           000A00-000AFF              100
        BANK11           000B00-000BFF              100
        BANK12           000C00-000CFF              100
        BANK13           000D00-000DFF              100
        BANK14           000E00-000EFF              100
        BANK15           000F00-000F7F               80
        BANK2            000200-0002FF              100
        BANK3            000300-0003FF              100
        BANK4            000400-0004FF              100
        BANK5            000500-0005FF              100
        BANK6            000600-0006FF              100
        BANK7            000700-0007FF              100
        BANK8            000800-0008FF              100
        BANK9            000900-0009FF              100
        BIGRAM           00007F-00007F                1
                         0001B8-000F7F              DC8
        CODE             000004-000007                4
                         00570D-00570D                1
                         005904-00FE1B             A518
        COMRAM           00007F-00007F                1
        CONST            000004-000007                4
                         00570D-00570D                1
                         005904-00FE1B             A518
        EEDATA           F00000-F003FF              400
        MEDIUMCONST      00570D-00570D                1
                         005904-00FE1B             A518
        RAM              0001B8-000F7F              100
        SFR              000F80-000FFF               80
        SMALLCONST       00570D-00570D                1
                         005904-00FE1B              100
        STACK            0001B8-000F7F              DC8

                                  Symbol Table

?___aldiv                       cstackBANK0  000080
?___almod                       cstackBANK0  00008E
?___altoft                      cstackBANK0  000088
?___awdiv                       cstackBANK0  000086
?___awmod                       cstackBANK0  000080
?___awtoft                      cstackBANK0  000088
?___ftadd                       cstackBANK0  0000BA
?___ftdiv                       cstackBANK0  000092
?___ftmul                       cstackBANK0  0000A1
?___ftneg                       cstackBANK0  000080
?___ftpack                      cstackBANK0  000080
?___ftsub                       cstackBANK0  0000C6
?___fttol                       cstackBANK0  0000C6
?___lldiv                       cstackBANK0  000080
?___llmod                       cstackBANK0  00008D
?___lltoft                      cstackBANK0  000088
?___wmul                        cstackBANK0  00008E
?__div_to_l_                    cstackBANK0  000080
?__tdiv_to_l_                   cstackBANK0  000080
?_analogRead                    cstackBANK0  000080
?_angleToPulse                  cstackBANK0  0000D5
?_digitalRead                   cstackBANK0  000080
?_fround                        cstackBANK0  0000B0
?_printf                        cstackBANK0  0000D5
?_scale                         cstackBANK0  0000B0
?i2___awdiv                     cstackCOMRAM 000007
?i2___awmod                     cstackCOMRAM 000001
?i2___ftadd                     cstackCOMRAM 00002E
?i2___ftmul                     cstackCOMRAM 000015
?i2___ftneg                     cstackCOMRAM 000001
?i2___ftpack                    cstackCOMRAM 000001
?i2___ftsub                     cstackCOMRAM 00003A
?i2___fttol                     cstackCOMRAM 00002B
?i2___lldiv                     cstackCOMRAM 000001
?i2___llmod                     cstackCOMRAM 00000E
?i2___lltoft                    cstackCOMRAM 000009
?i2___wmul                      cstackCOMRAM 00000F
?i2__div_to_l_                  cstackCOMRAM 000001
?i2__tdiv_to_l_                 cstackCOMRAM 000001
?i2_fround                      cstackCOMRAM 000024
?i2_printf                      cstackCOMRAM 000040
?i2_scale                       cstackCOMRAM 000024
_AA_float                       dataBANK1    000178
_ACKDT                          (abs)        007E2D
_ACKEN                          (abs)        007E2C
_ADCON0                         (abs)        000FC2
_ADCON1                         (abs)        000FC1
_ADCON2                         (abs)        000FC0
_ADRESH                         (abs)        000FC4
_ADRESL                         (abs)        000FC3
_EEADR                          (abs)        000FA9
_EEADRH                         (abs)        000FAA
_EECON1                         (abs)        000FA6
_EECON2                         (abs)        000FA7
_EEDATA                         (abs)        000FA8
_EEIF                           (abs)        007D0C
_INT0IE                         (abs)        007F94
_INT0IF                         (abs)        007F91
_INT1IE                         (abs)        007F83
_INT1IF                         (abs)        007F80
_INTCONbits                     (abs)        000FF2
_LATA                           (abs)        000F89
_LATB                           (abs)        000F8A
_LATC                           (abs)        000F8B
_LATD                           (abs)        000F8C
_LATDbits                       (abs)        000F8C
_LATE                           (abs)        000F8D
_PEIE                           (abs)        007F96
_PEN                            (abs)        007E2A
_PORTA                          (abs)        000F80
_PORTB                          (abs)        000F81
_PORTBbits                      (abs)        000F81
_PORTC                          (abs)        000F82
_PORTD                          (abs)        000F83
_RCEN                           (abs)        007E2B
_RSEN                           (abs)        007E29
_SEN                            (abs)        007E28
_SSPADD                         (abs)        000FC8
_SSPBUF                         (abs)        000FC9
_SSPCON1                        (abs)        000FC6
_SSPCON2                        (abs)        000FC5
_SSPSTAT                        (abs)        000FC7
_T0CON                          (abs)        000FD5
_T1CON                          (abs)        000FCD
_T3CON                          (abs)        000FB1
_TMR0H                          (abs)        000FD7
_TMR0IE                         (abs)        007F95
_TMR0IF                         (abs)        007F92
_TMR0L                          (abs)        000FD6
_TMR1H                          (abs)        000FCF
_TMR1IE                         (abs)        007CE8
_TMR1IF                         (abs)        007CF0
_TMR1L                          (abs)        000FCE
_TMR3H                          (abs)        000FB3
_TMR3IE                         (abs)        007D01
_TMR3L                          (abs)        000FB2
_TRISA                          (abs)        000F92
_TRISB                          (abs)        000F93
_TRISC                          (abs)        000F94
_TRISC3                         (abs)        007CA3
_TRISC4                         (abs)        007CA4
_TRISD                          (abs)        000F95
_TRISE                          (abs)        000F96
_V_LIM_9V                       dataBANK1    00015B
_V_LIM_AA                       dataBANK1    00015E
_V_LIM_C                        dataBANK1    000161
__CFG_BOREN$SBORDIS             (abs)        000000
__CFG_BORV$3                    (abs)        000000
__CFG_CCP2MX$PORTC              (abs)        000000
__CFG_CP0$OFF                   (abs)        000000
__CFG_CP1$OFF                   (abs)        000000
__CFG_CP2$OFF                   (abs)        000000
__CFG_CP3$OFF                   (abs)        000000
__CFG_CPB$OFF                   (abs)        000000
__CFG_CPD$OFF                   (abs)        000000
__CFG_EBTR0$OFF                 (abs)        000000
__CFG_EBTR1$OFF                 (abs)        000000
__CFG_EBTR2$OFF                 (abs)        000000
__CFG_EBTR3$OFF                 (abs)        000000
__CFG_EBTRB$OFF                 (abs)        000000
__CFG_FCMEN$OFF                 (abs)        000000
__CFG_IESO$OFF                  (abs)        000000
__CFG_LPT1OSC$OFF               (abs)        000000
__CFG_LVP$OFF                   (abs)        000000
__CFG_MCLRE$ON                  (abs)        000000
__CFG_OSC$HS                    (abs)        000000
__CFG_PBADEN$ON                 (abs)        000000
__CFG_PWRT$OFF                  (abs)        000000
__CFG_STVREN$ON                 (abs)        000000
__CFG_WDT$OFF                   (abs)        000000
__CFG_WDTPS$32768               (abs)        000000
__CFG_WRT0$OFF                  (abs)        000000
__CFG_WRT1$OFF                  (abs)        000000
__CFG_WRT2$OFF                  (abs)        000000
__CFG_WRT3$OFF                  (abs)        000000
__CFG_WRTB$OFF                  (abs)        000000
__CFG_WRTC$OFF                  (abs)        000000
__CFG_WRTD$OFF                  (abs)        000000
__CFG_XINST$OFF                 (abs)        000000
__HRAM                          (abs)        000000
__Habs1                         abs1         000000
__Hbank0                        bank0        000000
__Hbank1                        bank1        000000
__Hbank10                       bank10       000000
__Hbank11                       bank11       000000
__Hbank12                       bank12       000000
__Hbank13                       bank13       000000
__Hbank14                       bank14       000000
__Hbank15                       bank15       000000
__Hbank2                        bank2        000000
__Hbank3                        bank3        000000
__Hbank4                        bank4        000000
__Hbank5                        bank5        000000
__Hbank6                        bank6        000000
__Hbank7                        bank7        000000
__Hbank8                        bank8        000000
__Hbank9                        bank9        000000
__Hbigbss                       bigbss       000000
__Hbigdata                      bigdata      000000
__Hbigram                       bigram       000000
__Hbss                          bss          000000
__HbssBANK0                     bssBANK0     000000
__HbssBANK1                     bssBANK1     000000
__HbssCOMRAM                    bssCOMRAM    000000
__Hcinit                        cinit        000000
__Hclrtext                      clrtext      000000
__Hcomram                       comram       000000
__Hconfig                       config       30000E
__Hconst                        const        000000
__HcstackBANK0                  cstackBANK0  000000
__HcstackBANK1                  cstackBANK1  000000
__HcstackCOMRAM                 cstackCOMRAM 000000
__Hdata                         data         000000
__HdataBANK1                    dataBANK1    000000
__Heeprom_data                  eeprom_data  000000
__Hfarbss                       farbss       000000
__Hfardata                      fardata      000000
__Hibigdata                     ibigdata     000000
__Hidata                        idata        000000
__HidataBANK1                   idataBANK1   000000
__Hidloc                        idloc        200008
__Hifardata                     ifardata     000000
__Hinit                         init         000012
__Hintcode                      intcode      00000E
__Hintcode_body                 intcode_body 000000
__Hintcodelo                    intcodelo    00000E
__Hintentry                     intentry     000000
__Hintret                       intret       000000
__Hintsave_regs                 intsave_regs 000000
__Hirdata                       irdata       000000
__Hmediumconst                  mediumconst  010000
__HnvFARRAM                     nvFARRAM     000000
__Hnvbit                        nvbit        000000
__Hnvrram                       nvrram       000000
__Hparam                        rparam       000000
__Hpowerup                      powerup      00000E
__Hram                          ram          000000
__Hramtop                       ramtop       001000
__Hrbit                         rbit         000000
__Hrbss                         rbss         000000
__Hrdata                        rdata        000000
__Hreset_vec                    reset_vec    000004
__Hrparam                       rparam       000000
__Hsfr                          sfr          000000
__Hsmallconst                   smallconst   000000
__Hspace_0                      (abs)        30000E
__Hspace_1                      (abs)        0001B8
__Hspace_2                      (abs)        000000
__Hstack                        stack        000000
__Hstruct                       struct       000000
__Htemp                         temp         00007F
__Htext                         text         000000
__Htext0                        text0        000000
__Htext1                        text1        000000
__Htext10                       text10       000000
__Htext11                       text11       000000
__Htext12                       text12       000000
__Htext13                       text13       000000
__Htext14                       text14       000000
__Htext15                       text15       000000
__Htext16                       text16       000000
__Htext17                       text17       000000
__Htext18                       text18       000000
__Htext19                       text19       000000
__Htext2                        text2        000000
__Htext20                       text20       000000
__Htext21                       text21       000000
__Htext22                       text22       000000
__Htext23                       text23       000000
__Htext24                       text24       000000
__Htext25                       text25       000000
__Htext26                       text26       000000
__Htext27                       text27       000000
__Htext28                       text28       000000
__Htext29                       text29       000000
__Htext3                        text3        000000
__Htext30                       text30       000000
__Htext31                       text31       000000
__Htext32                       text32       000000
__Htext33                       text33       000000
__Htext34                       text34       000000
__Htext35                       text35       000000
__Htext36                       text36       000000
__Htext37                       text37       000000
__Htext38                       text38       000000
__Htext39                       text39       000000
__Htext4                        text4        000000
__Htext40                       text40       000000
__Htext41                       text41       000000
__Htext42                       text42       000000
__Htext43                       text43       000000
__Htext45                       text45       000000
__Htext46                       text46       000000
__Htext47                       text47       000000
__Htext48                       text48       000000
__Htext49                       text49       000000
__Htext5                        text5        000000
__Htext50                       text50       000000
__Htext51                       text51       000000
__Htext52                       text52       000000
__Htext53                       text53       000000
__Htext54                       text54       000000
__Htext55                       text55       000000
__Htext56                       text56       000000
__Htext57                       text57       000000
__Htext58                       text58       000000
__Htext59                       text59       000000
__Htext6                        text6        000000
__Htext60                       text60       000000
__Htext61                       text61       000000
__Htext62                       text62       000000
__Htext63                       text63       000000
__Htext64                       text64       000000
__Htext65                       text65       000000
__Htext66                       text66       000000
__Htext67                       text67       000000
__Htext68                       text68       000000
__Htext69                       text69       000000
__Htext7                        text7        000000
__Htext70                       text70       000000
__Htext71                       text71       000000
__Htext8                        text8        000000
__Htext9                        text9        000000
__LRAM                          (abs)        000001
__Labs1                         abs1         000000
__Lbank0                        bank0        000000
__Lbank1                        bank1        000000
__Lbank10                       bank10       000000
__Lbank11                       bank11       000000
__Lbank12                       bank12       000000
__Lbank13                       bank13       000000
__Lbank14                       bank14       000000
__Lbank15                       bank15       000000
__Lbank2                        bank2        000000
__Lbank3                        bank3        000000
__Lbank4                        bank4        000000
__Lbank5                        bank5        000000
__Lbank6                        bank6        000000
__Lbank7                        bank7        000000
__Lbank8                        bank8        000000
__Lbank9                        bank9        000000
__Lbigbss                       bigbss       000000
__Lbigdata                      bigdata      000000
__Lbigram                       bigram       000000
__Lbss                          bss          000000
__LbssBANK0                     bssBANK0     000000
__LbssBANK1                     bssBANK1     000000
__LbssCOMRAM                    bssCOMRAM    000000
__Lcinit                        cinit        000000
__Lclrtext                      clrtext      000000
__Lcomram                       comram       000000
__Lconfig                       config       300000
__Lconst                        const        000000
__LcstackBANK0                  cstackBANK0  000000
__LcstackBANK1                  cstackBANK1  000000
__LcstackCOMRAM                 cstackCOMRAM 000000
__Ldata                         data         000000
__LdataBANK1                    dataBANK1    000000
__Leeprom_data                  eeprom_data  000000
__Lfarbss                       farbss       000000
__Lfardata                      fardata      000000
__Libigdata                     ibigdata     000000
__Lidata                        idata        000000
__LidataBANK1                   idataBANK1   000000
__Lidloc                        idloc        200000
__Lifardata                     ifardata     000000
__Linit                         init         00000E
__Lintcode                      intcode      000008
__Lintcode_body                 intcode_body 000000
__Lintcodelo                    intcodelo    00000E
__Lintentry                     intentry     000000
__Lintret                       intret       000000
__Lintsave_regs                 intsave_regs 000000
__Lirdata                       irdata       000000
__Lmediumconst                  mediumconst  00FE1C
__LnvFARRAM                     nvFARRAM     000000
__Lnvbit                        nvbit        000000
__Lnvrram                       nvrram       000000
__Lparam                        rparam       000000
__Lpowerup                      powerup      00000E
__Lram                          ram          000000
__Lramtop                       ramtop       001000
__Lrbit                         rbit         000000
__Lrbss                         rbss         000000
__Lrdata                        rdata        000000
__Lreset_vec                    reset_vec    000000
__Lrparam                       rparam       000000
__Lsfr                          sfr          000000
__Lsmallconst                   smallconst   000000
__Lspace_0                      (abs)        000000
__Lspace_1                      (abs)        000000
__Lspace_2                      (abs)        000000
__Lstack                        stack        000000
__Lstruct                       struct       000000
__Ltemp                         temp         00007E
__Ltext                         text         000000
__Ltext0                        text0        000000
__Ltext1                        text1        000000
__Ltext10                       text10       000000
__Ltext11                       text11       000000
__Ltext12                       text12       000000
__Ltext13                       text13       000000
__Ltext14                       text14       000000
__Ltext15                       text15       000000
__Ltext16                       text16       000000
__Ltext17                       text17       000000
__Ltext18                       text18       000000
__Ltext19                       text19       000000
__Ltext2                        text2        000000
__Ltext20                       text20       000000
__Ltext21                       text21       000000
__Ltext22                       text22       000000
__Ltext23                       text23       000000
__Ltext24                       text24       000000
__Ltext25                       text25       000000
__Ltext26                       text26       000000
__Ltext27                       text27       000000
__Ltext28                       text28       000000
__Ltext29                       text29       000000
__Ltext3                        text3        000000
__Ltext30                       text30       000000
__Ltext31                       text31       000000
__Ltext32                       text32       000000
__Ltext33                       text33       000000
__Ltext34                       text34       000000
__Ltext35                       text35       000000
__Ltext36                       text36       000000
__Ltext37                       text37       000000
__Ltext38                       text38       000000
__Ltext39                       text39       000000
__Ltext4                        text4        000000
__Ltext40                       text40       000000
__Ltext41                       text41       000000
__Ltext42                       text42       000000
__Ltext43                       text43       000000
__Ltext45                       text45       000000
__Ltext46                       text46       000000
__Ltext47                       text47       000000
__Ltext48                       text48       000000
__Ltext49                       text49       000000
__Ltext5                        text5        000000
__Ltext50                       text50       000000
__Ltext51                       text51       000000
__Ltext52                       text52       000000
__Ltext53                       text53       000000
__Ltext54                       text54       000000
__Ltext55                       text55       000000
__Ltext56                       text56       000000
__Ltext57                       text57       000000
__Ltext58                       text58       000000
__Ltext59                       text59       000000
__Ltext6                        text6        000000
__Ltext60                       text60       000000
__Ltext61                       text61       000000
__Ltext62                       text62       000000
__Ltext63                       text63       000000
__Ltext64                       text64       000000
__Ltext65                       text65       000000
__Ltext66                       text66       000000
__Ltext67                       text67       000000
__Ltext68                       text68       000000
__Ltext69                       text69       000000
__Ltext7                        text7        000000
__Ltext70                       text70       000000
__Ltext71                       text71       000000
__Ltext8                        text8        000000
__Ltext9                        text9        000000
__S0                            (abs)        30000E
__S1                            (abs)        0001B8
__S2                            (abs)        000000
___aldiv                        text43       0041E6
___aldiv@counter                cstackBANK0  000088
___aldiv@dividend               cstackBANK0  000080
___aldiv@divisor                cstackBANK0  000084
___aldiv@quotient               cstackBANK0  00008A
___aldiv@sign                   cstackBANK0  000089
___almod                        text42       0047FE
___almod@counter                cstackBANK0  000096
___almod@dividend               cstackBANK0  00008E
___almod@divisor                cstackBANK0  000092
___almod@sign                   cstackBANK0  000097
___altoft                       text36       004E1E
___altoft@c                     cstackBANK0  000088
___altoft@exp                   cstackBANK0  000090
___altoft@sign                  cstackBANK0  000091
___awdiv                        text16       004B54
___awdiv@counter                cstackBANK0  00008A
___awdiv@dividend               cstackBANK0  000086
___awdiv@divisor                cstackBANK0  000088
___awdiv@quotient               cstackBANK0  00008C
___awdiv@sign                   cstackBANK0  00008B
___awmod                        text15       004D7C
___awmod@counter                cstackBANK0  000084
___awmod@dividend               cstackBANK0  000080
___awmod@divisor                cstackBANK0  000082
___awmod@sign                   cstackBANK0  000085
___awtoft                       text35       0055CC
___awtoft@c                     cstackBANK0  000088
___awtoft@sign                  cstackBANK0  00008B
___ftadd                        text34       002E4E
___ftadd@exp1                   cstackBANK0  0000C5
___ftadd@exp2                   cstackBANK0  0000C4
___ftadd@f1                     cstackBANK0  0000BA
___ftadd@f2                     cstackBANK0  0000BD
___ftadd@sign                   cstackBANK0  0000C3
___ftdiv                        text33       003A92
___ftdiv@cntr                   cstackBANK0  00009B
___ftdiv@exp                    cstackBANK0  00009F
___ftdiv@f1                     cstackBANK0  000092
___ftdiv@f2                     cstackBANK0  000095
___ftdiv@f3                     cstackBANK0  00009C
___ftdiv@sign                   cstackBANK0  0000A0
___ftge                         text24       0049C4
___ftge@ff1                     cstackBANK0  00008C
___ftge@ff2                     cstackBANK0  00008F
___ftmul                        text32       003934
___ftmul@cntr                   cstackBANK0  0000AE
___ftmul@exp                    cstackBANK0  0000AA
___ftmul@f1                     cstackBANK0  0000A1
___ftmul@f2                     cstackBANK0  0000A4
___ftmul@f3_as_product          cstackBANK0  0000AB
___ftmul@sign                   cstackBANK0  0000AF
___ftneg                        text23       005744
___ftneg@f1                     cstackBANK0  000080
___ftpack                       text37       004300
___ftpack@arg                   cstackBANK0  000080
___ftpack@exp                   cstackBANK0  000083
___ftpack@sign                  cstackBANK0  000084
___ftsub                        text22       0054A4
___ftsub@f1                     cstackBANK0  0000C6
___ftsub@f2                     cstackBANK0  0000C9
___fttol                        text31       003BDE
___fttol@exp1                   cstackBANK0  0000D4
___fttol@f1                     cstackBANK0  0000C6
___fttol@lval                   cstackBANK0  0000D0
___fttol@sign1                  cstackBANK0  0000CF
___inthi_sp                     stack        000000
___intlo_sp                     stack        000000
___lldiv                        text21       004C12
___lldiv@counter                cstackBANK0  00008C
___lldiv@dividend               cstackBANK0  000080
___lldiv@divisor                cstackBANK0  000084
___lldiv@quotient               cstackBANK0  000088
___llmod                        text20       004EBC
___llmod@counter                cstackBANK0  000095
___llmod@dividend               cstackBANK0  00008D
___llmod@divisor                cstackBANK0  000091
___lltoft                       text19       00517A
___lltoft@c                     cstackBANK0  000088
___lltoft@exp                   cstackBANK0  000090
___param_bank                   (abs)        000000
___rparam_used                  (abs)        000001
___sp                           stack        000000
___wmul                         text14       00570E
___wmul@multiplicand            cstackBANK0  000090
___wmul@multiplier              cstackBANK0  00008E
___wmul@product                 cstackBANK0  000092
__accesstop                     (abs)        000080
__activetblptr                  (abs)        000002
__div_to_l_                     text18       003646
__div_to_l_@cntr                cstackBANK0  00008A
__div_to_l_@exp1                cstackBANK0  00008B
__div_to_l_@f1                  cstackBANK0  000080
__div_to_l_@f2                  cstackBANK0  000083
__div_to_l_@quot                cstackBANK0  000086
__end_of___aldiv                text43       004300
__end_of___almod                text42       0048F0
__end_of___altoft               text36       004EBC
__end_of___awdiv                text16       004C12
__end_of___awmod                text15       004E1E
__end_of___awtoft               text35       005610
__end_of___ftadd                text34       0030B6
__end_of___ftdiv                text33       003BDE
__end_of___ftge                 text24       004A8C
__end_of___ftmul                text32       003A92
__end_of___ftneg                text23       005774
__end_of___ftpack               text37       00440C
__end_of___ftsub                text22       0054F0
__end_of___fttol                text31       003D22
__end_of___lldiv                text21       004CCE
__end_of___llmod                text20       004F56
__end_of___lltoft               text19       0051F6
__end_of___wmul                 text14       005744
__end_of__div_to_l_             text18       0037CE
__end_of__initialization        cinit        0055BE
__end_of__npowers_              mediumconst  00FE6C
__end_of__powers_               mediumconst  00FE93
__end_of__tdiv_to_l_            text17       003646
__end_of_analogRead             text4        005652
__end_of_angleToPulse           text30       003934
__end_of_digitalRead            text3        0040BE
__end_of_digitalWrite           text2        004616
__end_of_dpowers                mediumconst  00FE45
__end_of_fround                 text13       002E4E
__end_of_happynewyear           mediumconst  00FECB
__end_of_hexpowers              mediumconst  00FEB3
__end_of_initLCD                text39       005586
__end_of_initServo              text27       005074
__end_of_initTimer              text38       0054A4
__end_of_isdigit                text12       0057C8
__end_of_keys                   mediumconst  00FEC4
__end_of_lcdClear               text25       0058EC
__end_of_lcdHome                text26       0058F4
__end_of_lcdInst                text40       0057F2
__end_of_lcdNewline             text11       0058E4
__end_of_lcdNibble              text41       00526E
__end_of_main                   text0        002BA2
__end_of_pause                  text6        0058DC
__end_of_pinSetup               text5        0056D0
__end_of_printf                 text8        000E3C
__end_of_putch                  text10       00581A
__end_of_readKeypad             text7        00579E
__end_of_scale                  text9        00242C
__end_of_service                intcode_body 003E5C
__end_of_servoInterruptService  text68       004512
__end_of_setAngle               text29       0049C4
__end_of_sortBattery            text1        001F7E
__end_of_startTimer             text28       005456
__end_ofi2___awdiv              text53       0050F8
__end_ofi2___awmod              text71       0052DE
__end_ofi2___ftadd              text61       0034A8
__end_ofi2___ftge               text64       004FE6
__end_ofi2___ftmul              text52       00470A
__end_ofi2___ftneg              text63       005864
__end_ofi2___ftpack             text62       004D7C
__end_ofi2___ftsub              text60       005692
__end_ofi2___fttol              text59       0047FE
__end_ofi2___lldiv              text58       00517A
__end_ofi2___llmod              text57       005344
__end_ofi2___lltoft             text56       005406
__end_ofi2___wmul               text51       005840
__end_ofi2__div_to_l_           text55       0041E6
__end_ofi2__tdiv_to_l_          text54       003F8E
__end_ofi2_digitalWrite         text70       004B54
__end_ofi2_fround               text50       0032FC
__end_ofi2_isdigit              text49       0058C6
__end_ofi2_lcdClear             text65       005904
__end_ofi2_lcdInst              text66       0058A8
__end_ofi2_lcdNewline           text48       0058FC
__end_ofi2_lcdNibble            text67       0053AA
__end_ofi2_printf               text45       0019D0
__end_ofi2_putch                text47       005886
__end_ofi2_scale                text46       00281C
__end_ofi2_startTimer           text69       00553C
__initialization                cinit        005586
__mediumconst                   mediumconst  00FE1C
__npowers_                      mediumconst  00FE45
__pbssBANK0                     bssBANK0     0000FE
__pbssBANK1                     bssBANK1     000198
__pbssCOMRAM                    bssCOMRAM    00007B
__pcinit                        cinit        005586
__pcstackBANK0                  cstackBANK0  000080
__pcstackBANK1                  cstackBANK1  000100
__pcstackCOMRAM                 cstackCOMRAM 000001
__pdataBANK1                    dataBANK1    00015B
__pidataBANK1                   idataBANK1   0056D0
__pintcode                      intcode      000008
__pintcode_body                 intcode_body 003D22
__pmediumconst                  mediumconst  00FE1C
__powers_                       mediumconst  00FE6C
__ptext0                        text0        00281C
__ptext1                        text1        0019D0
__ptext10                       text10       0057F2
__ptext11                       text11       0058DC
__ptext12                       text12       00579E
__ptext13                       text13       002BA2
__ptext14                       text14       00570E
__ptext15                       text15       004D7C
__ptext16                       text16       004B54
__ptext17                       text17       0034A8
__ptext18                       text18       003646
__ptext19                       text19       00517A
__ptext2                        text2        004512
__ptext20                       text20       004EBC
__ptext21                       text21       004C12
__ptext22                       text22       0054A4
__ptext23                       text23       005744
__ptext24                       text24       0049C4
__ptext25                       text25       0058E4
__ptext26                       text26       0058EC
__ptext27                       text27       004FE6
__ptext28                       text28       005406
__ptext29                       text29       0048F0
__ptext3                        text3        003F8E
__ptext30                       text30       0037CE
__ptext31                       text31       003BDE
__ptext32                       text32       003934
__ptext33                       text33       003A92
__ptext34                       text34       002E4E
__ptext35                       text35       0055CC
__ptext36                       text36       004E1E
__ptext37                       text37       004300
__ptext38                       text38       005456
__ptext39                       text39       00553C
__ptext4                        text4        005610
__ptext40                       text40       0057C8
__ptext41                       text41       0051F6
__ptext42                       text42       0047FE
__ptext43                       text43       0041E6
__ptext45                       text45       000E3C
__ptext46                       text46       00242C
__ptext47                       text47       005864
__ptext48                       text48       0058F4
__ptext49                       text49       0058A8
__ptext5                        text5        005692
__ptext50                       text50       0030B6
__ptext51                       text51       00581A
__ptext52                       text52       004616
__ptext53                       text53       005074
__ptext54                       text54       003E5C
__ptext55                       text55       0040BE
__ptext56                       text56       0053AA
__ptext57                       text57       0052DE
__ptext58                       text58       0050F8
__ptext59                       text59       00470A
__ptext6                        text6        0058C6
__ptext60                       text60       005652
__ptext61                       text61       0032FC
__ptext62                       text62       004CCE
__ptext63                       text63       005840
__ptext64                       text64       004F56
__ptext65                       text65       0058FC
__ptext66                       text66       005886
__ptext67                       text67       005344
__ptext68                       text68       00440C
__ptext69                       text69       0054F0
__ptext7                        text7        005774
__ptext70                       text70       004A8C
__ptext71                       text71       00526E
__ptext8                        text8        000012
__ptext9                        text9        001F7E
__ramtop                        ramtop       001000
__size_of___aldiv               (abs)        000000
__size_of___almod               (abs)        000000
__size_of___altoft              (abs)        000000
__size_of___awdiv               (abs)        000000
__size_of___awmod               (abs)        000000
__size_of___awtoft              (abs)        000000
__size_of___ftadd               (abs)        000000
__size_of___ftdiv               (abs)        000000
__size_of___ftge                (abs)        000000
__size_of___ftmul               (abs)        000000
__size_of___ftneg               (abs)        000000
__size_of___ftpack              (abs)        000000
__size_of___ftsub               (abs)        000000
__size_of___fttol               (abs)        000000
__size_of___lldiv               (abs)        000000
__size_of___llmod               (abs)        000000
__size_of___lltoft              (abs)        000000
__size_of___wmul                (abs)        000000
__size_of__div_to_l_            (abs)        000000
__size_of__tdiv_to_l_           (abs)        000000
__size_of_analogRead            (abs)        000000
__size_of_angleToPulse          (abs)        000000
__size_of_digitalRead           (abs)        000000
__size_of_digitalWrite          (abs)        000000
__size_of_fround                (abs)        000000
__size_of_initLCD               (abs)        000000
__size_of_initServo             (abs)        000000
__size_of_initTimer             (abs)        000000
__size_of_isdigit               (abs)        000000
__size_of_lcdClear              (abs)        000000
__size_of_lcdHome               (abs)        000000
__size_of_lcdInst               (abs)        000000
__size_of_lcdNewline            (abs)        000000
__size_of_lcdNibble             (abs)        000000
__size_of_main                  (abs)        000000
__size_of_pause                 (abs)        000000
__size_of_pinSetup              (abs)        000000
__size_of_printf                (abs)        000000
__size_of_putch                 (abs)        000000
__size_of_readKeypad            (abs)        000000
__size_of_scale                 (abs)        000000
__size_of_service               (abs)        000000
__size_of_servoInterruptService (abs)        000000
__size_of_setAngle              (abs)        000000
__size_of_sortBattery           (abs)        000000
__size_of_startTimer            (abs)        000000
__size_ofi2___awdiv             (abs)        000000
__size_ofi2___awmod             (abs)        000000
__size_ofi2___ftadd             (abs)        000000
__size_ofi2___ftge              (abs)        000000
__size_ofi2___ftmul             (abs)        000000
__size_ofi2___ftneg             (abs)        000000
__size_ofi2___ftpack            (abs)        000000
__size_ofi2___ftsub             (abs)        000000
__size_ofi2___fttol             (abs)        000000
__size_ofi2___lldiv             (abs)        000000
__size_ofi2___llmod             (abs)        000000
__size_ofi2___lltoft            (abs)        000000
__size_ofi2___wmul              (abs)        000000
__size_ofi2__div_to_l_          (abs)        000000
__size_ofi2__tdiv_to_l_         (abs)        000000
__size_ofi2_digitalWrite        (abs)        000000
__size_ofi2_fround              (abs)        000000
__size_ofi2_isdigit             (abs)        000000
__size_ofi2_lcdClear            (abs)        000000
__size_ofi2_lcdInst             (abs)        000000
__size_ofi2_lcdNewline          (abs)        000000
__size_ofi2_lcdNibble           (abs)        000000
__size_ofi2_printf              (abs)        000000
__size_ofi2_putch               (abs)        000000
__size_ofi2_scale               (abs)        000000
__size_ofi2_startTimer          (abs)        000000
__smallconst                    smallconst   000000
__tdiv_to_l_                    text17       0034A8
__tdiv_to_l_@cntr               cstackBANK0  00008D
__tdiv_to_l_@exp1               cstackBANK0  00008E
__tdiv_to_l_@f1                 cstackBANK0  000080
__tdiv_to_l_@f2                 cstackBANK0  000083
__tdiv_to_l_@quot               cstackBANK0  000089
_analogRead                     text4        005610
_angle                          dataBANK1    000164
_angleToPulse                   text30       0037CE
_angleToPulse$1347              cstackBANK0  0000E5
_batteryDetected                bssBANK1     0001B0
_conveyorServo                  dataBANK1    00017C
_count                          bssBANK1     0001B2
_curr                           bssCOMRAM    00007B
_cylinderDir                    dataBANK1    000180
_cylinderMotor                  dataBANK1    000184
_digitalRead                    text3        003F8E
_digitalWrite                   text2        004512
_dpowers                        mediumconst  00FE1D
_fround                         text13       002BA2
_fround$1348                    cstackBANK0  0000B6
_fround$1349                    cstackBANK0  0000B3
_happynewyear                   mediumconst  00FEC4
_hexpowers                      mediumconst  00FE93
_initLCD                        text39       00553C
_initServo                      text27       004FE6
_initTimer                      text38       005456
_isdigit                        text12       00579E
_isdigit$976                    cstackBANK0  000081
_keys                           mediumconst  00FEB3
_lastKey                        bssCOMRAM    00007D
_lcdClear                       text25       0058E4
_lcdHome                        text26       0058EC
_lcdInst                        text40       0057C8
_lcdNewline                     text11       0058DC
_lcdNibble                      text41       0051F6
_main                           text0        00281C
_n                              bssBANK0     0000FE
_padAngle_CLOSE                 dataBANK1    000166
_padAngle_NEUTRAL               dataBANK1    000168
_padAngle_OPEN                  dataBANK1    00016A
_padPin1                        dataBANK1    000188
_padPin2                        dataBANK1    00018C
_padPin3                        bssBANK1     0001A8
_padServo                       dataBANK1    000190
_pause                          text6        0058C6
_period                         dataBANK1    00016C
_pinSetup                       text5        005692
_prevTime                       bssBANK1     0001B4
_printf                         text8        000012
_printf$1351                    cstackBANK1  000100
_pulse                          bssBANK1     000198
_putch                          text10       0057F2
_readKeypad                     text7        005774
_redirectAngle_9V               dataBANK1    00016E
_redirectAngle_AA               dataBANK1    000170
_redirectAngle_C                dataBANK1    000172
_redirectAngle_OTHER            dataBANK1    000174
_redirectingServo               dataBANK1    000194
_scale                          text9        001F7E
_scale$1350                     cstackBANK0  0000B3
_service                        intcode      000008
_servoInterruptService          text68       00440C
_servos                         bssBANK1     0001A0
_setAngle                       text29       0048F0
_sortBattery                    text1        0019D0
_sortBattery$1346               cstackBANK1  000126
_startTimer                     text28       005406
_stoppingTime                   dataBANK1    000176
_terminate                      bssBANK1     0001B6
_time                           bssBANK1     0001AC
analogRead@channel              cstackBANK0  000080
angleToPulse@a000               cstackBANK0  0000E8
angleToPulse@a180               cstackBANK0  0000E1
angleToPulse@angle              cstackBANK0  0000D5
angleToPulse@offset             cstackBANK0  0000DD
btemp                           temp         00007E
digitalRead@pin                 cstackBANK0  000080
digitalWrite@p                  cstackBANK0  000087
digitalWrite@pin                cstackBANK0  000080
digitalWrite@val                cstackBANK0  000082
end_of_initialization           cinit        0055BE
fround@prec                     cstackBANK0  0000B9
i2___awdiv                      text53       005074
i2___awdiv@counter              cstackCOMRAM 00000B
i2___awdiv@dividend             cstackCOMRAM 000007
i2___awdiv@divisor              cstackCOMRAM 000009
i2___awdiv@quotient             cstackCOMRAM 00000D
i2___awdiv@sign                 cstackCOMRAM 00000C
i2___awmod                      text71       00526E
i2___awmod@counter              cstackCOMRAM 000005
i2___awmod@dividend             cstackCOMRAM 000001
i2___awmod@divisor              cstackCOMRAM 000003
i2___awmod@sign                 cstackCOMRAM 000006
i2___ftadd                      text61       0032FC
i2___ftadd@exp1                 cstackCOMRAM 000039
i2___ftadd@exp2                 cstackCOMRAM 000038
i2___ftadd@f1                   cstackCOMRAM 00002E
i2___ftadd@f2                   cstackCOMRAM 000031
i2___ftadd@sign                 cstackCOMRAM 000037
i2___ftge                       text64       004F56
i2___ftge@ff1                   cstackCOMRAM 000001
i2___ftge@ff2                   cstackCOMRAM 000004
i2___ftmul                      text52       004616
i2___ftmul@cntr                 cstackCOMRAM 000022
i2___ftmul@exp                  cstackCOMRAM 00001E
i2___ftmul@f1                   cstackCOMRAM 000015
i2___ftmul@f2                   cstackCOMRAM 000018
i2___ftmul@f3_as_product        cstackCOMRAM 00001F
i2___ftmul@sign                 cstackCOMRAM 000023
i2___ftneg                      text63       005840
i2___ftneg@f1                   cstackCOMRAM 000001
i2___ftpack                     text62       004CCE
i2___ftpack@arg                 cstackCOMRAM 000001
i2___ftpack@exp                 cstackCOMRAM 000004
i2___ftpack@sign                cstackCOMRAM 000005
i2___ftsub                      text60       005652
i2___ftsub@f1                   cstackCOMRAM 00003A
i2___ftsub@f2                   cstackCOMRAM 00003D
i2___fttol                      text59       00470A
i2___fttol@exp1                 cstackCOMRAM 000039
i2___fttol@f1                   cstackCOMRAM 00002B
i2___fttol@lval                 cstackCOMRAM 000035
i2___fttol@sign1                cstackCOMRAM 000034
i2___lldiv                      text58       0050F8
i2___lldiv@counter              cstackCOMRAM 00000D
i2___lldiv@dividend             cstackCOMRAM 000001
i2___lldiv@divisor              cstackCOMRAM 000005
i2___lldiv@quotient             cstackCOMRAM 000009
i2___llmod                      text57       0052DE
i2___llmod@counter              cstackCOMRAM 000016
i2___llmod@dividend             cstackCOMRAM 00000E
i2___llmod@divisor              cstackCOMRAM 000012
i2___lltoft                     text56       0053AA
i2___lltoft@c                   cstackCOMRAM 000009
i2___lltoft@exp                 cstackCOMRAM 000011
i2___wmul                       text51       00581A
i2___wmul@multiplicand          cstackCOMRAM 000011
i2___wmul@multiplier            cstackCOMRAM 00000F
i2___wmul@product               cstackCOMRAM 000013
i2__div_to_l_                   text55       0040BE
i2__div_to_l_@cntr              cstackCOMRAM 00000B
i2__div_to_l_@exp1              cstackCOMRAM 00000C
i2__div_to_l_@f1                cstackCOMRAM 000001
i2__div_to_l_@f2                cstackCOMRAM 000004
i2__div_to_l_@quot              cstackCOMRAM 000007
i2__tdiv_to_l_                  text54       003E5C
i2__tdiv_to_l_@cntr             cstackCOMRAM 00000E
i2__tdiv_to_l_@exp1             cstackCOMRAM 00000F
i2__tdiv_to_l_@f1               cstackCOMRAM 000001
i2__tdiv_to_l_@f2               cstackCOMRAM 000004
i2__tdiv_to_l_@quot             cstackCOMRAM 00000A
i2_digitalWrite                 text70       004A8C
i2_fround                       text50       0030B6
i2_fround$1543                  cstackCOMRAM 00002A
i2_fround$1544                  cstackCOMRAM 000027
i2_isdigit                      text49       0058A8
i2_isdigit$976                  cstackCOMRAM 000002
i2_lcdClear                     text65       0058FC
i2_lcdInst                      text66       005886
i2_lcdNewline                   text48       0058F4
i2_lcdNibble                    text67       005344
i2_printf                       text45       000E3C
i2_printf$1546                  cstackCOMRAM 00004A
i2_putch                        text47       005864
i2_scale                        text46       00242C
i2_scale$1545                   cstackCOMRAM 000027
i2_startTimer                   text69       0054F0
i2digitalWrite@p                cstackCOMRAM 00000E
i2digitalWrite@pin              cstackCOMRAM 000007
i2digitalWrite@val              cstackCOMRAM 000009
i2fround@prec                   cstackCOMRAM 00002D
i2isdigit@c                     cstackCOMRAM 000003
i2lcdInst@data                  cstackCOMRAM 000004
i2lcdNibble@data                cstackCOMRAM 000002
i2lcdNibble@temp                cstackCOMRAM 000001
i2printf@ap                     cstackCOMRAM 000052
i2printf@c                      cstackCOMRAM 000067
i2printf@cp                     cstackCOMRAM 00004E
i2printf@exp                    cstackCOMRAM 000058
i2printf@f                      cstackCOMRAM 000040
i2printf@flag                   cstackCOMRAM 000063
i2printf@fval                   cstackCOMRAM 00005A
i2printf@idx                    cstackCOMRAM 00004D
i2printf@len                    cstackCOMRAM 000050
i2printf@prec                   cstackCOMRAM 000065
i2printf@tmpval                 cstackCOMRAM 000054
i2printf@val                    cstackCOMRAM 00005D
i2printf@width                  cstackCOMRAM 000061
i2putch@data                    cstackCOMRAM 000005
i2scale@scl                     cstackCOMRAM 00002A
i2startTimer@timer              cstackCOMRAM 000007
i2startTimer@val                cstackCOMRAM 000009
initServo@angle                 cstackBANK0  0000F8
initServo@motor                 cstackBANK0  0000F6
initTimer@timer                 cstackBANK0  000080
int$flags                       temp         00007E
int_func                        intcode_body 003D22
intlevel0                       text         000000
intlevel1                       text         000000
intlevel2                       text         000000
intlevel3                       text         000000
isdigit@c                       cstackBANK0  000082
lcdInst@data                    cstackBANK0  000083
lcdNibble@data                  cstackBANK0  000081
lcdNibble@temp                  cstackBANK0  000080
main@cylinderBackward           cstackBANK1  000151
main@cylinderDur                cstackBANK1  000157
main@cylinderForward            cstackBANK1  00014F
main@cylinderStart              cstackBANK1  000155
main@lastBatteryTime            cstackBANK1  000153
main@prev                       cstackBANK1  000159
pause@message                   cstackBANK0  0000E5
printf@ap                       cstackBANK1  000108
printf@c                        cstackBANK1  00011D
printf@cp                       cstackBANK1  000103
printf@exp                      cstackBANK1  00010E
printf@f                        cstackBANK0  0000D5
printf@flag                     cstackBANK1  000119
printf@fval                     cstackBANK1  000114
printf@idx                      cstackBANK1  000105
printf@len                      cstackBANK1  000106
printf@prec                     cstackBANK1  00011B
printf@tmpval                   cstackBANK1  00010A
printf@val                      cstackBANK1  000110
printf@width                    cstackBANK1  000117
putch@data                      cstackBANK0  000084
readKeypad@key                  cstackBANK0  000080
scale@scl                       cstackBANK0  0000B6
service@key                     cstackCOMRAM 00007A
setAngle@angle                  cstackBANK0  0000EE
setAngle@i                      cstackBANK0  0000F4
setAngle@motor                  cstackBANK0  0000EC
setAngle@period                 cstackBANK0  0000F2
sortBattery@V                   cstackBANK1  000128
sortBattery@V_216               cstackBANK1  00013F
sortBattery@V_float             cstackBANK1  000121
sortBattery@V_max               cstackBANK1  00012B
sortBattery@Vcc                 cstackBANK1  000133
sortBattery@Vf                  cstackBANK1  000139
sortBattery@Vs                  cstackBANK1  00011E
sortBattery@i                   cstackBANK1  00013C
sortBattery@i_219               cstackBANK1  000130
sortBattery@pos_v_counter       cstackBANK1  000124
sortBattery@resolution          cstackBANK1  000136
sortBattery@signal              cstackBANK1  000132
sortBattery@targetAngle         cstackBANK1  00012E
stackhi                         (abs)        000F7F
stacklo                         (abs)        0001B8
start                           init         00000E
startTimer@timer                cstackBANK0  000080
startTimer@val                  cstackBANK0  000082
start_initialization            cinit        005586


FUNCTION INFORMATION:

 *************** function _main *****************
 Defined at:
		line 96 in file "main.c"
 Parameters:    Size  Location     Type
		None
 Auto vars:     Size  Location     Type
  prev            2   89[BANK1 ] int 
  cylinderDur     2   87[BANK1 ] int 
  cylinderStar    2   85[BANK1 ] int 
  lastBatteryT    2   83[BANK1 ] int 
  cylinderBack    2   81[BANK1 ] int 
  cylinderForw    2   79[BANK1 ] int 
 Return value:  Size  Location     Type
                  1    wreg      void 
 Registers used:
		wreg, fsr2l, fsr2h, status,2, status,0, tblptrl, tblptrh, tblptru, prodl, prodh, cstack
 Tracked objects:
		On entry : 
		On exit  : 
		Unchanged: 
 Data sizes:     COMRAM   BANK0   BANK1   BANK2   BANK3   BANK4   BANK5   BANK6   BANK7   BANK8   BANK9  BANK10  BANK11  BANK12  BANK13  BANK14  BANK15
      Params:         0       0       0       0       0       0       0       0       0       0       0       0       0       0       0       0       0
      Locals:         0       0      12       0       0       0       0       0       0       0       0       0       0       0       0       0       0
      Temps:          0       0      13       0       0       0       0       0       0       0       0       0       0       0       0       0       0
      Totals:         0       0      25       0       0       0       0       0       0       0       0       0       0       0       0       0       0
Total ram usage:       25 bytes
 Hardware stack levels required when called:   12
 This function calls:
		___aldiv
		___almod
		_digitalRead
		_digitalWrite
		_initLCD
		_initServo
		_initTimer
		_lcdClear
		_lcdHome
		_pause
		_pinSetup
		_printf
		_sortBattery
		_startTimer
 This function is called by:
		Startup code after reset
 This function uses a non-reentrant model


 *************** function _sortBattery *****************
 Defined at:
		line 169 in file "main.c"
 Parameters:    Size  Location     Type
		None
 Auto vars:     Size  Location     Type
  V               3   40[BANK1 ] float 
  i               2   48[BANK1 ] int 
  V_float         3   33[BANK1 ] float 
  i               3   60[BANK1 ] float 
  V               3   63[BANK1 ] float 
  Vf              3   57[BANK1 ] float 
  resolution      3   54[BANK1 ] float 
  Vcc             3   51[BANK1 ] float 
  V_max           3   43[BANK1 ] float 
  Vs              3   30[BANK1 ] float 
  targetAngle     2   46[BANK1 ] int 
  pos_v_counte    2   36[BANK1 ] int 
  signal          1   50[BANK1 ] unsigned char 
 Return value:  Size  Location     Type
                  1    wreg      void 
 Registers used:
		wreg, fsr2l, fsr2h, status,2, status,0, tblptrl, tblptrh, tblptru, prodl, prodh, cstack
 Tracked objects:
		On entry : 
		On exit  : 
		Unchanged: 
 Data sizes:     COMRAM   BANK0   BANK1   BANK2   BANK3   BANK4   BANK5   BANK6   BANK7   BANK8   BANK9  BANK10  BANK11  BANK12  BANK13  BANK14  BANK15
      Params:         0       0       0       0       0       0       0       0       0       0       0       0       0       0       0       0       0
      Locals:         0       0      36       0       0       0       0       0       0       0       0       0       0       0       0       0       0
      Temps:          0       2       0       0       0       0       0       0       0       0       0       0       0       0       0       0       0
      Totals:         0       2      36       0       0       0       0       0       0       0       0       0       0       0       0       0       0
Total ram usage:       38 bytes
 Hardware stack levels used:    1
 Hardware stack levels required when called:   11
 This function calls:
		___altoft
		___awtoft
		___ftdiv
		___ftge
		___ftmul
		___ftsub
		___fttol
		_analogRead
		_digitalRead
		_digitalWrite
		_lcdClear
		_printf
		_readKeypad
		_setAngle
 This function is called by:
		_main
 This function uses a non-reentrant model


 *************** function _digitalWrite *****************
 Defined at:
		line 53 in file "iopin.c"
 Parameters:    Size  Location     Type
  pin             2    0[BANK0 ] PTR int 
		 -> AA_float(4), cylinderDir(4), redirectingServo(4), padServo(4), 
		 -> conveyorServo(4), cylinderMotor(4), 
  val             2    2[BANK0 ] int 
 Auto vars:     Size  Location     Type
  p               2    7[BANK0 ] int 
 Return value:  Size  Location     Type
                  1    wreg      void 
 Registers used:
		wreg, fsr2l, fsr2h, status,2, status,0
 Tracked objects:
		On entry : 
		On exit  : 
		Unchanged: 
 Data sizes:     COMRAM   BANK0   BANK1   BANK2   BANK3   BANK4   BANK5   BANK6   BANK7   BANK8   BANK9  BANK10  BANK11  BANK12  BANK13  BANK14  BANK15
      Params:         0       4       0       0       0       0       0       0       0       0       0       0       0       0       0       0       0
      Locals:         0       2       0       0       0       0       0       0       0       0       0       0       0       0       0       0       0
      Temps:          0       3       0       0       0       0       0       0       0       0       0       0       0       0       0       0       0
      Totals:         0       9       0       0       0       0       0       0       0       0       0       0       0       0       0       0       0
Total ram usage:        9 bytes
 Hardware stack levels used:    1
 Hardware stack levels required when called:    6
 This function calls:
		Nothing
 This function is called by:
		_main
		_sortBattery
 This function uses a non-reentrant model


 *************** function _digitalRead *****************
 Defined at:
		line 43 in file "iopin.c"
 Parameters:    Size  Location     Type
  pin             2    0[BANK0 ] PTR int 
[...]
      Locals:         0       0       0       0       0       0       0       0       0       0       0       0       0       0       0       0       0
      Temps:          0       0       0       0       0       0       0       0       0       0       0       0       0       0       0       0       0
      Totals:         3       0       0       0       0       0       0       0       0       0       0       0       0       0       0       0       0
Total ram usage:        3 bytes
 Hardware stack levels used:    1
 This function calls:
		Nothing
 This function is called by:
		i2_printf
 This function uses a non-reentrant model


 *************** function i2___ftge *****************
 Defined at:
		line 4 in file "C:\Program Files (x86)\Microchip\xc8\v1.40\sources\common\ftge.c"
 Parameters:    Size  Location     Type
  ff1             3    0[COMRAM] float 
  ff2             3    3[COMRAM] float 
 Auto vars:     Size  Location     Type
		None
 Return value:  Size  Location     Type
		None               void
 Registers used:
		wreg, status,2, status,0
 Tracked objects:
		On entry : 
		On exit  : 
		Unchanged: 
 Data sizes:     COMRAM   BANK0   BANK1   BANK2   BANK3   BANK4   BANK5   BANK6   BANK7   BANK8   BANK9  BANK10  BANK11  BANK12  BANK13  BANK14  BANK15
      Params:         6       0       0       0       0       0       0       0       0       0       0       0       0       0       0       0       0
      Locals:         0       0       0       0       0       0       0       0       0       0       0       0       0       0       0       0       0
      Temps:          3       0       0       0       0       0       0       0       0       0       0       0       0       0       0       0       0
      Totals:         9       0       0       0       0       0       0       0       0       0       0       0       0       0       0       0       0
Total ram usage:        9 bytes
 Hardware stack levels used:    1
 This function calls:
		Nothing
 This function is called by:
		i2_printf
 This function uses a non-reentrant model


 *************** function i2_lcdClear *****************
 Defined at:
		line 74 in file "lcd.c"
 Parameters:    Size  Location     Type
		None
 Auto vars:     Size  Location     Type
		None
 Return value:  Size  Location     Type
                  1    wreg      void 
 Registers used:
		wreg, status,2, status,0, cstack
 Tracked objects:
		On entry : 
		On exit  : 
		Unchanged: 
 Data sizes:     COMRAM   BANK0   BANK1   BANK2   BANK3   BANK4   BANK5   BANK6   BANK7   BANK8   BANK9  BANK10  BANK11  BANK12  BANK13  BANK14  BANK15
      Params:         0       0       0       0       0       0       0       0       0       0       0       0       0       0       0       0       0
      Locals:         0       0       0       0       0       0       0       0       0       0       0       0       0       0       0       0       0
      Temps:          0       0       0       0       0       0       0       0       0       0       0       0       0       0       0       0       0
      Totals:         0       0       0       0       0       0       0       0       0       0       0       0       0       0       0       0       0
Total ram usage:        0 bytes
 Hardware stack levels used:    1
 Hardware stack levels required when called:    2
 This function calls:
		i2_lcdInst
 This function is called by:
		_service
 This function uses a non-reentrant model


 *************** function i2_lcdInst *****************
 Defined at:
		line 27 in file "lcd.c"
 Parameters:    Size  Location     Type
  data            1    wreg     unsigned char 
 Auto vars:     Size  Location     Type
  data            1    3[COMRAM] unsigned char 
 Return value:  Size  Location     Type
                  1    wreg      void 
 Registers used:
		wreg, status,2, status,0, cstack
 Tracked objects:
		On entry : 
		On exit  : 
		Unchanged: 
 Data sizes:     COMRAM   BANK0   BANK1   BANK2   BANK3   BANK4   BANK5   BANK6   BANK7   BANK8   BANK9  BANK10  BANK11  BANK12  BANK13  BANK14  BANK15
      Params:         0       0       0       0       0       0       0       0       0       0       0       0       0       0       0       0       0
      Locals:         1       0       0       0       0       0       0       0       0       0       0       0       0       0       0       0       0
      Temps:          1       0       0       0       0       0       0       0       0       0       0       0       0       0       0       0       0
      Totals:         2       0       0       0       0       0       0       0       0       0       0       0       0       0       0       0       0
Total ram usage:        2 bytes
 Hardware stack levels used:    1
 Hardware stack levels required when called:    1
 This function calls:
		i2_lcdNibble
 This function is called by:
		i2_lcdClear
		i2_lcdNewline
 This function uses a non-reentrant model


 *************** function i2_lcdNibble *****************
 Defined at:
		line 46 in file "lcd.c"
 Parameters:    Size  Location     Type
  data            1    wreg     unsigned char 
 Auto vars:     Size  Location     Type
  data            1    1[COMRAM] unsigned char 
  lcdNibble       1    0[COMRAM] unsigned char 
 Return value:  Size  Location     Type
                  1    wreg      void 
 Registers used:
		wreg, status,2, status,0
 Tracked objects:
		On entry : 
		On exit  : 
		Unchanged: 
 Data sizes:     COMRAM   BANK0   BANK1   BANK2   BANK3   BANK4   BANK5   BANK6   BANK7   BANK8   BANK9  BANK10  BANK11  BANK12  BANK13  BANK14  BANK15
      Params:         0       0       0       0       0       0       0       0       0       0       0       0       0       0       0       0       0
      Locals:         2       0       0       0       0       0       0       0       0       0       0       0       0       0       0       0       0
      Temps:          0       0       0       0       0       0       0       0       0       0       0       0       0       0       0       0       0
      Totals:         2       0       0       0       0       0       0       0       0       0       0       0       0       0       0       0       0
Total ram usage:        2 bytes
 Hardware stack levels used:    1
 This function calls:
		Nothing
 This function is called by:
		i2_lcdInst
		i2_putch
 This function uses a non-reentrant model


 *************** function _servoInterruptService *****************
 Defined at:
		line 52 in file "servo.c"
 Parameters:    Size  Location     Type
		None
 Auto vars:     Size  Location     Type
		None
 Return value:  Size  Location     Type
                  1    wreg      void 
 Registers used:
		wreg, fsr2l, fsr2h, status,2, status,0, cstack
 Tracked objects:
		On entry : 
		On exit  : 
		Unchanged: 
 Data sizes:     COMRAM   BANK0   BANK1   BANK2   BANK3   BANK4   BANK5   BANK6   BANK7   BANK8   BANK9  BANK10  BANK11  BANK12  BANK13  BANK14  BANK15
      Params:         0       0       0       0       0       0       0       0       0       0       0       0       0       0       0       0       0
      Locals:         0       0       0       0       0       0       0       0       0       0       0       0       0       0       0       0       0
      Temps:          4       0       0       0       0       0       0       0       0       0       0       0       0       0       0       0       0
      Totals:         4       0       0       0       0       0       0       0       0       0       0       0       0       0       0       0       0
Total ram usage:        4 bytes
 Hardware stack levels used:    1
 Hardware stack levels required when called:    1
 This function calls:
		i2___awmod
		i2_digitalWrite
		i2_startTimer
 This function is called by:
		_service
 This function uses a non-reentrant model


 *************** function i2_startTimer *****************
 Defined at:
		line 76 in file "timer.c"
 Parameters:    Size  Location     Type
  timer           2    6[COMRAM] int 
  val             4    8[COMRAM] long 
 Auto vars:     Size  Location     Type
		None
 Return value:  Size  Location     Type
                  1    wreg      void 
 Registers used:
		wreg, status,2, status,0
 Tracked objects:
		On entry : 
		On exit  : 
		Unchanged: 
 Data sizes:     COMRAM   BANK0   BANK1   BANK2   BANK3   BANK4   BANK5   BANK6   BANK7   BANK8   BANK9  BANK10  BANK11  BANK12  BANK13  BANK14  BANK15
      Params:         6       0       0       0       0       0       0       0       0       0       0       0       0       0       0       0       0
      Locals:         0       0       0       0       0       0       0       0       0       0       0       0       0       0       0       0       0
      Temps:          2       0       0       0       0       0       0       0       0       0       0       0       0       0       0       0       0
      Totals:         8       0       0       0       0       0       0       0       0       0       0       0       0       0       0       0       0
Total ram usage:        8 bytes
 Hardware stack levels used:    1
 This function calls:
		Nothing
 This function is called by:
		_service
		_servoInterruptService
 This function uses a non-reentrant model


 *************** function i2_digitalWrite *****************
 Defined at:
		line 53 in file "iopin.c"
 Parameters:    Size  Location     Type
  pin             2    6[COMRAM] PTR int 
		 -> AA_float(4), cylinderDir(4), redirectingServo(4), padServo(4), 
		 -> conveyorServo(4), cylinderMotor(4), 
  val             2    8[COMRAM] int 
 Auto vars:     Size  Location     Type
  digitalWrite    2   13[COMRAM] int 
 Return value:  Size  Location     Type
                  1    wreg      void 
 Registers used:
		wreg, fsr2l, fsr2h, status,2, status,0
 Tracked objects:
		On entry : 
		On exit  : 
		Unchanged: 
 Data sizes:     COMRAM   BANK0   BANK1   BANK2   BANK3   BANK4   BANK5   BANK6   BANK7   BANK8   BANK9  BANK10  BANK11  BANK12  BANK13  BANK14  BANK15
      Params:         4       0       0       0       0       0       0       0       0       0       0       0       0       0       0       0       0
      Locals:         2       0       0       0       0       0       0       0       0       0       0       0       0       0       0       0       0
      Temps:          3       0       0       0       0       0       0       0       0       0       0       0       0       0       0       0       0
      Totals:         9       0       0       0       0       0       0       0       0       0       0       0       0       0       0       0       0
Total ram usage:        9 bytes
 Hardware stack levels used:    1
 This function calls:
		Nothing
 This function is called by:
		_servoInterruptService
 This function uses a non-reentrant model


 *************** function i2___awmod *****************
 Defined at:
		line 8 in file "C:\Program Files (x86)\Microchip\xc8\v1.40\sources\common\awmod.c"
 Parameters:    Size  Location     Type
  dividend        2    0[COMRAM] int 
  divisor         2    2[COMRAM] int 
 Auto vars:     Size  Location     Type
  __awmod         1    5[COMRAM] unsigned char 
  __awmod         1    4[COMRAM] unsigned char 
 Return value:  Size  Location     Type
                  2    0[COMRAM] int 
 Registers used:
		wreg, status,2, status,0
 Tracked objects:
		On entry : 
		On exit  : 
		Unchanged: 
 Data sizes:     COMRAM   BANK0   BANK1   BANK2   BANK3   BANK4   BANK5   BANK6   BANK7   BANK8   BANK9  BANK10  BANK11  BANK12  BANK13  BANK14  BANK15
      Params:         4       0       0       0       0       0       0       0       0       0       0       0       0       0       0       0       0
      Locals:         2       0       0       0       0       0       0       0       0       0       0       0       0       0       0       0       0
      Temps:          0       0       0       0       0       0       0       0       0       0       0       0       0       0       0       0       0
      Totals:         6       0       0       0       0       0       0       0       0       0       0       0       0       0       0       0       0
Total ram usage:        6 bytes
 Hardware stack levels used:    1
 This function calls:
		Nothing
 This function is called by:
		_servoInterruptService
		i2_fround
		i2_scale
 This function uses a non-reentrant model



MODULE INFORMATION

Module		Function		Class		Link	Load	Size
C:\Program Files (x86)\Microchip\xc8\v1.40\sources\common\awtoft.c
		___awtoft      		CODE           	55CC	0000	69

C:\Program Files (x86)\Microchip\xc8\v1.40\sources\common\awtoft.c estimated size: 69

C:\Program Files (x86)\Microchip\xc8\v1.40\sources\common\altoft.c
		___altoft      		CODE           	4E1E	0000	159

C:\Program Files (x86)\Microchip\xc8\v1.40\sources\common\altoft.c estimated size: 159

servo.c
		_initServo     		CODE           	4FE6	0000	143
		_servoInterruptService		CODE           	440C	0000	263
		_setAngle      		CODE           	48F0	0000	213
		_angleToPulse  		CODE           	37CE	0000	359

servo.c estimated size: 978

keypad.c
		_readKeypad    		CODE           	5774	0000	43

keypad.c estimated size: 43

C:\Program Files (x86)\Microchip\xc8\v1.40\sources\common\ftneg.c
		___ftneg       		CODE           	5744	0000	49

C:\Program Files (x86)\Microchip\xc8\v1.40\sources\common\ftneg.c estimated size: 49

C:\Program Files (x86)\Microchip\xc8\v1.40\sources\common\doprnt.c
		_scale         		CODE           	1F7E	0000	1199
		_printf        		CODE           	0012	0000	3627
		_fround        		CODE           	2BA2	0000	685

C:\Program Files (x86)\Microchip\xc8\v1.40\sources\common\doprnt.c estimated size: 5511

C:\Program Files (x86)\Microchip\xc8\v1.40\sources\common\lltoft.c
		___lltoft      		CODE           	517A	0000	125

C:\Program Files (x86)\Microchip\xc8\v1.40\sources\common\lltoft.c estimated size: 125

C:\Program Files (x86)\Microchip\xc8\v1.40\sources\common\ftsub.c
		___ftsub       		CODE           	54A4	0000	77

C:\Program Files (x86)\Microchip\xc8\v1.40\sources\common\ftsub.c estimated size: 77

C:\Program Files (x86)\Microchip\xc8\v1.40\sources\common\float.c
		___ftpack      		CODE           	4300	0000	269

C:\Program Files (x86)\Microchip\xc8\v1.40\sources\common\float.c estimated size: 269

timer.c
		_initTimer     		CODE           	5456	0000	79
		_startTimer    		CODE           	5406	0000	81

timer.c estimated size: 160

C:\Program Files (x86)\Microchip\xc8\v1.40\sources\common\ftdivl.c
		__tdiv_to_l_   		CODE           	34A8	0000	415

C:\Program Files (x86)\Microchip\xc8\v1.40\sources\common\ftdivl.c estimated size: 415

C:\Program Files (x86)\Microchip\xc8\v1.40\sources\common\ftge.c
		___ftge        		CODE           	49C4	0000	201

C:\Program Files (x86)\Microchip\xc8\v1.40\sources\common\ftge.c estimated size: 201

C:\Program Files (x86)\Microchip\xc8\v1.40\sources\common\Umul16.c
		___wmul        		CODE           	570E	0000	55

C:\Program Files (x86)\Microchip\xc8\v1.40\sources\common\Umul16.c estimated size: 55

C:\Program Files (x86)\Microchip\xc8\v1.40\sources\common\ftmul.c
		___ftmul       		CODE           	3934	0000	351

C:\Program Files (x86)\Microchip\xc8\v1.40\sources\common\ftmul.c estimated size: 351

C:\Program Files (x86)\Microchip\xc8\v1.40\sources\common\awmod.c
		___awmod       		CODE           	4D7C	0000	163

C:\Program Files (x86)\Microchip\xc8\v1.40\sources\common\awmod.c estimated size: 163

iopin.c
		_digitalRead   		CODE           	3F8E	0000	305
		_digitalWrite  		CODE           	4512	0000	261
		_analogRead    		CODE           	5610	0000	67

iopin.c estimated size: 633

C:\Program Files (x86)\Microchip\xc8\v1.40\sources\common\ftdiv.c
		___ftdiv       		CODE           	3A92	0000	333

C:\Program Files (x86)\Microchip\xc8\v1.40\sources\common\ftdiv.c estimated size: 333

C:\Program Files (x86)\Microchip\xc8\v1.40\sources\common\llmod.c
		___llmod       		CODE           	4EBC	0000	155

C:\Program Files (x86)\Microchip\xc8\v1.40\sources\common\llmod.c estimated size: 155

C:\Program Files (x86)\Microchip\xc8\v1.40\sources\common\almod.c
		___almod       		CODE           	47FE	0000	243

C:\Program Files (x86)\Microchip\xc8\v1.40\sources\common\almod.c estimated size: 243

C:\Program Files (x86)\Microchip\xc8\v1.40\sources\common\isdigit.c
		_isdigit       		CODE           	579E	0000	43

C:\Program Files (x86)\Microchip\xc8\v1.40\sources\common\isdigit.c estimated size: 43

shared
		i2_printf      		CODE           	0E3C	0000	2965
		i2___ftneg     		CODE           	5840	0000	37
		i2_putch       		CODE           	5864	0000	35
		i2___ftadd     		CODE           	32FC	0000	429
		i2_lcdNibble   		CODE           	5344	0000	103
		__powers_      		MEDIUMCONST    	FE6C	0000	40
		i2___fttol     		CODE           	470A	0000	245
		_dpowers       		MEDIUMCONST    	FE1D	0000	41
		i2___ftge      		CODE           	4F56	0000	145
		i2_isdigit     		CODE           	58A8	0000	31
		i2___awdiv     		CODE           	5074	0000	133
		i2__tdiv_to_l_ 		CODE           	3E5C	0000	307
		i2_startTimer  		CODE           	54F0	0000	77
		i2___ftmul     		CODE           	4616	0000	245
		i2___wmul      		CODE           	581A	0000	39
		i2_lcdClear    		CODE           	58FC	0000	9
		i2_lcdNewline  		CODE           	58F4	0000	9
		i2__div_to_l_  		CODE           	40BE	0000	297
		__npowers_     		MEDIUMCONST    	FE45	0000	40
		i2___ftpack    		CODE           	4CCE	0000	175
		i2_scale       		CODE           	242C	0000	1009
		_keys          		MEDIUMCONST    	FEB3	0000	18
		i2___lldiv     		CODE           	50F8	0000	131
		__initialization		CODE           	5586	0000	57
		i2___lltoft    		CODE           	53AA	0000	93
		i2___ftsub     		CODE           	5652	0000	65
		i2___awmod     		CODE           	526E	0000	113
		_hexpowers     		MEDIUMCONST    	FE93	0000	33
		i2___llmod     		CODE           	52DE	0000	103
		i2_lcdInst     		CODE           	5886	0000	35
		i2_fround      		CODE           	30B6	0000	583
		_happynewyear  		MEDIUMCONST    	FEC4	0000	8
		i2_digitalWrite		CODE           	4A8C	0000	201

shared estimated size: 7851

lcd.c
		_putch         		CODE           	57F2	0000	41
		_lcdInst       		CODE           	57C8	0000	43
		_lcdClear      		CODE           	58E4	0000	9
		_lcdNibble     		CODE           	51F6	0000	121
		_lcdHome       		CODE           	58EC	0000	9
		_initLCD       		CODE           	553C	0000	75
		_lcdNewline    		CODE           	58DC	0000	9

lcd.c estimated size: 307

C:\Program Files (x86)\Microchip\xc8\v1.40\sources\common\fttol.c
		___fttol       		CODE           	3BDE	0000	325

C:\Program Files (x86)\Microchip\xc8\v1.40\sources\common\fttol.c estimated size: 325

C:\Program Files (x86)\Microchip\xc8\v1.40\sources\common\fldivl.c
		__div_to_l_    		CODE           	3646	0000	393

C:\Program Files (x86)\Microchip\xc8\v1.40\sources\common\fldivl.c estimated size: 393

C:\Program Files (x86)\Microchip\xc8\v1.40\sources\common\awdiv.c
		___awdiv       		CODE           	4B54	0000	191

C:\Program Files (x86)\Microchip\xc8\v1.40\sources\common\awdiv.c estimated size: 191

main.c
		_service       		CODE           	0008	0000	321
		_sortBattery   		CODE           	19D0	0000	1455
		_pinSetup      		CODE           	5692	0000	63
		_main          		CODE           	281C	0000	903
		_pause         		CODE           	58C6	0000	23

main.c estimated size: 2765

C:\Program Files (x86)\Microchip\xc8\v1.40\sources\common\ftadd.c
		___ftadd       		CODE           	2E4E	0000	617

C:\Program Files (x86)\Microchip\xc8\v1.40\sources\common\ftadd.c estimated size: 617

C:\Program Files (x86)\Microchip\xc8\v1.40\sources\common\lldiv.c
		___lldiv       		CODE           	4C12	0000	189

C:\Program Files (x86)\Microchip\xc8\v1.40\sources\common\lldiv.c estimated size: 189

C:\Program Files (x86)\Microchip\xc8\v1.40\sources\common\aldiv.c
		___aldiv       		CODE           	41E6	0000	283

C:\Program Files (x86)\Microchip\xc8\v1.40\sources\common\aldiv.c estimated size: 283

