Microchip MPLAB XC8 Compiler V1.40 ()

Linker command line:

-W-3 --edf=C:\Program Files (x86)\Microchip\xc8\v1.40\dat\en_msgs.txt -cs \
  -h+dist/default/production\PIC18_LCD_LIB.X.production.sym \
  --cmf=dist/default/production\PIC18_LCD_LIB.X.production.cmf -z -Q18F4620 \
  -oC:\Users\Nam\AppData\Local\Temp\s6jk.2 \
  -Mdist/default/production/PIC18_LCD_LIB.X.production.map -E1 -ver=XC8 \
  -ASTACK=0138h-0f7fh -pstack=STACK -ACODE=00h-0FFFFh -ACONST=00h-0FFFFh \
  -ASMALLCONST=01000h-010FFhx240 -AMEDIUMCONST=01000h-0FFFFh \
  -ACOMRAM=01h-07Fh -AABS1=00h-0F7Fh -ABIGRAM=01h-0F7Fh \
  -ARAM=080h-0FFh,0100h-01FFhx14,0F00h-0F7Fh -ABANK0=080h-0FFh \
  -ABANK1=0100h-01FFh -ABANK2=0200h-02FFh -ABANK3=0300h-03FFh \
  -ABANK4=0400h-04FFh -ABANK5=0500h-05FFh -ABANK6=0600h-06FFh \
  -ABANK7=0700h-07FFh -ABANK8=0800h-08FFh -ABANK9=0900h-09FFh \
  -ABANK10=0A00h-0AFFh -ABANK11=0B00h-0BFFh -ABANK12=0C00h-0CFFh \
  -ABANK13=0D00h-0DFFh -ABANK14=0E00h-0EFFh -ABANK15=0F00h-0F7Fh \
  -ASFR=0F80h-0FFFh -preset_vec=00h,intcode=08h,intcodelo,powerup,init \
  -pramtop=01000h -psmallconst=SMALLCONST -pmediumconst=MEDIUMCONST \
  -pconst=CONST -AFARRAM=00h-00h -ACONFIG=0300000h-030000Dh -pconfig=CONFIG \
  -AIDLOC=0200000h-0200007h -pidloc=IDLOC -AEEDATA=0F00000h-0F003FFh \
  -peeprom_data=EEDATA \
  -prdata=COMRAM,nvrram=COMRAM,nvbit=COMRAM,rbss=COMRAM,rbit=COMRAM \
  -pfarbss=FARRAM,fardata=FARRAM,nvFARRAM=FARRAM \
  -pintsave_regs=BIGRAM,bigbss=BIGRAM,bigdata=BIGRAM -pbss=RAM \
  -pidata=CODE,irdata=CODE,ibigdata=CODE,ifardata=CODE -prparam=COMRAM \
  C:\Users\Nam\AppData\Local\Temp\s6jk.obj \
  dist/default/production\PIC18_LCD_LIB.X.production.obj 

Object code version is 3.11

Machine type is 18F4620

Call graph: (short form)




                Name                               Link     Load   Length Selector   Space Scale
C:\Users\Nam\AppData\Local\Temp\s6jk.obj
                init                                  E        E        4        4       0
                reset_vec                             0        0        4        0       0
                idloc                            200000   200000        8   200000       0
                config                           300000   300000        E   300000       0
dist/default/production\PIC18_LCD_LIB.X.production.obj
                intcode                               8        8        6        4       0
                temp                                 5E       5E        1        1       1
                mediumconst                        FDCC     FDCC      234     7EE6       0
                text45                             2AF0     2AF0       20        4       0
                text44                             2684     2684       70        4       0
                text43                             204C     204C       C8        4       0
                text42                             28B4     28B4       4C        4       0
                text41                             1BC0     1BC0      106        4       0
                intcode_body                       21C2     21C2       96        4       0
                text39                             275A     275A       66        4       0
                text38                             2ACE     2ACE       22        4       0
                text37                             2946     2946       46        4       0
                text36                             2900     2900       46        4       0
                text35                             2114     2114       AE        4       0
                text34                             259C     259C       78        4       0
                text33                             2A04     2A04       38        4       0
                text32                             10A4     10A4      268        4       0
                text31                             1CC6     1CC6      104        4       0
                text30                             156C     156C      15E        4       0
                text29                             1822     1822      144        4       0
                text28                             16CA     16CA      158        4       0
                text27                             1EB4     1EB4       D0        4       0
                text26                             2868     2868       4C        4       0
                text25                             240E     240E       88        4       0
                text24                             298C     298C       40        4       0
                text23                             29CC     29CC       38        4       0
                text22                             1DCA     1DCA       EA        4       0
                text21                             1F84     1F84       C8        4       0
                text20                             2B58     2B58        8        4       0
                text19                             237E     237E       90        4       0
                text18                             2A88     2A88       24        4       0
                text17                             281C     281C       4C        4       0
                text16                             251A     251A       82        4       0
                text15                             26F4     26F4       66        4       0
                text14                             27C0     27C0       5C        4       0
                text13                             1A98     1A98      128        4       0
                text12                             1966     1966      132        4       0
                text11                             2496     2496       84        4       0
                text10                             2614     2614       70        4       0
                text9                              2A62     2A62       26        4       0
                text8                              130C     130C      260        4       0
                text7                              2B50     2B50        8        4       0
                text6                              2AAC     2AAC       22        4       0
                text5                               93E      93E      416        4       0
                text4                                12       12      92C        4       0
                text3                              2A3C     2A3C       26        4       0
                text2                              2B2A     2B2A       16        4       0
                text1                               D54      D54      350        4       0
                text0                              2258     2258       94        4       0
                cstackCOMRAM                          1        1       3E        1       1
                cstackBANK0                          80       80       55       80       1
                cstackBANK1                         100      100       2A      100       1
                dataBANK1                           132      132        6      100       1
                bssBANK1                            12A      12A        8      100       1
                dataBANK0                            D5       D5       1A       80       1
                bssBANK0                             EF       EF       11       80       1
                dataCOMRAM                           3F       3F       10        1       1
                bssCOMRAM                            4F       4F        F        1       1
                cinit                              22EC     22EC       92        4       0
                idataBANK1                         2B60     2B60        6        4       0
                idataBANK0                         2B10     2B10       1A        4       0
                idataCOMRAM                        2B40     2B40       10        4       0

TOTAL           Name                               Link     Load   Length     Space
        CLASS   STACK          

        CLASS   CODE           
                intcode                               8        8        6         0
                init                                  E        E        4         0
                reset_vec                             0        0        4         0
                text45                             2AF0     2AF0       20         0
                text44                             2684     2684       70         0
                text43                             204C     204C       C8         0
                text42                             28B4     28B4       4C         0
                text41                             1BC0     1BC0      106         0
                intcode_body                       21C2     21C2       96         0
                text39                             275A     275A       66         0
                text38                             2ACE     2ACE       22         0
                text37                             2946     2946       46         0
                text36                             2900     2900       46         0
                text35                             2114     2114       AE         0
                text34                             259C     259C       78         0
                text33                             2A04     2A04       38         0
                text32                             10A4     10A4      268         0
                text31                             1CC6     1CC6      104         0
                text30                             156C     156C      15E         0
                text29                             1822     1822      144         0
                text28                             16CA     16CA      158         0
                text27                             1EB4     1EB4       D0         0
                text26                             2868     2868       4C         0
                text25                             240E     240E       88         0
                text24                             298C     298C       40         0
                text23                             29CC     29CC       38         0
                text22                             1DCA     1DCA       EA         0
                text21                             1F84     1F84       C8         0
                text20                             2B58     2B58        8         0
                text19                             237E     237E       90         0
                text18                             2A88     2A88       24         0
                text17                             281C     281C       4C         0
                text16                             251A     251A       82         0
                text15                             26F4     26F4       66         0
                text14                             27C0     27C0       5C         0
                text13                             1A98     1A98      128         0
                text12                             1966     1966      132         0
                text11                             2496     2496       84         0
                text10                             2614     2614       70         0
                text9                              2A62     2A62       26         0
                text8                              130C     130C      260         0
                text7                              2B50     2B50        8         0
                text6                              2AAC     2AAC       22         0
                text5                               93E      93E      416         0
                text4                                12       12      92C         0
                text3                              2A3C     2A3C       26         0
                text2                              2B2A     2B2A       16         0
                text1                               D54      D54      350         0
                text0                              2258     2258       94         0
                cinit                              22EC     22EC       92         0
                idataBANK1                         2B60     2B60        6         0
                idataBANK0                         2B10     2B10       1A         0
                idataCOMRAM                        2B40     2B40       10         0

        CLASS   CONST          

        CLASS   SMALLCONST     

        CLASS   MEDIUMCONST    
                mediumconst                        FDCC     FDCC      234         0

        CLASS   COMRAM         
                temp                                 5E       5E        1         1
                cstackCOMRAM                          1        1       3E         1
                dataCOMRAM                           3F       3F       10         1
                bssCOMRAM                            4F       4F        F         1

        CLASS   ABS1           

        CLASS   BIGRAM         

        CLASS   RAM            

        CLASS   BANK0          
                cstackBANK0                          80       80       55         1
                dataBANK0                            D5       D5       1A         1
                bssBANK0                             EF       EF       11         1

        CLASS   BANK1          
                cstackBANK1                         100      100       2A         1
                dataBANK1                           132      132        6         1
                bssBANK1                            12A      12A        8         1

        CLASS   BANK2          

        CLASS   BANK3          

        CLASS   BANK4          

        CLASS   BANK5          

        CLASS   BANK6          

        CLASS   BANK7          

        CLASS   BANK8          

        CLASS   BANK9          

        CLASS   BANK10         

        CLASS   BANK11         

        CLASS   BANK12         

        CLASS   BANK13         

        CLASS   BANK14         

        CLASS   BANK15         

        CLASS   SFR            

        CLASS   FARRAM         

        CLASS   CONFIG         
                config                           300000   300000        E         0

        CLASS   IDLOC          
                idloc                            200000   200000        8         0

        CLASS   EEDATA         



SEGMENTS        Name                           Load    Length   Top    Selector   Space  Class

                reset_vec                      000000  000004  000004         0       0  CODE    
                cstackCOMRAM                   000001  00005E  00005F         1       1  COMRAM  
                intcode                        000008  002B5E  002B66         4       0  CODE    
                cstackBANK0                    000080  000080  000100        80       1  BANK0   
                cstackBANK1                    000100  000038  000138       100       1  BANK1   
                mediumconst                    00FDCC  000234  010000      7EE6       0  MEDIUMCO
                idloc                          200000  000008  200008    200000       0  IDLOC   
                config                         300000  00000E  30000E    300000       0  CONFIG  


UNUSED ADDRESS RANGES

        Name                Unused          Largest block    Delta
        BANK1            000138-0001FF               C8
        BANK10           000A00-000AFF              100
        BANK11           000B00-000BFF              100
        BANK12           000C00-000CFF              100
        BANK13           000D00-000DFF              100
        BANK14           000E00-000EFF              100
        BANK15           000F00-000F7F               80
        BANK2            000200-0002FF              100
        BANK3            000300-0003FF              100
        BANK4            000400-0004FF              100
        BANK5            000500-0005FF              100
        BANK6            000600-0006FF              100
        BANK7            000700-0007FF              100
        BANK8            000800-0008FF              100
        BANK9            000900-0009FF              100
        BIGRAM           00005F-00007F               21
                         000138-000F7F              E48
        CODE             000004-000007                4
                         002B66-00FDCB             D266
        COMRAM           00005F-00007F               21
        CONST            000004-000007                4
                         002B66-00FDCB             D266
        EEDATA           F00000-F003FF              400
        MEDIUMCONST      002B66-00FDCB             D266
        RAM              000138-000F7F              100
        SFR              000F80-000FFF               80
        SMALLCONST       002B66-00FDCB              100
        STACK            000138-000F7F              E48

                                  Symbol Table

?___altoft                           cstackCOMRAM 00002A
?___awdiv                            cstackCOMRAM 000028
?___awmod                            cstackCOMRAM 000022
?___awtoft                           cstackCOMRAM 00002A
?___ftadd                            cstackBANK0  00009F
?___ftdiv                            cstackCOMRAM 000034
?___ftmul                            cstackBANK0  000086
?___ftneg                            cstackCOMRAM 000022
?___ftpack                           cstackCOMRAM 000022
?___ftsub                            cstackBANK0  0000AB
?___fttol                            cstackBANK0  0000AB
?___lldiv                            cstackCOMRAM 000022
?___llmod                            cstackCOMRAM 00002F
?___lltoft                           cstackCOMRAM 00002A
?___wmul                             cstackCOMRAM 000030
?__div_to_l_                         cstackCOMRAM 000022
?__tdiv_to_l_                        cstackCOMRAM 000022
?_analogRead                         cstackCOMRAM 000022
?_angleToPulse                       cstackBANK0  0000BA
?_digitalRead                        cstackCOMRAM 000022
?_fround                             cstackBANK0  000095
?_printf                             cstackBANK0  0000BA
?_scale                              cstackBANK0  000095
?i2___awmod                          cstackCOMRAM 000001
_AA_float                            dataBANK0    0000E7
_ACKDT                               (abs)        007E2D
_ACKEN                               (abs)        007E2C
_ADCON0                              (abs)        000FC2
_ADCON1                              (abs)        000FC1
_ADCON2                              (abs)        000FC0
_ADRESH                              (abs)        000FC4
_ADRESL                              (abs)        000FC3
_EEADR                               (abs)        000FA9
_EEADRH                              (abs)        000FAA
_EECON1                              (abs)        000FA6
_EECON2                              (abs)        000FA7
_EEDATA                              (abs)        000FA8
_EEIF                                (abs)        007D0C
_INT0IE                              (abs)        007F94
_INT0IF                              (abs)        007F91
_INT1IE                              (abs)        007F83
_INT1IF                              (abs)        007F80
_INTCONbits                          (abs)        000FF2
_LATA                                (abs)        000F89
_LATB                                (abs)        000F8A
_LATC                                (abs)        000F8B
_LATD                                (abs)        000F8C
_LATDbits                            (abs)        000F8C
_LATE                                (abs)        000F8D
_PEIE                                (abs)        007F96
_PEN                                 (abs)        007E2A
_PORTA                               (abs)        000F80
_PORTB                               (abs)        000F81
_PORTBbits                           (abs)        000F81
_PORTC                               (abs)        000F82
_PORTD                               (abs)        000F83
_RCEN                                (abs)        007E2B
_RSEN                                (abs)        007E29
_SEN                                 (abs)        007E28
_SSPADD                              (abs)        000FC8
_SSPBUF                              (abs)        000FC9
_SSPCON1                             (abs)        000FC6
_SSPCON2                             (abs)        000FC5
_SSPSTAT                             (abs)        000FC7
_T0CON                               (abs)        000FD5
_T1CON                               (abs)        000FCD
_T3CON                               (abs)        000FB1
_TMR0H                               (abs)        000FD7
_TMR0IE                              (abs)        007F95
_TMR0IF                              (abs)        007F92
_TMR0L                               (abs)        000FD6
_TMR1H                               (abs)        000FCF
_TMR1IE                              (abs)        007CE8
_TMR1L                               (abs)        000FCE
_TMR3H                               (abs)        000FB3
_TMR3IE                              (abs)        007D01
_TMR3L                               (abs)        000FB2
_TRISA                               (abs)        000F92
_TRISB                               (abs)        000F93
_TRISC                               (abs)        000F94
_TRISC3                              (abs)        007CA3
_TRISC4                              (abs)        007CA4
_TRISD                               (abs)        000F95
_TRISE                               (abs)        000F96
_V_LIM_9V                            bssBANK0     0000F3
_V_LIM_AA                            bssBANK0     0000F6
_V_LIM_C                             bssBANK0     0000F9
__CFG_BOREN$SBORDIS                  (abs)        000000
__CFG_BORV$3                         (abs)        000000
__CFG_CCP2MX$PORTC                   (abs)        000000
__CFG_CP0$OFF                        (abs)        000000
__CFG_CP1$OFF                        (abs)        000000
__CFG_CP2$OFF                        (abs)        000000
__CFG_CP3$OFF                        (abs)        000000
__CFG_CPB$OFF                        (abs)        000000
__CFG_CPD$OFF                        (abs)        000000
__CFG_EBTR0$OFF                      (abs)        000000
__CFG_EBTR1$OFF                      (abs)        000000
__CFG_EBTR2$OFF                      (abs)        000000
__CFG_EBTR3$OFF                      (abs)        000000
__CFG_EBTRB$OFF                      (abs)        000000
__CFG_FCMEN$OFF                      (abs)        000000
__CFG_IESO$OFF                       (abs)        000000
__CFG_LPT1OSC$OFF                    (abs)        000000
__CFG_LVP$OFF                        (abs)        000000
__CFG_MCLRE$ON                       (abs)        000000
__CFG_OSC$HS                         (abs)        000000
__CFG_PBADEN$ON                      (abs)        000000
__CFG_PWRT$OFF                       (abs)        000000
__CFG_STVREN$ON                      (abs)        000000
__CFG_WDT$OFF                        (abs)        000000
__CFG_WDTPS$32768                    (abs)        000000
__CFG_WRT0$OFF                       (abs)        000000
__CFG_WRT1$OFF                       (abs)        000000
__CFG_WRT2$OFF                       (abs)        000000
__CFG_WRT3$OFF                       (abs)        000000
__CFG_WRTB$OFF                       (abs)        000000
__CFG_WRTC$OFF                       (abs)        000000
__CFG_WRTD$OFF                       (abs)        000000
__CFG_XINST$OFF                      (abs)        000000
__HRAM                               (abs)        000000
__Habs1                              abs1         000000
__Hbank0                             bank0        000000
__Hbank1                             bank1        000000
__Hbank10                            bank10       000000
__Hbank11                            bank11       000000
__Hbank12                            bank12       000000
__Hbank13                            bank13       000000
__Hbank14                            bank14       000000
__Hbank15                            bank15       000000
__Hbank2                             bank2        000000
__Hbank3                             bank3        000000
__Hbank4                             bank4        000000
__Hbank5                             bank5        000000
__Hbank6                             bank6        000000
__Hbank7                             bank7        000000
__Hbank8                             bank8        000000
__Hbank9                             bank9        000000
__Hbigbss                            bigbss       000000
__Hbigdata                           bigdata      000000
__Hbigram                            bigram       000000
__Hbss                               bss          000000
__HbssBANK0                          bssBANK0     000000
__HbssBANK1                          bssBANK1     000000
__HbssCOMRAM                         bssCOMRAM    000000
__Hcinit                             cinit        000000
__Hclrtext                           clrtext      000000
__Hcomram                            comram       000000
__Hconfig                            config       30000E
__Hconst                             const        000000
__HcstackBANK0                       cstackBANK0  000000
__HcstackBANK1                       cstackBANK1  000000
__HcstackCOMRAM                      cstackCOMRAM 000000
__Hdata                              data         000000
__HdataBANK0                         dataBANK0    000000
__HdataBANK1                         dataBANK1    000000
__HdataCOMRAM                        dataCOMRAM   000000
__Heeprom_data                       eeprom_data  000000
__Hfarbss                            farbss       000000
__Hfardata                           fardata      000000
__Hibigdata                          ibigdata     000000
__Hidata                             idata        000000
__HidataBANK0                        idataBANK0   000000
__HidataBANK1                        idataBANK1   000000
__HidataCOMRAM                       idataCOMRAM  000000
__Hidloc                             idloc        200008
__Hifardata                          ifardata     000000
__Hinit                              init         000012
__Hintcode                           intcode      00000E
__Hintcode_body                      intcode_body 000000
__Hintcodelo                         intcodelo    00000E
__Hintentry                          intentry     000000
__Hintret                            intret       000000
__Hintsave_regs                      intsave_regs 000000
__Hirdata                            irdata       000000
__Hmediumconst                       mediumconst  010000
__HnvFARRAM                          nvFARRAM     000000
__Hnvbit                             nvbit        000000
__Hnvrram                            nvrram       000000
__Hparam                             rparam       000000
__Hpowerup                           powerup      00000E
__Hram                               ram          000000
__Hramtop                            ramtop       001000
__Hrbit                              rbit         000000
__Hrbss                              rbss         000000
__Hrdata                             rdata        000000
__Hreset_vec                         reset_vec    000004
__Hrparam                            rparam       000000
__Hsfr                               sfr          000000
__Hsmallconst                        smallconst   000000
__Hspace_0                           (abs)        30000E
__Hspace_1                           (abs)        000138
__Hspace_2                           (abs)        000000
__Hstack                             stack        000000
__Hstruct                            struct       000000
__Htemp                              temp         00005F
__Htext                              text         000000
__Htext0                             text0        000000
__Htext1                             text1        000000
__Htext10                            text10       000000
__Htext11                            text11       000000
__Htext12                            text12       000000
__Htext13                            text13       000000
__Htext14                            text14       000000
__Htext15                            text15       000000
__Htext16                            text16       000000
__Htext17                            text17       000000
__Htext18                            text18       000000
__Htext19                            text19       000000
__Htext2                             text2        000000
__Htext20                            text20       000000
__Htext21                            text21       000000
__Htext22                            text22       000000
__Htext23                            text23       000000
__Htext24                            text24       000000
__Htext25                            text25       000000
__Htext26                            text26       000000
__Htext27                            text27       000000
__Htext28                            text28       000000
__Htext29                            text29       000000
__Htext3                             text3        000000
__Htext30                            text30       000000
__Htext31                            text31       000000
__Htext32                            text32       000000
__Htext33                            text33       000000
__Htext34                            text34       000000
__Htext35                            text35       000000
__Htext36                            text36       000000
__Htext37                            text37       000000
__Htext38                            text38       000000
__Htext39                            text39       000000
__Htext4                             text4        000000
__Htext41                            text41       000000
__Htext42                            text42       000000
__Htext43                            text43       000000
__Htext44                            text44       000000
__Htext45                            text45       000000
__Htext5                             text5        000000
__Htext6                             text6        000000
__Htext7                             text7        000000
__Htext8                             text8        000000
__Htext9                             text9        000000
__LRAM                               (abs)        000001
__Labs1                              abs1         000000
__Lbank0                             bank0        000000
__Lbank1                             bank1        000000
__Lbank10                            bank10       000000
__Lbank11                            bank11       000000
__Lbank12                            bank12       000000
__Lbank13                            bank13       000000
__Lbank14                            bank14       000000
__Lbank15                            bank15       000000
__Lbank2                             bank2        000000
__Lbank3                             bank3        000000
__Lbank4                             bank4        000000
__Lbank5                             bank5        000000
__Lbank6                             bank6        000000
__Lbank7                             bank7        000000
__Lbank8                             bank8        000000
__Lbank9                             bank9        000000
__Lbigbss                            bigbss       000000
__Lbigdata                           bigdata      000000
__Lbigram                            bigram       000000
__Lbss                               bss          000000
__LbssBANK0                          bssBANK0     000000
__LbssBANK1                          bssBANK1     000000
__LbssCOMRAM                         bssCOMRAM    000000
__Lcinit                             cinit        000000
__Lclrtext                           clrtext      000000
__Lcomram                            comram       000000
__Lconfig                            config       300000
__Lconst                             const        000000
__LcstackBANK0                       cstackBANK0  000000
__LcstackBANK1                       cstackBANK1  000000
__LcstackCOMRAM                      cstackCOMRAM 000000
__Ldata                              data         000000
__LdataBANK0                         dataBANK0    000000
__LdataBANK1                         dataBANK1    000000
__LdataCOMRAM                        dataCOMRAM   000000
__Leeprom_data                       eeprom_data  000000
__Lfarbss                            farbss       000000
__Lfardata                           fardata      000000
__Libigdata                          ibigdata     000000
__Lidata                             idata        000000
__LidataBANK0                        idataBANK0   000000
__LidataBANK1                        idataBANK1   000000
__LidataCOMRAM                       idataCOMRAM  000000
__Lidloc                             idloc        200000
__Lifardata                          ifardata     000000
__Linit                              init         00000E
__Lintcode                           intcode      000008
__Lintcode_body                      intcode_body 000000
__Lintcodelo                         intcodelo    00000E
__Lintentry                          intentry     000000
__Lintret                            intret       000000
__Lintsave_regs                      intsave_regs 000000
__Lirdata                            irdata       000000
__Lmediumconst                       mediumconst  00FDCC
__LnvFARRAM                          nvFARRAM     000000
__Lnvbit                             nvbit        000000
__Lnvrram                            nvrram       000000
__Lparam                             rparam       000000
__Lpowerup                           powerup      00000E
__Lram                               ram          000000
__Lramtop                            ramtop       001000
__Lrbit                              rbit         000000
__Lrbss                              rbss         000000
__Lrdata                             rdata        000000
__Lreset_vec                         reset_vec    000000
__Lrparam                            rparam       000000
__Lsfr                               sfr          000000
__Lsmallconst                        smallconst   000000
__Lspace_0                           (abs)        000000
__Lspace_1                           (abs)        000000
__Lspace_2                           (abs)        000000
__Lstack                             stack        000000
__Lstruct                            struct       000000
__Ltemp                              temp         00005E
__Ltext                              text         000000
__Ltext0                             text0        000000
__Ltext1                             text1        000000
__Ltext10                            text10       000000
__Ltext11                            text11       000000
__Ltext12                            text12       000000
__Ltext13                            text13       000000
__Ltext14                            text14       000000
__Ltext15                            text15       000000
__Ltext16                            text16       000000
__Ltext17                            text17       000000
__Ltext18                            text18       000000
__Ltext19                            text19       000000
__Ltext2                             text2        000000
__Ltext20                            text20       000000
__Ltext21                            text21       000000
__Ltext22                            text22       000000
__Ltext23                            text23       000000
__Ltext24                            text24       000000
__Ltext25                            text25       000000
__Ltext26                            text26       000000
__Ltext27                            text27       000000
__Ltext28                            text28       000000
__Ltext29                            text29       000000
__Ltext3                             text3        000000
__Ltext30                            text30       000000
__Ltext31                            text31       000000
__Ltext32                            text32       000000
__Ltext33                            text33       000000
__Ltext34                            text34       000000
__Ltext35                            text35       000000
__Ltext36                            text36       000000
__Ltext37                            text37       000000
__Ltext38                            text38       000000
__Ltext39                            text39       000000
__Ltext4                             text4        000000
__Ltext41                            text41       000000
__Ltext42                            text42       000000
__Ltext43                            text43       000000
__Ltext44                            text44       000000
__Ltext45                            text45       000000
__Ltext5                             text5        000000
__Ltext6                             text6        000000
__Ltext7                             text7        000000
__Ltext8                             text8        000000
__Ltext9                             text9        000000
__S0                                 (abs)        30000E
__S1                                 (abs)        000138
__S2                                 (abs)        000000
___altoft                            text34       00259C
___altoft@c                          cstackCOMRAM 00002A
___altoft@exp                        cstackCOMRAM 000032
___altoft@sign                       cstackCOMRAM 000033
___awdiv                             text11       002496
___awdiv@counter                     cstackCOMRAM 00002C
___awdiv@dividend                    cstackCOMRAM 000028
___awdiv@divisor                     cstackCOMRAM 00002A
___awdiv@quotient                    cstackCOMRAM 00002E
___awdiv@sign                        cstackCOMRAM 00002D
___awmod                             text10       002614
___awmod@counter                     cstackCOMRAM 000026
___awmod@dividend                    cstackCOMRAM 000022
___awmod@divisor                     cstackCOMRAM 000024
___awmod@sign                        cstackCOMRAM 000027
___awtoft                            text33       002A04
___awtoft@c                          cstackCOMRAM 00002A
___awtoft@sign                       cstackCOMRAM 00002D
___ftadd                             text32       0010A4
___ftadd@exp1                        cstackBANK0  0000AA
___ftadd@exp2                        cstackBANK0  0000A9
___ftadd@f1                          cstackBANK0  00009F
___ftadd@f2                          cstackBANK0  0000A2
___ftadd@sign                        cstackBANK0  0000A8
___ftdiv                             text31       001CC6
___ftdiv@cntr                        cstackBANK0  000080
___ftdiv@exp                         cstackBANK0  000084
___ftdiv@f1                          cstackCOMRAM 000034
___ftdiv@f2                          cstackCOMRAM 000037
___ftdiv@f3                          cstackBANK0  000081
___ftdiv@sign                        cstackBANK0  000085
___ftge                              text19       00237E
___ftge@ff1                          cstackCOMRAM 000022
___ftge@ff2                          cstackCOMRAM 000025
___ftmul                             text30       00156C
___ftmul@cntr                        cstackBANK0  000093
___ftmul@exp                         cstackBANK0  00008F
___ftmul@f1                          cstackBANK0  000086
___ftmul@f2                          cstackBANK0  000089
___ftmul@f3_as_product               cstackBANK0  000090
___ftmul@sign                        cstackBANK0  000094
___ftneg                             text18       002A88
___ftneg@f1                          cstackCOMRAM 000022
___ftpack                            text35       002114
___ftpack@arg                        cstackCOMRAM 000022
___ftpack@exp                        cstackCOMRAM 000025
___ftpack@sign                       cstackCOMRAM 000026
___ftsub                             text17       00281C
___ftsub@f1                          cstackBANK0  0000AB
___ftsub@f2                          cstackBANK0  0000AE
___fttol                             text29       001822
___fttol@exp1                        cstackBANK0  0000B9
___fttol@f1                          cstackBANK0  0000AB
___fttol@lval                        cstackBANK0  0000B5
___fttol@sign1                       cstackBANK0  0000B4
___inthi_sp                          stack        000000
___intlo_sp                          stack        000000
___lldiv                             text16       00251A
___lldiv@counter                     cstackCOMRAM 00002E
___lldiv@dividend                    cstackCOMRAM 000022
___lldiv@divisor                     cstackCOMRAM 000026
___lldiv@quotient                    cstackCOMRAM 00002A
___llmod                             text15       0026F4
___llmod@counter                     cstackCOMRAM 000037
___llmod@dividend                    cstackCOMRAM 00002F
___llmod@divisor                     cstackCOMRAM 000033
___lltoft                            text14       0027C0
___lltoft@c                          cstackCOMRAM 00002A
___lltoft@exp                        cstackCOMRAM 000032
___param_bank                        (abs)        000000
___rparam_used                       (abs)        000001
___sp                                stack        000000
___wmul                              text9        002A62
___wmul@multiplicand                 cstackCOMRAM 000032
___wmul@multiplier                   cstackCOMRAM 000030
___wmul@product                      cstackCOMRAM 000034
__accesstop                          (abs)        000080
__activetblptr                       (abs)        000002
__div_to_l_                          text13       001A98
__div_to_l_@cntr                     cstackCOMRAM 00002C
__div_to_l_@exp1                     cstackCOMRAM 00002D
__div_to_l_@f1                       cstackCOMRAM 000022
__div_to_l_@f2                       cstackCOMRAM 000025
__div_to_l_@quot                     cstackCOMRAM 000028
__end_of___altoft                    text34       002614
__end_of___awdiv                     text11       00251A
__end_of___awmod                     text10       002684
__end_of___awtoft                    text33       002A3C
__end_of___ftadd                     text32       00130C
__end_of___ftdiv                     text31       001DCA
__end_of___ftge                      text19       00240E
__end_of___ftmul                     text30       0016CA
__end_of___ftneg                     text18       002AAC
__end_of___ftpack                    text35       0021C2
__end_of___ftsub                     text17       002868
__end_of___fttol                     text29       001966
__end_of___lldiv                     text16       00259C
__end_of___llmod                     text15       00275A
__end_of___lltoft                    text14       00281C
__end_of___wmul                      text9        002A88
__end_of__div_to_l_                  text13       001BC0
__end_of__initialization             cinit        002370
__end_of__npowers_                   mediumconst  00FE1C
__end_of__powers_                    mediumconst  00FE43
__end_of__tdiv_to_l_                 text12       001A98
__end_of_analogRead                  text23       002A04
__end_of_angleToPulse                text28       001822
__end_of_digitalRead                 text22       001EB4
__end_of_digitalWrite                text21       00204C
__end_of_dpowers                     mediumconst  00FDF5
__end_of_fround                      text8        00156C
__end_of_happynewyear                mediumconst  00FE7B
__end_of_hexpowers                   mediumconst  00FE63
__end_of_initLCD                     text37       00298C
__end_of_initServo                   text25       002496
__end_of_initTimer                   text36       002946
__end_of_keyPressedInterruptService  text45       002B10
__end_of_keys                        mediumconst  00FE74
__end_of_lcdClear                    text20       002B60
__end_of_lcdInst                     text38       002AF0
__end_of_lcdNewline                  text7        002B58
__end_of_lcdNibble                   text39       0027C0
__end_of_main                        text0        0022EC
__end_of_pause                       text2        002B40
__end_of_pinSetup                    text24       0029CC
__end_of_printf                      text4        00093E
__end_of_putch                       text6        002ACE
__end_of_readKeypad                  text3        002A62
__end_of_scale                       text5        000D54
__end_of_service                     intcode_body 002258
__end_of_servoInterruptService       text41       001CC6
__end_of_setAngle                    text27       001F84
__end_of_sortBattery                 text1        0010A4
__end_of_startTimer                  text26       0028B4
__end_ofi2___awmod                   text44       0026F4
__end_ofi2_digitalWrite              text43       002114
__end_ofi2_startTimer                text42       002900
__initialization                     cinit        0022EC
__mediumconst                        mediumconst  00FDCC
__npowers_                           mediumconst  00FDF5
__pbssBANK0                          bssBANK0     0000EF
__pbssBANK1                          bssBANK1     00012A
__pbssCOMRAM                         bssCOMRAM    00004F
__pcinit                             cinit        0022EC
__pcstackBANK0                       cstackBANK0  000080
__pcstackBANK1                       cstackBANK1  000100
__pcstackCOMRAM                      cstackCOMRAM 000001
__pdataBANK0                         dataBANK0    0000D5
__pdataBANK1                         dataBANK1    000132
__pdataCOMRAM                        dataCOMRAM   00003F
__pidataBANK0                        idataBANK0   002B10
__pidataBANK1                        idataBANK1   002B60
__pidataCOMRAM                       idataCOMRAM  002B40
__pintcode                           intcode      000008
__pintcode_body                      intcode_body 0021C2
__pmediumconst                       mediumconst  00FDCC
__powers_                            mediumconst  00FE1C
__ptext0                             text0        002258
__ptext1                             text1        000D54
__ptext10                            text10       002614
__ptext11                            text11       002496
__ptext12                            text12       001966
__ptext13                            text13       001A98
__ptext14                            text14       0027C0
__ptext15                            text15       0026F4
__ptext16                            text16       00251A
__ptext17                            text17       00281C
__ptext18                            text18       002A88
__ptext19                            text19       00237E
__ptext2                             text2        002B2A
__ptext20                            text20       002B58
__ptext21                            text21       001F84
__ptext22                            text22       001DCA
__ptext23                            text23       0029CC
__ptext24                            text24       00298C
__ptext25                            text25       00240E
__ptext26                            text26       002868
__ptext27                            text27       001EB4
__ptext28                            text28       0016CA
__ptext29                            text29       001822
__ptext3                             text3        002A3C
__ptext30                            text30       00156C
__ptext31                            text31       001CC6
__ptext32                            text32       0010A4
__ptext33                            text33       002A04
__ptext34                            text34       00259C
__ptext35                            text35       002114
__ptext36                            text36       002900
__ptext37                            text37       002946
__ptext38                            text38       002ACE
__ptext39                            text39       00275A
__ptext4                             text4        000012
__ptext41                            text41       001BC0
__ptext42                            text42       0028B4
__ptext43                            text43       00204C
__ptext44                            text44       002684
__ptext45                            text45       002AF0
__ptext5                             text5        00093E
__ptext6                             text6        002AAC
__ptext7                             text7        002B50
__ptext8                             text8        00130C
__ptext9                             text9        002A62
__ramtop                             ramtop       001000
__size_of___altoft                   (abs)        000000
__size_of___awdiv                    (abs)        000000
__size_of___awmod                    (abs)        000000
__size_of___awtoft                   (abs)        000000
__size_of___ftadd                    (abs)        000000
__size_of___ftdiv                    (abs)        000000
__size_of___ftge                     (abs)        000000
__size_of___ftmul                    (abs)        000000
__size_of___ftneg                    (abs)        000000
__size_of___ftpack                   (abs)        000000
__size_of___ftsub                    (abs)        000000
__size_of___fttol                    (abs)        000000
__size_of___lldiv                    (abs)        000000
__size_of___llmod                    (abs)        000000
__size_of___lltoft                   (abs)        000000
__size_of___wmul                     (abs)        000000
__size_of__div_to_l_                 (abs)        000000
__size_of__tdiv_to_l_                (abs)        000000
__size_of_analogRead                 (abs)        000000
__size_of_angleToPulse               (abs)        000000
__size_of_digitalRead                (abs)        000000
__size_of_digitalWrite               (abs)        000000
__size_of_fround                     (abs)        000000
__size_of_initLCD                    (abs)        000000
__size_of_initServo                  (abs)        000000
__size_of_initTimer                  (abs)        000000
__size_of_keyPressedInterruptService (abs)        000000
__size_of_lcdClear                   (abs)        000000
__size_of_lcdInst                    (abs)        000000
__size_of_lcdNewline                 (abs)        000000
__size_of_lcdNibble                  (abs)        000000
__size_of_main                       (abs)        000000
__size_of_pause                      (abs)        000000
__size_of_pinSetup                   (abs)        000000
__size_of_printf                     (abs)        000000
__size_of_putch                      (abs)        000000
__size_of_readKeypad                 (abs)        000000
__size_of_scale                      (abs)        000000
__size_of_service                    (abs)        000000
__size_of_servoInterruptService      (abs)        000000
__size_of_setAngle                   (abs)        000000
__size_of_sortBattery                (abs)        000000
__size_of_startTimer                 (abs)        000000
__size_ofi2___awmod                  (abs)        000000
__size_ofi2_digitalWrite             (abs)        000000
__size_ofi2_startTimer               (abs)        000000
__smallconst                         smallconst   000000
__tdiv_to_l_                         text12       001966
__tdiv_to_l_@cntr                    cstackCOMRAM 00002F
__tdiv_to_l_@exp1                    cstackCOMRAM 000030
__tdiv_to_l_@f1                      cstackCOMRAM 000022
__tdiv_to_l_@f2                      cstackCOMRAM 000025
__tdiv_to_l_@quot                    cstackCOMRAM 00002B
_analogRead                          text23       0029CC
_angleToPulse                        text28       0016CA
_angleToPulse$1316                   cstackBANK0  0000CA
_batteryDetected                     bssBANK0     0000FC
_conveyorServo                       dataCOMRAM   000041
_count                               bssCOMRAM    000057
_curr                                bssCOMRAM    000059
_cylinderMotor                       dataBANK0    0000EB
_digitalRead                         text22       001DCA
_digitalWrite                        text21       001F84
_dpowers                             mediumconst  00FDCD
_fround                              text8        00130C
_fround$1317                         cstackBANK0  00009B
_fround$1318                         cstackBANK0  000098
_happynewyear                        mediumconst  00FE74
_hexpowers                           mediumconst  00FE43
_initLCD                             text37       002946
_initServo                           text25       00240E
_initTimer                           text36       002900
_keyPressedInterruptService          text45       002AF0
_keys                                mediumconst  00FE63
_lastKey                             bssCOMRAM    00005D
_lcdClear                            text20       002B58
_lcdInst                             text38       002ACE
_lcdNewline                          text7        002B50
_lcdNibble                           text39       00275A
_main                                text0        002258
_n                                   bssBANK0     0000FE
_padAngle_CLOSE                      dataBANK0    0000D5
_padAngle_NEUTRAL                    dataBANK0    0000D7
_padAngle_OPEN                       dataBANK0    0000D9
_padPin1                             dataCOMRAM   000047
_padPin2                             dataCOMRAM   00004B
_padPin3                             bssBANK0     0000EF
_padServo                            dataBANK0    0000E1
_pause                               text2        002B2A
_pinSetup                            text24       00298C
_prevTime                            bssCOMRAM    00005B
_printf                              text4        000012
_printf$1320                         cstackBANK1  000100
_pulse                               bssBANK1     00012A
_putch                               text6        002AAC
_readKeypad                          text3        002A3C
_redirectAngle_9V                    dataBANK0    0000DB
_redirectAngle_AA                    dataBANK0    0000DD
_redirectAngle_C                     dataCOMRAM   00003F
_redirectAngle_OTHER                 dataBANK0    0000DF
_redirectingServo                    dataBANK1    000132
_scale                               text5        00093E
_scale$1319                          cstackBANK0  000098
_service                             intcode      000008
_servoInterruptService               text41       001BC0
_servos                              bssCOMRAM    00004F
_setAngle                            text27       001EB4
_sortBattery                         text1        000D54
_startTimer                          text26       002868
analogRead@channel                   cstackCOMRAM 000022
angleToPulse@a000                    cstackBANK0  0000CD
angleToPulse@a180                    cstackBANK0  0000C6
angleToPulse@angle                   cstackBANK0  0000BA
angleToPulse@offset                  cstackBANK0  0000C2
btemp                                temp         00005E
digitalRead@pin                      cstackCOMRAM 000022
digitalWrite@p                       cstackCOMRAM 000029
digitalWrite@pin                     cstackCOMRAM 000022
digitalWrite@val                     cstackCOMRAM 000024
end_of_initialization                cinit        002370
fround@prec                          cstackBANK0  00009E
i2___awmod                           text44       002684
i2___awmod@counter                   cstackCOMRAM 000005
i2___awmod@dividend                  cstackCOMRAM 000001
i2___awmod@divisor                   cstackCOMRAM 000003
i2___awmod@sign                      cstackCOMRAM 000006
i2_digitalWrite                      text43       00204C
i2_startTimer                        text42       0028B4
i2digitalWrite@p                     cstackCOMRAM 00000E
i2digitalWrite@pin                   cstackCOMRAM 000007
i2digitalWrite@val                   cstackCOMRAM 000009
i2startTimer@timer                   cstackCOMRAM 000007
i2startTimer@val                     cstackCOMRAM 000009
initServo@angle                      cstackBANK1  000106
initServo@motor                      cstackBANK1  000104
initTimer@timer                      cstackCOMRAM 000022
int$flags                            temp         00005E
int_func                             intcode_body 0021C2
intlevel0                            text         000000
intlevel1                            text         000000
intlevel2                            text         000000
intlevel3                            text         000000
keyPressedInterruptService@key       cstackCOMRAM 000001
lcdInst@data                         cstackCOMRAM 000025
lcdNibble@data                       cstackCOMRAM 000023
lcdNibble@temp                       cstackCOMRAM 000022
pause@message                        cstackCOMRAM 00003D
printf@ap                            cstackBANK1  000104
printf@c                             cstackBANK1  000117
printf@exp                           cstackBANK1  00010A
printf@f                             cstackBANK0  0000BA
printf@flag                          cstackBANK1  000106
printf@fval                          cstackBANK1  000114
printf@idx                           cstackBANK1  000103
printf@prec                          cstackBANK1  000108
printf@tmpval                        cstackBANK1  00010C
printf@val                           cstackBANK1  000110
putch@data                           cstackCOMRAM 000026
readKeypad@key                       cstackCOMRAM 000022
scale@scl                            cstackBANK0  00009B
setAngle@angle                       cstackBANK0  0000D3
setAngle@i                           cstackBANK1  000102
setAngle@motor                       cstackBANK0  0000D1
setAngle@period                      cstackBANK1  000100
sortBattery@V                        cstackBANK1  000127
sortBattery@V_float                  cstackBANK1  00011A
sortBattery@Vcc                      cstackBANK1  00011D
sortBattery@resolution               cstackBANK1  000120
sortBattery@signal                   cstackBANK1  000123
sortBattery@targetAngle              cstackBANK1  000125
stackhi                              (abs)        000F7F
stacklo                              (abs)        000138
start                                init         00000E
startTimer@timer                     cstackCOMRAM 000022
startTimer@val                       cstackCOMRAM 000024
start_initialization                 cinit        0022EC


FUNCTION INFORMATION:

 *************** function _main *****************
 Defined at:
		line 90 in file "main.c"
 Parameters:    Size  Location     Type
		None
 Auto vars:     Size  Location     Type
		None
 Return value:  Size  Location     Type
                  1    wreg      void 
 Registers used:
		wreg, fsr2l, fsr2h, status,2, status,0, tblptrl, tblptrh, tblptru, prodl, prodh, cstack
 Tracked objects:
		On entry : 
		On exit  : 
		Unchanged: 
 Data sizes:     COMRAM   BANK0   BANK1   BANK2   BANK3   BANK4   BANK5   BANK6   BANK7   BANK8   BANK9  BANK10  BANK11  BANK12  BANK13  BANK14  BANK15
      Params:         0       0       0       0       0       0       0       0       0       0       0       0       0       0       0       0       0
      Locals:         0       0       0       0       0       0       0       0       0       0       0       0       0       0       0       0       0
      Temps:          0       0       0       0       0       0       0       0       0       0       0       0       0       0       0       0       0
      Totals:         0       0       0       0       0       0       0       0       0       0       0       0       0       0       0       0       0
Total ram usage:        0 bytes
 Hardware stack levels required when called:   10
 This function calls:
		_digitalWrite
		_initLCD
		_initServo
		_pinSetup
		_printf
		_sortBattery
 This function is called by:
		Startup code after reset
 This function uses a non-reentrant model


 *************** function _sortBattery *****************
 Defined at:
		line 124 in file "main.c"
 Parameters:    Size  Location     Type
		None
 Auto vars:     Size  Location     Type
  V_float         3   26[BANK1 ] float 
  V               3   39[BANK1 ] float 
  resolution      3   32[BANK1 ] float 
  Vcc             3   29[BANK1 ] float 
  targetAngle     2   37[BANK1 ] int 
  signal          2   35[BANK1 ] int 
 Return value:  Size  Location     Type
                  1    wreg      void 
 Registers used:
		wreg, fsr2l, fsr2h, status,2, status,0, tblptrl, tblptrh, tblptru, prodl, prodh, cstack
 Tracked objects:
		On entry : 
		On exit  : 
		Unchanged: 
 Data sizes:     COMRAM   BANK0   BANK1   BANK2   BANK3   BANK4   BANK5   BANK6   BANK7   BANK8   BANK9  BANK10  BANK11  BANK12  BANK13  BANK14  BANK15
      Params:         0       0       0       0       0       0       0       0       0       0       0       0       0       0       0       0       0
      Locals:         0       0      16       0       0       0       0       0       0       0       0       0       0       0       0       0       0
      Temps:          0       0       2       0       0       0       0       0       0       0       0       0       0       0       0       0       0
      Totals:         0       0      18       0       0       0       0       0       0       0       0       0       0       0       0       0       0
Total ram usage:       18 bytes
 Hardware stack levels used:    1
 Hardware stack levels required when called:    9
 This function calls:
		___altoft
		___ftdiv
		___ftge
		___ftmul
		_analogRead
		_digitalRead
		_digitalWrite
		_lcdClear
		_pause
		_printf
		_readKeypad
		_setAngle
 This function is called by:
		_main
 This function uses a non-reentrant model


 *************** function _pause *****************
 Defined at:
		line 244 in file "main.c"
 Parameters:    Size  Location     Type
  message         2   60[COMRAM] PTR unsigned char 
		 -> STR_8(25), STR_7(15), STR_6(17), STR_5(20), 
		 -> STR_3(14), STR_2(20), 
 Auto vars:     Size  Location     Type
		None
 Return value:  Size  Location     Type
                  1    wreg      void 
 Registers used:
		wreg, fsr2l, fsr2h, status,2, status,0, tblptrl, tblptrh, tblptru, prodl, prodh, cstack
 Tracked objects:
		On entry : 
		On exit  : 
		Unchanged: 
 Data sizes:     COMRAM   BANK0   BANK1   BANK2   BANK3   BANK4   BANK5   BANK6   BANK7   BANK8   BANK9  BANK10  BANK11  BANK12  BANK13  BANK14  BANK15
      Params:         2       0       0       0       0       0       0       0       0       0       0       0       0       0       0       0       0
      Locals:         0       0       0       0       0       0       0       0       0       0       0       0       0       0       0       0       0
      Temps:          0       0       0       0       0       0       0       0       0       0       0       0       0       0       0       0       0
      Totals:         2       0       0       0       0       0       0       0       0       0       0       0       0       0       0       0       0
Total ram usage:        2 bytes
 Hardware stack levels used:    1
 Hardware stack levels required when called:    8
 This function calls:
		_lcdClear
		_printf
		_readKeypad
 This function is called by:
		_sortBattery
 This function uses a non-reentrant model


 *************** function _readKeypad *****************
 Defined at:
		line 36 in file "keypad.c"
 Parameters:    Size  Location     Type
		None
 Auto vars:     Size  Location     Type
  key             1   33[COMRAM] unsigned char 
 Return value:  Size  Location     Type
                  1    wreg      unsigned char 
 Registers used:
		wreg, status,2, status,0, tblptrl, tblptrh, tblptru, prodl, prodh
 Tracked objects:
		On entry : 
		On exit  : 
		Unchanged: 
 Data sizes:     COMRAM   BANK0   BANK1   BANK2   BANK3   BANK4   BANK5   BANK6   BANK7   BANK8   BANK9  BANK10  BANK11  BANK12  BANK13  BANK14  BANK15
      Params:         0       0       0       0       0       0       0       0       0       0       0       0       0       0       0       0       0
      Locals:         1       0       0       0       0       0       0       0       0       0       0       0       0       0       0       0       0
      Temps:          0       0       0       0       0       0       0       0       0       0       0       0       0       0       0       0       0
      Totals:         1       0       0       0       0       0       0       0       0       0       0       0       0       0       0       0       0
Total ram usage:        1 bytes
 Hardware stack levels used:    1
 Hardware stack levels required when called:    3
 This function calls:
		Nothing
 This function is called by:
		_sortBattery
		_pause
		_showInterface
 This function uses a non-reentrant model


 *************** function _printf *****************
 Defined at:
		line 464 in file "C:\Program Files (x86)\Microchip\xc8\v1.40\sources\common\doprnt.c"
 Parameters:    Size  Location     Type
  f               2   58[BANK0 ] PTR const unsigned char 
		 -> STR_22(17), STR_21(18), STR_20(17), STR_19(18), 
		 -> STR_18(17), STR_17(19), STR_16(17), STR_15(18), 
		 -> STR_14(17), STR_13(18), STR_12(17), STR_11(18), 
		 -> STR_10(9), STR_9(8), STR_8(25), STR_7(15), 
		 -> STR_6(17), STR_5(20), STR_4(24), STR_3(14), 
		 -> STR_2(20), STR_1(8), 
 Auto vars:     Size  Location     Type
  idx             1    3[BANK1 ] unsigned char 
  val             4   16[BANK1 ] unsigned long 
  tmpval          4   12[BANK1 ] struct .
  fval            3   20[BANK1 ] struct .
  cp              3    0        PTR const unsigned char 
  exp             2   10[BANK1 ] int 
  prec            2    8[BANK1 ] int 
  flag            2    6[BANK1 ] unsigned short 
  ap              2    4[BANK1 ] PTR void [1]
		 -> ?_printf(2), 
  len             2    0        unsigned int 
  width           2    0        int 
  c               1   23[BANK1 ] char 
  d               1    0        unsigned char 
 Return value:  Size  Location     Type
                  2   58[BANK0 ] int 
 Registers used:
		wreg, fsr2l, fsr2h, status,2, status,0, tblptrl, tblptrh, tblptru, prodl, prodh, cstack
 Tracked objects:
		On entry : 
		On exit  : 
		Unchanged: 
 Data sizes:     COMRAM   BANK0   BANK1   BANK2   BANK3   BANK4   BANK5   BANK6   BANK7   BANK8   BANK9  BANK10  BANK11  BANK12  BANK13  BANK14  BANK15
      Params:         0       7       0       0       0       0       0       0       0       0       0       0       0       0       0       0       0
      Locals:         0       0      24       0       0       0       0       0       0       0       0       0       0       0       0       0       0
      Temps:          0       6       0       0       0       0       0       0       0       0       0       0       0       0       0       0       0
      Totals:         0      13      24       0       0       0       0       0       0       0       0       0       0       0       0       0       0
Total ram usage:       37 bytes
 Hardware stack levels used:    1
 Hardware stack levels required when called:    7
 This function calls:
		___awdiv
		___ftadd
		___ftge
		___ftmul
		___ftneg
		___ftsub
		___fttol
		___lldiv
		___llmod
		___lltoft
		___wmul
		__div_to_l_
		__tdiv_to_l_
		_fround
		_putch
		_scale
 This function is called by:
		_main
		_sortBattery
		_pause
		_testFrequency
		_dateTime
		_mainMenu
		_runSelect
		_runMenu
		_runTime
		_runStats
 This function uses a non-reentrant model


 *************** function _scale *****************
 Defined at:
		line 425 in file "C:\Program Files (x86)\Microchip\xc8\v1.40\sources\common\doprnt.c"
 Parameters:    Size  Location     Type
  scl             1    wreg     char 
 Auto vars:     Size  Location     Type
  scl             1   27[BANK0 ] char 
 Return value:  Size  Location     Type
                  3   21[BANK0 ] char 
 Registers used:
		wreg, status,2, status,0, tblptrl, tblptrh, tblptru, prodl, prodh, cstack
 Tracked objects:
		On entry : 
		On exit  : 
		Unchanged: 
 Data sizes:     COMRAM   BANK0   BANK1   BANK2   BANK3   BANK4   BANK5   BANK6   BANK7   BANK8   BANK9  BANK10  BANK11  BANK12  BANK13  BANK14  BANK15
      Params:         0       3       0       0       0       0       0       0       0       0       0       0       0       0       0       0       0
      Locals:         0       4       0       0       0       0       0       0       0       0       0       0       0       0       0       0       0
      Temps:          0       0       0       0       0       0       0       0       0       0       0       0       0       0       0       0       0
      Totals:         0       7       0       0       0       0       0       0       0       0       0       0       0       0       0       0       0
Total ram usage:        7 bytes
 Hardware stack levels used:    1
 Hardware stack levels required when called:    5
 This function calls:
		___awdiv
		___awmod
		___ftmul
		___wmul
 This function is called by:
		_printf
 This function uses a non-reentrant model


 *************** function _putch *****************
 Defined at:
		line 35 in file "lcd.c"
 Parameters:    Size  Location     Type
  data            1    wreg     unsigned char 
 Auto vars:     Size  Location     Type
  data            1   37[COMRAM] unsigned char 
 Return value:  Size  Location     Type
                  1    wreg      void 
 Registers used:
		wreg, status,2, status,0, cstack
 Tracked objects:
		On entry : 
		On exit  : 
		Unchanged: 
 Data sizes:     COMRAM   BANK0   BANK1   BANK2   BANK3   BANK4   BANK5   BANK6   BANK7   BANK8   BANK9  BANK10  BANK11  BANK12  BANK13  BANK14  BANK15
      Params:         0       0       0       0       0       0       0       0       0       0       0       0       0       0       0       0       0
      Locals:         1       0       0       0       0       0       0       0       0       0       0       0       0       0       0       0       0
      Temps:          0       0       0       0       0       0       0       0       0       0       0       0       0       0       0       0       0
      Totals:         1       0       0       0       0       0       0       0       0       0       0       0       0       0       0       0       0
Total ram usage:        1 bytes
 Hardware stack levels used:    1
 Hardware stack levels required when called:    6
 This function calls:
		_lcdNewline
		_lcdNibble
 This function is called by:
		_printf
 This function uses a non-reentrant model


 *************** function _lcdNewline *****************
 Defined at:
		line 78 in file "lcd.c"
 Parameters:    Size  Location     Type
		None
 Auto vars:     Size  Location     Type
		None
 Return value:  Size  Location     Type
                  1    wreg      void 
 Registers used:
		wreg, status,2, status,0, cstack
 Tracked objects:
		On entry : 
		On exit  : 
		Unchanged: 
 Data sizes:     COMRAM   BANK0   BANK1   BANK2   BANK3   BANK4   BANK5   BANK6   BANK7   BANK8   BANK9  BANK10  BANK11  BANK12  BANK13  BANK14  BANK15
      Params:         0       0       0       0       0       0       0       0       0       0       0       0       0       0       0       0       0
      Locals:         0       0       0       0       0       0       0       0       0       0       0       0       0       0       0       0       0
      Temps:          0       0       0       0       0       0       0       0       0       0       0       0       0       0       0       0       0
      Totals:         0       0       0       0       0       0       0       0       0       0       0       0       0       0       0       0       0
Total ram usage:        0 bytes
 Hardware stack levels used:    1
 Hardware stack levels required when called:    5
 This function calls:
		_lcdInst
 This function is called by:
		_putch
 This function uses a non-reentrant model


 *************** function _fround *****************
 Defined at:
		line 409 in file "C:\Program Files (x86)\Microchip\xc8\v1.40\sources\common\doprnt.c"
 Parameters:    Size  Location     Type
  prec            1    wreg     unsigned char 
 Auto vars:     Size  Location     Type
  prec            1   30[BANK0 ] unsigned char 
 Return value:  Size  Location     Type
                  3   21[BANK0 ] unsigned char 
 Registers used:
		wreg, status,2, status,0, tblptrl, tblptrh, tblptru, prodl, prodh, cstack
 Tracked objects:
		On entry : 
		On exit  : 
		Unchanged: 
 Data sizes:     COMRAM   BANK0   BANK1   BANK2   BANK3   BANK4   BANK5   BANK6   BANK7   BANK8   BANK9  BANK10  BANK11  BANK12  BANK13  BANK14  BANK15
      Params:         0       3       0       0       0       0       0       0       0       0       0       0       0       0       0       0       0
      Locals:         0       7       0       0       0       0       0       0       0       0       0       0       0       0       0       0       0
      Temps:          0       0       0       0       0       0       0       0       0       0       0       0       0       0       0       0       0
      Totals:         0      10       0       0       0       0       0       0       0       0       0       0       0       0       0       0       0
Total ram usage:       10 bytes
 Hardware stack levels used:    1
 Hardware stack levels required when called:    5
 This function calls:
		___awdiv
		___awmod
		___ftmul
		___wmul
 This function is called by:
		_printf
 This function uses a non-reentrant model


 *************** function ___wmul *****************
 Defined at:
		line 15 in file "C:\Program Files (x86)\Microchip\xc8\v1.40\sources\common\Umul16.c"
 Parameters:    Size  Location     Type
  multiplier      2   47[COMRAM] unsigned int 
  multiplicand    2   49[COMRAM] unsigned int 
 Auto vars:     Size  Location     Type
  product         2   51[COMRAM] unsigned int 
 Return value:  Size  Location     Type
                  2   47[COMRAM] unsigned int 
 Registers used:
		wreg, status,2, status,0, prodl, prodh
 Tracked objects:
		On entry : 
		On exit  : 
		Unchanged: 
 Data sizes:     COMRAM   BANK0   BANK1   BANK2   BANK3   BANK4   BANK5   BANK6   BANK7   BANK8   BANK9  BANK10  BANK11  BANK12  BANK13  BANK14  BANK15
      Params:         4       0       0       0       0       0       0       0       0       0       0       0       0       0       0       0       0
      Locals:         2       0       0       0       0       0       0       0       0       0       0       0       0       0       0       0       0
      Temps:          0       0       0       0       0       0       0       0       0       0       0       0       0       0       0       0       0
      Totals:         6       0       0       0       0       0       0       0       0       0       0       0       0       0       0       0       0
Total ram usage:        6 bytes
 Hardware stack levels used:    1
 Hardware stack levels required when called:    3
 This function calls:
		Nothing
 This function is called by:
		_fround
		_scale
		_printf
 This function uses a non-reentrant model


 *************** function ___awmod *****************
 Defined at:
		line 8 in file "C:\Program Files (x86)\Microchip\xc8\v1.40\sources\common\awmod.c"
 Parameters:    Size  Location     Type
  dividend        2   33[COMRAM] int 
  divisor         2   35[COMRAM] int 
 Auto vars:     Size  Location     Type
  sign            1   38[COMRAM] unsigned char 
  counter         1   37[COMRAM] unsigned char 
 Return value:  Size  Location     Type
                  2   33[COMRAM] int 
 Registers used:
		wreg, status,2, status,0
 Tracked objects:
		On entry : 
		On exit  : 
		Unchanged: 
 Data sizes:     COMRAM   BANK0   BANK1   BANK2   BANK3   BANK4   BANK5   BANK6   BANK7   BANK8   BANK9  BANK10  BANK11  BANK12  BANK13  BANK14  BANK15
      Params:         4       0       0       0       0       0       0       0       0       0       0       0       0       0       0       0       0
      Locals:         2       0       0       0       0       0       0       0       0       0       0       0       0       0       0       0       0
      Temps:          0       0       0       0       0       0       0       0       0       0       0       0       0       0       0       0       0
      Totals:         6       0       0       0       0       0       0       0       0       0       0       0       0       0       0       0       0
Total ram usage:        6 bytes
 Hardware stack levels used:    1
 Hardware stack levels required when called:    3
 This function calls:
		Nothing
 This function is called by:
		_fround
		_scale
 This function uses a non-reentrant model


 *************** function ___awdiv *****************
 Defined at:
		line 8 in file "C:\Program Files (x86)\Microchip\xc8\v1.40\sources\common\awdiv.c"
 Parameters:    Size  Location     Type
  dividend        2   39[COMRAM] int 
  divisor         2   41[COMRAM] int 
 Auto vars:     Size  Location     Type
  quotient        2   45[COMRAM] int 
  sign            1   44[COMRAM] unsigned char 
  counter         1   43[COMRAM] unsigned char 
 Return value:  Size  Location     Type
                  2   39[COMRAM] int 
 Registers used:
		wreg, status,2, status,0
 Tracked objects:
		On entry : 
		On exit  : 
		Unchanged: 
 Data sizes:     COMRAM   BANK0   BANK1   BANK2   BANK3   BANK4   BANK5   BANK6   BANK7   BANK8   BANK9  BANK10  BANK11  BANK12  BANK13  BANK14  BANK15
      Params:         4       0       0       0       0       0       0       0       0       0       0       0       0       0       0       0       0
      Locals:         4       0       0       0       0       0       0       0       0       0       0       0       0       0       0       0       0
      Temps:          0       0       0       0       0       0       0       0       0       0       0       0       0       0       0       0       0
      Totals:         8       0       0       0       0       0       0       0       0       0       0       0       0       0       0       0       0
Total ram usage:        8 bytes
 Hardware stack levels used:    1
 Hardware stack levels required when called:    3
 This function calls:
		Nothing
 This function is called by:
		_fround
		_scale
		_printf
 This function uses a non-reentrant model


 *************** function __tdiv_to_l_ *****************
 Defined at:
		line 60 in file "C:\Program Files (x86)\Microchip\xc8\v1.40\sources\common\ftdivl.c"
 Parameters:    Size  Location     Type
  f1              3   33[COMRAM] float 
  f2              3   36[COMRAM] float 
 Auto vars:     Size  Location     Type
  quot            4   42[COMRAM] unsigned long 
  exp1            1   47[COMRAM] unsigned char 
  cntr            1   46[COMRAM] unsigned char 
[...]
      Params:         2       0       0       0       0       0       0       0       0       0       0       0       0       0       0       0       0
      Locals:         0       0       0       0       0       0       0       0       0       0       0       0       0       0       0       0       0
      Temps:          2       0       0       0       0       0       0       0       0       0       0       0       0       0       0       0       0
      Totals:         4       0       0       0       0       0       0       0       0       0       0       0       0       0       0       0       0
Total ram usage:        4 bytes
 Hardware stack levels used:    1
 Hardware stack levels required when called:    3
 This function calls:
		Nothing
 This function is called by:
		_initServo
		_testFrequency
 This function uses a non-reentrant model


 *************** function _initLCD *****************
 Defined at:
		line 15 in file "lcd.c"
 Parameters:    Size  Location     Type
		None
 Auto vars:     Size  Location     Type
		None
 Return value:  Size  Location     Type
                  1    wreg      void 
 Registers used:
		wreg, status,2, status,0, cstack
 Tracked objects:
		On entry : 
		On exit  : 
		Unchanged: 
 Data sizes:     COMRAM   BANK0   BANK1   BANK2   BANK3   BANK4   BANK5   BANK6   BANK7   BANK8   BANK9  BANK10  BANK11  BANK12  BANK13  BANK14  BANK15
      Params:         0       0       0       0       0       0       0       0       0       0       0       0       0       0       0       0       0
      Locals:         0       0       0       0       0       0       0       0       0       0       0       0       0       0       0       0       0
      Temps:          1       0       0       0       0       0       0       0       0       0       0       0       0       0       0       0       0
      Totals:         1       0       0       0       0       0       0       0       0       0       0       0       0       0       0       0       0
Total ram usage:        1 bytes
 Hardware stack levels used:    1
 Hardware stack levels required when called:    5
 This function calls:
		_lcdInst
 This function is called by:
		_main
 This function uses a non-reentrant model


 *************** function _lcdInst *****************
 Defined at:
		line 27 in file "lcd.c"
 Parameters:    Size  Location     Type
  data            1    wreg     unsigned char 
 Auto vars:     Size  Location     Type
  data            1   36[COMRAM] unsigned char 
 Return value:  Size  Location     Type
                  1    wreg      void 
 Registers used:
		wreg, status,2, status,0, cstack
 Tracked objects:
		On entry : 
		On exit  : 
		Unchanged: 
 Data sizes:     COMRAM   BANK0   BANK1   BANK2   BANK3   BANK4   BANK5   BANK6   BANK7   BANK8   BANK9  BANK10  BANK11  BANK12  BANK13  BANK14  BANK15
      Params:         0       0       0       0       0       0       0       0       0       0       0       0       0       0       0       0       0
      Locals:         1       0       0       0       0       0       0       0       0       0       0       0       0       0       0       0       0
      Temps:          1       0       0       0       0       0       0       0       0       0       0       0       0       0       0       0       0
      Totals:         2       0       0       0       0       0       0       0       0       0       0       0       0       0       0       0       0
Total ram usage:        2 bytes
 Hardware stack levels used:    1
 Hardware stack levels required when called:    4
 This function calls:
		_lcdNibble
 This function is called by:
		_initLCD
		_lcdClear
		_lcdNewline
		_lcdHome
 This function uses a non-reentrant model


 *************** function _lcdNibble *****************
 Defined at:
		line 46 in file "lcd.c"
 Parameters:    Size  Location     Type
  data            1    wreg     unsigned char 
 Auto vars:     Size  Location     Type
  data            1   34[COMRAM] unsigned char 
  temp            1   33[COMRAM] unsigned char 
 Return value:  Size  Location     Type
                  1    wreg      void 
 Registers used:
		wreg, status,2, status,0
 Tracked objects:
		On entry : 
		On exit  : 
		Unchanged: 
 Data sizes:     COMRAM   BANK0   BANK1   BANK2   BANK3   BANK4   BANK5   BANK6   BANK7   BANK8   BANK9  BANK10  BANK11  BANK12  BANK13  BANK14  BANK15
      Params:         0       0       0       0       0       0       0       0       0       0       0       0       0       0       0       0       0
      Locals:         2       0       0       0       0       0       0       0       0       0       0       0       0       0       0       0       0
      Temps:          0       0       0       0       0       0       0       0       0       0       0       0       0       0       0       0       0
      Totals:         2       0       0       0       0       0       0       0       0       0       0       0       0       0       0       0       0
Total ram usage:        2 bytes
 Hardware stack levels used:    1
 Hardware stack levels required when called:    3
 This function calls:
		Nothing
 This function is called by:
		_lcdInst
		_putch
 This function uses a non-reentrant model


 *************** function _service *****************
 Defined at:
		line 229 in file "main.c"
 Parameters:    Size  Location     Type
		None
 Auto vars:     Size  Location     Type
		None
 Return value:  Size  Location     Type
                  1    wreg      void 
 Registers used:
		wreg, fsr2l, fsr2h, status,2, status,0, tblptrl, tblptrh, tblptru, prodl, prodh, cstack
 Tracked objects:
		On entry : 
		On exit  : 
		Unchanged: 
 Data sizes:     COMRAM   BANK0   BANK1   BANK2   BANK3   BANK4   BANK5   BANK6   BANK7   BANK8   BANK9  BANK10  BANK11  BANK12  BANK13  BANK14  BANK15
      Params:         0       0       0       0       0       0       0       0       0       0       0       0       0       0       0       0       0
      Locals:         0       0       0       0       0       0       0       0       0       0       0       0       0       0       0       0       0
      Temps:         14       0       0       0       0       0       0       0       0       0       0       0       0       0       0       0       0
      Totals:        14       0       0       0       0       0       0       0       0       0       0       0       0       0       0       0       0
Total ram usage:       14 bytes
 Hardware stack levels used:    1
 Hardware stack levels required when called:    2
 This function calls:
		_keyPressedInterruptService
		_servoInterruptService
 This function is called by:
		Interrupt level 2
 This function uses a non-reentrant model


 *************** function _servoInterruptService *****************
 Defined at:
		line 52 in file "servo.c"
 Parameters:    Size  Location     Type
		None
 Auto vars:     Size  Location     Type
		None
 Return value:  Size  Location     Type
                  1    wreg      void 
 Registers used:
		wreg, fsr2l, fsr2h, status,2, status,0, cstack
 Tracked objects:
		On entry : 
		On exit  : 
		Unchanged: 
 Data sizes:     COMRAM   BANK0   BANK1   BANK2   BANK3   BANK4   BANK5   BANK6   BANK7   BANK8   BANK9  BANK10  BANK11  BANK12  BANK13  BANK14  BANK15
      Params:         0       0       0       0       0       0       0       0       0       0       0       0       0       0       0       0       0
      Locals:         0       0       0       0       0       0       0       0       0       0       0       0       0       0       0       0       0
      Temps:          4       0       0       0       0       0       0       0       0       0       0       0       0       0       0       0       0
      Totals:         4       0       0       0       0       0       0       0       0       0       0       0       0       0       0       0       0
Total ram usage:        4 bytes
 Hardware stack levels used:    1
 Hardware stack levels required when called:    1
 This function calls:
		i2___awmod
		i2_digitalWrite
		i2_startTimer
 This function is called by:
		_service
 This function uses a non-reentrant model


 *************** function i2_startTimer *****************
 Defined at:
		line 75 in file "timer.c"
 Parameters:    Size  Location     Type
  timer           2    6[COMRAM] int 
  val             4    8[COMRAM] long 
 Auto vars:     Size  Location     Type
		None
 Return value:  Size  Location     Type
                  1    wreg      void 
 Registers used:
		wreg, status,2, status,0
 Tracked objects:
		On entry : 
		On exit  : 
		Unchanged: 
 Data sizes:     COMRAM   BANK0   BANK1   BANK2   BANK3   BANK4   BANK5   BANK6   BANK7   BANK8   BANK9  BANK10  BANK11  BANK12  BANK13  BANK14  BANK15
      Params:         6       0       0       0       0       0       0       0       0       0       0       0       0       0       0       0       0
      Locals:         0       0       0       0       0       0       0       0       0       0       0       0       0       0       0       0       0
      Temps:          2       0       0       0       0       0       0       0       0       0       0       0       0       0       0       0       0
      Totals:         8       0       0       0       0       0       0       0       0       0       0       0       0       0       0       0       0
Total ram usage:        8 bytes
 Hardware stack levels used:    1
 This function calls:
		Nothing
 This function is called by:
		_servoInterruptService
 This function uses a non-reentrant model


 *************** function i2_digitalWrite *****************
 Defined at:
		line 53 in file "iopin.c"
 Parameters:    Size  Location     Type
  pin             2    6[COMRAM] PTR int 
		 -> AA_float(4), redirectingServo(6), padServo(6), conveyorServo(6), 
		 -> cylinderMotor(4), 
  val             2    8[COMRAM] int 
 Auto vars:     Size  Location     Type
  digitalWrite    2   13[COMRAM] int 
 Return value:  Size  Location     Type
                  1    wreg      void 
 Registers used:
		wreg, fsr2l, fsr2h, status,2, status,0
 Tracked objects:
		On entry : 
		On exit  : 
		Unchanged: 
 Data sizes:     COMRAM   BANK0   BANK1   BANK2   BANK3   BANK4   BANK5   BANK6   BANK7   BANK8   BANK9  BANK10  BANK11  BANK12  BANK13  BANK14  BANK15
      Params:         4       0       0       0       0       0       0       0       0       0       0       0       0       0       0       0       0
      Locals:         2       0       0       0       0       0       0       0       0       0       0       0       0       0       0       0       0
      Temps:          3       0       0       0       0       0       0       0       0       0       0       0       0       0       0       0       0
      Totals:         9       0       0       0       0       0       0       0       0       0       0       0       0       0       0       0       0
Total ram usage:        9 bytes
 Hardware stack levels used:    1
 This function calls:
		Nothing
 This function is called by:
		_servoInterruptService
 This function uses a non-reentrant model


 *************** function i2___awmod *****************
 Defined at:
		line 8 in file "C:\Program Files (x86)\Microchip\xc8\v1.40\sources\common\awmod.c"
 Parameters:    Size  Location     Type
  dividend        2    0[COMRAM] int 
  divisor         2    2[COMRAM] int 
 Auto vars:     Size  Location     Type
  __awmod         1    5[COMRAM] unsigned char 
  __awmod         1    4[COMRAM] unsigned char 
 Return value:  Size  Location     Type
                  2    0[COMRAM] int 
 Registers used:
		wreg, status,2, status,0
 Tracked objects:
		On entry : 
		On exit  : 
		Unchanged: 
 Data sizes:     COMRAM   BANK0   BANK1   BANK2   BANK3   BANK4   BANK5   BANK6   BANK7   BANK8   BANK9  BANK10  BANK11  BANK12  BANK13  BANK14  BANK15
      Params:         4       0       0       0       0       0       0       0       0       0       0       0       0       0       0       0       0
      Locals:         2       0       0       0       0       0       0       0       0       0       0       0       0       0       0       0       0
      Temps:          0       0       0       0       0       0       0       0       0       0       0       0       0       0       0       0       0
      Totals:         6       0       0       0       0       0       0       0       0       0       0       0       0       0       0       0       0
Total ram usage:        6 bytes
 Hardware stack levels used:    1
 This function calls:
		Nothing
 This function is called by:
		_servoInterruptService
 This function uses a non-reentrant model


 *************** function _keyPressedInterruptService *****************
 Defined at:
		line 49 in file "keypad.c"
 Parameters:    Size  Location     Type
		None
 Auto vars:     Size  Location     Type
  key             1    0[COMRAM] unsigned char 
 Return value:  Size  Location     Type
                  1    wreg      void 
 Registers used:
		wreg, status,2, status,0, tblptrl, tblptrh, tblptru, prodl, prodh
 Tracked objects:
		On entry : 
		On exit  : 
		Unchanged: 
 Data sizes:     COMRAM   BANK0   BANK1   BANK2   BANK3   BANK4   BANK5   BANK6   BANK7   BANK8   BANK9  BANK10  BANK11  BANK12  BANK13  BANK14  BANK15
      Params:         0       0       0       0       0       0       0       0       0       0       0       0       0       0       0       0       0
      Locals:         1       0       0       0       0       0       0       0       0       0       0       0       0       0       0       0       0
      Temps:          0       0       0       0       0       0       0       0       0       0       0       0       0       0       0       0       0
      Totals:         1       0       0       0       0       0       0       0       0       0       0       0       0       0       0       0       0
Total ram usage:        1 bytes
 Hardware stack levels used:    1
 This function calls:
		Nothing
 This function is called by:
		_service
 This function uses a non-reentrant model



MODULE INFORMATION

Module		Function		Class		Link	Load	Size
C:\Program Files (x86)\Microchip\xc8\v1.40\sources\common\awtoft.c
		___awtoft      		CODE           	2A04	0000	57

C:\Program Files (x86)\Microchip\xc8\v1.40\sources\common\awtoft.c estimated size: 57

C:\Program Files (x86)\Microchip\xc8\v1.40\sources\common\altoft.c
		___altoft      		CODE           	259C	0000	121

C:\Program Files (x86)\Microchip\xc8\v1.40\sources\common\altoft.c estimated size: 121

servo.c
		_initServo     		CODE           	240E	0000	137
		_servoInterruptService		CODE           	1BC0	0000	263
		_setAngle      		CODE           	1EB4	0000	209
		_angleToPulse  		CODE           	16CA	0000	345

servo.c estimated size: 954

keypad.c
		_readKeypad    		CODE           	2A3C	0000	39
		_keyPressedInterruptService		CODE           	2AF0	0000	33

keypad.c estimated size: 72

C:\Program Files (x86)\Microchip\xc8\v1.40\sources\common\ftneg.c
		___ftneg       		CODE           	2A88	0000	37

C:\Program Files (x86)\Microchip\xc8\v1.40\sources\common\ftneg.c estimated size: 37

C:\Program Files (x86)\Microchip\xc8\v1.40\sources\common\doprnt.c
		_scale         		CODE           	093E	0000	1047
		_printf        		CODE           	0012	0000	2349
		_fround        		CODE           	130C	0000	609

C:\Program Files (x86)\Microchip\xc8\v1.40\sources\common\doprnt.c estimated size: 4005

C:\Program Files (x86)\Microchip\xc8\v1.40\sources\common\lltoft.c
		___lltoft      		CODE           	27C0	0000	93

C:\Program Files (x86)\Microchip\xc8\v1.40\sources\common\lltoft.c estimated size: 93

C:\Program Files (x86)\Microchip\xc8\v1.40\sources\common\ftsub.c
		___ftsub       		CODE           	281C	0000	77

C:\Program Files (x86)\Microchip\xc8\v1.40\sources\common\ftsub.c estimated size: 77

C:\Program Files (x86)\Microchip\xc8\v1.40\sources\common\float.c
		___ftpack      		CODE           	2114	0000	175

C:\Program Files (x86)\Microchip\xc8\v1.40\sources\common\float.c estimated size: 175

timer.c
		_initTimer     		CODE           	2900	0000	71
		_startTimer    		CODE           	2868	0000	77

timer.c estimated size: 148

C:\Program Files (x86)\Microchip\xc8\v1.40\sources\common\ftdivl.c
		__tdiv_to_l_   		CODE           	1966	0000	307

C:\Program Files (x86)\Microchip\xc8\v1.40\sources\common\ftdivl.c estimated size: 307

C:\Program Files (x86)\Microchip\xc8\v1.40\sources\common\ftge.c
		___ftge        		CODE           	237E	0000	145

C:\Program Files (x86)\Microchip\xc8\v1.40\sources\common\ftge.c estimated size: 145

C:\Program Files (x86)\Microchip\xc8\v1.40\sources\common\Umul16.c
		___wmul        		CODE           	2A62	0000	39

C:\Program Files (x86)\Microchip\xc8\v1.40\sources\common\Umul16.c estimated size: 39

C:\Program Files (x86)\Microchip\xc8\v1.40\sources\common\ftmul.c
		___ftmul       		CODE           	156C	0000	351

C:\Program Files (x86)\Microchip\xc8\v1.40\sources\common\ftmul.c estimated size: 351

C:\Program Files (x86)\Microchip\xc8\v1.40\sources\common\awmod.c
		___awmod       		CODE           	2614	0000	113

C:\Program Files (x86)\Microchip\xc8\v1.40\sources\common\awmod.c estimated size: 113

iopin.c
		_digitalRead   		CODE           	1DCA	0000	235
		_digitalWrite  		CODE           	1F84	0000	201
		_analogRead    		CODE           	29CC	0000	57

iopin.c estimated size: 493

C:\Program Files (x86)\Microchip\xc8\v1.40\sources\common\ftdiv.c
		___ftdiv       		CODE           	1CC6	0000	261

C:\Program Files (x86)\Microchip\xc8\v1.40\sources\common\ftdiv.c estimated size: 261

C:\Program Files (x86)\Microchip\xc8\v1.40\sources\common\llmod.c
		___llmod       		CODE           	26F4	0000	103

C:\Program Files (x86)\Microchip\xc8\v1.40\sources\common\llmod.c estimated size: 103

shared
		__powers_      		MEDIUMCONST    	FE1C	0000	40
		_dpowers       		MEDIUMCONST    	FDCD	0000	41
		i2_startTimer  		CODE           	28B4	0000	77
		__npowers_     		MEDIUMCONST    	FDF5	0000	40
		_keys          		MEDIUMCONST    	FE63	0000	18
		__initialization		CODE           	22EC	0000	133
		i2___awmod     		CODE           	2684	0000	113
		_hexpowers     		MEDIUMCONST    	FE43	0000	33
		_happynewyear  		MEDIUMCONST    	FE74	0000	8
		i2_digitalWrite		CODE           	204C	0000	201

shared estimated size: 704

lcd.c
		_putch         		CODE           	2AAC	0000	35
		_lcdInst       		CODE           	2ACE	0000	35
		_lcdClear      		CODE           	2B58	0000	9
		_lcdNibble     		CODE           	275A	0000	103
		_initLCD       		CODE           	2946	0000	71
		_lcdNewline    		CODE           	2B50	0000	9

lcd.c estimated size: 262

C:\Program Files (x86)\Microchip\xc8\v1.40\sources\common\fttol.c
		___fttol       		CODE           	1822	0000	325

C:\Program Files (x86)\Microchip\xc8\v1.40\sources\common\fttol.c estimated size: 325

C:\Program Files (x86)\Microchip\xc8\v1.40\sources\common\fldivl.c
		__div_to_l_    		CODE           	1A98	0000	297

C:\Program Files (x86)\Microchip\xc8\v1.40\sources\common\fldivl.c estimated size: 297

C:\Program Files (x86)\Microchip\xc8\v1.40\sources\common\awdiv.c
		___awdiv       		CODE           	2496	0000	133

C:\Program Files (x86)\Microchip\xc8\v1.40\sources\common\awdiv.c estimated size: 133

main.c
		_service       		CODE           	0008	0000	157
		_sortBattery   		CODE           	0D54	0000	849
		_pinSetup      		CODE           	298C	0000	65
		_main          		CODE           	2258	0000	149
		_pause         		CODE           	2B2A	0000	23

main.c estimated size: 1243

C:\Program Files (x86)\Microchip\xc8\v1.40\sources\common\ftadd.c
		___ftadd       		CODE           	10A4	0000	617

C:\Program Files (x86)\Microchip\xc8\v1.40\sources\common\ftadd.c estimated size: 617

C:\Program Files (x86)\Microchip\xc8\v1.40\sources\common\lldiv.c
		___lldiv       		CODE           	251A	0000	131

C:\Program Files (x86)\Microchip\xc8\v1.40\sources\common\lldiv.c estimated size: 131

