Microchip MPLAB XC8 Compiler V1.40 ()

Linker command line:

-W-3 --edf=C:\Program Files (x86)\Microchip\xc8\v1.40\dat\en_msgs.txt -cs \
  -h+dist/default/production\PIC18_LCD_LIB.X.production.sym \
  --cmf=dist/default/production\PIC18_LCD_LIB.X.production.cmf -z -Q18F4620 \
  -oC:\Users\Nam\AppData\Local\Temp\seu4.2 \
  -Mdist/default/production/PIC18_LCD_LIB.X.production.map -E1 -ver=XC8 \
  -ASTACK=018Ah-0f7fh -pstack=STACK -ACODE=00h-0FFFFh -ACONST=00h-0FFFFh \
  -ASMALLCONST=01000h-010FFhx240 -AMEDIUMCONST=01000h-0FFFFh \
  -ACOMRAM=01h-07Fh -AABS1=00h-0F7Fh -ABIGRAM=01h-0F7Fh \
  -ARAM=080h-0FFh,0100h-01FFhx14,0F00h-0F7Fh -ABANK0=080h-0FFh \
  -ABANK1=0100h-01FFh -ABANK2=0200h-02FFh -ABANK3=0300h-03FFh \
  -ABANK4=0400h-04FFh -ABANK5=0500h-05FFh -ABANK6=0600h-06FFh \
  -ABANK7=0700h-07FFh -ABANK8=0800h-08FFh -ABANK9=0900h-09FFh \
  -ABANK10=0A00h-0AFFh -ABANK11=0B00h-0BFFh -ABANK12=0C00h-0CFFh \
  -ABANK13=0D00h-0DFFh -ABANK14=0E00h-0EFFh -ABANK15=0F00h-0F7Fh \
  -ASFR=0F80h-0FFFh -preset_vec=00h,intcode=08h,intcodelo,powerup,init \
  -pramtop=01000h -psmallconst=SMALLCONST -pmediumconst=MEDIUMCONST \
  -pconst=CONST -AFARRAM=00h-00h -ACONFIG=0300000h-030000Dh -pconfig=CONFIG \
  -AIDLOC=0200000h-0200007h -pidloc=IDLOC -AEEDATA=0F00000h-0F003FFh \
  -peeprom_data=EEDATA \
  -prdata=COMRAM,nvrram=COMRAM,nvbit=COMRAM,rbss=COMRAM,rbit=COMRAM \
  -pfarbss=FARRAM,fardata=FARRAM,nvFARRAM=FARRAM \
  -pintsave_regs=BIGRAM,bigbss=BIGRAM,bigdata=BIGRAM -pbss=RAM \
  -pidata=CODE,irdata=CODE,ibigdata=CODE,ifardata=CODE -prparam=COMRAM \
  C:\Users\Nam\AppData\Local\Temp\seu4.obj \
  dist/default/production\PIC18_LCD_LIB.X.production.obj 

Object code version is 3.11

Machine type is 18F4620

Call graph: (short form)




                Name                               Link     Load   Length Selector   Space Scale
C:\Users\Nam\AppData\Local\Temp\seu4.obj
                init                                  E        E        4        4       0
                reset_vec                             0        0        4        0       0
                idloc                            200000   200000        8   200000       0
                config                           300000   300000        E   300000       0
dist/default/production\PIC18_LCD_LIB.X.production.obj
                intcode                               8        8        6        4       0
                temp                                 5D       5D        1        1       1
                mediumconst                        FDDE     FDDE      222     7EEF       0
                text69                             4038     4038       20        4       0
                text68                             398C     398C       70        4       0
                text67                             32AC     32AC       C8        4       0
                text66                             3D7C     3D7C       4C        4       0
                text65                             2AD2     2AD2      10C        4       0
                intcode_body                       2CC8     2CC8       EA        4       0
                text63                             3A62     3A62       66        4       0
                text62                             4016     4016       22        4       0
                text61                             3E12     3E12       46        4       0
                text60                             3DC8     3DC8       4A        4       0
                text59                             3374     3374       AE        4       0
                text58                             38A4     38A4       78        4       0
                text57                             3ED0     3ED0       38        4       0
                text56                             1C1E     1C1E      268        4       0
                text55                             29C2     29C2      110        4       0
                text54                             225E     225E      15E        4       0
                text53                             2514     2514      144        4       0
                text52                             23BC     23BC      158        4       0
                text51                             2F76     2F76       D4        4       0
                text50                             3D30     3D30       4C        4       0
                text49                             2E94     2E94       E2        4       0
                text48                             3E58     3E58       40        4       0
                text47                             3FAA     3FAA       26        4       0
                text46                             4076     4076       1A        4       0
                text45                             3C3E     3C3E       56        4       0
                text44                             2DB2     2DB2       E2        4       0
                text43                             3576     3576       92        4       0
                text42                             40BE     40BE       12     2054       0
                text41                             3F84     3F84       26        4       0
                text40                             4106     4106        8     2054       0
                text39                             40FE     40FE        8     2054       0
                text38                             40DC     40DC        A     2054       0
                text37                             3822     3822       82        4       0
                text36                             37A0     37A0       82        4       0
                text35                             3BE4     3BE4       5A        4       0
                text34                             40A8     40A8       16     2054       0
                text33                             40D0     40D0        C     2054       0
                text32                             40F6     40F6        8     2054       0
                text31                             40EE     40EE        8     2054       0
                text30                             3608     3608       90        4       0
                text29                             3FD0     3FD0       24        4       0
                text28                             3CE4     3CE4       4C        4       0
                text27                             39FC     39FC       66        4       0
                text26                             3B88     3B88       5C        4       0
                text25                             278A     278A      128        4       0
                text24                             2658     2658      132        4       0
                text23                             371C     371C       84        4       0
                text22                             391C     391C       70        4       0
                text21                             1E86     1E86      260        4       0
                text20                             4058     4058       1E        4       0
                text19                             40E6     40E6        8     2054       0
                text18                             3FF4     3FF4       22        4       0
                text17                             1808     1808      416        4       0
                text16                               12       12      DF8        4       0
                text15                             28B2     28B2      110        4       0
                text14                             3F5E     3F5E       26        4       0
                text13                             3F08     3F08       30        4       0
                text12                             3C94     3C94       50        4       0
                text11                             3B2C     3B2C       5C        4       0
                text10                             3AC8     3AC8       64        4       0
                text9                              34CE     34CE       A8        4       0
                text8                              3118     3118       CC        4       0
                text7                              3422     3422       AC        4       0
                text6                              20E6     20E6      178        4       0
                text5                              304A     304A       CE        4       0
                text4                              3E98     3E98       38        4       0
                text3                              2BDE     2BDE       EA        4       0
                text2                              31E4     31E4       C8        4       0
                text1                               E0A      E0A      570        4       0
                text0                              137A     137A      48E        4       0
                cstackCOMRAM                          1        1       3A        1       1
                cstackBANK0                          80       80       7B       80       1
                cstackBANK1                         100      100       44      100       1
                dataBANK1                           144      144       26      100       1
                bssBANK1                            16A      16A       20      100       1
                dataBANK0                            FD       FD        2       80       1
                bssBANK0                             FB       FB        2       80       1
                dataCOMRAM                           3B       3B       17        1       1
                bssCOMRAM                            52       52        B        1       1
                cinit                              3698     3698       84        4       0
                idataBANK1                         3F38     3F38       26        4       0
                idataBANK0                         410E     410E        2     2054       0
                idataCOMRAM                        4090     4090       17        4       0

TOTAL           Name                               Link     Load   Length     Space
        CLASS   STACK          

        CLASS   CODE           
                intcode                               8        8        6         0
                init                                  E        E        4         0
                reset_vec                             0        0        4         0
                text69                             4038     4038       20         0
                text68                             398C     398C       70         0
                text67                             32AC     32AC       C8         0
                text66                             3D7C     3D7C       4C         0
                text65                             2AD2     2AD2      10C         0
                intcode_body                       2CC8     2CC8       EA         0
                text63                             3A62     3A62       66         0
                text62                             4016     4016       22         0
                text61                             3E12     3E12       46         0
                text60                             3DC8     3DC8       4A         0
                text59                             3374     3374       AE         0
                text58                             38A4     38A4       78         0
                text57                             3ED0     3ED0       38         0
                text56                             1C1E     1C1E      268         0
                text55                             29C2     29C2      110         0
                text54                             225E     225E      15E         0
                text53                             2514     2514      144         0
                text52                             23BC     23BC      158         0
                text51                             2F76     2F76       D4         0
                text50                             3D30     3D30       4C         0
                text49                             2E94     2E94       E2         0
                text48                             3E58     3E58       40         0
                text47                             3FAA     3FAA       26         0
                text46                             4076     4076       1A         0
                text45                             3C3E     3C3E       56         0
                text44                             2DB2     2DB2       E2         0
                text43                             3576     3576       92         0
                text42                             40BE     40BE       12         0
                text41                             3F84     3F84       26         0
                text40                             4106     4106        8         0
                text39                             40FE     40FE        8         0
                text38                             40DC     40DC        A         0
                text37                             3822     3822       82         0
                text36                             37A0     37A0       82         0
                text35                             3BE4     3BE4       5A         0
                text34                             40A8     40A8       16         0
                text33                             40D0     40D0        C         0
                text32                             40F6     40F6        8         0
                text31                             40EE     40EE        8         0
                text30                             3608     3608       90         0
                text29                             3FD0     3FD0       24         0
                text28                             3CE4     3CE4       4C         0
                text27                             39FC     39FC       66         0
                text26                             3B88     3B88       5C         0
                text25                             278A     278A      128         0
                text24                             2658     2658      132         0
                text23                             371C     371C       84         0
                text22                             391C     391C       70         0
                text21                             1E86     1E86      260         0
                text20                             4058     4058       1E         0
                text19                             40E6     40E6        8         0
                text18                             3FF4     3FF4       22         0
                text17                             1808     1808      416         0
                text16                               12       12      DF8         0
                text15                             28B2     28B2      110         0
                text14                             3F5E     3F5E       26         0
                text13                             3F08     3F08       30         0
                text12                             3C94     3C94       50         0
                text11                             3B2C     3B2C       5C         0
                text10                             3AC8     3AC8       64         0
                text9                              34CE     34CE       A8         0
                text8                              3118     3118       CC         0
                text7                              3422     3422       AC         0
                text6                              20E6     20E6      178         0
                text5                              304A     304A       CE         0
                text4                              3E98     3E98       38         0
                text3                              2BDE     2BDE       EA         0
                text2                              31E4     31E4       C8         0
                text1                               E0A      E0A      570         0
                text0                              137A     137A      48E         0
                cinit                              3698     3698       84         0
                idataBANK1                         3F38     3F38       26         0
                idataBANK0                         410E     410E        2         0
                idataCOMRAM                        4090     4090       17         0

        CLASS   CONST          

        CLASS   SMALLCONST     

        CLASS   MEDIUMCONST    
                mediumconst                        FDDE     FDDE      222         0

        CLASS   COMRAM         
                temp                                 5D       5D        1         1
                cstackCOMRAM                          1        1       3A         1
                dataCOMRAM                           3B       3B       17         1
                bssCOMRAM                            52       52        B         1

        CLASS   ABS1           

        CLASS   BIGRAM         

        CLASS   RAM            

        CLASS   BANK0          
                cstackBANK0                          80       80       7B         1
                dataBANK0                            FD       FD        2         1
                bssBANK0                             FB       FB        2         1

        CLASS   BANK1          
                cstackBANK1                         100      100       44         1
                dataBANK1                           144      144       26         1
                bssBANK1                            16A      16A       20         1

        CLASS   BANK2          

        CLASS   BANK3          

        CLASS   BANK4          

        CLASS   BANK5          

        CLASS   BANK6          

        CLASS   BANK7          

        CLASS   BANK8          

        CLASS   BANK9          

        CLASS   BANK10         

        CLASS   BANK11         

        CLASS   BANK12         

        CLASS   BANK13         

        CLASS   BANK14         

        CLASS   BANK15         

        CLASS   SFR            

        CLASS   FARRAM         

        CLASS   CONFIG         
                config                           300000   300000        E         0

        CLASS   IDLOC          
                idloc                            200000   200000        8         0

        CLASS   EEDATA         



SEGMENTS        Name                           Load    Length   Top    Selector   Space  Class

                reset_vec                      000000  000004  000004         0       0  CODE    
                cstackCOMRAM                   000001  00005D  00005E         1       1  COMRAM  
                intcode                        000008  00409F  0040A7         4       0  CODE    
                cstackBANK0                    000080  00007F  0000FF        80       1  BANK0   
                cstackBANK1                    000100  00008A  00018A       100       1  BANK1   
                text34                         0040A8  000068  004110      2054       0  CODE    
                mediumconst                    00FDDE  000222  010000      7EEF       0  MEDIUMCO
                idloc                          200000  000008  200008    200000       0  IDLOC   
                config                         300000  00000E  30000E    300000       0  CONFIG  


UNUSED ADDRESS RANGES

        Name                Unused          Largest block    Delta
        BANK0            0000FF-0000FF                1
        BANK1            00018A-0001FF               76
        BANK10           000A00-000AFF              100
        BANK11           000B00-000BFF              100
        BANK12           000C00-000CFF              100
        BANK13           000D00-000DFF              100
        BANK14           000E00-000EFF              100
        BANK15           000F00-000F7F               80
        BANK2            000200-0002FF              100
        BANK3            000300-0003FF              100
        BANK4            000400-0004FF              100
        BANK5            000500-0005FF              100
        BANK6            000600-0006FF              100
        BANK7            000700-0007FF              100
        BANK8            000800-0008FF              100
        BANK9            000900-0009FF              100
        BIGRAM           00005E-00007F               22
                         0000FF-0000FF                1
                         00018A-000F7F              DF6
        CODE             000004-000007                4
                         0040A7-0040A7                1
                         004110-00FDDD             BCCE
        COMRAM           00005E-00007F               22
        CONST            000004-000007                4
                         0040A7-0040A7                1
                         004110-00FDDD             BCCE
        EEDATA           F00000-F003FF              400
        MEDIUMCONST      0040A7-0040A7                1
                         004110-00FDDD             BCCE
        RAM              0000FF-0000FF                1
                         00018A-000F7F              100
        SFR              000F80-000FFF               80
        SMALLCONST       0040A7-0040A7                1
                         004110-00FDDD              100
        STACK            00018A-000F7F              DF6

                                  Symbol Table

?___aldiv                            cstackCOMRAM 00002D
?___almod                            cstackCOMRAM 000023
?___altoft                           cstackCOMRAM 00002B
?___awdiv                            cstackCOMRAM 000029
?___awmod                            cstackCOMRAM 000023
?___awtoft                           cstackCOMRAM 00002B
?___ftadd                            cstackBANK0  0000A2
?___ftdiv                            cstackCOMRAM 000035
?___ftmul                            cstackBANK0  000089
?___ftneg                            cstackCOMRAM 000023
?___ftpack                           cstackCOMRAM 000023
?___ftsub                            cstackBANK0  0000AE
?___fttol                            cstackBANK0  0000AE
?___lldiv                            cstackCOMRAM 000023
?___llmod                            cstackCOMRAM 000030
?___lltoft                           cstackCOMRAM 00002B
?___wmul                             cstackCOMRAM 000031
?__div_to_l_                         cstackCOMRAM 000023
?__tdiv_to_l_                        cstackCOMRAM 000023
?_analogRead                         cstackCOMRAM 000023
?_angleToPulse                       cstackBANK0  0000BD
?_digitalRead                        cstackCOMRAM 000023
?_eepromRead                         cstackCOMRAM 000037
?_fround                             cstackBANK0  000098
?_getTime                            cstackCOMRAM 000026
?_printf                             cstackBANK0  0000BD
?_readPastRun                        cstackBANK0  000080
?_scale                              cstackBANK0  000098
?i2___awmod                          cstackCOMRAM 000001
I2C_Master_Init@c                    cstackCOMRAM 000030
I2C_Master_Read@a                    cstackCOMRAM 000024
I2C_Master_Read@temp                 cstackCOMRAM 000025
I2C_Master_Write@d                   cstackCOMRAM 000024
_AA_float                            dataCOMRAM   00004E
_ACKDT                               (abs)        007E2D
_ACKEN                               (abs)        007E2C
_ADCON0                              (abs)        000FC2
_ADCON1                              (abs)        000FC1
_ADCON2                              (abs)        000FC0
_ADRESH                              (abs)        000FC4
_ADRESL                              (abs)        000FC3
_EEADR                               (abs)        000FA9
_EEADRH                              (abs)        000FAA
_EECON1                              (abs)        000FA6
_EECON2                              (abs)        000FA7
_EEDATA                              (abs)        000FA8
_EEIF                                (abs)        007D0C
_I2C_Master_Init                     text35       003BE4
_I2C_Master_Read                     text41       003F84
_I2C_Master_Start                    text40       004106
_I2C_Master_Stop                     text39       0040FE
_I2C_Master_Wait                     text42       0040BE
_I2C_Master_Write                    text38       0040DC
_INT0IE                              (abs)        007F94
_INT0IF                              (abs)        007F91
_INT1IE                              (abs)        007F83
_INT1IF                              (abs)        007F80
_INTCONbits                          (abs)        000FF2
_LATA                                (abs)        000F89
_LATB                                (abs)        000F8A
_LATC                                (abs)        000F8B
_LATD                                (abs)        000F8C
_LATDbits                            (abs)        000F8C
_LATE                                (abs)        000F8D
_PEIE                                (abs)        007F96
_PEN                                 (abs)        007E2A
_PORTA                               (abs)        000F80
_PORTB                               (abs)        000F81
_PORTBbits                           (abs)        000F81
_PORTC                               (abs)        000F82
_PORTD                               (abs)        000F83
_RCEN                                (abs)        007E2B
_RSEN                                (abs)        007E29
_SEN                                 (abs)        007E28
_SSPADD                              (abs)        000FC8
_SSPBUF                              (abs)        000FC9
_SSPCON1                             (abs)        000FC6
_SSPCON2                             (abs)        000FC5
_SSPSTAT                             (abs)        000FC7
_T0CON                               (abs)        000FD5
_T1CON                               (abs)        000FCD
_T3CON                               (abs)        000FB1
_TMR0H                               (abs)        000FD7
_TMR0IE                              (abs)        007F95
_TMR0IF                              (abs)        007F92
_TMR0L                               (abs)        000FD6
_TMR1H                               (abs)        000FCF
_TMR1IE                              (abs)        007CE8
_TMR1IF                              (abs)        007CF0
_TMR1L                               (abs)        000FCE
_TMR3H                               (abs)        000FB3
_TMR3IE                              (abs)        007D01
_TMR3L                               (abs)        000FB2
_TRISA                               (abs)        000F92
_TRISB                               (abs)        000F93
_TRISC                               (abs)        000F94
_TRISC3                              (abs)        007CA3
_TRISC4                              (abs)        007CA4
_TRISD                               (abs)        000F95
_TRISE                               (abs)        000F96
_V_LIM_9V                            dataCOMRAM   00003B
_V_LIM_AA                            dataCOMRAM   00003E
_V_LIM_C                             dataCOMRAM   000041
__CFG_BOREN$SBORDIS                  (abs)        000000
__CFG_BORV$3                         (abs)        000000
__CFG_CCP2MX$PORTC                   (abs)        000000
__CFG_CP0$OFF                        (abs)        000000
__CFG_CP1$OFF                        (abs)        000000
__CFG_CP2$OFF                        (abs)        000000
__CFG_CP3$OFF                        (abs)        000000
__CFG_CPB$OFF                        (abs)        000000
__CFG_CPD$OFF                        (abs)        000000
__CFG_EBTR0$OFF                      (abs)        000000
__CFG_EBTR1$OFF                      (abs)        000000
__CFG_EBTR2$OFF                      (abs)        000000
__CFG_EBTR3$OFF                      (abs)        000000
__CFG_EBTRB$OFF                      (abs)        000000
__CFG_FCMEN$OFF                      (abs)        000000
__CFG_IESO$OFF                       (abs)        000000
__CFG_LPT1OSC$OFF                    (abs)        000000
__CFG_LVP$OFF                        (abs)        000000
__CFG_MCLRE$ON                       (abs)        000000
__CFG_OSC$HS                         (abs)        000000
__CFG_PBADEN$ON                      (abs)        000000
__CFG_PWRT$OFF                       (abs)        000000
__CFG_STVREN$ON                      (abs)        000000
__CFG_WDT$OFF                        (abs)        000000
__CFG_WDTPS$32768                    (abs)        000000
__CFG_WRT0$OFF                       (abs)        000000
__CFG_WRT1$OFF                       (abs)        000000
__CFG_WRT2$OFF                       (abs)        000000
__CFG_WRT3$OFF                       (abs)        000000
__CFG_WRTB$OFF                       (abs)        000000
__CFG_WRTC$OFF                       (abs)        000000
__CFG_WRTD$OFF                       (abs)        000000
__CFG_XINST$OFF                      (abs)        000000
__HRAM                               (abs)        000000
__Habs1                              abs1         000000
__Hbank0                             bank0        000000
__Hbank1                             bank1        000000
__Hbank10                            bank10       000000
__Hbank11                            bank11       000000
__Hbank12                            bank12       000000
__Hbank13                            bank13       000000
__Hbank14                            bank14       000000
__Hbank15                            bank15       000000
__Hbank2                             bank2        000000
__Hbank3                             bank3        000000
__Hbank4                             bank4        000000
__Hbank5                             bank5        000000
__Hbank6                             bank6        000000
__Hbank7                             bank7        000000
__Hbank8                             bank8        000000
__Hbank9                             bank9        000000
__Hbigbss                            bigbss       000000
__Hbigdata                           bigdata      000000
__Hbigram                            bigram       000000
__Hbss                               bss          000000
__HbssBANK0                          bssBANK0     000000
__HbssBANK1                          bssBANK1     000000
__HbssCOMRAM                         bssCOMRAM    000000
__Hcinit                             cinit        000000
__Hclrtext                           clrtext      000000
__Hcomram                            comram       000000
__Hconfig                            config       30000E
__Hconst                             const        000000
__HcstackBANK0                       cstackBANK0  000000
__HcstackBANK1                       cstackBANK1  000000
__HcstackCOMRAM                      cstackCOMRAM 000000
__Hdata                              data         000000
__HdataBANK0                         dataBANK0    000000
__HdataBANK1                         dataBANK1    000000
__HdataCOMRAM                        dataCOMRAM   000000
__Heeprom_data                       eeprom_data  000000
__Hfarbss                            farbss       000000
__Hfardata                           fardata      000000
__Hibigdata                          ibigdata     000000
__Hidata                             idata        000000
__HidataBANK0                        idataBANK0   000000
__HidataBANK1                        idataBANK1   000000
__HidataCOMRAM                       idataCOMRAM  000000
__Hidloc                             idloc        200008
__Hifardata                          ifardata     000000
__Hinit                              init         000012
__Hintcode                           intcode      00000E
__Hintcode_body                      intcode_body 000000
__Hintcodelo                         intcodelo    00000E
__Hintentry                          intentry     000000
__Hintret                            intret       000000
__Hintsave_regs                      intsave_regs 000000
__Hirdata                            irdata       000000
__Hmediumconst                       mediumconst  010000
__HnvFARRAM                          nvFARRAM     000000
__Hnvbit                             nvbit        000000
__Hnvrram                            nvrram       000000
__Hparam                             rparam       000000
__Hpowerup                           powerup      00000E
__Hram                               ram          000000
__Hramtop                            ramtop       001000
__Hrbit                              rbit         000000
__Hrbss                              rbss         000000
__Hrdata                             rdata        000000
__Hreset_vec                         reset_vec    000004
__Hrparam                            rparam       000000
__Hsfr                               sfr          000000
__Hsmallconst                        smallconst   000000
__Hspace_0                           (abs)        30000E
__Hspace_1                           (abs)        00018A
__Hspace_2                           (abs)        000000
__Hstack                             stack        000000
__Hstruct                            struct       000000
__Htemp                              temp         00005E
__Htext                              text         000000
__Htext0                             text0        000000
__Htext1                             text1        000000
__Htext10                            text10       000000
__Htext11                            text11       000000
__Htext12                            text12       000000
__Htext13                            text13       000000
__Htext14                            text14       000000
__Htext15                            text15       000000
__Htext16                            text16       000000
__Htext17                            text17       000000
__Htext18                            text18       000000
__Htext19                            text19       000000
__Htext2                             text2        000000
__Htext20                            text20       000000
__Htext21                            text21       000000
__Htext22                            text22       000000
__Htext23                            text23       000000
__Htext24                            text24       000000
__Htext25                            text25       000000
__Htext26                            text26       000000
__Htext27                            text27       000000
__Htext28                            text28       000000
__Htext29                            text29       000000
__Htext3                             text3        000000
__Htext30                            text30       000000
__Htext31                            text31       000000
__Htext32                            text32       000000
__Htext33                            text33       000000
__Htext34                            text34       000000
__Htext35                            text35       000000
__Htext36                            text36       000000
__Htext37                            text37       000000
__Htext38                            text38       000000
__Htext39                            text39       000000
__Htext4                             text4        000000
__Htext40                            text40       000000
__Htext41                            text41       000000
__Htext42                            text42       000000
__Htext43                            text43       000000
__Htext44                            text44       000000
__Htext45                            text45       000000
__Htext46                            text46       000000
__Htext47                            text47       000000
__Htext48                            text48       000000
__Htext49                            text49       000000
__Htext5                             text5        000000
__Htext50                            text50       000000
__Htext51                            text51       000000
__Htext52                            text52       000000
__Htext53                            text53       000000
__Htext54                            text54       000000
__Htext55                            text55       000000
__Htext56                            text56       000000
__Htext57                            text57       000000
__Htext58                            text58       000000
__Htext59                            text59       000000
__Htext6                             text6        000000
__Htext60                            text60       000000
__Htext61                            text61       000000
__Htext62                            text62       000000
__Htext63                            text63       000000
__Htext65                            text65       000000
__Htext66                            text66       000000
__Htext67                            text67       000000
__Htext68                            text68       000000
__Htext69                            text69       000000
__Htext7                             text7        000000
__Htext8                             text8        000000
__Htext9                             text9        000000
__LRAM                               (abs)        000001
__Labs1                              abs1         000000
__Lbank0                             bank0        000000
__Lbank1                             bank1        000000
__Lbank10                            bank10       000000
__Lbank11                            bank11       000000
__Lbank12                            bank12       000000
__Lbank13                            bank13       000000
__Lbank14                            bank14       000000
__Lbank15                            bank15       000000
__Lbank2                             bank2        000000
__Lbank3                             bank3        000000
__Lbank4                             bank4        000000
__Lbank5                             bank5        000000
__Lbank6                             bank6        000000
__Lbank7                             bank7        000000
__Lbank8                             bank8        000000
__Lbank9                             bank9        000000
__Lbigbss                            bigbss       000000
__Lbigdata                           bigdata      000000
__Lbigram                            bigram       000000
__Lbss                               bss          000000
__LbssBANK0                          bssBANK0     000000
__LbssBANK1                          bssBANK1     000000
__LbssCOMRAM                         bssCOMRAM    000000
__Lcinit                             cinit        000000
__Lclrtext                           clrtext      000000
__Lcomram                            comram       000000
__Lconfig                            config       300000
__Lconst                             const        000000
__LcstackBANK0                       cstackBANK0  000000
__LcstackBANK1                       cstackBANK1  000000
__LcstackCOMRAM                      cstackCOMRAM 000000
__Ldata                              data         000000
__LdataBANK0                         dataBANK0    000000
__LdataBANK1                         dataBANK1    000000
__LdataCOMRAM                        dataCOMRAM   000000
__Leeprom_data                       eeprom_data  000000
__Lfarbss                            farbss       000000
__Lfardata                           fardata      000000
__Libigdata                          ibigdata     000000
__Lidata                             idata        000000
__LidataBANK0                        idataBANK0   000000
__LidataBANK1                        idataBANK1   000000
__LidataCOMRAM                       idataCOMRAM  000000
__Lidloc                             idloc        200000
__Lifardata                          ifardata     000000
__Linit                              init         00000E
__Lintcode                           intcode      000008
__Lintcode_body                      intcode_body 000000
__Lintcodelo                         intcodelo    00000E
__Lintentry                          intentry     000000
__Lintret                            intret       000000
__Lintsave_regs                      intsave_regs 000000
__Lirdata                            irdata       000000
__Lmediumconst                       mediumconst  00FDDE
__LnvFARRAM                          nvFARRAM     000000
__Lnvbit                             nvbit        000000
__Lnvrram                            nvrram       000000
__Lparam                             rparam       000000
__Lpowerup                           powerup      00000E
__Lram                               ram          000000
__Lramtop                            ramtop       001000
__Lrbit                              rbit         000000
__Lrbss                              rbss         000000
__Lrdata                             rdata        000000
__Lreset_vec                         reset_vec    000000
__Lrparam                            rparam       000000
__Lsfr                               sfr          000000
__Lsmallconst                        smallconst   000000
__Lspace_0                           (abs)        000000
__Lspace_1                           (abs)        000000
__Lspace_2                           (abs)        000000
__Lstack                             stack        000000
__Lstruct                            struct       000000
__Ltemp                              temp         00005D
__Ltext                              text         000000
__Ltext0                             text0        000000
__Ltext1                             text1        000000
__Ltext10                            text10       000000
__Ltext11                            text11       000000
__Ltext12                            text12       000000
__Ltext13                            text13       000000
__Ltext14                            text14       000000
__Ltext15                            text15       000000
__Ltext16                            text16       000000
__Ltext17                            text17       000000
__Ltext18                            text18       000000
__Ltext19                            text19       000000
__Ltext2                             text2        000000
__Ltext20                            text20       000000
__Ltext21                            text21       000000
__Ltext22                            text22       000000
__Ltext23                            text23       000000
__Ltext24                            text24       000000
__Ltext25                            text25       000000
__Ltext26                            text26       000000
__Ltext27                            text27       000000
__Ltext28                            text28       000000
__Ltext29                            text29       000000
__Ltext3                             text3        000000
__Ltext30                            text30       000000
__Ltext31                            text31       000000
__Ltext32                            text32       000000
__Ltext33                            text33       000000
__Ltext34                            text34       000000
__Ltext35                            text35       000000
__Ltext36                            text36       000000
__Ltext37                            text37       000000
__Ltext38                            text38       000000
__Ltext39                            text39       000000
__Ltext4                             text4        000000
__Ltext40                            text40       000000
__Ltext41                            text41       000000
__Ltext42                            text42       000000
__Ltext43                            text43       000000
__Ltext44                            text44       000000
__Ltext45                            text45       000000
__Ltext46                            text46       000000
__Ltext47                            text47       000000
__Ltext48                            text48       000000
__Ltext49                            text49       000000
__Ltext5                             text5        000000
__Ltext50                            text50       000000
__Ltext51                            text51       000000
__Ltext52                            text52       000000
__Ltext53                            text53       000000
__Ltext54                            text54       000000
__Ltext55                            text55       000000
__Ltext56                            text56       000000
__Ltext57                            text57       000000
__Ltext58                            text58       000000
__Ltext59                            text59       000000
__Ltext6                             text6        000000
__Ltext60                            text60       000000
__Ltext61                            text61       000000
__Ltext62                            text62       000000
__Ltext63                            text63       000000
__Ltext65                            text65       000000
__Ltext66                            text66       000000
__Ltext67                            text67       000000
__Ltext68                            text68       000000
__Ltext69                            text69       000000
__Ltext7                             text7        000000
__Ltext8                             text8        000000
__Ltext9                             text9        000000
__S0                                 (abs)        30000E
__S1                                 (abs)        00018A
__S2                                 (abs)        000000
___aldiv                             text8        003118
___aldiv@counter                     cstackCOMRAM 000035
___aldiv@dividend                    cstackCOMRAM 00002D
___aldiv@divisor                     cstackCOMRAM 000031
___aldiv@quotient                    cstackCOMRAM 000037
___aldiv@sign                        cstackCOMRAM 000036
___almod                             text7        003422
___almod@counter                     cstackCOMRAM 00002B
___almod@dividend                    cstackCOMRAM 000023
___almod@divisor                     cstackCOMRAM 000027
___almod@sign                        cstackCOMRAM 00002C
___altoft                            text58       0038A4
___altoft@c                          cstackCOMRAM 00002B
___altoft@exp                        cstackCOMRAM 000033
___altoft@sign                       cstackCOMRAM 000034
___awdiv                             text23       00371C
___awdiv@counter                     cstackCOMRAM 00002D
___awdiv@dividend                    cstackCOMRAM 000029
___awdiv@divisor                     cstackCOMRAM 00002B
___awdiv@quotient                    cstackCOMRAM 00002F
___awdiv@sign                        cstackCOMRAM 00002E
___awmod                             text22       00391C
___awmod@counter                     cstackCOMRAM 000027
___awmod@dividend                    cstackCOMRAM 000023
___awmod@divisor                     cstackCOMRAM 000025
___awmod@sign                        cstackCOMRAM 000028
___awtoft                            text57       003ED0
___awtoft@c                          cstackCOMRAM 00002B
___awtoft@sign                       cstackCOMRAM 00002E
___ftadd                             text56       001C1E
___ftadd@exp1                        cstackBANK0  0000AD
___ftadd@exp2                        cstackBANK0  0000AC
___ftadd@f1                          cstackBANK0  0000A2
___ftadd@f2                          cstackBANK0  0000A5
___ftadd@sign                        cstackBANK0  0000AB
___ftdiv                             text55       0029C2
___ftdiv@cntr                        cstackBANK0  000083
___ftdiv@exp                         cstackBANK0  000087
___ftdiv@f1                          cstackCOMRAM 000035
___ftdiv@f2                          cstackCOMRAM 000038
___ftdiv@f3                          cstackBANK0  000084
___ftdiv@sign                        cstackBANK0  000088
___ftge                              text30       003608
___ftge@ff1                          cstackCOMRAM 00002F
___ftge@ff2                          cstackCOMRAM 000032
___ftmul                             text54       00225E
___ftmul@cntr                        cstackBANK0  000096
___ftmul@exp                         cstackBANK0  000092
___ftmul@f1                          cstackBANK0  000089
___ftmul@f2                          cstackBANK0  00008C
___ftmul@f3_as_product               cstackBANK0  000093
___ftmul@sign                        cstackBANK0  000097
___ftneg                             text29       003FD0
___ftneg@f1                          cstackCOMRAM 000023
___ftpack                            text59       003374
___ftpack@arg                        cstackCOMRAM 000023
___ftpack@exp                        cstackCOMRAM 000026
___ftpack@sign                       cstackCOMRAM 000027
___ftsub                             text28       003CE4
___ftsub@f1                          cstackBANK0  0000AE
___ftsub@f2                          cstackBANK0  0000B1
___fttol                             text53       002514
___fttol@exp1                        cstackBANK0  0000BC
___fttol@f1                          cstackBANK0  0000AE
___fttol@lval                        cstackBANK0  0000B8
___fttol@sign1                       cstackBANK0  0000B7
___inthi_sp                          stack        000000
___intlo_sp                          stack        000000
___lldiv                             text36       0037A0
___lldiv@counter                     cstackCOMRAM 00002F
___lldiv@dividend                    cstackCOMRAM 000023
___lldiv@divisor                     cstackCOMRAM 000027
___lldiv@quotient                    cstackCOMRAM 00002B
___llmod                             text27       0039FC
___llmod@counter                     cstackCOMRAM 000038
___llmod@dividend                    cstackCOMRAM 000030
___llmod@divisor                     cstackCOMRAM 000034
___lltoft                            text26       003B88
___lltoft@c                          cstackCOMRAM 00002B
___lltoft@exp                        cstackCOMRAM 000033
___param_bank                        (abs)        000000
___rparam_used                       (abs)        000001
___sp                                stack        000000
___wmul                              text47       003FAA
___wmul@multiplicand                 cstackCOMRAM 000033
___wmul@multiplier                   cstackCOMRAM 000031
___wmul@product                      cstackCOMRAM 000035
__accesstop                          (abs)        000080
__activetblptr                       (abs)        000002
__div_to_l_                          text25       00278A
__div_to_l_@cntr                     cstackCOMRAM 00002D
__div_to_l_@exp1                     cstackCOMRAM 00002E
__div_to_l_@f1                       cstackCOMRAM 000023
__div_to_l_@f2                       cstackCOMRAM 000026
__div_to_l_@quot                     cstackCOMRAM 000029
__end_of_I2C_Master_Init             text35       003C3E
__end_of_I2C_Master_Read             text41       003FAA
__end_of_I2C_Master_Start            text40       00410E
__end_of_I2C_Master_Stop             text39       004106
__end_of_I2C_Master_Wait             text42       0040D0
__end_of_I2C_Master_Write            text38       0040E6
__end_of___aldiv                     text8        0031E4
__end_of___almod                     text7        0034CE
__end_of___altoft                    text58       00391C
__end_of___awdiv                     text23       0037A0
__end_of___awmod                     text22       00398C
__end_of___awtoft                    text57       003F08
__end_of___ftadd                     text56       001E86
__end_of___ftdiv                     text55       002AD2
__end_of___ftge                      text30       003698
__end_of___ftmul                     text54       0023BC
__end_of___ftneg                     text29       003FF4
__end_of___ftpack                    text59       003422
__end_of___ftsub                     text28       003D30
__end_of___fttol                     text53       002658
__end_of___lldiv                     text36       003822
__end_of___llmod                     text27       003A62
__end_of___lltoft                    text26       003BE4
__end_of___wmul                      text47       003FD0
__end_of__div_to_l_                  text25       0028B2
__end_of__initialization             cinit        00370E
__end_of__npowers_                   mediumconst  00FE2E
__end_of__powers_                    mediumconst  00FE55
__end_of__tdiv_to_l_                 text24       00278A
__end_of_analogRead                  text4        003ED0
__end_of_angleToPulse                text52       002514
__end_of_digitalRead                 text3        002CC8
__end_of_digitalWrite                text2        0032AC
__end_of_dpowers                     mediumconst  00FE07
__end_of_eepromRead                  text46       004090
__end_of_eepromWrite                 text45       003C94
__end_of_fround                      text21       0020E6
__end_of_getTime                     text37       0038A4
__end_of_happynewyear                mediumconst  00FE8D
__end_of_hexpowers                   mediumconst  00FE75
__end_of_initLCD                     text61       003E58
__end_of_initRTC                     text34       0040BE
__end_of_initServo                   text49       002F76
__end_of_initTimer                   text60       003E12
__end_of_isdigit                     text20       004076
__end_of_keyPressed                  text33       0040DC
__end_of_keyPressedInterruptService  text69       004058
__end_of_keys                        mediumconst  00FE86
__end_of_lcdClear                    text32       0040FE
__end_of_lcdHome                     text31       0040F6
__end_of_lcdInst                     text62       004038
__end_of_lcdNewline                  text19       0040EE
__end_of_lcdNibble                   text63       003AC8
__end_of_main                        text0        001808
__end_of_pinSetup                    text48       003E98
__end_of_printf                      text16       000E0A
__end_of_putch                       text18       004016
__end_of_readKeypad                  text14       003F84
__end_of_readPastRun                 text43       003608
__end_of_saveNewRun                  text44       002E94
__end_of_scale                       text17       001C1E
__end_of_service                     intcode_body 002DB2
__end_of_servoInterruptService       text65       002BDE
__end_of_setAngle                    text51       00304A
__end_of_showDateTime                text15       0029C2
__end_of_showErrorMessage            text13       003F38
__end_of_showInterface               text5        003118
__end_of_showMainMenu                text12       003CE4
__end_of_showRunMenu                 text11       003B88
__end_of_showRunSelect               text10       003B2C
__end_of_showRunStats                text9        003576
__end_of_showRunTime                 text6        00225E
__end_of_sortBattery                 text1        00137A
__end_of_startTimer                  text50       003D7C
__end_ofi2___awmod                   text68       0039FC
__end_ofi2_digitalWrite              text67       003374
__end_ofi2_startTimer                text66       003DC8
__initialization                     cinit        003698
__mediumconst                        mediumconst  00FDDE
__npowers_                           mediumconst  00FE07
__pbssBANK0                          bssBANK0     0000FB
__pbssBANK1                          bssBANK1     00016A
__pbssCOMRAM                         bssCOMRAM    000052
__pcinit                             cinit        003698
__pcstackBANK0                       cstackBANK0  000080
__pcstackBANK1                       cstackBANK1  000100
__pcstackCOMRAM                      cstackCOMRAM 000001
__pdataBANK0                         dataBANK0    0000FD
__pdataBANK1                         dataBANK1    000144
__pdataCOMRAM                        dataCOMRAM   00003B
__pidataBANK0                        idataBANK0   00410E
__pidataBANK1                        idataBANK1   003F38
__pidataCOMRAM                       idataCOMRAM  004090
__pintcode                           intcode      000008
__pintcode_body                      intcode_body 002CC8
__pmediumconst                       mediumconst  00FDDE
__powers_                            mediumconst  00FE2E
__ptext0                             text0        00137A
__ptext1                             text1        000E0A
__ptext10                            text10       003AC8
__ptext11                            text11       003B2C
__ptext12                            text12       003C94
__ptext13                            text13       003F08
__ptext14                            text14       003F5E
__ptext15                            text15       0028B2
__ptext16                            text16       000012
__ptext17                            text17       001808
__ptext18                            text18       003FF4
__ptext19                            text19       0040E6
__ptext2                             text2        0031E4
__ptext20                            text20       004058
__ptext21                            text21       001E86
__ptext22                            text22       00391C
__ptext23                            text23       00371C
__ptext24                            text24       002658
__ptext25                            text25       00278A
__ptext26                            text26       003B88
__ptext27                            text27       0039FC
__ptext28                            text28       003CE4
__ptext29                            text29       003FD0
__ptext3                             text3        002BDE
__ptext30                            text30       003608
__ptext31                            text31       0040EE
__ptext32                            text32       0040F6
__ptext33                            text33       0040D0
__ptext34                            text34       0040A8
__ptext35                            text35       003BE4
__ptext36                            text36       0037A0
__ptext37                            text37       003822
__ptext38                            text38       0040DC
__ptext39                            text39       0040FE
__ptext4                             text4        003E98
__ptext40                            text40       004106
__ptext41                            text41       003F84
__ptext42                            text42       0040BE
__ptext43                            text43       003576
__ptext44                            text44       002DB2
__ptext45                            text45       003C3E
__ptext46                            text46       004076
__ptext47                            text47       003FAA
__ptext48                            text48       003E58
__ptext49                            text49       002E94
__ptext5                             text5        00304A
__ptext50                            text50       003D30
__ptext51                            text51       002F76
__ptext52                            text52       0023BC
__ptext53                            text53       002514
__ptext54                            text54       00225E
__ptext55                            text55       0029C2
__ptext56                            text56       001C1E
__ptext57                            text57       003ED0
__ptext58                            text58       0038A4
__ptext59                            text59       003374
__ptext6                             text6        0020E6
__ptext60                            text60       003DC8
__ptext61                            text61       003E12
__ptext62                            text62       004016
__ptext63                            text63       003A62
__ptext65                            text65       002AD2
__ptext66                            text66       003D7C
__ptext67                            text67       0032AC
__ptext68                            text68       00398C
__ptext69                            text69       004038
__ptext7                             text7        003422
__ptext8                             text8        003118
__ptext9                             text9        0034CE
__ramtop                             ramtop       001000
__size_of_I2C_Master_Init            (abs)        000000
__size_of_I2C_Master_Read            (abs)        000000
__size_of_I2C_Master_Start           (abs)        000000
__size_of_I2C_Master_Stop            (abs)        000000
__size_of_I2C_Master_Wait            (abs)        000000
__size_of_I2C_Master_Write           (abs)        000000
__size_of___aldiv                    (abs)        000000
__size_of___almod                    (abs)        000000
__size_of___altoft                   (abs)        000000
__size_of___awdiv                    (abs)        000000
__size_of___awmod                    (abs)        000000
__size_of___awtoft                   (abs)        000000
__size_of___ftadd                    (abs)        000000
__size_of___ftdiv                    (abs)        000000
__size_of___ftge                     (abs)        000000
__size_of___ftmul                    (abs)        000000
__size_of___ftneg                    (abs)        000000
__size_of___ftpack                   (abs)        000000
__size_of___ftsub                    (abs)        000000
__size_of___fttol                    (abs)        000000
__size_of___lldiv                    (abs)        000000
__size_of___llmod                    (abs)        000000
__size_of___lltoft                   (abs)        000000
__size_of___wmul                     (abs)        000000
__size_of__div_to_l_                 (abs)        000000
__size_of__tdiv_to_l_                (abs)        000000
__size_of_analogRead                 (abs)        000000
__size_of_angleToPulse               (abs)        000000
__size_of_digitalRead                (abs)        000000
__size_of_digitalWrite               (abs)        000000
__size_of_eepromRead                 (abs)        000000
__size_of_eepromWrite                (abs)        000000
__size_of_fround                     (abs)        000000
__size_of_getTime                    (abs)        000000
__size_of_initLCD                    (abs)        000000
__size_of_initRTC                    (abs)        000000
__size_of_initServo                  (abs)        000000
__size_of_initTimer                  (abs)        000000
__size_of_isdigit                    (abs)        000000
__size_of_keyPressed                 (abs)        000000
__size_of_keyPressedInterruptService (abs)        000000
__size_of_lcdClear                   (abs)        000000
__size_of_lcdHome                    (abs)        000000
__size_of_lcdInst                    (abs)        000000
__size_of_lcdNewline                 (abs)        000000
__size_of_lcdNibble                  (abs)        000000
__size_of_main                       (abs)        000000
__size_of_pinSetup                   (abs)        000000
__size_of_printf                     (abs)        000000
__size_of_putch                      (abs)        000000
__size_of_readKeypad                 (abs)        000000
__size_of_readPastRun                (abs)        000000
__size_of_saveNewRun                 (abs)        000000
__size_of_scale                      (abs)        000000
__size_of_service                    (abs)        000000
__size_of_servoInterruptService      (abs)        000000
__size_of_setAngle                   (abs)        000000
__size_of_showDateTime               (abs)        000000
__size_of_showErrorMessage           (abs)        000000
__size_of_showInterface              (abs)        000000
__size_of_showMainMenu               (abs)        000000
__size_of_showRunMenu                (abs)        000000
__size_of_showRunSelect              (abs)        000000
__size_of_showRunStats               (abs)        000000
__size_of_showRunTime                (abs)        000000
__size_of_sortBattery                (abs)        000000
__size_of_startTimer                 (abs)        000000
__size_ofi2___awmod                  (abs)        000000
__size_ofi2_digitalWrite             (abs)        000000
__size_ofi2_startTimer               (abs)        000000
__smallconst                         smallconst   000000
__tdiv_to_l_                         text24       002658
__tdiv_to_l_@cntr                    cstackCOMRAM 000030
__tdiv_to_l_@exp1                    cstackCOMRAM 000031
__tdiv_to_l_@f1                      cstackCOMRAM 000023
__tdiv_to_l_@f2                      cstackCOMRAM 000026
__tdiv_to_l_@quot                    cstackCOMRAM 00002C
_analogRead                          text4        003E98
_angle                               dataCOMRAM   000044
_angleToPulse                        text52       0023BC
_angleToPulse$1418                   cstackBANK0  0000CD
_batteryDetected                     bssBANK1     00017E
_conveyorServo                       dataBANK1    00014E
_count                               bssCOMRAM    000056
_curr                                bssCOMRAM    000058
_cylinderBackward                    dataBANK1    000144
_cylinderForward                     dataBANK1    000146
_cylinderMotor1                      dataBANK1    000152
_cylinderMotor2                      dataBANK1    000156
_digitalRead                         text3        002BDE
_digitalWrite                        text2        0031E4
_dpowers                             mediumconst  00FDDF
_eepromRead                          text46       004076
_eepromWrite                         text45       003C3E
_fround                              text21       001E86
_fround$1420                         cstackBANK0  00009E
_fround$1421                         cstackBANK0  00009B
_getTime                             text37       003822
_happynewyear                        mediumconst  00FE86
_hexpowers                           mediumconst  00FE55
_initLCD                             text61       003E12
_initRTC                             text34       0040A8
_initServo                           text49       002E94
_initTimer                           text60       003DC8
_isdigit                             text20       004058
_isdigit$1052                        cstackCOMRAM 000024
_keyPressed                          text33       0040D0
_keyPressedInterruptService          text69       004038
_keys                                mediumconst  00FE75
_lastKey                             bssCOMRAM    00005C
_lcdClear                            text32       0040F6
_lcdHome                             text31       0040EE
_lcdInst                             text62       004016
_lcdNewline                          text19       0040E6
_lcdNibble                           text63       003A62
_main                                text0        00137A
_main$1416                           cstackBANK1  00012C
_n                                   bssBANK0     0000FB
_n_9V                                bssBANK1     000180
_n_AA                                bssBANK1     000182
_n_C                                 bssBANK1     000184
_n_OTHER                             bssBANK1     000186
_padAngle_CLOSE                      dataCOMRAM   000046
_padAngle_NEUTRAL                    dataBANK1    000148
_padAngle_OPEN                       dataCOMRAM   000048
_padPin1                             dataBANK1    00015A
_padPin2                             dataBANK1    00015E
_padPin3                             bssCOMRAM    000052
_padServo                            dataBANK1    000162
_pinSetup                            text48       003E58
_prevTime                            bssCOMRAM    00005A
_printf                              text16       000012
_printf$1423                         cstackBANK0  0000D1
_pulse                               bssBANK1     00016A
_putch                               text18       003FF4
_readKeypad                          text14       003F5E
_readPastRun                         text43       003576
_redirectAngle_9V                    dataCOMRAM   00004A
_redirectAngle_AA                    dataBANK1    00014A
_redirectAngle_C                     dataCOMRAM   00004C
_redirectAngle_OTHER                 dataBANK0    0000FD
_redirectingServo                    dataBANK1    000166
_saveNewRun                          text44       002DB2
_scale                               text17       001808
_scale$1422                          cstackBANK0  00009B
_service                             intcode      000008
_servoInterruptService               text65       002AD2
_servos                              bssBANK1     000172
_setAngle                            text51       002F76
_showDateTime                        text15       0028B2
_showErrorMessage                    text13       003F08
_showInterface                       text5        00304A
_showMainMenu                        text12       003C94
_showRunMenu                         text11       003B2C
_showRunSelect                       text10       003AC8
_showRunStats                        text9        0034CE
_showRunTime                         text6        0020E6
_showRunTime$1419                    cstackBANK1  000100
_sortBattery                         text1        000E0A
_sortBattery$1417                    cstackBANK1  000100
_startTimer                          text50       003D30
_stoppingTime                        dataBANK1    00014C
_terminate                           bssBANK1     000188
_time                                bssBANK1     00017A
analogRead@channel                   cstackCOMRAM 000023
angleToPulse@a000                    cstackBANK0  0000D0
angleToPulse@a180                    cstackBANK0  0000C9
angleToPulse@angle                   cstackBANK0  0000BD
angleToPulse@offset                  cstackBANK0  0000C5
btemp                                temp         00005D
digitalRead@pin                      cstackCOMRAM 000023
digitalWrite@p                       cstackCOMRAM 00002A
digitalWrite@pin                     cstackCOMRAM 000023
digitalWrite@val                     cstackCOMRAM 000025
eepromRead@address                   cstackCOMRAM 000037
eepromWrite@address                  cstackBANK0  000082
eepromWrite@data                     cstackBANK0  000080
eepromWrite@ien                      cstackBANK0  000087
end_of_initialization                cinit        00370E
fround@prec                          cstackBANK0  0000A1
getTime@i                            cstackCOMRAM 000038
getTime@time                         cstackCOMRAM 00002A
i2___awmod                           text68       00398C
i2___awmod@counter                   cstackCOMRAM 000005
i2___awmod@dividend                  cstackCOMRAM 000001
i2___awmod@divisor                   cstackCOMRAM 000003
i2___awmod@sign                      cstackCOMRAM 000006
i2_digitalWrite                      text67       0032AC
i2_startTimer                        text66       003D7C
i2digitalWrite@p                     cstackCOMRAM 00000E
i2digitalWrite@pin                   cstackCOMRAM 000007
i2digitalWrite@val                   cstackCOMRAM 000009
i2startTimer@timer                   cstackCOMRAM 000007
i2startTimer@val                     cstackCOMRAM 000009
initServo@angle                      cstackBANK0  0000E0
initServo@i                          cstackBANK0  0000E6
initServo@motor                      cstackBANK0  0000DE
initTimer@timer                      cstackCOMRAM 000023
int$flags                            temp         00005D
int_func                             intcode_body 002CC8
intlevel0                            text         000000
intlevel1                            text         000000
intlevel2                            text         000000
intlevel3                            text         000000
isdigit@c                            cstackCOMRAM 000025
keyPressed@key                       cstackCOMRAM 000023
keyPressedInterruptService@key       cstackCOMRAM 000001
lcdInst@data                         cstackCOMRAM 000026
lcdNibble@data                       cstackCOMRAM 000024
lcdNibble@temp                       cstackCOMRAM 000023
main@cylinderStart                   cstackBANK1  000132
main@duration                        cstackBANK1  000142
main@lastBatteryTime                 cstackBANK1  000130
main@run                             cstackBANK1  000134
printf@ap                            cstackBANK0  0000D9
printf@c                             cstackBANK0  0000EE
printf@cp                            cstackBANK0  0000D5
printf@exp                           cstackBANK0  0000DF
printf@f                             cstackBANK0  0000BD
printf@flag                          cstackBANK0  0000EA
printf@fval                          cstackBANK0  0000E1
printf@idx                           cstackBANK0  0000D4
printf@len                           cstackBANK0  0000D7
printf@prec                          cstackBANK0  0000EC
printf@tmpval                        cstackBANK0  0000DB
printf@val                           cstackBANK0  0000E4
printf@width                         cstackBANK0  0000E8
putch@data                           cstackCOMRAM 000027
readKeypad@key                       cstackCOMRAM 000023
readPastRun@data                     cstackBANK0  000082
readPastRun@i                        cstackBANK0  000090
readPastRun@run                      cstackBANK0  000080
saveNewRun@data                      cstackBANK0  000089
saveNewRun@i                         cstackBANK0  00008D
saveNewRun@n                         cstackBANK0  00008B
scale@scl                            cstackBANK0  00009E
service@key                          cstackCOMRAM 000022
setAngle@angle                       cstackBANK0  0000D6
setAngle@i                           cstackBANK0  0000DC
setAngle@motor                       cstackBANK0  0000D4
setAngle@period                      cstackBANK0  0000DA
showDateTime@day                     cstackBANK1  000106
showDateTime@hour                    cstackBANK1  000104
showDateTime@min                     cstackBANK1  000102
showDateTime@mon                     cstackBANK1  000108
showDateTime@sec                     cstackBANK1  000100
showDateTime@t                       cstackBANK1  00010C
showDateTime@year                    cstackBANK1  00010A
showInterface@key                    cstackBANK1  000112
showInterface@n                      cstackBANK1  00010E
showInterface@run                    cstackBANK1  000110
showMainMenu@k                       cstackBANK0  0000EF
showRunMenu@k                        cstackBANK0  0000F0
showRunMenu@key                      cstackBANK0  0000EF
showRunSelect@k                      cstackBANK0  0000EF
showRunStats@n_9V                    cstackBANK0  0000F3
showRunStats@n_AA                    cstackBANK0  0000F1
showRunStats@n_C                     cstackBANK0  0000F5
showRunStats@n_OTHER                 cstackBANK0  0000F7
showRunStats@run                     cstackBANK0  0000EF
showRunTime@run                      cstackBANK0  0000EF
showRunTime@t1                       cstackBANK1  000104
showRunTime@t2                       cstackBANK1  000106
showRunTime@time                     cstackBANK1  000108
sortBattery@V                        cstackBANK1  000116
sortBattery@V_244                    cstackBANK1  00011C
sortBattery@V_float                  cstackBANK1  000102
sortBattery@V_max                    cstackBANK1  00010F
sortBattery@Vcc                      cstackBANK1  000109
sortBattery@i                        cstackBANK1  000119
sortBattery@i_249                    cstackBANK1  000112
sortBattery@pos_v_counter            cstackBANK1  000105
sortBattery@resolution               cstackBANK1  00010C
sortBattery@signal                   cstackBANK1  000107
sortBattery@targetAngle              cstackBANK1  000114
stackhi                              (abs)        000F7F
stacklo                              (abs)        00018A
start                                init         00000E
startTimer@timer                     cstackCOMRAM 000023
startTimer@val                       cstackCOMRAM 000025
start_initialization                 cinit        003698


FUNCTION INFORMATION:

 *************** function _main *****************
 Defined at:
		line 121 in file "main.c"
 Parameters:    Size  Location     Type
		None
 Auto vars:     Size  Location     Type
  duration        2   66[BANK1 ] int 
  cylinderStar    2   50[BANK1 ] int 
  lastBatteryT    2   48[BANK1 ] int 
  run            14   52[BANK1 ] int [7]
 Return value:  Size  Location     Type
                  1    wreg      void 
 Registers used:
		wreg, fsr2l, fsr2h, status,2, status,0, tblptrl, tblptrh, tblptru, prodl, prodh, cstack
 Tracked objects:
		On entry : 
		On exit  : 
		Unchanged: 
 Data sizes:     COMRAM   BANK0   BANK1   BANK2   BANK3   BANK4   BANK5   BANK6   BANK7   BANK8   BANK9  BANK10  BANK11  BANK12  BANK13  BANK14  BANK15
      Params:         0       0       0       0       0       0       0       0       0       0       0       0       0       0       0       0       0
      Locals:         0       0      24       0       0       0       0       0       0       0       0       0       0       0       0       0       0
      Temps:          0       0      13       0       0       0       0       0       0       0       0       0       0       0       0       0       0
      Totals:         0       0      37       0       0       0       0       0       0       0       0       0       0       0       0       0       0
Total ram usage:       37 bytes
 Hardware stack levels required when called:   10
 This function calls:
		___aldiv
		___almod
		_digitalRead
		_digitalWrite
		_initLCD
		_initServo
		_initTimer
		_lcdClear
		_lcdHome
		_pinSetup
		_printf
		_saveNewRun
		_setAngle
		_showInterface
		_showRunStats
		_showRunTime
		_sortBattery
		_startTimer
 This function is called by:
		Startup code after reset
 This function uses a non-reentrant model


 *************** function _sortBattery *****************
 Defined at:
		line 215 in file "main.c"
 Parameters:    Size  Location     Type
		None
 Auto vars:     Size  Location     Type
  V               3   22[BANK1 ] float 
  i               2   18[BANK1 ] int 
  i               3   25[BANK1 ] float 
  V               3   28[BANK1 ] float 
  V_max           3   15[BANK1 ] float 
  resolution      3   12[BANK1 ] float 
  Vcc             3    9[BANK1 ] float 
  V_float         3    2[BANK1 ] float 
  targetAngle     2   20[BANK1 ] int 
  signal          2    7[BANK1 ] int 
  pos_v_counte    2    5[BANK1 ] int 
 Return value:  Size  Location     Type
                  1    wreg      void 
 Registers used:
		wreg, fsr2l, fsr2h, status,2, status,0, tblptrl, tblptrh, tblptru, prodl, prodh, cstack
 Tracked objects:
[...]
      Totals:         1       0       0       0       0       0       0       0       0       0       0       0       0       0       0       0       0
Total ram usage:        1 bytes
 Hardware stack levels used:    1
 Hardware stack levels required when called:    5
 This function calls:
		_lcdInst
 This function is called by:
		_main
		_debug
 This function uses a non-reentrant model


 *************** function _lcdInst *****************
 Defined at:
		line 27 in file "lcd.c"
 Parameters:    Size  Location     Type
  data            1    wreg     unsigned char 
 Auto vars:     Size  Location     Type
  data            1   37[COMRAM] unsigned char 
 Return value:  Size  Location     Type
                  1    wreg      void 
 Registers used:
		wreg, status,2, status,0, cstack
 Tracked objects:
		On entry : 
		On exit  : 
		Unchanged: 
 Data sizes:     COMRAM   BANK0   BANK1   BANK2   BANK3   BANK4   BANK5   BANK6   BANK7   BANK8   BANK9  BANK10  BANK11  BANK12  BANK13  BANK14  BANK15
      Params:         0       0       0       0       0       0       0       0       0       0       0       0       0       0       0       0       0
      Locals:         1       0       0       0       0       0       0       0       0       0       0       0       0       0       0       0       0
      Temps:          1       0       0       0       0       0       0       0       0       0       0       0       0       0       0       0       0
      Totals:         2       0       0       0       0       0       0       0       0       0       0       0       0       0       0       0       0
Total ram usage:        2 bytes
 Hardware stack levels used:    1
 Hardware stack levels required when called:    4
 This function calls:
		_lcdNibble
 This function is called by:
		_initLCD
		_lcdHome
		_lcdClear
		_lcdNewline
 This function uses a non-reentrant model


 *************** function _lcdNibble *****************
 Defined at:
		line 46 in file "lcd.c"
 Parameters:    Size  Location     Type
  data            1    wreg     unsigned char 
 Auto vars:     Size  Location     Type
  data            1   35[COMRAM] unsigned char 
  temp            1   34[COMRAM] unsigned char 
 Return value:  Size  Location     Type
                  1    wreg      void 
 Registers used:
		wreg, status,2, status,0
 Tracked objects:
		On entry : 
		On exit  : 
		Unchanged: 
 Data sizes:     COMRAM   BANK0   BANK1   BANK2   BANK3   BANK4   BANK5   BANK6   BANK7   BANK8   BANK9  BANK10  BANK11  BANK12  BANK13  BANK14  BANK15
      Params:         0       0       0       0       0       0       0       0       0       0       0       0       0       0       0       0       0
      Locals:         2       0       0       0       0       0       0       0       0       0       0       0       0       0       0       0       0
      Temps:          0       0       0       0       0       0       0       0       0       0       0       0       0       0       0       0       0
      Totals:         2       0       0       0       0       0       0       0       0       0       0       0       0       0       0       0       0
Total ram usage:        2 bytes
 Hardware stack levels used:    1
 Hardware stack levels required when called:    3
 This function calls:
		Nothing
 This function is called by:
		_lcdInst
		_putch
 This function uses a non-reentrant model


 *************** function _service *****************
 Defined at:
		line 350 in file "main.c"
 Parameters:    Size  Location     Type
		None
 Auto vars:     Size  Location     Type
  key             1   33[COMRAM] unsigned char 
 Return value:  Size  Location     Type
                  1    wreg      void 
 Registers used:
		wreg, fsr2l, fsr2h, status,2, status,0, tblptrl, tblptrh, tblptru, prodl, prodh, cstack
 Tracked objects:
		On entry : 
		On exit  : 
		Unchanged: 
 Data sizes:     COMRAM   BANK0   BANK1   BANK2   BANK3   BANK4   BANK5   BANK6   BANK7   BANK8   BANK9  BANK10  BANK11  BANK12  BANK13  BANK14  BANK15
      Params:         0       0       0       0       0       0       0       0       0       0       0       0       0       0       0       0       0
      Locals:         1       0       0       0       0       0       0       0       0       0       0       0       0       0       0       0       0
      Temps:         14       0       0       0       0       0       0       0       0       0       0       0       0       0       0       0       0
      Totals:        15       0       0       0       0       0       0       0       0       0       0       0       0       0       0       0       0
Total ram usage:       15 bytes
 Hardware stack levels used:    1
 Hardware stack levels required when called:    2
 This function calls:
		_keyPressedInterruptService
		_servoInterruptService
		i2_startTimer
 This function is called by:
		Interrupt level 2
 This function uses a non-reentrant model


 *************** function _servoInterruptService *****************
 Defined at:
		line 55 in file "servo.c"
 Parameters:    Size  Location     Type
		None
 Auto vars:     Size  Location     Type
		None
 Return value:  Size  Location     Type
                  1    wreg      unsigned char 
 Registers used:
		wreg, fsr2l, fsr2h, status,2, status,0, cstack
 Tracked objects:
		On entry : 
		On exit  : 
		Unchanged: 
 Data sizes:     COMRAM   BANK0   BANK1   BANK2   BANK3   BANK4   BANK5   BANK6   BANK7   BANK8   BANK9  BANK10  BANK11  BANK12  BANK13  BANK14  BANK15
      Params:         0       0       0       0       0       0       0       0       0       0       0       0       0       0       0       0       0
      Locals:         0       0       0       0       0       0       0       0       0       0       0       0       0       0       0       0       0
      Temps:          4       0       0       0       0       0       0       0       0       0       0       0       0       0       0       0       0
      Totals:         4       0       0       0       0       0       0       0       0       0       0       0       0       0       0       0       0
Total ram usage:        4 bytes
 Hardware stack levels used:    1
 Hardware stack levels required when called:    1
 This function calls:
		i2___awmod
		i2_digitalWrite
		i2_startTimer
 This function is called by:
		_service
 This function uses a non-reentrant model


 *************** function i2_startTimer *****************
 Defined at:
		line 77 in file "timer.c"
 Parameters:    Size  Location     Type
  timer           2    6[COMRAM] int 
  val             4    8[COMRAM] long 
 Auto vars:     Size  Location     Type
		None
 Return value:  Size  Location     Type
                  1    wreg      void 
 Registers used:
		wreg, status,2, status,0
 Tracked objects:
		On entry : 
		On exit  : 
		Unchanged: 
 Data sizes:     COMRAM   BANK0   BANK1   BANK2   BANK3   BANK4   BANK5   BANK6   BANK7   BANK8   BANK9  BANK10  BANK11  BANK12  BANK13  BANK14  BANK15
      Params:         6       0       0       0       0       0       0       0       0       0       0       0       0       0       0       0       0
      Locals:         0       0       0       0       0       0       0       0       0       0       0       0       0       0       0       0       0
      Temps:          2       0       0       0       0       0       0       0       0       0       0       0       0       0       0       0       0
      Totals:         8       0       0       0       0       0       0       0       0       0       0       0       0       0       0       0       0
Total ram usage:        8 bytes
 Hardware stack levels used:    1
 This function calls:
		Nothing
 This function is called by:
		_service
		_servoInterruptService
 This function uses a non-reentrant model


 *************** function i2_digitalWrite *****************
 Defined at:
		line 53 in file "iopin.c"
 Parameters:    Size  Location     Type
  pin             2    6[COMRAM] PTR int 
		 -> AA_float(4), cylinderMotor2(4), redirectingServo(4), padServo(4), 
		 -> conveyorServo(4), cylinderMotor1(4), 
  val             2    8[COMRAM] int 
 Auto vars:     Size  Location     Type
  digitalWrite    2   13[COMRAM] int 
 Return value:  Size  Location     Type
                  1    wreg      void 
 Registers used:
		wreg, fsr2l, fsr2h, status,2, status,0
 Tracked objects:
		On entry : 
		On exit  : 
		Unchanged: 
 Data sizes:     COMRAM   BANK0   BANK1   BANK2   BANK3   BANK4   BANK5   BANK6   BANK7   BANK8   BANK9  BANK10  BANK11  BANK12  BANK13  BANK14  BANK15
      Params:         4       0       0       0       0       0       0       0       0       0       0       0       0       0       0       0       0
      Locals:         2       0       0       0       0       0       0       0       0       0       0       0       0       0       0       0       0
      Temps:          3       0       0       0       0       0       0       0       0       0       0       0       0       0       0       0       0
      Totals:         9       0       0       0       0       0       0       0       0       0       0       0       0       0       0       0       0
Total ram usage:        9 bytes
 Hardware stack levels used:    1
 This function calls:
		Nothing
 This function is called by:
		_servoInterruptService
 This function uses a non-reentrant model


 *************** function i2___awmod *****************
 Defined at:
		line 8 in file "C:\Program Files (x86)\Microchip\xc8\v1.40\sources\common\awmod.c"
 Parameters:    Size  Location     Type
  dividend        2    0[COMRAM] int 
  divisor         2    2[COMRAM] int 
 Auto vars:     Size  Location     Type
  __awmod         1    5[COMRAM] unsigned char 
  __awmod         1    4[COMRAM] unsigned char 
 Return value:  Size  Location     Type
                  2    0[COMRAM] int 
 Registers used:
		wreg, status,2, status,0
 Tracked objects:
		On entry : 
		On exit  : 
		Unchanged: 
 Data sizes:     COMRAM   BANK0   BANK1   BANK2   BANK3   BANK4   BANK5   BANK6   BANK7   BANK8   BANK9  BANK10  BANK11  BANK12  BANK13  BANK14  BANK15
      Params:         4       0       0       0       0       0       0       0       0       0       0       0       0       0       0       0       0
      Locals:         2       0       0       0       0       0       0       0       0       0       0       0       0       0       0       0       0
      Temps:          0       0       0       0       0       0       0       0       0       0       0       0       0       0       0       0       0
      Totals:         6       0       0       0       0       0       0       0       0       0       0       0       0       0       0       0       0
Total ram usage:        6 bytes
 Hardware stack levels used:    1
 This function calls:
		Nothing
 This function is called by:
		_servoInterruptService
 This function uses a non-reentrant model


 *************** function _keyPressedInterruptService *****************
 Defined at:
		line 49 in file "keypad.c"
 Parameters:    Size  Location     Type
		None
 Auto vars:     Size  Location     Type
  key             1    0[COMRAM] unsigned char 
 Return value:  Size  Location     Type
                  1    wreg      void 
 Registers used:
		wreg, status,2, status,0, tblptrl, tblptrh, tblptru, prodl, prodh
 Tracked objects:
		On entry : 
		On exit  : 
		Unchanged: 
 Data sizes:     COMRAM   BANK0   BANK1   BANK2   BANK3   BANK4   BANK5   BANK6   BANK7   BANK8   BANK9  BANK10  BANK11  BANK12  BANK13  BANK14  BANK15
      Params:         0       0       0       0       0       0       0       0       0       0       0       0       0       0       0       0       0
      Locals:         1       0       0       0       0       0       0       0       0       0       0       0       0       0       0       0       0
      Temps:          0       0       0       0       0       0       0       0       0       0       0       0       0       0       0       0       0
      Totals:         1       0       0       0       0       0       0       0       0       0       0       0       0       0       0       0       0
Total ram usage:        1 bytes
 Hardware stack levels used:    1
 This function calls:
		Nothing
 This function is called by:
		_service
 This function uses a non-reentrant model



MODULE INFORMATION

Module		Function		Class		Link	Load	Size
C:\Program Files (x86)\Microchip\xc8\v1.40\sources\common\awtoft.c
		___awtoft      		CODE           	3ED0	0000	57

C:\Program Files (x86)\Microchip\xc8\v1.40\sources\common\awtoft.c estimated size: 57

C:\Program Files (x86)\Microchip\xc8\v1.40\sources\common\altoft.c
		___altoft      		CODE           	38A4	0000	121

C:\Program Files (x86)\Microchip\xc8\v1.40\sources\common\altoft.c estimated size: 121

servo.c
		_initServo     		CODE           	2E94	0000	227
		_servoInterruptService		CODE           	2AD2	0000	269
		_setAngle      		CODE           	2F76	0000	213
		_angleToPulse  		CODE           	23BC	0000	345

servo.c estimated size: 1054

keypad.c
		_readKeypad    		CODE           	3F5E	0000	39
		_keyPressedInterruptService		CODE           	4038	0000	33
		_keyPressed    		CODE           	40D0	0000	13

keypad.c estimated size: 85

C:\Program Files (x86)\Microchip\xc8\v1.40\sources\common\ftneg.c
		___ftneg       		CODE           	3FD0	0000	37

C:\Program Files (x86)\Microchip\xc8\v1.40\sources\common\ftneg.c estimated size: 37

C:\Program Files (x86)\Microchip\xc8\v1.40\sources\common\doprnt.c
		_scale         		CODE           	1808	0000	1047
		_printf        		CODE           	0012	0000	3577
		_fround        		CODE           	1E86	0000	609

C:\Program Files (x86)\Microchip\xc8\v1.40\sources\common\doprnt.c estimated size: 5233

C:\Program Files (x86)\Microchip\xc8\v1.40\sources\common\lltoft.c
		___lltoft      		CODE           	3B88	0000	93

C:\Program Files (x86)\Microchip\xc8\v1.40\sources\common\lltoft.c estimated size: 93

C:\Program Files (x86)\Microchip\xc8\v1.40\sources\common\ftsub.c
		___ftsub       		CODE           	3CE4	0000	77

C:\Program Files (x86)\Microchip\xc8\v1.40\sources\common\ftsub.c estimated size: 77

C:\Program Files (x86)\Microchip\xc8\v1.40\sources\common\float.c
		___ftpack      		CODE           	3374	0000	175

C:\Program Files (x86)\Microchip\xc8\v1.40\sources\common\float.c estimated size: 175

timer.c
		_initTimer     		CODE           	3DC8	0000	75
		_startTimer    		CODE           	3D30	0000	77

timer.c estimated size: 152

I2C.c
		_I2C_Master_Read		CODE           	3F84	0000	39
		_I2C_Master_Wait		CODE           	40BE	0000	19
		_I2C_Master_Init		CODE           	3BE4	0000	91
		_I2C_Master_Stop		CODE           	40FE	0000	9
		_I2C_Master_Write		CODE           	40DC	0000	11
		_I2C_Master_Start		CODE           	4106	0000	9

I2C.c estimated size: 178

C:\Program Files (x86)\Microchip\xc8\v1.40\sources\common\ftdivl.c
		__tdiv_to_l_   		CODE           	2658	0000	307

C:\Program Files (x86)\Microchip\xc8\v1.40\sources\common\ftdivl.c estimated size: 307

C:\Program Files (x86)\Microchip\xc8\v1.40\sources\common\ftge.c
		___ftge        		CODE           	3608	0000	145

C:\Program Files (x86)\Microchip\xc8\v1.40\sources\common\ftge.c estimated size: 145

eeprom.c
		_saveNewRun    		CODE           	2DB2	0000	227
		_eepromWrite   		CODE           	3C3E	0000	87
		_readPastRun   		CODE           	3576	0000	147
		_eepromRead    		CODE           	4076	0000	27

eeprom.c estimated size: 488

C:\Program Files (x86)\Microchip\xc8\v1.40\sources\common\Umul16.c
		___wmul        		CODE           	3FAA	0000	39

C:\Program Files (x86)\Microchip\xc8\v1.40\sources\common\Umul16.c estimated size: 39

C:\Program Files (x86)\Microchip\xc8\v1.40\sources\common\ftmul.c
		___ftmul       		CODE           	225E	0000	351

C:\Program Files (x86)\Microchip\xc8\v1.40\sources\common\ftmul.c estimated size: 351

C:\Program Files (x86)\Microchip\xc8\v1.40\sources\common\awmod.c
		___awmod       		CODE           	391C	0000	113

C:\Program Files (x86)\Microchip\xc8\v1.40\sources\common\awmod.c estimated size: 113

iopin.c
		_digitalRead   		CODE           	2BDE	0000	235
		_digitalWrite  		CODE           	31E4	0000	201
		_analogRead    		CODE           	3E98	0000	57

iopin.c estimated size: 493

C:\Program Files (x86)\Microchip\xc8\v1.40\sources\common\ftdiv.c
		___ftdiv       		CODE           	29C2	0000	273

C:\Program Files (x86)\Microchip\xc8\v1.40\sources\common\ftdiv.c estimated size: 273

C:\Program Files (x86)\Microchip\xc8\v1.40\sources\common\llmod.c
		___llmod       		CODE           	39FC	0000	103

C:\Program Files (x86)\Microchip\xc8\v1.40\sources\common\llmod.c estimated size: 103

C:\Program Files (x86)\Microchip\xc8\v1.40\sources\common\almod.c
		___almod       		CODE           	3422	0000	173

C:\Program Files (x86)\Microchip\xc8\v1.40\sources\common\almod.c estimated size: 173

C:\Program Files (x86)\Microchip\xc8\v1.40\sources\common\isdigit.c
		_isdigit       		CODE           	4058	0000	31

C:\Program Files (x86)\Microchip\xc8\v1.40\sources\common\isdigit.c estimated size: 31

shared
		__powers_      		MEDIUMCONST    	FE2E	0000	40
		_dpowers       		MEDIUMCONST    	FDDF	0000	41
		i2_startTimer  		CODE           	3D7C	0000	77
		__npowers_     		MEDIUMCONST    	FE07	0000	40
		_keys          		MEDIUMCONST    	FE75	0000	18
		__initialization		CODE           	3698	0000	119
		i2___awmod     		CODE           	398C	0000	113
		_hexpowers     		MEDIUMCONST    	FE55	0000	33
		_happynewyear  		MEDIUMCONST    	FE86	0000	8
		i2_digitalWrite		CODE           	32AC	0000	201

shared estimated size: 690

interface.c
		_showErrorMessage		CODE           	3F08	0000	49
		_showMainMenu  		CODE           	3C94	0000	81
		_showDateTime  		CODE           	28B2	0000	273
		_showRunTime   		CODE           	20E6	0000	377
		_showRunMenu   		CODE           	3B2C	0000	93
		_showRunStats  		CODE           	34CE	0000	169
		_showRunSelect 		CODE           	3AC8	0000	101
		_showInterface 		CODE           	304A	0000	207

interface.c estimated size: 1350

lcd.c
		_putch         		CODE           	3FF4	0000	35
		_lcdInst       		CODE           	4016	0000	35
		_lcdClear      		CODE           	40F6	0000	9
		_lcdNibble     		CODE           	3A62	0000	103
		_lcdHome       		CODE           	40EE	0000	9
		_initLCD       		CODE           	3E12	0000	71
		_lcdNewline    		CODE           	40E6	0000	9

lcd.c estimated size: 271

C:\Program Files (x86)\Microchip\xc8\v1.40\sources\common\fttol.c
		___fttol       		CODE           	2514	0000	325

C:\Program Files (x86)\Microchip\xc8\v1.40\sources\common\fttol.c estimated size: 325

C:\Program Files (x86)\Microchip\xc8\v1.40\sources\common\fldivl.c
		__div_to_l_    		CODE           	278A	0000	297

C:\Program Files (x86)\Microchip\xc8\v1.40\sources\common\fldivl.c estimated size: 297

C:\Program Files (x86)\Microchip\xc8\v1.40\sources\common\awdiv.c
		___awdiv       		CODE           	371C	0000	133

C:\Program Files (x86)\Microchip\xc8\v1.40\sources\common\awdiv.c estimated size: 133

main.c
		_service       		CODE           	0008	0000	241
		_sortBattery   		CODE           	0E0A	0000	1393
		_pinSetup      		CODE           	3E58	0000	65
		_main          		CODE           	137A	0000	1167

main.c estimated size: 2866

C:\Program Files (x86)\Microchip\xc8\v1.40\sources\common\ftadd.c
		___ftadd       		CODE           	1C1E	0000	617

C:\Program Files (x86)\Microchip\xc8\v1.40\sources\common\ftadd.c estimated size: 617

RTC.c
		_initRTC       		CODE           	40A8	0000	23
		_getTime       		CODE           	3822	0000	131

RTC.c estimated size: 154

C:\Program Files (x86)\Microchip\xc8\v1.40\sources\common\lldiv.c
		___lldiv       		CODE           	37A0	0000	131

C:\Program Files (x86)\Microchip\xc8\v1.40\sources\common\lldiv.c estimated size: 131

C:\Program Files (x86)\Microchip\xc8\v1.40\sources\common\aldiv.c
		___aldiv       		CODE           	3118	0000	205

C:\Program Files (x86)\Microchip\xc8\v1.40\sources\common\aldiv.c estimated size: 205

