Microchip MPLAB XC8 Compiler V1.40 ()

Linker command line:

-W-3 --edf=C:\Program Files (x86)\Microchip\xc8\v1.40\dat\en_msgs.txt -cs \
  -h+dist/default/production\PIC18_LCD_LIB.X.production.sym \
  --cmf=dist/default/production\PIC18_LCD_LIB.X.production.cmf -z -Q18F4620 \
  -oC:\Users\Nam\AppData\Local\Temp\sfgc.2 \
  -Mdist/default/production/PIC18_LCD_LIB.X.production.map -E1 -ver=XC8 \
  -ASTACK=0D3h-0f7fh -pstack=STACK -ACODE=00h-0FFFFh -ACONST=00h-0FFFFh \
  -ASMALLCONST=01000h-010FFhx240 -AMEDIUMCONST=01000h-0FFFFh \
  -ACOMRAM=01h-07Fh -AABS1=00h-0F7Fh -ABIGRAM=01h-0F7Fh \
  -ARAM=080h-0FFh,0100h-01FFhx14,0F00h-0F7Fh -ABANK0=080h-0FFh \
  -ABANK1=0100h-01FFh -ABANK2=0200h-02FFh -ABANK3=0300h-03FFh \
  -ABANK4=0400h-04FFh -ABANK5=0500h-05FFh -ABANK6=0600h-06FFh \
  -ABANK7=0700h-07FFh -ABANK8=0800h-08FFh -ABANK9=0900h-09FFh \
  -ABANK10=0A00h-0AFFh -ABANK11=0B00h-0BFFh -ABANK12=0C00h-0CFFh \
  -ABANK13=0D00h-0DFFh -ABANK14=0E00h-0EFFh -ABANK15=0F00h-0F7Fh \
  -ASFR=0F80h-0FFFh -preset_vec=00h,intcode=08h,intcodelo,powerup,init \
  -pramtop=01000h -psmallconst=SMALLCONST -pmediumconst=MEDIUMCONST \
  -pconst=CONST -AFARRAM=00h-00h -ACONFIG=0300000h-030000Dh -pconfig=CONFIG \
  -AIDLOC=0200000h-0200007h -pidloc=IDLOC -AEEDATA=0F00000h-0F003FFh \
  -peeprom_data=EEDATA \
  -prdata=COMRAM,nvrram=COMRAM,nvbit=COMRAM,rbss=COMRAM,rbit=COMRAM \
  -pfarbss=FARRAM,fardata=FARRAM,nvFARRAM=FARRAM \
  -pintsave_regs=BIGRAM,bigbss=BIGRAM,bigdata=BIGRAM -pbss=RAM \
  -pidata=CODE,irdata=CODE,ibigdata=CODE,ifardata=CODE -prparam=COMRAM \
  C:\Users\Nam\AppData\Local\Temp\sfgc.obj \
  dist/default/production\PIC18_LCD_LIB.X.production.obj 

Object code version is 3.11

Machine type is 18F4620

Call graph: (short form)




                Name                               Link     Load   Length Selector   Space Scale
C:\Users\Nam\AppData\Local\Temp\sfgc.obj
                init                                  E        E        4        4       0
                reset_vec                             0        0        4        0       0
                idloc                            200000   200000        8   200000       0
                config                           300000   300000        E   300000       0
dist/default/production\PIC18_LCD_LIB.X.production.obj
                intcode                               8        8        6        4       0
                temp                                 78       78        1        1       1
                mediumconst                        FE90     FE90      170     7F48       0
                text44                             1174     1174       B2        4       0
                text43                             17AC     17AC       4C        4       0
                text42                             12D4     12D4       AC        4       0
                text41                              664      664      1D4        4       0
                text40                             1226     1226       AE        4       0
                text39                             15BC     15BC       78        4       0
                text38                             18C0     18C0       38        4       0
                text37                              838      838      1AC        4       0
                text36                              E10      E10       E6        4       0
                text35                              D1C      D1C       F4        4       0
                text34                              C28      C28       F4        4       0
                text33                              9E4      9E4      140        4       0
                text32                             169A     169A       66        4       0
                text31                             1A86     1A86       22        4       0
                text30                             1AFE     1AFE        8        4       0
                text29                             14C2     14C2       82        4       0
                text28                             1634     1634       66        4       0
                text27                             1AF6     1AF6        8        4       0
                text26                             1A64     1A64       22        4       0
                text25                              378      378      2EC        4       0
                text24                             1380     1380       A8        4       0
                text23                             1AA8     1AA8       1E        4       0
                intcode_body                        EF6      EF6       E2        4       0
                text21                              FD8      FD8       E0        4       0
                text20                             1544     1544       78        4       0
                text19                             1954     1954       2A        4       0
                text18                             17F8     17F8       4A        4       0
                text17                             10B8     10B8       BC        4       0
                text16                             1700     1700       60        4       0
                text15                             1AC6     1AC6       18        4       0
                text14                             1842     1842       40        4       0
                text13                             1AEE     1AEE        8        4       0
                text12                             1428     1428       9A        4       0
                text11                             1AE6     1AE6        8        4       0
                text10                             197E     197E       28        4       0
                text9                                12       12      366        4       0
                text8                              1A3E     1A3E       26        4       0
                text7                              1A18     1A18       26        4       0
                text6                              192A     192A       2A        4       0
                text5                              18F8     18F8       32        4       0
                text4                              19F2     19F2       26        4       0
                text3                              19CC     19CC       26        4       0
                text2                              19A6     19A6       26        4       0
                text1                               B24      B24      104        4       0
                text0                              1760     1760       4C        4       0
                cstackCOMRAM                          1        1       75        1       1
                cstackBANK0                          80       80       2B       80       1
                dataBANK0                            CB       CB        8       80       1
                bssBANK0                             AB       AB       20       80       1
                bssCOMRAM                            76       76        2        1       1
                cinit                              1882     1882       3E        4       0
                idataBANK0                         1ADE     1ADE        8        4       0

TOTAL           Name                               Link     Load   Length     Space
        CLASS   STACK          

        CLASS   CODE           
                intcode                               8        8        6         0
                init                                  E        E        4         0
                reset_vec                             0        0        4         0
                text44                             1174     1174       B2         0
                text43                             17AC     17AC       4C         0
                text42                             12D4     12D4       AC         0
                text41                              664      664      1D4         0
                text40                             1226     1226       AE         0
                text39                             15BC     15BC       78         0
                text38                             18C0     18C0       38         0
                text37                              838      838      1AC         0
                text36                              E10      E10       E6         0
                text35                              D1C      D1C       F4         0
                text34                              C28      C28       F4         0
                text33                              9E4      9E4      140         0
                text32                             169A     169A       66         0
                text31                             1A86     1A86       22         0
                text30                             1AFE     1AFE        8         0
                text29                             14C2     14C2       82         0
                text28                             1634     1634       66         0
                text27                             1AF6     1AF6        8         0
                text26                             1A64     1A64       22         0
                text25                              378      378      2EC         0
                text24                             1380     1380       A8         0
                text23                             1AA8     1AA8       1E         0
                intcode_body                        EF6      EF6       E2         0
                text21                              FD8      FD8       E0         0
                text20                             1544     1544       78         0
                text19                             1954     1954       2A         0
                text18                             17F8     17F8       4A         0
                text17                             10B8     10B8       BC         0
                text16                             1700     1700       60         0
                text15                             1AC6     1AC6       18         0
                text14                             1842     1842       40         0
                text13                             1AEE     1AEE        8         0
                text12                             1428     1428       9A         0
                text11                             1AE6     1AE6        8         0
                text10                             197E     197E       28         0
                text9                                12       12      366         0
                text8                              1A3E     1A3E       26         0
                text7                              1A18     1A18       26         0
                text6                              192A     192A       2A         0
                text5                              18F8     18F8       32         0
                text4                              19F2     19F2       26         0
                text3                              19CC     19CC       26         0
                text2                              19A6     19A6       26         0
                text1                               B24      B24      104         0
                text0                              1760     1760       4C         0
                cinit                              1882     1882       3E         0
                idataBANK0                         1ADE     1ADE        8         0

        CLASS   CONST          

        CLASS   SMALLCONST     

        CLASS   MEDIUMCONST    
                mediumconst                        FE90     FE90      170         0

        CLASS   COMRAM         
                temp                                 78       78        1         1
                cstackCOMRAM                          1        1       75         1
                bssCOMRAM                            76       76        2         1

        CLASS   ABS1           

        CLASS   BIGRAM         

        CLASS   RAM            

        CLASS   BANK0          
                cstackBANK0                          80       80       2B         1
                dataBANK0                            CB       CB        8         1
                bssBANK0                             AB       AB       20         1

        CLASS   BANK1          

        CLASS   BANK2          

        CLASS   BANK3          

        CLASS   BANK4          

        CLASS   BANK5          

        CLASS   BANK6          

        CLASS   BANK7          

        CLASS   BANK8          

        CLASS   BANK9          

        CLASS   BANK10         

        CLASS   BANK11         

        CLASS   BANK12         

        CLASS   BANK13         

        CLASS   BANK14         

        CLASS   BANK15         

        CLASS   SFR            

        CLASS   FARRAM         

        CLASS   CONFIG         
                config                           300000   300000        E         0

        CLASS   IDLOC          
                idloc                            200000   200000        8         0

        CLASS   EEDATA         



SEGMENTS        Name                           Load    Length   Top    Selector   Space  Class

                reset_vec                      000000  000004  000004         0       0  CODE    
                cstackCOMRAM                   000001  000078  000079         1       1  COMRAM  
                intcode                        000008  001AFE  001B06         4       0  CODE    
                cstackBANK0                    000080  000053  0000D3        80       1  BANK0   
                mediumconst                    00FE90  000170  010000      7F48       0  MEDIUMCO
                idloc                          200000  000008  200008    200000       0  IDLOC   
                config                         300000  00000E  30000E    300000       0  CONFIG  


UNUSED ADDRESS RANGES

        Name                Unused          Largest block    Delta
        BANK0            0000D3-0000FF               2D
        BANK1            000100-0001FF              100
        BANK10           000A00-000AFF              100
        BANK11           000B00-000BFF              100
        BANK12           000C00-000CFF              100
        BANK13           000D00-000DFF              100
        BANK14           000E00-000EFF              100
        BANK15           000F00-000F7F               80
        BANK2            000200-0002FF              100
        BANK3            000300-0003FF              100
        BANK4            000400-0004FF              100
        BANK5            000500-0005FF              100
        BANK6            000600-0006FF              100
        BANK7            000700-0007FF              100
        BANK8            000800-0008FF              100
        BANK9            000900-0009FF              100
        BIGRAM           000079-00007F                7
                         0000D3-000F7F              EAD
        CODE             000004-000007                4
                         001B06-00FE8F             E38A
        COMRAM           000079-00007F                7
        CONST            000004-000007                4
                         001B06-00FE8F             E38A
        EEDATA           F00000-F003FF              400
        MEDIUMCONST      001B06-00FE8F             E38A
        RAM              0000D3-000F7F              100
        SFR              000F80-000FFF               80
        SMALLCONST       001B06-00FE8F              100
        STACK            0000D3-000F7F              EAD

                                  Symbol Table

?___altoft                            cstackCOMRAM 000009
?___awtoft                            cstackCOMRAM 000009
?___ftadd                             cstackCOMRAM 00002B
?___ftdiv                             cstackCOMRAM 00000D
?___ftmul                             cstackCOMRAM 00001C
?___ftpack                            cstackCOMRAM 000001
?___fttol                             cstackCOMRAM 000037
?___lldiv                             cstackBANK0  000080
?___llmod                             cstackBANK0  00008D
?_angleToPulse                        cstackCOMRAM 000046
?_digitalRead                         cstackCOMRAM 000001
?_printf                              cstackBANK0  000096
?i2___lldiv                           cstackCOMRAM 000001
?i2___llmod                           cstackCOMRAM 00000E
?i2_printf                            cstackCOMRAM 000017
I2C_Master_Init@c                     cstackBANK0  00008D
_ACKDT                                (abs)        007E2D
_ACKEN                                (abs)        007E2C
_ADCON0                               (abs)        000FC2
_ADCON1                               (abs)        000FC1
_ADCON2                               (abs)        000FC0
_ADRESH                               (abs)        000FC4
_ADRESL                               (abs)        000FC3
_EEADR                                (abs)        000FA9
_EEADRH                               (abs)        000FAA
_EECON1                               (abs)        000FA6
_EECON2                               (abs)        000FA7
_EEDATA                               (abs)        000FA8
_EEIF                                 (abs)        007D0C
_I2C_Master_Init                      text16       001700
_INT0IE                               (abs)        007F94
_INT0IF                               (abs)        007F91
_INT1IE                               (abs)        007F83
_INT1IF                               (abs)        007F80
_INTCONbits                           (abs)        000FF2
_LATA                                 (abs)        000F89
_LATB                                 (abs)        000F8A
_LATC                                 (abs)        000F8B
_LATD                                 (abs)        000F8C
_LATDbits                             (abs)        000F8C
_LATE                                 (abs)        000F8D
_PEIE                                 (abs)        007F96
_PEN                                  (abs)        007E2A
_PORTA                                (abs)        000F80
_PORTB                                (abs)        000F81
_PORTBbits                            (abs)        000F81
_PORTC                                (abs)        000F82
_PORTD                                (abs)        000F83
_RCEN                                 (abs)        007E2B
_RSEN                                 (abs)        007E29
_SEN                                  (abs)        007E28
_SSPADD                               (abs)        000FC8
_SSPBUF                               (abs)        000FC9
_SSPCON1                              (abs)        000FC6
_SSPCON2                              (abs)        000FC5
_SSPSTAT                              (abs)        000FC7
_T0CON                                (abs)        000FD5
_T1CON                                (abs)        000FCD
_T3CON                                (abs)        000FB1
_TMR0H                                (abs)        000FD7
_TMR0IE                               (abs)        007F95
_TMR0IF                               (abs)        007F92
_TMR0L                                (abs)        000FD6
_TMR1H                                (abs)        000FCF
_TMR1IE                               (abs)        007CE8
_TMR1IF                               (abs)        007CF0
_TMR1L                                (abs)        000FCE
_TMR2IF                               (abs)        007CF1
_TMR3H                                (abs)        000FB3
_TMR3IE                               (abs)        007D01
_TMR3IF                               (abs)        007D09
_TMR3L                                (abs)        000FB2
_TRISA                                (abs)        000F92
_TRISB                                (abs)        000F93
_TRISC                                (abs)        000F94
_TRISC3                               (abs)        007CA3
_TRISC4                               (abs)        007CA4
_TRISD                                (abs)        000F95
_TRISE                                (abs)        000F96
__CFG_BOREN$SBORDIS                   (abs)        000000
__CFG_BORV$3                          (abs)        000000
__CFG_CCP2MX$PORTC                    (abs)        000000
__CFG_CP0$OFF                         (abs)        000000
__CFG_CP1$OFF                         (abs)        000000
__CFG_CP2$OFF                         (abs)        000000
__CFG_CP3$OFF                         (abs)        000000
__CFG_CPB$OFF                         (abs)        000000
__CFG_CPD$OFF                         (abs)        000000
__CFG_EBTR0$OFF                       (abs)        000000
__CFG_EBTR1$OFF                       (abs)        000000
__CFG_EBTR2$OFF                       (abs)        000000
__CFG_EBTR3$OFF                       (abs)        000000
__CFG_EBTRB$OFF                       (abs)        000000
__CFG_FCMEN$OFF                       (abs)        000000
__CFG_IESO$OFF                        (abs)        000000
__CFG_LPT1OSC$OFF                     (abs)        000000
__CFG_LVP$OFF                         (abs)        000000
__CFG_MCLRE$ON                        (abs)        000000
__CFG_OSC$HS                          (abs)        000000
__CFG_PBADEN$ON                       (abs)        000000
__CFG_PWRT$OFF                        (abs)        000000
__CFG_STVREN$ON                       (abs)        000000
__CFG_WDT$OFF                         (abs)        000000
__CFG_WDTPS$32768                     (abs)        000000
__CFG_WRT0$OFF                        (abs)        000000
__CFG_WRT1$OFF                        (abs)        000000
__CFG_WRT2$OFF                        (abs)        000000
__CFG_WRT3$OFF                        (abs)        000000
__CFG_WRTB$OFF                        (abs)        000000
__CFG_WRTC$OFF                        (abs)        000000
__CFG_WRTD$OFF                        (abs)        000000
__CFG_XINST$OFF                       (abs)        000000
__HRAM                                (abs)        000000
__Habs1                               abs1         000000
__Hbank0                              bank0        000000
__Hbank1                              bank1        000000
__Hbank10                             bank10       000000
__Hbank11                             bank11       000000
__Hbank12                             bank12       000000
__Hbank13                             bank13       000000
__Hbank14                             bank14       000000
__Hbank15                             bank15       000000
__Hbank2                              bank2        000000
__Hbank3                              bank3        000000
__Hbank4                              bank4        000000
__Hbank5                              bank5        000000
__Hbank6                              bank6        000000
__Hbank7                              bank7        000000
__Hbank8                              bank8        000000
__Hbank9                              bank9        000000
__Hbigbss                             bigbss       000000
__Hbigdata                            bigdata      000000
__Hbigram                             bigram       000000
__Hbss                                bss          000000
__HbssBANK0                           bssBANK0     000000
__HbssCOMRAM                          bssCOMRAM    000000
__Hcinit                              cinit        000000
__Hclrtext                            clrtext      000000
__Hcomram                             comram       000000
__Hconfig                             config       30000E
__Hconst                              const        000000
__HcstackBANK0                        cstackBANK0  000000
__HcstackCOMRAM                       cstackCOMRAM 000000
__Hdata                               data         000000
__HdataBANK0                          dataBANK0    000000
__Heeprom_data                        eeprom_data  000000
__Hfarbss                             farbss       000000
__Hfardata                            fardata      000000
__Hibigdata                           ibigdata     000000
__Hidata                              idata        000000
__HidataBANK0                         idataBANK0   000000
__Hidloc                              idloc        200008
__Hifardata                           ifardata     000000
__Hinit                               init         000012
__Hintcode                            intcode      00000E
__Hintcode_body                       intcode_body 000000
__Hintcodelo                          intcodelo    00000E
__Hintentry                           intentry     000000
__Hintret                             intret       000000
__Hintsave_regs                       intsave_regs 000000
__Hirdata                             irdata       000000
__Hmediumconst                        mediumconst  010000
__HnvFARRAM                           nvFARRAM     000000
__Hnvbit                              nvbit        000000
__Hnvrram                             nvrram       000000
__Hparam                              rparam       000000
__Hpowerup                            powerup      00000E
__Hram                                ram          000000
__Hramtop                             ramtop       001000
__Hrbit                               rbit         000000
__Hrbss                               rbss         000000
__Hrdata                              rdata        000000
__Hreset_vec                          reset_vec    000004
__Hrparam                             rparam       000000
__Hsfr                                sfr          000000
__Hsmallconst                         smallconst   000000
__Hspace_0                            (abs)        30000E
__Hspace_1                            (abs)        0000D3
__Hspace_2                            (abs)        000000
__Hstack                              stack        000000
__Hstruct                             struct       000000
__Htemp                               temp         000079
__Htext                               text         000000
__Htext0                              text0        000000
__Htext1                              text1        000000
__Htext10                             text10       000000
__Htext11                             text11       000000
__Htext12                             text12       000000
__Htext13                             text13       000000
__Htext14                             text14       000000
__Htext15                             text15       000000
__Htext16                             text16       000000
__Htext17                             text17       000000
__Htext18                             text18       000000
__Htext19                             text19       000000
__Htext2                              text2        000000
__Htext20                             text20       000000
__Htext21                             text21       000000
__Htext23                             text23       000000
__Htext24                             text24       000000
__Htext25                             text25       000000
__Htext26                             text26       000000
__Htext27                             text27       000000
__Htext28                             text28       000000
__Htext29                             text29       000000
__Htext3                              text3        000000
__Htext30                             text30       000000
__Htext31                             text31       000000
__Htext32                             text32       000000
__Htext33                             text33       000000
__Htext34                             text34       000000
__Htext35                             text35       000000
__Htext36                             text36       000000
__Htext37                             text37       000000
__Htext38                             text38       000000
__Htext39                             text39       000000
__Htext4                              text4        000000
__Htext40                             text40       000000
__Htext41                             text41       000000
__Htext42                             text42       000000
__Htext43                             text43       000000
__Htext44                             text44       000000
__Htext5                              text5        000000
__Htext6                              text6        000000
__Htext7                              text7        000000
__Htext8                              text8        000000
__Htext9                              text9        000000
__LRAM                                (abs)        000001
__Labs1                               abs1         000000
__Lbank0                              bank0        000000
__Lbank1                              bank1        000000
__Lbank10                             bank10       000000
__Lbank11                             bank11       000000
__Lbank12                             bank12       000000
__Lbank13                             bank13       000000
__Lbank14                             bank14       000000
__Lbank15                             bank15       000000
__Lbank2                              bank2        000000
__Lbank3                              bank3        000000
__Lbank4                              bank4        000000
__Lbank5                              bank5        000000
__Lbank6                              bank6        000000
__Lbank7                              bank7        000000
__Lbank8                              bank8        000000
__Lbank9                              bank9        000000
__Lbigbss                             bigbss       000000
__Lbigdata                            bigdata      000000
__Lbigram                             bigram       000000
__Lbss                                bss          000000
__LbssBANK0                           bssBANK0     000000
__LbssCOMRAM                          bssCOMRAM    000000
__Lcinit                              cinit        000000
__Lclrtext                            clrtext      000000
__Lcomram                             comram       000000
__Lconfig                             config       300000
__Lconst                              const        000000
__LcstackBANK0                        cstackBANK0  000000
__LcstackCOMRAM                       cstackCOMRAM 000000
__Ldata                               data         000000
__LdataBANK0                          dataBANK0    000000
__Leeprom_data                        eeprom_data  000000
__Lfarbss                             farbss       000000
__Lfardata                            fardata      000000
__Libigdata                           ibigdata     000000
__Lidata                              idata        000000
__LidataBANK0                         idataBANK0   000000
__Lidloc                              idloc        200000
__Lifardata                           ifardata     000000
__Linit                               init         00000E
__Lintcode                            intcode      000008
__Lintcode_body                       intcode_body 000000
__Lintcodelo                          intcodelo    00000E
__Lintentry                           intentry     000000
__Lintret                             intret       000000
__Lintsave_regs                       intsave_regs 000000
__Lirdata                             irdata       000000
__Lmediumconst                        mediumconst  00FE90
__LnvFARRAM                           nvFARRAM     000000
__Lnvbit                              nvbit        000000
__Lnvrram                             nvrram       000000
__Lparam                              rparam       000000
__Lpowerup                            powerup      00000E
__Lram                                ram          000000
__Lramtop                             ramtop       001000
__Lrbit                               rbit         000000
__Lrbss                               rbss         000000
__Lrdata                              rdata        000000
__Lreset_vec                          reset_vec    000000
__Lrparam                             rparam       000000
__Lsfr                                sfr          000000
__Lsmallconst                         smallconst   000000
__Lspace_0                            (abs)        000000
__Lspace_1                            (abs)        000000
__Lspace_2                            (abs)        000000
__Lstack                              stack        000000
__Lstruct                             struct       000000
__Ltemp                               temp         000078
__Ltext                               text         000000
__Ltext0                              text0        000000
__Ltext1                              text1        000000
__Ltext10                             text10       000000
__Ltext11                             text11       000000
__Ltext12                             text12       000000
__Ltext13                             text13       000000
__Ltext14                             text14       000000
__Ltext15                             text15       000000
__Ltext16                             text16       000000
__Ltext17                             text17       000000
__Ltext18                             text18       000000
__Ltext19                             text19       000000
__Ltext2                              text2        000000
__Ltext20                             text20       000000
__Ltext21                             text21       000000
__Ltext23                             text23       000000
__Ltext24                             text24       000000
__Ltext25                             text25       000000
__Ltext26                             text26       000000
__Ltext27                             text27       000000
__Ltext28                             text28       000000
__Ltext29                             text29       000000
__Ltext3                              text3        000000
__Ltext30                             text30       000000
__Ltext31                             text31       000000
__Ltext32                             text32       000000
__Ltext33                             text33       000000
__Ltext34                             text34       000000
__Ltext35                             text35       000000
__Ltext36                             text36       000000
__Ltext37                             text37       000000
__Ltext38                             text38       000000
__Ltext39                             text39       000000
__Ltext4                              text4        000000
__Ltext40                             text40       000000
__Ltext41                             text41       000000
__Ltext42                             text42       000000
__Ltext43                             text43       000000
__Ltext44                             text44       000000
__Ltext5                              text5        000000
__Ltext6                              text6        000000
__Ltext7                              text7        000000
__Ltext8                              text8        000000
__Ltext9                              text9        000000
__S0                                  (abs)        30000E
__S1                                  (abs)        0000D3
__S2                                  (abs)        000000
___altoft                             text39       0015BC
___altoft@c                           cstackCOMRAM 000009
___altoft@exp                         cstackCOMRAM 000011
___altoft@sign                        cstackCOMRAM 000012
___awtoft                             text38       0018C0
___awtoft@c                           cstackCOMRAM 000009
___awtoft@sign                        cstackCOMRAM 00000C
___ftadd                              text37       000838
___ftadd@exp1                         cstackCOMRAM 000036
___ftadd@exp2                         cstackCOMRAM 000035
___ftadd@f1                           cstackCOMRAM 00002B
___ftadd@f2                           cstackCOMRAM 00002E
___ftadd@sign                         cstackCOMRAM 000034
___ftdiv                              text36       000E10
___ftdiv@cntr                         cstackCOMRAM 000016
___ftdiv@exp                          cstackCOMRAM 00001A
___ftdiv@f1                           cstackCOMRAM 00000D
___ftdiv@f2                           cstackCOMRAM 000010
___ftdiv@f3                           cstackCOMRAM 000017
___ftdiv@sign                         cstackCOMRAM 00001B
___ftmul                              text35       000D1C
___ftmul@cntr                         cstackCOMRAM 000029
___ftmul@exp                          cstackCOMRAM 000025
___ftmul@f1                           cstackCOMRAM 00001C
___ftmul@f2                           cstackCOMRAM 00001F
___ftmul@f3_as_product                cstackCOMRAM 000026
___ftmul@sign                         cstackCOMRAM 00002A
___ftpack                             text40       001226
___ftpack@arg                         cstackCOMRAM 000001
___ftpack@exp                         cstackCOMRAM 000004
___ftpack@sign                        cstackCOMRAM 000005
___fttol                              text34       000C28
___fttol@exp1                         cstackCOMRAM 000045
___fttol@f1                           cstackCOMRAM 000037
___fttol@lval                         cstackCOMRAM 000041
___fttol@sign1                        cstackCOMRAM 000040
___inthi_sp                           stack        000000
___intlo_sp                           stack        000000
___lldiv                              text17       0010B8
___lldiv@counter                      cstackBANK0  00008C
___lldiv@dividend                     cstackBANK0  000080
___lldiv@divisor                      cstackBANK0  000084
___lldiv@quotient                     cstackBANK0  000088
___llmod                              text12       001428
___llmod@counter                      cstackBANK0  000095
___llmod@dividend                     cstackBANK0  00008D
___llmod@divisor                      cstackBANK0  000091
___param_bank                         (abs)        000000
___rparam_used                        (abs)        000001
___sp                                 stack        000000
__accesstop                           (abs)        000080
__activetblptr                        (abs)        000002
__end_of_I2C_Master_Init              text16       001760
__end_of___altoft                     text39       001634
__end_of___awtoft                     text38       0018F8
__end_of___ftadd                      text37       0009E4
__end_of___ftdiv                      text36       000EF6
__end_of___ftmul                      text35       000E10
__end_of___ftpack                     text40       0012D4
__end_of___fttol                      text34       000D1C
__end_of___lldiv                      text17       001174
__end_of___llmod                      text12       0014C2
__end_of__initialization              cinit        0018B2
__end_of_angleToPulse                 text33       000B24
__end_of_dateTime                     text8        001A64
__end_of_digitalRead                  text44       001226
__end_of_digitalWrite                 text21       0010B8
__end_of_dpowers                      mediumconst  00FEB9
__end_of_happynewyear                 mediumconst  00FEF1
__end_of_hexpowers                    mediumconst  00FED9
__end_of_initLCD                      text18       001842
__end_of_initRTC                      text15       001ADE
__end_of_keys                         mediumconst  00FEEA
__end_of_lcdClear                     text13       001AF6
__end_of_lcdInst                      text19       00197E
__end_of_lcdNewline                   text11       001AEE
__end_of_lcdNibble                    text20       0015BC
__end_of_main                         text0        0017AC
__end_of_mainMenu                     text7        001A3E
__end_of_pinSetup                     text14       001882
__end_of_printf                       text9        000378
__end_of_putch                        text10       0019A6
__end_of_readKeypad                   text6        001954
__end_of_runMenu                      text5        00192A
__end_of_runSelect                    text4        001A18
__end_of_runStats                     text3        0019F2
__end_of_runTime                      text2        0019CC
__end_of_service                      intcode_body 000FD8
__end_of_servoInterruptService        text41       000838
__end_of_setAngle                     text24       001428
__end_of_showInterface                text1        000C28
__end_of_sortBatteryInterruptService  text23       001AC6
__end_of_startTimer                   text43       0017F8
__end_ofi2___lldiv                    text29       001544
__end_ofi2___llmod                    text28       00169A
__end_ofi2_digitalWrite               text42       001380
__end_ofi2_lcdClear                   text30       001B06
__end_ofi2_lcdInst                    text31       001AA8
__end_ofi2_lcdNewline                 text27       001AFE
__end_ofi2_lcdNibble                  text32       001700
__end_ofi2_printf                     text25       000664
__end_ofi2_putch                      text26       001A86
__initialization                      cinit        001882
__mediumconst                         mediumconst  00FE90
__pbssBANK0                           bssBANK0     0000AB
__pbssCOMRAM                          bssCOMRAM    000076
__pcinit                              cinit        001882
__pcstackBANK0                        cstackBANK0  000080
__pcstackCOMRAM                       cstackCOMRAM 000001
__pdataBANK0                          dataBANK0    0000CB
__pidataBANK0                         idataBANK0   001ADE
__pintcode                            intcode      000008
__pintcode_body                       intcode_body 000EF6
__pmediumconst                        mediumconst  00FE90
__ptext0                              text0        001760
__ptext1                              text1        000B24
__ptext10                             text10       00197E
__ptext11                             text11       001AE6
__ptext12                             text12       001428
__ptext13                             text13       001AEE
__ptext14                             text14       001842
__ptext15                             text15       001AC6
__ptext16                             text16       001700
__ptext17                             text17       0010B8
__ptext18                             text18       0017F8
__ptext19                             text19       001954
__ptext2                              text2        0019A6
__ptext20                             text20       001544
__ptext21                             text21       000FD8
__ptext23                             text23       001AA8
__ptext24                             text24       001380
__ptext25                             text25       000378
__ptext26                             text26       001A64
__ptext27                             text27       001AF6
__ptext28                             text28       001634
__ptext29                             text29       0014C2
__ptext3                              text3        0019CC
__ptext30                             text30       001AFE
__ptext31                             text31       001A86
__ptext32                             text32       00169A
__ptext33                             text33       0009E4
__ptext34                             text34       000C28
__ptext35                             text35       000D1C
__ptext36                             text36       000E10
__ptext37                             text37       000838
__ptext38                             text38       0018C0
__ptext39                             text39       0015BC
__ptext4                              text4        0019F2
__ptext40                             text40       001226
__ptext41                             text41       000664
__ptext42                             text42       0012D4
__ptext43                             text43       0017AC
__ptext44                             text44       001174
__ptext5                              text5        0018F8
__ptext6                              text6        00192A
__ptext7                              text7        001A18
__ptext8                              text8        001A3E
__ptext9                              text9        000012
__ramtop                              ramtop       001000
__size_of_I2C_Master_Init             (abs)        000000
__size_of___altoft                    (abs)        000000
__size_of___awtoft                    (abs)        000000
__size_of___ftadd                     (abs)        000000
__size_of___ftdiv                     (abs)        000000
__size_of___ftmul                     (abs)        000000
__size_of___ftpack                    (abs)        000000
__size_of___fttol                     (abs)        000000
__size_of___lldiv                     (abs)        000000
__size_of___llmod                     (abs)        000000
__size_of_angleToPulse                (abs)        000000
__size_of_dateTime                    (abs)        000000
__size_of_digitalRead                 (abs)        000000
__size_of_digitalWrite                (abs)        000000
__size_of_initLCD                     (abs)        000000
__size_of_initRTC                     (abs)        000000
__size_of_lcdClear                    (abs)        000000
__size_of_lcdInst                     (abs)        000000
__size_of_lcdNewline                  (abs)        000000
__size_of_lcdNibble                   (abs)        000000
__size_of_main                        (abs)        000000
__size_of_mainMenu                    (abs)        000000
__size_of_pinSetup                    (abs)        000000
__size_of_printf                      (abs)        000000
__size_of_putch                       (abs)        000000
__size_of_readKeypad                  (abs)        000000
__size_of_runMenu                     (abs)        000000
__size_of_runSelect                   (abs)        000000
__size_of_runStats                    (abs)        000000
__size_of_runTime                     (abs)        000000
__size_of_service                     (abs)        000000
__size_of_servoInterruptService       (abs)        000000
__size_of_setAngle                    (abs)        000000
__size_of_showInterface               (abs)        000000
__size_of_sortBatteryInterruptService (abs)        000000
__size_of_startTimer                  (abs)        000000
__size_ofi2___lldiv                   (abs)        000000
__size_ofi2___llmod                   (abs)        000000
__size_ofi2_digitalWrite              (abs)        000000
__size_ofi2_lcdClear                  (abs)        000000
__size_ofi2_lcdInst                   (abs)        000000
__size_ofi2_lcdNewline                (abs)        000000
__size_ofi2_lcdNibble                 (abs)        000000
__size_ofi2_printf                    (abs)        000000
__size_ofi2_putch                     (abs)        000000
__smallconst                          smallconst   000000
_angleToPulse                         text33       0009E4
_angleToPulse$1200                    cstackCOMRAM 000056
_binAngle                             dataBANK0    0000CB
_count                                bssCOMRAM    000076
_dateTime                             text8        001A3E
_digitalRead                          text44       001174
_digitalWrite                         text21       000FD8
_dpowers                              mediumconst  00FE91
_happynewyear                         mediumconst  00FEEA
_hexpowers                            mediumconst  00FEB9
_initLCD                              text18       0017F8
_initRTC                              text15       001AC6
_keys                                 mediumconst  00FED9
_lcdClear                             text13       001AEE
_lcdInst                              text19       001954
_lcdNewline                           text11       001AE6
_lcdNibble                            text20       001544
_main                                 text0        001760
_mainMenu                             text7        001A18
_pin                                  bssBANK0     0000BB
_pinSetup                             text14       001842
_port                                 bssBANK0     0000C3
_printf                               text9        000012
_pulse                                bssBANK0     0000AB
_putch                                text10       00197E
_readKeypad                           text6        00192A
_runMenu                              text5        0018F8
_runSelect                            text4        0019F2
_runStats                             text3        0019CC
_runTime                              text2        0019A6
_service                              intcode      000008
_servoInterruptService                text41       000664
_setAngle                             text24       001380
_showInterface                        text1        000B24
_sortBatteryInterruptService          text23       001AA8
_startTimer                           text43       0017AC
angleToPulse@a000                     cstackCOMRAM 000059
angleToPulse@a180                     cstackCOMRAM 000052
angleToPulse@angle                    cstackCOMRAM 000046
angleToPulse@offset                   cstackCOMRAM 00004E
btemp                                 temp         000078
digitalRead@pin                       cstackCOMRAM 000003
digitalRead@port                      cstackCOMRAM 000001
digitalWrite@pin                      cstackBANK0  000082
digitalWrite@port                     cstackBANK0  000080
digitalWrite@val                      cstackBANK0  000084
end_of_initialization                 cinit        0018B2
i2___lldiv                            text29       0014C2
i2___lldiv@counter                    cstackCOMRAM 00000D
i2___lldiv@dividend                   cstackCOMRAM 000001
i2___lldiv@divisor                    cstackCOMRAM 000005
i2___lldiv@quotient                   cstackCOMRAM 000009
i2___llmod                            text28       001634
i2___llmod@counter                    cstackCOMRAM 000016
i2___llmod@dividend                   cstackCOMRAM 00000E
i2___llmod@divisor                    cstackCOMRAM 000012
i2_digitalWrite                       text42       0012D4
i2_lcdClear                           text30       001AFE
i2_lcdInst                            text31       001A86
i2_lcdNewline                         text27       001AF6
i2_lcdNibble                          text32       00169A
i2_printf                             text25       000378
i2_putch                              text26       001A64
i2digitalWrite@pin                    cstackCOMRAM 000003
i2digitalWrite@port                   cstackCOMRAM 000001
i2digitalWrite@val                    cstackCOMRAM 000005
i2lcdInst@data                        cstackCOMRAM 000004
i2lcdNibble@data                      cstackCOMRAM 000002
i2lcdNibble@temp                      cstackCOMRAM 000001
i2printf@ap                           cstackCOMRAM 000022
i2printf@c                            cstackCOMRAM 000029
i2printf@f                            cstackCOMRAM 000017
i2printf@flag                         cstackCOMRAM 000028
i2printf@idx                          cstackCOMRAM 00001F
i2printf@prec                         cstackCOMRAM 000020
i2printf@val                          cstackCOMRAM 000024
i2putch@data                          cstackCOMRAM 000005
int$flags                             temp         000078
int_func                              intcode_body 000EF6
intlevel0                             text         000000
intlevel1                             text         000000
intlevel2                             text         000000
intlevel3                             text         000000
lcdInst@data                          cstackBANK0  000083
lcdNibble@data                        cstackBANK0  000081
lcdNibble@temp                        cstackBANK0  000080
printf@ap                             cstackBANK0  0000A1
printf@c                              cstackBANK0  0000A8
printf@f                              cstackBANK0  000096
printf@flag                           cstackBANK0  0000A7
printf@idx                            cstackBANK0  00009E
printf@prec                           cstackBANK0  00009F
printf@val                            cstackBANK0  0000A3
putch@data                            cstackBANK0  000084
readKeypad@key                        cstackBANK0  000080
runMenu@key                           cstackBANK0  0000A9
service@key                           cstackCOMRAM 000075
servoInterruptService@flags           cstackCOMRAM 00000C
servoInterruptService@i               cstackCOMRAM 000014
setAngle@angle                        cstackCOMRAM 00005F
setAngle@timer                        cstackCOMRAM 00005D
showInterface@key                     cstackBANK0  0000AA
stackhi                               (abs)        000F7F
stacklo                               (abs)        0000D3
start                                 init         00000E
startTimer@timer                      cstackCOMRAM 000001
startTimer@val                        cstackCOMRAM 000003
start_initialization                  cinit        001882


FUNCTION INFORMATION:

 *************** function _main *****************
 Defined at:
		line 28 in file "main.c"
 Parameters:    Size  Location     Type
		None
 Auto vars:     Size  Location     Type
		None
 Return value:  Size  Location     Type
                  1    wreg      void 
 Registers used:
		wreg, fsr2l, fsr2h, status,2, status,0, tblptrl, tblptrh, tblptru, prodl, prodh, cstack
 Tracked objects:
		On entry : 
		On exit  : 
		Unchanged: 
 Data sizes:     COMRAM   BANK0   BANK1   BANK2   BANK3   BANK4   BANK5   BANK6   BANK7   BANK8   BANK9  BANK10  BANK11  BANK12  BANK13  BANK14  BANK15
      Params:         0       0       0       0       0       0       0       0       0       0       0       0       0       0       0       0       0
      Locals:         0       0       0       0       0       0       0       0       0       0       0       0       0       0       0       0       0
      Temps:          0       0       0       0       0       0       0       0       0       0       0       0       0       0       0       0       0
      Totals:         0       0       0       0       0       0       0       0       0       0       0       0       0       0       0       0       0
Total ram usage:        0 bytes
 Hardware stack levels required when called:   14
 This function calls:
		_digitalWrite
		_initLCD
		_initRTC
		_lcdClear
		_pinSetup
		_printf
		_showInterface
 This function is called by:
		Startup code after reset
 This function uses a non-reentrant model


 *************** function _showInterface *****************
 Defined at:
		line 89 in file "main.c"
 Parameters:    Size  Location     Type
		None
 Auto vars:     Size  Location     Type
  key             1   42[BANK0 ] unsigned char 
 Return value:  Size  Location     Type
                  1    wreg      void 
 Registers used:
		wreg, fsr2l, fsr2h, status,2, status,0, tblptrl, tblptrh, tblptru, prodl, prodh, cstack
 Tracked objects:
		On entry : 
		On exit  : 
		Unchanged: 
 Data sizes:     COMRAM   BANK0   BANK1   BANK2   BANK3   BANK4   BANK5   BANK6   BANK7   BANK8   BANK9  BANK10  BANK11  BANK12  BANK13  BANK14  BANK15
      Params:         0       0       0       0       0       0       0       0       0       0       0       0       0       0       0       0       0
      Locals:         0       1       0       0       0       0       0       0       0       0       0       0       0       0       0       0       0
      Temps:          0       0       0       0       0       0       0       0       0       0       0       0       0       0       0       0       0
      Totals:         0       1       0       0       0       0       0       0       0       0       0       0       0       0       0       0       0
Total ram usage:        1 bytes
 Hardware stack levels used:    1
 Hardware stack levels required when called:   13
 This function calls:
		_dateTime
		_mainMenu
		_readKeypad
		_runMenu
		_runSelect
		_runStats
		_runTime
 This function is called by:
		_main
 This function uses a non-reentrant model


 *************** function _runTime *****************
 Defined at:
		line 36 in file "interface.c"
 Parameters:    Size  Location     Type
		None
 Auto vars:     Size  Location     Type
		None
 Return value:  Size  Location     Type
                  1    wreg      void 
 Registers used:
		wreg, fsr2l, fsr2h, status,2, status,0, tblptrl, tblptrh, tblptru, prodl, prodh, cstack
 Tracked objects:
		On entry : 
		On exit  : 
		Unchanged: 
 Data sizes:     COMRAM   BANK0   BANK1   BANK2   BANK3   BANK4   BANK5   BANK6   BANK7   BANK8   BANK9  BANK10  BANK11  BANK12  BANK13  BANK14  BANK15
      Params:         0       0       0       0       0       0       0       0       0       0       0       0       0       0       0       0       0
      Locals:         0       0       0       0       0       0       0       0       0       0       0       0       0       0       0       0       0
      Temps:          0       0       0       0       0       0       0       0       0       0       0       0       0       0       0       0       0
      Totals:         0       0       0       0       0       0       0       0       0       0       0       0       0       0       0       0       0
Total ram usage:        0 bytes
 Hardware stack levels used:    1
 Hardware stack levels required when called:   12
 This function calls:
		_lcdClear
		_printf
 This function is called by:
		_showInterface
 This function uses a non-reentrant model


 *************** function _runStats *****************
 Defined at:
		line 42 in file "interface.c"
 Parameters:    Size  Location     Type
		None
 Auto vars:     Size  Location     Type
		None
 Return value:  Size  Location     Type
                  1    wreg      void 
 Registers used:
		wreg, fsr2l, fsr2h, status,2, status,0, tblptrl, tblptrh, tblptru, prodl, prodh, cstack
 Tracked objects:
		On entry : 
		On exit  : 
		Unchanged: 
 Data sizes:     COMRAM   BANK0   BANK1   BANK2   BANK3   BANK4   BANK5   BANK6   BANK7   BANK8   BANK9  BANK10  BANK11  BANK12  BANK13  BANK14  BANK15
      Params:         0       0       0       0       0       0       0       0       0       0       0       0       0       0       0       0       0
      Locals:         0       0       0       0       0       0       0       0       0       0       0       0       0       0       0       0       0
      Temps:          0       0       0       0       0       0       0       0       0       0       0       0       0       0       0       0       0
      Totals:         0       0       0       0       0       0       0       0       0       0       0       0       0       0       0       0       0
Total ram usage:        0 bytes
 Hardware stack levels used:    1
 Hardware stack levels required when called:   12
 This function calls:
		_lcdClear
		_printf
 This function is called by:
		_showInterface
 This function uses a non-reentrant model


 *************** function _runSelect *****************
 Defined at:
		line 24 in file "interface.c"
 Parameters:    Size  Location     Type
		None
 Auto vars:     Size  Location     Type
		None
 Return value:  Size  Location     Type
                  1    wreg      void 
 Registers used:
		wreg, fsr2l, fsr2h, status,2, status,0, tblptrl, tblptrh, tblptru, prodl, prodh, cstack
 Tracked objects:
		On entry : 
		On exit  : 
		Unchanged: 
 Data sizes:     COMRAM   BANK0   BANK1   BANK2   BANK3   BANK4   BANK5   BANK6   BANK7   BANK8   BANK9  BANK10  BANK11  BANK12  BANK13  BANK14  BANK15
      Params:         0       0       0       0       0       0       0       0       0       0       0       0       0       0       0       0       0
      Locals:         0       0       0       0       0       0       0       0       0       0       0       0       0       0       0       0       0
      Temps:          0       0       0       0       0       0       0       0       0       0       0       0       0       0       0       0       0
      Totals:         0       0       0       0       0       0       0       0       0       0       0       0       0       0       0       0       0
Total ram usage:        0 bytes
 Hardware stack levels used:    1
 Hardware stack levels required when called:   12
 This function calls:
		_lcdClear
		_printf
 This function is called by:
		_showInterface
 This function uses a non-reentrant model


 *************** function _runMenu *****************
 Defined at:
		line 30 in file "interface.c"
 Parameters:    Size  Location     Type
  key             1    wreg     unsigned char 
 Auto vars:     Size  Location     Type
  key             1   41[BANK0 ] unsigned char 
 Return value:  Size  Location     Type
                  1    wreg      void 
 Registers used:
		wreg, fsr2l, fsr2h, status,2, status,0, tblptrl, tblptrh, tblptru, prodl, prodh, cstack
 Tracked objects:
		On entry : 
		On exit  : 
		Unchanged: 
 Data sizes:     COMRAM   BANK0   BANK1   BANK2   BANK3   BANK4   BANK5   BANK6   BANK7   BANK8   BANK9  BANK10  BANK11  BANK12  BANK13  BANK14  BANK15
      Params:         0       0       0       0       0       0       0       0       0       0       0       0       0       0       0       0       0
      Locals:         0       1       0       0       0       0       0       0       0       0       0       0       0       0       0       0       0
      Temps:          0       0       0       0       0       0       0       0       0       0       0       0       0       0       0       0       0
      Totals:         0       1       0       0       0       0       0       0       0       0       0       0       0       0       0       0       0
Total ram usage:        1 bytes
 Hardware stack levels used:    1
 Hardware stack levels required when called:   12
 This function calls:
		_lcdClear
		_printf
 This function is called by:
		_showInterface
 This function uses a non-reentrant model


 *************** function _readKeypad *****************
 Defined at:
		line 35 in file "keypad.c"
 Parameters:    Size  Location     Type
		None
 Auto vars:     Size  Location     Type
  key             1    0[BANK0 ] unsigned char 
 Return value:  Size  Location     Type
                  1    wreg      unsigned char 
 Registers used:
		wreg, status,2, status,0, tblptrl, tblptrh, tblptru, prodl, prodh
 Tracked objects:
		On entry : 
		On exit  : 
		Unchanged: 
 Data sizes:     COMRAM   BANK0   BANK1   BANK2   BANK3   BANK4   BANK5   BANK6   BANK7   BANK8   BANK9  BANK10  BANK11  BANK12  BANK13  BANK14  BANK15
      Params:         0       0       0       0       0       0       0       0       0       0       0       0       0       0       0       0       0
      Locals:         0       1       0       0       0       0       0       0       0       0       0       0       0       0       0       0       0
      Temps:          0       0       0       0       0       0       0       0       0       0       0       0       0       0       0       0       0
      Totals:         0       1       0       0       0       0       0       0       0       0       0       0       0       0       0       0       0
Total ram usage:        1 bytes
 Hardware stack levels used:    1
 Hardware stack levels required when called:    7
 This function calls:
		Nothing
 This function is called by:
		_showInterface
 This function uses a non-reentrant model


 *************** function _mainMenu *****************
 Defined at:
		line 18 in file "interface.c"
 Parameters:    Size  Location     Type
		None
 Auto vars:     Size  Location     Type
		None
 Return value:  Size  Location     Type
                  1    wreg      void 
 Registers used:
		wreg, fsr2l, fsr2h, status,2, status,0, tblptrl, tblptrh, tblptru, prodl, prodh, cstack
 Tracked objects:
		On entry : 
		On exit  : 
		Unchanged: 
 Data sizes:     COMRAM   BANK0   BANK1   BANK2   BANK3   BANK4   BANK5   BANK6   BANK7   BANK8   BANK9  BANK10  BANK11  BANK12  BANK13  BANK14  BANK15
      Params:         0       0       0       0       0       0       0       0       0       0       0       0       0       0       0       0       0
      Locals:         0       0       0       0       0       0       0       0       0       0       0       0       0       0       0       0       0
      Temps:          0       0       0       0       0       0       0       0       0       0       0       0       0       0       0       0       0
      Totals:         0       0       0       0       0       0       0       0       0       0       0       0       0       0       0       0       0
Total ram usage:        0 bytes
 Hardware stack levels used:    1
 Hardware stack levels required when called:   12
 This function calls:
		_lcdClear
		_printf
 This function is called by:
		_showInterface
 This function uses a non-reentrant model


 *************** function _dateTime *****************
 Defined at:
		line 12 in file "interface.c"
 Parameters:    Size  Location     Type
		None
 Auto vars:     Size  Location     Type
		None
 Return value:  Size  Location     Type
                  1    wreg      void 
 Registers used:
		wreg, fsr2l, fsr2h, status,2, status,0, tblptrl, tblptrh, tblptru, prodl, prodh, cstack
 Tracked objects:
		On entry : 
		On exit  : 
		Unchanged: 
 Data sizes:     COMRAM   BANK0   BANK1   BANK2   BANK3   BANK4   BANK5   BANK6   BANK7   BANK8   BANK9  BANK10  BANK11  BANK12  BANK13  BANK14  BANK15
      Params:         0       0       0       0       0       0       0       0       0       0       0       0       0       0       0       0       0
      Locals:         0       0       0       0       0       0       0       0       0       0       0       0       0       0       0       0       0
      Temps:          0       0       0       0       0       0       0       0       0       0       0       0       0       0       0       0       0
      Totals:         0       0       0       0       0       0       0       0       0       0       0       0       0       0       0       0       0
Total ram usage:        0 bytes
 Hardware stack levels used:    1
 Hardware stack levels required when called:   12
 This function calls:
		_lcdClear
		_printf
 This function is called by:
		_showInterface
 This function uses a non-reentrant model


 *************** function _printf *****************
 Defined at:
		line 464 in file "C:\Program Files (x86)\Microchip\xc8\v1.40\sources\common\doprnt.c"
 Parameters:    Size  Location     Type
  f               2   22[BANK0 ] PTR const unsigned char 
		 -> STR_17(17), STR_16(18), STR_15(17), STR_14(18), 
		 -> STR_13(17), STR_12(19), STR_11(17), STR_10(18), 
		 -> STR_9(17), STR_8(18), STR_7(17), STR_6(18), 
		 -> STR_5(4), STR_4(9), STR_3(8), STR_2(12), 
		 -> STR_1(9), 
 Auto vars:     Size  Location     Type
  idx             1   30[BANK0 ] unsigned char 
  val             4   35[BANK0 ] unsigned long 
  tmpval          4    0        struct .
  cp              3    0        PTR const unsigned char 
  ap              2   33[BANK0 ] PTR void [1]
		 -> ?i2_printf(2), ?_printf(2), 
  prec            2   31[BANK0 ] int 
  len             2    0        unsigned int 
  c               1   40[BANK0 ] char 
  flag            1   39[BANK0 ] unsigned char 
 Return value:  Size  Location     Type
                  2   22[BANK0 ] int 
 Registers used:
		wreg, fsr2l, fsr2h, status,2, status,0, tblptrl, tblptrh, tblptru, prodl, prodh, cstack
 Tracked objects:
		On entry : 
		On exit  : 
		Unchanged: 
 Data sizes:     COMRAM   BANK0   BANK1   BANK2   BANK3   BANK4   BANK5   BANK6   BANK7   BANK8   BANK9  BANK10  BANK11  BANK12  BANK13  BANK14  BANK15
      Params:         0       6       0       0       0       0       0       0       0       0       0       0       0       0       0       0       0
      Locals:         0      11       0       0       0       0       0       0       0       0       0       0       0       0       0       0       0
      Temps:          0       2       0       0       0       0       0       0       0       0       0       0       0       0       0       0       0
      Totals:         0      19       0       0       0       0       0       0       0       0       0       0       0       0       0       0       0
Total ram usage:       19 bytes
 Hardware stack levels used:    1
 Hardware stack levels required when called:   11
 This function calls:
		___lldiv
		___llmod
		_putch
 This function is called by:
		_main
		_dateTime
		_mainMenu
		_runSelect
		_runMenu
		_runTime
		_runStats
		_testFrequency
 This function uses a non-reentrant model


 *************** function _putch *****************
 Defined at:
		line 35 in file "lcd.c"
 Parameters:    Size  Location     Type
  data            1    wreg     unsigned char 
 Auto vars:     Size  Location     Type
  data            1    4[BANK0 ] unsigned char 
 Return value:  Size  Location     Type
                  1    wreg      void 
 Registers used:
		wreg, status,2, status,0, cstack
 Tracked objects:
		On entry : 
		On exit  : 
		Unchanged: 
 Data sizes:     COMRAM   BANK0   BANK1   BANK2   BANK3   BANK4   BANK5   BANK6   BANK7   BANK8   BANK9  BANK10  BANK11  BANK12  BANK13  BANK14  BANK15
      Params:         0       0       0       0       0       0       0       0       0       0       0       0       0       0       0       0       0
      Locals:         0       1       0       0       0       0       0       0       0       0       0       0       0       0       0       0       0
      Temps:          0       0       0       0       0       0       0       0       0       0       0       0       0       0       0       0       0
      Totals:         0       1       0       0       0       0       0       0       0       0       0       0       0       0       0       0       0
Total ram usage:        1 bytes
 Hardware stack levels used:    1
 Hardware stack levels required when called:   10
 This function calls:
		_lcdNewline
		_lcdNibble
 This function is called by:
		_printf
 This function uses a non-reentrant model


 *************** function _lcdNewline *****************
 Defined at:
		line 78 in file "lcd.c"
 Parameters:    Size  Location     Type
		None
 Auto vars:     Size  Location     Type
		None
 Return value:  Size  Location     Type
                  1    wreg      void 
 Registers used:
		wreg, status,2, status,0, cstack
 Tracked objects:
		On entry : 
		On exit  : 
		Unchanged: 
 Data sizes:     COMRAM   BANK0   BANK1   BANK2   BANK3   BANK4   BANK5   BANK6   BANK7   BANK8   BANK9  BANK10  BANK11  BANK12  BANK13  BANK14  BANK15
      Params:         0       0       0       0       0       0       0       0       0       0       0       0       0       0       0       0       0
      Locals:         0       0       0       0       0       0       0       0       0       0       0       0       0       0       0       0       0
      Temps:          0       0       0       0       0       0       0       0       0       0       0       0       0       0       0       0       0
      Totals:         0       0       0       0       0       0       0       0       0       0       0       0       0       0       0       0       0
Total ram usage:        0 bytes
 Hardware stack levels used:    1
 Hardware stack levels required when called:    9
 This function calls:
		_lcdInst
 This function is called by:
		_putch
 This function uses a non-reentrant model


 *************** function ___llmod *****************
 Defined at:
		line 8 in file "C:\Program Files (x86)\Microchip\xc8\v1.40\sources\common\llmod.c"
 Parameters:    Size  Location     Type
  dividend        4   13[BANK0 ] unsigned long 
  divisor         4   17[BANK0 ] unsigned long 
 Auto vars:     Size  Location     Type
  counter         1   21[BANK0 ] unsigned char 
 Return value:  Size  Location     Type
                  4   13[BANK0 ] unsigned long 
 Registers used:
		wreg, status,2, status,0
 Tracked objects:
		On entry : 
		On exit  : 
		Unchanged: 
 Data sizes:     COMRAM   BANK0   BANK1   BANK2   BANK3   BANK4   BANK5   BANK6   BANK7   BANK8   BANK9  BANK10  BANK11  BANK12  BANK13  BANK14  BANK15
      Params:         0       8       0       0       0       0       0       0       0       0       0       0       0       0       0       0       0
      Locals:         0       1       0       0       0       0       0       0       0       0       0       0       0       0       0       0       0
      Temps:          0       0       0       0       0       0       0       0       0       0       0       0       0       0       0       0       0
      Totals:         0       9       0       0       0       0       0       0       0       0       0       0       0       0       0       0       0
Total ram usage:        9 bytes
 Hardware stack levels used:    1
 Hardware stack levels required when called:    7
 This function calls:
		Nothing
 This function is called by:
		_printf
 This function uses a non-reentrant model


 *************** function _lcdClear *****************
 Defined at:
		line 74 in file "lcd.c"
 Parameters:    Size  Location     Type
		None
 Auto vars:     Size  Location     Type
		None
 Return value:  Size  Location     Type
                  1    wreg      void 
 Registers used:
		wreg, status,2, status,0, cstack
 Tracked objects:
		On entry : 
		On exit  : 
		Unchanged: 
 Data sizes:     COMRAM   BANK0   BANK1   BANK2   BANK3   BANK4   BANK5   BANK6   BANK7   BANK8   BANK9  BANK10  BANK11  BANK12  BANK13  BANK14  BANK15
      Params:         0       0       0       0       0       0       0       0       0       0       0       0       0       0       0       0       0
      Locals:         0       0       0       0       0       0       0       0       0       0       0       0       0       0       0       0       0
      Temps:          0       0       0       0       0       0       0       0       0       0       0       0       0       0       0       0       0
      Totals:         0       0       0       0       0       0       0       0       0       0       0       0       0       0       0       0       0
Total ram usage:        0 bytes
 Hardware stack levels used:    1
 Hardware stack levels required when called:    9
 This function calls:
		_lcdInst
 This function is called by:
		_main
		_dateTime
		_mainMenu
		_runSelect
		_runMenu
		_runTime
		_runStats
 This function uses a non-reentrant model


 *************** function _pinSetup *****************
 Defined at:
		line 55 in file "main.c"
 Parameters:    Size  Location     Type
		None
 Auto vars:     Size  Location     Type
		None
 Return value:  Size  Location     Type
                  1    wreg      void 
 Registers used:
		wreg, status,2, status,0
 Tracked objects:
		On entry : 
		On exit  : 
		Unchanged: 
 Data sizes:     COMRAM   BANK0   BANK1   BANK2   BANK3   BANK4   BANK5   BANK6   BANK7   BANK8   BANK9  BANK10  BANK11  BANK12  BANK13  BANK14  BANK15
      Params:         0       0       0       0       0       0       0       0       0       0       0       0       0       0       0       0       0
      Locals:         0       0       0       0       0       0       0       0       0       0       0       0       0       0       0       0       0
      Temps:          0       0       0       0       0       0       0       0       0       0       0       0       0       0       0       0       0
      Totals:         0       0       0       0       0       0       0       0       0       0       0       0       0       0       0       0       0
Total ram usage:        0 bytes
 Hardware stack levels used:    1
 Hardware stack levels required when called:    7
 This function calls:
		Nothing
 This function is called by:
		_main
 This function uses a non-reentrant model


 *************** function _initRTC *****************
 Defined at:
		line 19 in file "RTC.c"
 Parameters:    Size  Location     Type
		None
 Auto vars:     Size  Location     Type
		None
 Return value:  Size  Location     Type
                  1    wreg      void 
 Registers used:
		wreg, status,2, status,0, cstack
 Tracked objects:
		On entry : 
		On exit  : 
		Unchanged: 
 Data sizes:     COMRAM   BANK0   BANK1   BANK2   BANK3   BANK4   BANK5   BANK6   BANK7   BANK8   BANK9  BANK10  BANK11  BANK12  BANK13  BANK14  BANK15
      Params:         0       0       0       0       0       0       0       0       0       0       0       0       0       0       0       0       0
      Locals:         0       0       0       0       0       0       0       0       0       0       0       0       0       0       0       0       0
      Temps:          0       0       0       0       0       0       0       0       0       0       0       0       0       0       0       0       0
      Totals:         0       0       0       0       0       0       0       0       0       0       0       0       0       0       0       0       0
Total ram usage:        0 bytes
 Hardware stack levels used:    1
 Hardware stack levels required when called:    9
 This function calls:
		_I2C_Master_Init
 This function is called by:
		_main
 This function uses a non-reentrant model


 *************** function _I2C_Master_Init *****************
 Defined at:
		line 13 in file "I2C.c"
 Parameters:    Size  Location     Type
  c               4   13[BANK0 ] const unsigned long 
 Auto vars:     Size  Location     Type
		None
 Return value:  Size  Location     Type
                  1    wreg      void 
 Registers used:
		wreg, status,2, status,0, cstack
 Tracked objects:
		On entry : 
		On exit  : 
		Unchanged: 
 Data sizes:     COMRAM   BANK0   BANK1   BANK2   BANK3   BANK4   BANK5   BANK6   BANK7   BANK8   BANK9  BANK10  BANK11  BANK12  BANK13  BANK14  BANK15
      Params:         0       4       0       0       0       0       0       0       0       0       0       0       0       0       0       0       0
      Locals:         0       0       0       0       0       0       0       0       0       0       0       0       0       0       0       0       0
      Temps:          0       4       0       0       0       0       0       0       0       0       0       0       0       0       0       0       0
      Totals:         0       8       0       0       0       0       0       0       0       0       0       0       0       0       0       0       0
Total ram usage:        8 bytes
 Hardware stack levels used:    1
 Hardware stack levels required when called:    8
 This function calls:
		___lldiv
 This function is called by:
		_initRTC
		_testFrequency
 This function uses a non-reentrant model


 *************** function ___lldiv *****************
 Defined at:
		line 8 in file "C:\Program Files (x86)\Microchip\xc8\v1.40\sources\common\lldiv.c"
 Parameters:    Size  Location     Type
  dividend        4    0[BANK0 ] unsigned long 
  divisor         4    4[BANK0 ] unsigned long 
 Auto vars:     Size  Location     Type
[...]
 This function calls:
		Nothing
 This function is called by:
		_angleToPulse
 This function uses a non-reentrant model


 *************** function ___ftmul *****************
 Defined at:
		line 62 in file "C:\Program Files (x86)\Microchip\xc8\v1.40\sources\common\ftmul.c"
 Parameters:    Size  Location     Type
  f1              3   27[COMRAM] float 
  f2              3   30[COMRAM] float 
 Auto vars:     Size  Location     Type
  f3_as_produc    3   37[COMRAM] unsigned um
  sign            1   41[COMRAM] unsigned char 
  cntr            1   40[COMRAM] unsigned char 
  exp             1   36[COMRAM] unsigned char 
 Return value:  Size  Location     Type
                  3   27[COMRAM] float 
 Registers used:
		wreg, status,2, status,0, cstack
 Tracked objects:
		On entry : 
		On exit  : 
		Unchanged: 
 Data sizes:     COMRAM   BANK0   BANK1   BANK2   BANK3   BANK4   BANK5   BANK6   BANK7   BANK8   BANK9  BANK10  BANK11  BANK12  BANK13  BANK14  BANK15
      Params:         6       0       0       0       0       0       0       0       0       0       0       0       0       0       0       0       0
      Locals:         6       0       0       0       0       0       0       0       0       0       0       0       0       0       0       0       0
      Temps:          3       0       0       0       0       0       0       0       0       0       0       0       0       0       0       0       0
      Totals:        15       0       0       0       0       0       0       0       0       0       0       0       0       0       0       0       0
Total ram usage:       15 bytes
 Hardware stack levels used:    1
 Hardware stack levels required when called:    1
 This function calls:
		___ftpack
 This function is called by:
		_angleToPulse
 This function uses a non-reentrant model


 *************** function ___ftdiv *****************
 Defined at:
		line 54 in file "C:\Program Files (x86)\Microchip\xc8\v1.40\sources\common\ftdiv.c"
 Parameters:    Size  Location     Type
  f1              3   12[COMRAM] float 
  f2              3   15[COMRAM] float 
 Auto vars:     Size  Location     Type
  f3              3   22[COMRAM] float 
  sign            1   26[COMRAM] unsigned char 
  exp             1   25[COMRAM] unsigned char 
  cntr            1   21[COMRAM] unsigned char 
 Return value:  Size  Location     Type
                  3   12[COMRAM] float 
 Registers used:
		wreg, status,2, status,0, cstack
 Tracked objects:
		On entry : 
		On exit  : 
		Unchanged: 
 Data sizes:     COMRAM   BANK0   BANK1   BANK2   BANK3   BANK4   BANK5   BANK6   BANK7   BANK8   BANK9  BANK10  BANK11  BANK12  BANK13  BANK14  BANK15
      Params:         6       0       0       0       0       0       0       0       0       0       0       0       0       0       0       0       0
      Locals:         6       0       0       0       0       0       0       0       0       0       0       0       0       0       0       0       0
      Temps:          3       0       0       0       0       0       0       0       0       0       0       0       0       0       0       0       0
      Totals:        15       0       0       0       0       0       0       0       0       0       0       0       0       0       0       0       0
Total ram usage:       15 bytes
 Hardware stack levels used:    1
 Hardware stack levels required when called:    1
 This function calls:
		___ftpack
 This function is called by:
		_angleToPulse
		_testFrequency
 This function uses a non-reentrant model


 *************** function ___ftadd *****************
 Defined at:
		line 86 in file "C:\Program Files (x86)\Microchip\xc8\v1.40\sources\common\ftadd.c"
 Parameters:    Size  Location     Type
  f1              3   42[COMRAM] float 
  f2              3   45[COMRAM] float 
 Auto vars:     Size  Location     Type
  exp1            1   53[COMRAM] unsigned char 
  exp2            1   52[COMRAM] unsigned char 
  sign            1   51[COMRAM] unsigned char 
 Return value:  Size  Location     Type
                  3   42[COMRAM] float 
 Registers used:
		wreg, status,2, status,0, cstack
 Tracked objects:
		On entry : 
		On exit  : 
		Unchanged: 
 Data sizes:     COMRAM   BANK0   BANK1   BANK2   BANK3   BANK4   BANK5   BANK6   BANK7   BANK8   BANK9  BANK10  BANK11  BANK12  BANK13  BANK14  BANK15
      Params:         6       0       0       0       0       0       0       0       0       0       0       0       0       0       0       0       0
      Locals:         3       0       0       0       0       0       0       0       0       0       0       0       0       0       0       0       0
      Temps:          3       0       0       0       0       0       0       0       0       0       0       0       0       0       0       0       0
      Totals:        12       0       0       0       0       0       0       0       0       0       0       0       0       0       0       0       0
Total ram usage:       12 bytes
 Hardware stack levels used:    1
 Hardware stack levels required when called:    1
 This function calls:
		___ftpack
 This function is called by:
		_angleToPulse
 This function uses a non-reentrant model


 *************** function ___awtoft *****************
 Defined at:
		line 32 in file "C:\Program Files (x86)\Microchip\xc8\v1.40\sources\common\awtoft.c"
 Parameters:    Size  Location     Type
  c               2    8[COMRAM] int 
 Auto vars:     Size  Location     Type
  sign            1   11[COMRAM] unsigned char 
 Return value:  Size  Location     Type
                  3    8[COMRAM] float 
 Registers used:
		wreg, status,2, status,0, cstack
 Tracked objects:
		On entry : 
		On exit  : 
		Unchanged: 
 Data sizes:     COMRAM   BANK0   BANK1   BANK2   BANK3   BANK4   BANK5   BANK6   BANK7   BANK8   BANK9  BANK10  BANK11  BANK12  BANK13  BANK14  BANK15
      Params:         3       0       0       0       0       0       0       0       0       0       0       0       0       0       0       0       0
      Locals:         1       0       0       0       0       0       0       0       0       0       0       0       0       0       0       0       0
      Temps:          0       0       0       0       0       0       0       0       0       0       0       0       0       0       0       0       0
      Totals:         4       0       0       0       0       0       0       0       0       0       0       0       0       0       0       0       0
Total ram usage:        4 bytes
 Hardware stack levels used:    1
 Hardware stack levels required when called:    1
 This function calls:
		___ftpack
 This function is called by:
		_angleToPulse
 This function uses a non-reentrant model


 *************** function ___altoft *****************
 Defined at:
		line 42 in file "C:\Program Files (x86)\Microchip\xc8\v1.40\sources\common\altoft.c"
 Parameters:    Size  Location     Type
  c               4    8[COMRAM] long 
 Auto vars:     Size  Location     Type
  sign            1   17[COMRAM] unsigned char 
  exp             1   16[COMRAM] unsigned char 
 Return value:  Size  Location     Type
                  3    8[COMRAM] float 
 Registers used:
		wreg, status,2, status,0, cstack
 Tracked objects:
		On entry : 
		On exit  : 
		Unchanged: 
 Data sizes:     COMRAM   BANK0   BANK1   BANK2   BANK3   BANK4   BANK5   BANK6   BANK7   BANK8   BANK9  BANK10  BANK11  BANK12  BANK13  BANK14  BANK15
      Params:         4       0       0       0       0       0       0       0       0       0       0       0       0       0       0       0       0
      Locals:         2       0       0       0       0       0       0       0       0       0       0       0       0       0       0       0       0
      Temps:          4       0       0       0       0       0       0       0       0       0       0       0       0       0       0       0       0
      Totals:        10       0       0       0       0       0       0       0       0       0       0       0       0       0       0       0       0
Total ram usage:       10 bytes
 Hardware stack levels used:    1
 Hardware stack levels required when called:    1
 This function calls:
		___ftpack
 This function is called by:
		_angleToPulse
		_testFrequency
 This function uses a non-reentrant model


 *************** function ___ftpack *****************
 Defined at:
		line 62 in file "C:\Program Files (x86)\Microchip\xc8\v1.40\sources\common\float.c"
 Parameters:    Size  Location     Type
  arg             3    0[COMRAM] unsigned um
  exp             1    3[COMRAM] unsigned char 
  sign            1    4[COMRAM] unsigned char 
 Auto vars:     Size  Location     Type
		None
 Return value:  Size  Location     Type
                  3    0[COMRAM] float 
 Registers used:
		wreg, status,2, status,0
 Tracked objects:
		On entry : 
		On exit  : 
		Unchanged: 
 Data sizes:     COMRAM   BANK0   BANK1   BANK2   BANK3   BANK4   BANK5   BANK6   BANK7   BANK8   BANK9  BANK10  BANK11  BANK12  BANK13  BANK14  BANK15
      Params:         5       0       0       0       0       0       0       0       0       0       0       0       0       0       0       0       0
      Locals:         0       0       0       0       0       0       0       0       0       0       0       0       0       0       0       0       0
      Temps:          3       0       0       0       0       0       0       0       0       0       0       0       0       0       0       0       0
      Totals:         8       0       0       0       0       0       0       0       0       0       0       0       0       0       0       0       0
Total ram usage:        8 bytes
 Hardware stack levels used:    1
 This function calls:
		Nothing
 This function is called by:
		___altoft
		___awtoft
		___ftadd
		___ftdiv
		___ftmul
 This function uses a non-reentrant model


 *************** function _servoInterruptService *****************
 Defined at:
		line 40 in file "servo.c"
 Parameters:    Size  Location     Type
		None
 Auto vars:     Size  Location     Type
  i               2   19[COMRAM] int 
  flags           8   11[COMRAM] int [4]
 Return value:  Size  Location     Type
                  1    wreg      void 
 Registers used:
		wreg, fsr2l, fsr2h, status,2, status,0, cstack
 Tracked objects:
		On entry : 
		On exit  : 
		Unchanged: 
 Data sizes:     COMRAM   BANK0   BANK1   BANK2   BANK3   BANK4   BANK5   BANK6   BANK7   BANK8   BANK9  BANK10  BANK11  BANK12  BANK13  BANK14  BANK15
      Params:         0       0       0       0       0       0       0       0       0       0       0       0       0       0       0       0       0
      Locals:        10       0       0       0       0       0       0       0       0       0       0       0       0       0       0       0       0
      Temps:          2       0       0       0       0       0       0       0       0       0       0       0       0       0       0       0       0
      Totals:        12       0       0       0       0       0       0       0       0       0       0       0       0       0       0       0       0
Total ram usage:       12 bytes
 Hardware stack levels used:    1
 Hardware stack levels required when called:    1
 This function calls:
		_digitalRead
		_startTimer
		i2_digitalWrite
 This function is called by:
		_service
 This function uses a non-reentrant model


 *************** function i2_digitalWrite *****************
 Defined at:
		line 53 in file "iopin.c"
 Parameters:    Size  Location     Type
  port            2    0[COMRAM] int 
  pin             2    2[COMRAM] int 
  val             2    4[COMRAM] int 
 Auto vars:     Size  Location     Type
		None
 Return value:  Size  Location     Type
                  1    wreg      void 
 Registers used:
		wreg, status,2, status,0
 Tracked objects:
		On entry : 
		On exit  : 
		Unchanged: 
 Data sizes:     COMRAM   BANK0   BANK1   BANK2   BANK3   BANK4   BANK5   BANK6   BANK7   BANK8   BANK9  BANK10  BANK11  BANK12  BANK13  BANK14  BANK15
      Params:         6       0       0       0       0       0       0       0       0       0       0       0       0       0       0       0       0
      Locals:         0       0       0       0       0       0       0       0       0       0       0       0       0       0       0       0       0
      Temps:          3       0       0       0       0       0       0       0       0       0       0       0       0       0       0       0       0
      Totals:         9       0       0       0       0       0       0       0       0       0       0       0       0       0       0       0       0
Total ram usage:        9 bytes
 Hardware stack levels used:    1
 This function calls:
		Nothing
 This function is called by:
		_servoInterruptService
 This function uses a non-reentrant model


 *************** function _startTimer *****************
 Defined at:
		line 75 in file "timer.c"
 Parameters:    Size  Location     Type
  timer           2    0[COMRAM] int 
  val             4    2[COMRAM] long 
 Auto vars:     Size  Location     Type
		None
 Return value:  Size  Location     Type
                  1    wreg      void 
 Registers used:
		wreg, status,2, status,0
 Tracked objects:
		On entry : 
		On exit  : 
		Unchanged: 
 Data sizes:     COMRAM   BANK0   BANK1   BANK2   BANK3   BANK4   BANK5   BANK6   BANK7   BANK8   BANK9  BANK10  BANK11  BANK12  BANK13  BANK14  BANK15
      Params:         6       0       0       0       0       0       0       0       0       0       0       0       0       0       0       0       0
      Locals:         0       0       0       0       0       0       0       0       0       0       0       0       0       0       0       0       0
      Temps:          2       0       0       0       0       0       0       0       0       0       0       0       0       0       0       0       0
      Totals:         8       0       0       0       0       0       0       0       0       0       0       0       0       0       0       0       0
Total ram usage:        8 bytes
 Hardware stack levels used:    1
 This function calls:
		Nothing
 This function is called by:
		_servoInterruptService
		_testFrequency
		_initServo
 This function uses a non-reentrant model


 *************** function _digitalRead *****************
 Defined at:
		line 43 in file "iopin.c"
 Parameters:    Size  Location     Type
  port            2    0[COMRAM] int 
  pin             2    2[COMRAM] int 
 Auto vars:     Size  Location     Type
		None
 Return value:  Size  Location     Type
                  2    0[COMRAM] int 
 Registers used:
		wreg, status,2, status,0
 Tracked objects:
		On entry : 
		On exit  : 
		Unchanged: 
 Data sizes:     COMRAM   BANK0   BANK1   BANK2   BANK3   BANK4   BANK5   BANK6   BANK7   BANK8   BANK9  BANK10  BANK11  BANK12  BANK13  BANK14  BANK15
      Params:         4       0       0       0       0       0       0       0       0       0       0       0       0       0       0       0       0
      Locals:         0       0       0       0       0       0       0       0       0       0       0       0       0       0       0       0       0
      Temps:          2       0       0       0       0       0       0       0       0       0       0       0       0       0       0       0       0
      Totals:         6       0       0       0       0       0       0       0       0       0       0       0       0       0       0       0       0
Total ram usage:        6 bytes
 Hardware stack levels used:    1
 This function calls:
		Nothing
 This function is called by:
		_servoInterruptService
 This function uses a non-reentrant model



MODULE INFORMATION

Module		Function		Class		Link	Load	Size
C:\Program Files (x86)\Microchip\xc8\v1.40\sources\common\awtoft.c
		___awtoft      		CODE           	18C0	0000	57

C:\Program Files (x86)\Microchip\xc8\v1.40\sources\common\awtoft.c estimated size: 57

C:\Program Files (x86)\Microchip\xc8\v1.40\sources\common\altoft.c
		___altoft      		CODE           	15BC	0000	121

C:\Program Files (x86)\Microchip\xc8\v1.40\sources\common\altoft.c estimated size: 121

servo.c
		_servoInterruptService		CODE           	0664	0000	469
		_setAngle      		CODE           	1380	0000	169
		_angleToPulse  		CODE           	09E4	0000	321

servo.c estimated size: 959

keypad.c
		_readKeypad    		CODE           	192A	0000	43

keypad.c estimated size: 43

C:\Program Files (x86)\Microchip\xc8\v1.40\sources\common\doprnt.c
		_printf        		CODE           	0012	0000	871

C:\Program Files (x86)\Microchip\xc8\v1.40\sources\common\doprnt.c estimated size: 871

C:\Program Files (x86)\Microchip\xc8\v1.40\sources\common\float.c
		___ftpack      		CODE           	1226	0000	175

C:\Program Files (x86)\Microchip\xc8\v1.40\sources\common\float.c estimated size: 175

timer.c
		_startTimer    		CODE           	17AC	0000	77

timer.c estimated size: 77

I2C.c
		_I2C_Master_Init		CODE           	1700	0000	97

I2C.c estimated size: 97

C:\Program Files (x86)\Microchip\xc8\v1.40\sources\common\ftmul.c
		___ftmul       		CODE           	0D1C	0000	245

C:\Program Files (x86)\Microchip\xc8\v1.40\sources\common\ftmul.c estimated size: 245

iopin.c
		_digitalRead   		CODE           	1174	0000	179
		_digitalWrite  		CODE           	0FD8	0000	225

iopin.c estimated size: 404

C:\Program Files (x86)\Microchip\xc8\v1.40\sources\common\ftdiv.c
		___ftdiv       		CODE           	0E10	0000	231

C:\Program Files (x86)\Microchip\xc8\v1.40\sources\common\ftdiv.c estimated size: 231

C:\Program Files (x86)\Microchip\xc8\v1.40\sources\common\llmod.c
		___llmod       		CODE           	1428	0000	155

C:\Program Files (x86)\Microchip\xc8\v1.40\sources\common\llmod.c estimated size: 155

shared
		i2_printf      		CODE           	0378	0000	749
		i2_putch       		CODE           	1A64	0000	35
		i2_lcdNibble   		CODE           	169A	0000	103
		_dpowers       		MEDIUMCONST    	FE91	0000	41
		i2_lcdClear    		CODE           	1AFE	0000	9
		i2_lcdNewline  		CODE           	1AF6	0000	9
		_keys          		MEDIUMCONST    	FED9	0000	18
		i2___lldiv     		CODE           	14C2	0000	131
		__initialization		CODE           	1882	0000	49
		_hexpowers     		MEDIUMCONST    	FEB9	0000	33
		i2___llmod     		CODE           	1634	0000	103
		i2_lcdInst     		CODE           	1A86	0000	35
		_happynewyear  		MEDIUMCONST    	FEEA	0000	8
		i2_digitalWrite		CODE           	12D4	0000	173

shared estimated size: 1496

interface.c
		_dateTime      		CODE           	1A3E	0000	39
		_runSelect     		CODE           	19F2	0000	39
		_runTime       		CODE           	19A6	0000	39
		_runStats      		CODE           	19CC	0000	39
		_runMenu       		CODE           	18F8	0000	51
		_mainMenu      		CODE           	1A18	0000	39

interface.c estimated size: 246

lcd.c
		_putch         		CODE           	197E	0000	41
		_lcdInst       		CODE           	1954	0000	43
		_lcdClear      		CODE           	1AEE	0000	9
		_lcdNibble     		CODE           	1544	0000	121
		_initLCD       		CODE           	17F8	0000	75
		_lcdNewline    		CODE           	1AE6	0000	9

lcd.c estimated size: 298

C:\Program Files (x86)\Microchip\xc8\v1.40\sources\common\fttol.c
		___fttol       		CODE           	0C28	0000	245

C:\Program Files (x86)\Microchip\xc8\v1.40\sources\common\fttol.c estimated size: 245

main.c
		_service       		CODE           	0008	0000	233
		_pinSetup      		CODE           	1842	0000	65
		_sortBatteryInterruptService		CODE           	1AA8	0000	31
		_main          		CODE           	1760	0000	77
		_showInterface 		CODE           	0B24	0000	261

main.c estimated size: 667

C:\Program Files (x86)\Microchip\xc8\v1.40\sources\common\ftadd.c
		___ftadd       		CODE           	0838	0000	429

C:\Program Files (x86)\Microchip\xc8\v1.40\sources\common\ftadd.c estimated size: 429

RTC.c
		_initRTC       		CODE           	1AC6	0000	25

RTC.c estimated size: 25

C:\Program Files (x86)\Microchip\xc8\v1.40\sources\common\lldiv.c
		___lldiv       		CODE           	10B8	0000	189

C:\Program Files (x86)\Microchip\xc8\v1.40\sources\common\lldiv.c estimated size: 189

