Microchip MPLAB XC8 Compiler V1.40 ()

Linker command line:

-W-3 --edf=C:\Program Files (x86)\Microchip\xc8\v1.40\dat\en_msgs.txt -cs \
  -h+dist/default/production\PIC18_LCD_LIB.X.production.sym \
  --cmf=dist/default/production\PIC18_LCD_LIB.X.production.cmf -z -Q18F4620 \
  -oC:\Users\Nam\AppData\Local\Temp\sqls.2 \
  -Mdist/default/production/PIC18_LCD_LIB.X.production.map -E1 -ver=XC8 \
  -ASTACK=010Ah-0f7fh -pstack=STACK -ACODE=00h-0FFFFh -ACONST=00h-0FFFFh \
  -ASMALLCONST=01000h-010FFhx240 -AMEDIUMCONST=01000h-0FFFFh \
  -ACOMRAM=01h-07Fh -AABS1=00h-0F7Fh -ABIGRAM=01h-0F7Fh \
  -ARAM=080h-0FFh,0100h-01FFhx14,0F00h-0F7Fh -ABANK0=080h-0FFh \
  -ABANK1=0100h-01FFh -ABANK2=0200h-02FFh -ABANK3=0300h-03FFh \
  -ABANK4=0400h-04FFh -ABANK5=0500h-05FFh -ABANK6=0600h-06FFh \
  -ABANK7=0700h-07FFh -ABANK8=0800h-08FFh -ABANK9=0900h-09FFh \
  -ABANK10=0A00h-0AFFh -ABANK11=0B00h-0BFFh -ABANK12=0C00h-0CFFh \
  -ABANK13=0D00h-0DFFh -ABANK14=0E00h-0EFFh -ABANK15=0F00h-0F7Fh \
  -ASFR=0F80h-0FFFh -preset_vec=00h,intcode=08h,intcodelo,powerup,init \
  -pramtop=01000h -psmallconst=SMALLCONST -pmediumconst=MEDIUMCONST \
  -pconst=CONST -AFARRAM=00h-00h -ACONFIG=0300000h-030000Dh -pconfig=CONFIG \
  -AIDLOC=0200000h-0200007h -pidloc=IDLOC -AEEDATA=0F00000h-0F003FFh \
  -peeprom_data=EEDATA \
  -prdata=COMRAM,nvrram=COMRAM,nvbit=COMRAM,rbss=COMRAM,rbit=COMRAM \
  -pfarbss=FARRAM,fardata=FARRAM,nvFARRAM=FARRAM \
  -pintsave_regs=BIGRAM,bigbss=BIGRAM,bigdata=BIGRAM -pbss=RAM \
  -pidata=CODE,irdata=CODE,ibigdata=CODE,ifardata=CODE -prparam=COMRAM \
  C:\Users\Nam\AppData\Local\Temp\sqls.obj \
  dist/default/production\PIC18_LCD_LIB.X.production.obj 

Object code version is 3.11

Machine type is 18F4620

Call graph: (short form)




                Name                               Link     Load   Length Selector   Space Scale
C:\Users\Nam\AppData\Local\Temp\sqls.obj
                init                                  E        E        4        4       0
                reset_vec                             0        0        4        0       0
                idloc                            200000   200000        8   200000       0
                config                           300000   300000        E   300000       0
dist/default/production\PIC18_LCD_LIB.X.production.obj
                intcode                               8        8        6        4       0
                temp                                 7E       7E        1        1       1
                smallconst                         1000     1000       E0      800       0
                text41                             35B0     35B0       76      870       0
                text40                             38BA     38BA       24      870       0
                text39                             391A     391A        8     1C85       0
                text38                             3328     3328       90      870       0
                text37                             30A0     30A0       AE      870       0
                text36                             21E2     21E2      1AC      870       0
                text35                             379E     379E       40      870       0
                text34                             343C     343C       82      870       0
                text33                             3696     3696       66      870       0
                text32                             36FC     36FC       5C      870       0
                text31                             28AE     28AE      128      870       0
                text30                             277C     277C      132      870       0
                text29                             33B8     33B8       84      870       0
                text28                             3626     3626       70      870       0
                text27                             3870     3870       26      870       0
                text26                             2DE6     2DE6       F4      870       0
                text25                             1DE4     1DE4      246      870       0
                text24                             3912     3912        8     1C85       0
                text23                             38DE     38DE       22      870       0
                text22                             178C     178C      3F0      870       0
                text21                             3896     3896       24      870       0
                text20                             2CF2     2CF2       F4      870       0
                text19                             10E0     10E0      6AC      870       0
                text18                             314E     314E       AC      870       0
                text17                             3538     3538       78      870       0
                text16                             2EDA     2EDA       E6      870       0
                text15                             2BF6     2BF6       FC      870       0
                intcode_body                       202A     202A      1B8      870       0
                text13                             2FC0     2FC0       E0      870       0
                text12                             3298     3298       90      870       0
                text11                             3846     3846       2A      870       0
                text10                             3758     3758       46      870       0
                text9                              390A     390A        8     1C85       0
                text8                              2AEA     2AEA      10C      870       0
                text7                              31FA     31FA       9E      870       0
                text6                              1B7C     1B7C      268      870       0
                text5                              24EC     24EC      14C      870       0
                text4                              238E     238E      15E      870       0
                text3                              3816     3816       30      870       0
                text2                              2638     2638      144      870       0
                text1                              29D6     29D6      114      870       0
                text0                              34BE     34BE       7A      870       0
                cstackCOMRAM                          1        1       7D        1       1
                cstackBANK0                          80       80       5F       80       1
                cstackBANK1                         100      100        A      100       1
                dataBANK0                            DF       DF        9       80       1
                bssBANK0                             E8       E8        4       80       1
                cinit                              37DE     37DE       38      870       0
                idataBANK0                         3900     3900        9      870       0

TOTAL           Name                               Link     Load   Length     Space
        CLASS   STACK          

        CLASS   CODE           
                intcode                               8        8        6         0
                init                                  E        E        4         0
                reset_vec                             0        0        4         0
                text41                             35B0     35B0       76         0
                text40                             38BA     38BA       24         0
                text39                             391A     391A        8         0
                text38                             3328     3328       90         0
                text37                             30A0     30A0       AE         0
                text36                             21E2     21E2      1AC         0
                text35                             379E     379E       40         0
                text34                             343C     343C       82         0
                text33                             3696     3696       66         0
                text32                             36FC     36FC       5C         0
                text31                             28AE     28AE      128         0
                text30                             277C     277C      132         0
                text29                             33B8     33B8       84         0
                text28                             3626     3626       70         0
                text27                             3870     3870       26         0
                text26                             2DE6     2DE6       F4         0
                text25                             1DE4     1DE4      246         0
                text24                             3912     3912        8         0
                text23                             38DE     38DE       22         0
                text22                             178C     178C      3F0         0
                text21                             3896     3896       24         0
                text20                             2CF2     2CF2       F4         0
                text19                             10E0     10E0      6AC         0
                text18                             314E     314E       AC         0
                text17                             3538     3538       78         0
                text16                             2EDA     2EDA       E6         0
                text15                             2BF6     2BF6       FC         0
                intcode_body                       202A     202A      1B8         0
                text13                             2FC0     2FC0       E0         0
                text12                             3298     3298       90         0
                text11                             3846     3846       2A         0
                text10                             3758     3758       46         0
                text9                              390A     390A        8         0
                text8                              2AEA     2AEA      10C         0
                text7                              31FA     31FA       9E         0
                text6                              1B7C     1B7C      268         0
                text5                              24EC     24EC      14C         0
                text4                              238E     238E      15E         0
                text3                              3816     3816       30         0
                text2                              2638     2638      144         0
                text1                              29D6     29D6      114         0
                text0                              34BE     34BE       7A         0
                cinit                              37DE     37DE       38         0
                idataBANK0                         3900     3900        9         0

        CLASS   CONST          

        CLASS   SMALLCONST     
                smallconst                         1000     1000       E0         0

        CLASS   MEDIUMCONST    

        CLASS   COMRAM         
                temp                                 7E       7E        1         1
                cstackCOMRAM                          1        1       7D         1

        CLASS   ABS1           

        CLASS   BIGRAM         

        CLASS   RAM            

        CLASS   BANK0          
                cstackBANK0                          80       80       5F         1
                dataBANK0                            DF       DF        9         1
                bssBANK0                             E8       E8        4         1

        CLASS   BANK1          
                cstackBANK1                         100      100        A         1

        CLASS   BANK2          

        CLASS   BANK3          

        CLASS   BANK4          

        CLASS   BANK5          

        CLASS   BANK6          

        CLASS   BANK7          

        CLASS   BANK8          

        CLASS   BANK9          

        CLASS   BANK10         

        CLASS   BANK11         

        CLASS   BANK12         

        CLASS   BANK13         

        CLASS   BANK14         

        CLASS   BANK15         

        CLASS   SFR            

        CLASS   FARRAM         

        CLASS   CONFIG         
                config                           300000   300000        E         0

        CLASS   IDLOC          
                idloc                            200000   200000        8         0

        CLASS   EEDATA         



SEGMENTS        Name                           Load    Length   Top    Selector   Space  Class

                reset_vec                      000000  000004  000004         0       0  CODE    
                cstackCOMRAM                   000001  00007E  00007F         1       1  COMRAM  
                intcode                        000008  00000A  000012         4       0  CODE    
                cstackBANK0                    000080  00006C  0000EC        80       1  BANK0   
                cstackBANK1                    000100  00000A  00010A       100       1  BANK1   
                smallconst                     001000  0000E0  0010E0       800       0  SMALLCON
                text19                         0010E0  002829  003909       870       0  CODE    
                text9                          00390A  000018  003922      1C85       0  CODE    
                idloc                          200000  000008  200008    200000       0  IDLOC   
                config                         300000  00000E  30000E    300000       0  CONFIG  


UNUSED ADDRESS RANGES

        Name                Unused          Largest block    Delta
        BANK0            0000EC-0000FF               14
        BANK1            00010A-0001FF               F6
        BANK10           000A00-000AFF              100
        BANK11           000B00-000BFF              100
        BANK12           000C00-000CFF              100
        BANK13           000D00-000DFF              100
        BANK14           000E00-000EFF              100
        BANK15           000F00-000F7F               80
        BANK2            000200-0002FF              100
        BANK3            000300-0003FF              100
        BANK4            000400-0004FF              100
        BANK5            000500-0005FF              100
        BANK6            000600-0006FF              100
        BANK7            000700-0007FF              100
        BANK8            000800-0008FF              100
        BANK9            000900-0009FF              100
        BIGRAM           00007F-00007F                1
                         0000EC-0000FF               14
                         00010A-000F7F              E76
        CODE             000004-000007                4
                         000012-000FFF              FEE
                         003909-003909                1
                         003922-00FFFF             C6DE
        COMRAM           00007F-00007F                1
        CONST            000004-000007                4
                         000012-000FFF              FEE
                         003909-003909                1
                         003922-00FFFF             C6DE
        EEDATA           F00000-F003FF              400
        MEDIUMCONST      003909-003909                1
                         003922-00FFFF             C6DE
        RAM              0000EC-0000FF               14
                         00010A-000F7F              100
        SFR              000F80-000FFF               80
        SMALLCONST       003909-003909                1
                         003922-00FFFF              100
        STACK            00010A-000F7F              E76

                                  Symbol Table

?___altoft                  cstackBANK0  000096
?___awdiv                   cstackCOMRAM 000007
?___awmod                   cstackCOMRAM 000001
?___ftadd                   cstackBANK0  0000C1
?___ftdiv                   cstackBANK0  0000A0
?___ftmul                   cstackBANK0  0000AF
?___ftneg                   cstackBANK0  0000BE
?___ftpack                  cstackBANK0  00008E
?___ftsub                   cstackCOMRAM 000047
?___fttol                   cstackBANK0  0000CD
?___lldiv                   cstackCOMRAM 000001
?___llmod                   cstackCOMRAM 000001
?___lltoft                  cstackCOMRAM 000009
?___wmul                    cstackCOMRAM 00000F
?__div_to_l_                cstackCOMRAM 000001
?__tdiv_to_l_               cstackCOMRAM 000001
?_fround                    cstackCOMRAM 000031
?_printf                    cstackCOMRAM 000056
?_scale                     cstackCOMRAM 000031
?i2___altoft                cstackCOMRAM 000009
?i2___ftadd                 cstackCOMRAM 00003B
?i2___ftdiv                 cstackCOMRAM 000013
?i2___ftmul                 cstackCOMRAM 000022
?i2___ftneg                 cstackCOMRAM 000031
?i2___ftpack                cstackCOMRAM 000001
?i2___fttol                 cstackCOMRAM 000047
_ACKDT                      (abs)        007E2D
_ACKEN                      (abs)        007E2C
_ADCON0                     (abs)        000FC2
_ADCON1                     (abs)        000FC1
_ADCON2                     (abs)        000FC0
_ADRESH                     (abs)        000FC4
_ADRESL                     (abs)        000FC3
_EEADR                      (abs)        000FA9
_EEADRH                     (abs)        000FAA
_EECON1                     (abs)        000FA6
_EECON2                     (abs)        000FA7
_EEDATA                     (abs)        000FA8
_EEIF                       (abs)        007D0C
_INT1IF                     (abs)        007F80
_INTCONbits                 (abs)        000FF2
_LATA                       (abs)        000F89
_LATB                       (abs)        000F8A
_LATC                       (abs)        000F8B
_LATD                       (abs)        000F8C
_LATDbits                   (abs)        000F8C
_LATE                       (abs)        000F8D
_OSCCON                     (abs)        000FD3
_OSCTUNEbits                (abs)        000F9B
_PEIE                       (abs)        007F96
_PEN                        (abs)        007E2A
_PORTA                      (abs)        000F80
_PORTB                      (abs)        000F81
_PORTBbits                  (abs)        000F81
_PORTC                      (abs)        000F82
_PORTD                      (abs)        000F83
_RCEN                       (abs)        007E2B
_RSEN                       (abs)        007E29
_SEN                        (abs)        007E28
_SSPADD                     (abs)        000FC8
_SSPBUF                     (abs)        000FC9
_SSPCON1                    (abs)        000FC6
_SSPCON2                    (abs)        000FC5
_SSPSTAT                    (abs)        000FC7
_T0CON                      (abs)        000FD5
_TMR0H                      (abs)        000FD7
_TMR0IE                     (abs)        007F95
_TMR0IF                     (abs)        007F92
_TMR0L                      (abs)        000FD6
_TRISA                      (abs)        000F92
_TRISB                      (abs)        000F93
_TRISC                      (abs)        000F94
_TRISC3                     (abs)        007CA3
_TRISC4                     (abs)        007CA4
_TRISD                      (abs)        000F95
_TRISE                      (abs)        000F96
__CFG_BOREN$SBORDIS         (abs)        000000
__CFG_BORV$3                (abs)        000000
__CFG_CCP2MX$PORTC          (abs)        000000
__CFG_CP0$OFF               (abs)        000000
__CFG_CP1$OFF               (abs)        000000
__CFG_CP2$OFF               (abs)        000000
__CFG_CP3$OFF               (abs)        000000
__CFG_CPB$OFF               (abs)        000000
__CFG_CPD$OFF               (abs)        000000
__CFG_EBTR0$OFF             (abs)        000000
__CFG_EBTR1$OFF             (abs)        000000
__CFG_EBTR2$OFF             (abs)        000000
__CFG_EBTR3$OFF             (abs)        000000
__CFG_EBTRB$OFF             (abs)        000000
__CFG_FCMEN$OFF             (abs)        000000
__CFG_IESO$OFF              (abs)        000000
__CFG_LPT1OSC$OFF           (abs)        000000
__CFG_LVP$OFF               (abs)        000000
__CFG_MCLRE$ON              (abs)        000000
__CFG_OSC$INTIO67           (abs)        000000
__CFG_PBADEN$ON             (abs)        000000
__CFG_PWRT$OFF              (abs)        000000
__CFG_STVREN$ON             (abs)        000000
__CFG_WDT$OFF               (abs)        000000
__CFG_WDTPS$32768           (abs)        000000
__CFG_WRT0$OFF              (abs)        000000
__CFG_WRT1$OFF              (abs)        000000
__CFG_WRT2$OFF              (abs)        000000
__CFG_WRT3$OFF              (abs)        000000
__CFG_WRTB$OFF              (abs)        000000
__CFG_WRTC$OFF              (abs)        000000
__CFG_WRTD$OFF              (abs)        000000
__CFG_XINST$OFF             (abs)        000000
__HRAM                      (abs)        000000
__Habs1                     abs1         000000
__Hbank0                    bank0        000000
__Hbank1                    bank1        000000
__Hbank10                   bank10       000000
__Hbank11                   bank11       000000
__Hbank12                   bank12       000000
__Hbank13                   bank13       000000
__Hbank14                   bank14       000000
__Hbank15                   bank15       000000
__Hbank2                    bank2        000000
__Hbank3                    bank3        000000
__Hbank4                    bank4        000000
__Hbank5                    bank5        000000
__Hbank6                    bank6        000000
__Hbank7                    bank7        000000
__Hbank8                    bank8        000000
__Hbank9                    bank9        000000
__Hbigbss                   bigbss       000000
__Hbigdata                  bigdata      000000
__Hbigram                   bigram       000000
__Hbss                      bss          000000
__HbssBANK0                 bssBANK0     000000
__Hcinit                    cinit        000000
__Hclrtext                  clrtext      000000
__Hcomram                   comram       000000
__Hconfig                   config       30000E
__Hconst                    const        000000
__HcstackBANK0              cstackBANK0  000000
__HcstackBANK1              cstackBANK1  000000
__HcstackCOMRAM             cstackCOMRAM 000000
__Hdata                     data         000000
__HdataBANK0                dataBANK0    000000
__Heeprom_data              eeprom_data  000000
__Hfarbss                   farbss       000000
__Hfardata                  fardata      000000
__Hibigdata                 ibigdata     000000
__Hidata                    idata        000000
__HidataBANK0               idataBANK0   000000
__Hidloc                    idloc        200008
__Hifardata                 ifardata     000000
__Hinit                     init         000012
__Hintcode                  intcode      00000E
__Hintcode_body             intcode_body 000000
__Hintcodelo                intcodelo    00000E
__Hintentry                 intentry     000000
__Hintret                   intret       000000
__Hintsave_regs             intsave_regs 000000
__Hirdata                   irdata       000000
__Hmediumconst              mediumconst  000000
__HnvFARRAM                 nvFARRAM     000000
__Hnvbit                    nvbit        000000
__Hnvrram                   nvrram       000000
__Hparam                    rparam       000000
__Hpowerup                  powerup      00000E
__Hram                      ram          000000
__Hramtop                   ramtop       001000
__Hrbit                     rbit         000000
__Hrbss                     rbss         000000
__Hrdata                    rdata        000000
__Hreset_vec                reset_vec    000004
__Hrparam                   rparam       000000
__Hsfr                      sfr          000000
__Hsmallconst               smallconst   0010E0
__Hspace_0                  (abs)        30000E
__Hspace_1                  (abs)        00010A
__Hspace_2                  (abs)        000000
__Hstack                    stack        000000
__Hstruct                   struct       000000
__Htemp                     temp         00007F
__Htext                     text         000000
__Htext0                    text0        000000
__Htext1                    text1        000000
__Htext10                   text10       000000
__Htext11                   text11       000000
__Htext12                   text12       000000
__Htext13                   text13       000000
__Htext15                   text15       000000
__Htext16                   text16       000000
__Htext17                   text17       000000
__Htext18                   text18       000000
__Htext19                   text19       000000
__Htext2                    text2        000000
__Htext20                   text20       000000
__Htext21                   text21       000000
__Htext22                   text22       000000
__Htext23                   text23       000000
__Htext24                   text24       000000
__Htext25                   text25       000000
__Htext26                   text26       000000
__Htext27                   text27       000000
__Htext28                   text28       000000
__Htext29                   text29       000000
__Htext3                    text3        000000
__Htext30                   text30       000000
__Htext31                   text31       000000
__Htext32                   text32       000000
__Htext33                   text33       000000
__Htext34                   text34       000000
__Htext35                   text35       000000
__Htext36                   text36       000000
__Htext37                   text37       000000
__Htext38                   text38       000000
__Htext39                   text39       000000
__Htext4                    text4        000000
__Htext40                   text40       000000
__Htext41                   text41       000000
__Htext5                    text5        000000
__Htext6                    text6        000000
__Htext7                    text7        000000
__Htext8                    text8        000000
__Htext9                    text9        000000
__LRAM                      (abs)        000001
__Labs1                     abs1         000000
__Lbank0                    bank0        000000
__Lbank1                    bank1        000000
__Lbank10                   bank10       000000
__Lbank11                   bank11       000000
__Lbank12                   bank12       000000
__Lbank13                   bank13       000000
__Lbank14                   bank14       000000
__Lbank15                   bank15       000000
__Lbank2                    bank2        000000
__Lbank3                    bank3        000000
__Lbank4                    bank4        000000
__Lbank5                    bank5        000000
__Lbank6                    bank6        000000
__Lbank7                    bank7        000000
__Lbank8                    bank8        000000
__Lbank9                    bank9        000000
__Lbigbss                   bigbss       000000
__Lbigdata                  bigdata      000000
__Lbigram                   bigram       000000
__Lbss                      bss          000000
__LbssBANK0                 bssBANK0     000000
__Lcinit                    cinit        000000
__Lclrtext                  clrtext      000000
__Lcomram                   comram       000000
__Lconfig                   config       300000
__Lconst                    const        000000
__LcstackBANK0              cstackBANK0  000000
__LcstackBANK1              cstackBANK1  000000
__LcstackCOMRAM             cstackCOMRAM 000000
__Ldata                     data         000000
__LdataBANK0                dataBANK0    000000
__Leeprom_data              eeprom_data  000000
__Lfarbss                   farbss       000000
__Lfardata                  fardata      000000
__Libigdata                 ibigdata     000000
__Lidata                    idata        000000
__LidataBANK0               idataBANK0   000000
__Lidloc                    idloc        200000
__Lifardata                 ifardata     000000
__Linit                     init         00000E
__Lintcode                  intcode      000008
__Lintcode_body             intcode_body 000000
__Lintcodelo                intcodelo    00000E
__Lintentry                 intentry     000000
__Lintret                   intret       000000
__Lintsave_regs             intsave_regs 000000
__Lirdata                   irdata       000000
__Lmediumconst              mediumconst  000000
__LnvFARRAM                 nvFARRAM     000000
__Lnvbit                    nvbit        000000
__Lnvrram                   nvrram       000000
__Lparam                    rparam       000000
__Lpowerup                  powerup      00000E
__Lram                      ram          000000
__Lramtop                   ramtop       001000
__Lrbit                     rbit         000000
__Lrbss                     rbss         000000
__Lrdata                    rdata        000000
__Lreset_vec                reset_vec    000000
__Lrparam                   rparam       000000
__Lsfr                      sfr          000000
__Lsmallconst               smallconst   001000
__Lspace_0                  (abs)        000000
__Lspace_1                  (abs)        000000
__Lspace_2                  (abs)        000000
__Lstack                    stack        000000
__Lstruct                   struct       000000
__Ltemp                     temp         00007E
__Ltext                     text         000000
__Ltext0                    text0        000000
__Ltext1                    text1        000000
__Ltext10                   text10       000000
__Ltext11                   text11       000000
__Ltext12                   text12       000000
__Ltext13                   text13       000000
__Ltext15                   text15       000000
__Ltext16                   text16       000000
__Ltext17                   text17       000000
__Ltext18                   text18       000000
__Ltext19                   text19       000000
__Ltext2                    text2        000000
__Ltext20                   text20       000000
__Ltext21                   text21       000000
__Ltext22                   text22       000000
__Ltext23                   text23       000000
__Ltext24                   text24       000000
__Ltext25                   text25       000000
__Ltext26                   text26       000000
__Ltext27                   text27       000000
__Ltext28                   text28       000000
__Ltext29                   text29       000000
__Ltext3                    text3        000000
__Ltext30                   text30       000000
__Ltext31                   text31       000000
__Ltext32                   text32       000000
__Ltext33                   text33       000000
__Ltext34                   text34       000000
__Ltext35                   text35       000000
__Ltext36                   text36       000000
__Ltext37                   text37       000000
__Ltext38                   text38       000000
__Ltext39                   text39       000000
__Ltext4                    text4        000000
__Ltext40                   text40       000000
__Ltext41                   text41       000000
__Ltext5                    text5        000000
__Ltext6                    text6        000000
__Ltext7                    text7        000000
__Ltext8                    text8        000000
__Ltext9                    text9        000000
__S0                        (abs)        30000E
__S1                        (abs)        00010A
__S2                        (abs)        000000
___altoft                   text7        0031FA
___altoft@c                 cstackBANK0  000096
___altoft@exp               cstackBANK0  00009E
___altoft@sign              cstackBANK0  00009F
___awdiv                    text29       0033B8
___awdiv@counter            cstackCOMRAM 00000B
___awdiv@dividend           cstackCOMRAM 000007
___awdiv@divisor            cstackCOMRAM 000009
___awdiv@quotient           cstackCOMRAM 00000D
___awdiv@sign               cstackCOMRAM 00000C
___awmod                    text28       003626
___awmod@counter            cstackCOMRAM 000005
___awmod@dividend           cstackCOMRAM 000001
___awmod@divisor            cstackCOMRAM 000003
___awmod@sign               cstackCOMRAM 000006
___ftadd                    text6        001B7C
___ftadd@exp1               cstackBANK0  0000CC
___ftadd@exp2               cstackBANK0  0000CB
___ftadd@f1                 cstackBANK0  0000C1
___ftadd@f2                 cstackBANK0  0000C4
___ftadd@sign               cstackBANK0  0000CA
___ftdiv                    text5        0024EC
___ftdiv@cntr               cstackBANK0  0000A9
___ftdiv@exp                cstackBANK0  0000AA
___ftdiv@f1                 cstackBANK0  0000A0
___ftdiv@f2                 cstackBANK0  0000A3
___ftdiv@f3                 cstackBANK0  0000AB
___ftdiv@sign               cstackBANK0  0000AE
___ftge                     text38       003328
___ftge@ff1                 cstackCOMRAM 000001
___ftge@ff2                 cstackCOMRAM 000004
___ftmul                    text4        00238E
___ftmul@cntr               cstackBANK0  0000BC
___ftmul@exp                cstackBANK0  0000B8
___ftmul@f1                 cstackBANK0  0000AF
___ftmul@f2                 cstackBANK0  0000B2
___ftmul@f3_as_product      cstackBANK0  0000B9
___ftmul@sign               cstackBANK0  0000BD
___ftneg                    text3        003816
___ftneg@f1                 cstackBANK0  0000BE
___ftpack                   text8        002AEA
___ftpack@arg               cstackBANK0  00008E
___ftpack@exp               cstackBANK0  000091
___ftpack@sign              cstackBANK0  000092
___ftsub                    text35       00379E
___ftsub@f1                 cstackCOMRAM 000047
___ftsub@f2                 cstackCOMRAM 00004A
___fttol                    text2        002638
___fttol@exp1               cstackBANK0  0000DB
___fttol@f1                 cstackBANK0  0000CD
___fttol@lval               cstackBANK0  0000D7
___fttol@sign1              cstackBANK0  0000D6
___inthi_sp                 stack        000000
___intlo_sp                 stack        000000
___lldiv                    text34       00343C
___lldiv@counter            cstackCOMRAM 000009
___lldiv@dividend           cstackCOMRAM 000001
___lldiv@divisor            cstackCOMRAM 000005
___lldiv@quotient           cstackCOMRAM 00000A
___llmod                    text33       003696
___llmod@counter            cstackCOMRAM 000009
___llmod@dividend           cstackCOMRAM 000001
___llmod@divisor            cstackCOMRAM 000005
___lltoft                   text32       0036FC
___lltoft@c                 cstackCOMRAM 000009
___lltoft@exp               cstackCOMRAM 000011
___param_bank               (abs)        000000
___rparam_used              (abs)        000001
___sp                       stack        000000
___wmul                     text27       003870
___wmul@multiplicand        cstackCOMRAM 000011
___wmul@multiplier          cstackCOMRAM 00000F
___wmul@product             cstackCOMRAM 000013
__accesstop                 (abs)        000080
__activetblptr              (abs)        000002
__div_to_l_                 text31       0028AE
__div_to_l_@cntr            cstackCOMRAM 00000B
__div_to_l_@exp1            cstackCOMRAM 00000C
__div_to_l_@f1              cstackCOMRAM 000001
__div_to_l_@f2              cstackCOMRAM 000004
__div_to_l_@quot            cstackCOMRAM 000007
__end_of___altoft           text7        003298
__end_of___awdiv            text29       00343C
__end_of___awmod            text28       003696
__end_of___ftadd            text6        001DE4
__end_of___ftdiv            text5        002638
__end_of___ftge             text38       0033B8
__end_of___ftmul            text4        0024EC
__end_of___ftneg            text3        003846
__end_of___ftpack           text8        002BF6
__end_of___ftsub            text35       0037DE
__end_of___fttol            text2        00277C
__end_of___lldiv            text34       0034BE
__end_of___llmod            text33       0036FC
__end_of___lltoft           text32       003758
__end_of___wmul             text27       003896
__end_of__div_to_l_         text31       0029D6
__end_of__initialization    cinit        003808
__end_of__npowers_          smallconst   001050
__end_of__powers_           smallconst   001077
__end_of__tdiv_to_l_        text30       0028AE
__end_of_digitalWrite       text13       0030A0
__end_of_dpowers            smallconst   001029
__end_of_fround             text25       00202A
__end_of_hexpowers          smallconst   001097
__end_of_initLCD            text10       00379E
__end_of_initT0             text9        003912
__end_of_keys               smallconst   0010A8
__end_of_lcdClear           text39       003922
__end_of_lcdInst            text11       003870
__end_of_lcdNewline         text24       00391A
__end_of_lcdNibble          text12       003328
__end_of_main               text0        003538
__end_of_printf             text19       00178C
__end_of_putch              text23       003900
__end_of_scale              text22       001B7C
__end_of_service            intcode_body 0021E2
__end_of_startT0            text1        002AEA
__end_ofi2___altoft         text17       0035B0
__end_ofi2___ftadd          text36       00238E
__end_ofi2___ftdiv          text16       002FC0
__end_ofi2___ftmul          text26       002EDA
__end_ofi2___ftneg          text21       0038BA
__end_ofi2___ftpack         text37       00314E
__end_ofi2___fttol          text20       002DE6
__end_ofi2_digitalWrite     text18       0031FA
__end_ofi2_lcdInst          text40       0038DE
__end_ofi2_lcdNibble        text41       003626
__end_ofi2_startT0          text15       002CF2
__end_oftestFrequency@F2962 smallconst   0010AF
__initialization            cinit        0037DE
__mediumconst               mediumconst  000000
__npowers_                  smallconst   001029
__pbssBANK0                 bssBANK0     0000E8
__pcinit                    cinit        0037DE
__pcstackBANK0              cstackBANK0  000080
__pcstackBANK1              cstackBANK1  000100
__pcstackCOMRAM             cstackCOMRAM 000001
__pdataBANK0                dataBANK0    0000DF
__pidataBANK0               idataBANK0   003900
__pintcode                  intcode      000008
__pintcode_body             intcode_body 00202A
__powers_                   smallconst   001050
__psmallconst               smallconst   001000
__ptext0                    text0        0034BE
__ptext1                    text1        0029D6
__ptext10                   text10       003758
__ptext11                   text11       003846
__ptext12                   text12       003298
__ptext13                   text13       002FC0
__ptext15                   text15       002BF6
__ptext16                   text16       002EDA
__ptext17                   text17       003538
__ptext18                   text18       00314E
__ptext19                   text19       0010E0
__ptext2                    text2        002638
__ptext20                   text20       002CF2
__ptext21                   text21       003896
__ptext22                   text22       00178C
__ptext23                   text23       0038DE
__ptext24                   text24       003912
__ptext25                   text25       001DE4
__ptext26                   text26       002DE6
__ptext27                   text27       003870
__ptext28                   text28       003626
__ptext29                   text29       0033B8
__ptext3                    text3        003816
__ptext30                   text30       00277C
__ptext31                   text31       0028AE
__ptext32                   text32       0036FC
__ptext33                   text33       003696
__ptext34                   text34       00343C
__ptext35                   text35       00379E
__ptext36                   text36       0021E2
__ptext37                   text37       0030A0
__ptext38                   text38       003328
__ptext39                   text39       00391A
__ptext4                    text4        00238E
__ptext40                   text40       0038BA
__ptext41                   text41       0035B0
__ptext5                    text5        0024EC
__ptext6                    text6        001B7C
__ptext7                    text7        0031FA
__ptext8                    text8        002AEA
__ptext9                    text9        00390A
__ramtop                    ramtop       001000
__size_of___altoft          (abs)        000000
__size_of___awdiv           (abs)        000000
__size_of___awmod           (abs)        000000
__size_of___ftadd           (abs)        000000
__size_of___ftdiv           (abs)        000000
__size_of___ftge            (abs)        000000
__size_of___ftmul           (abs)        000000
__size_of___ftneg           (abs)        000000
__size_of___ftpack          (abs)        000000
__size_of___ftsub           (abs)        000000
__size_of___fttol           (abs)        000000
__size_of___lldiv           (abs)        000000
__size_of___llmod           (abs)        000000
__size_of___lltoft          (abs)        000000
__size_of___wmul            (abs)        000000
__size_of__div_to_l_        (abs)        000000
__size_of__tdiv_to_l_       (abs)        000000
__size_of_digitalWrite      (abs)        000000
__size_of_fround            (abs)        000000
__size_of_initLCD           (abs)        000000
__size_of_initT0            (abs)        000000
__size_of_lcdClear          (abs)        000000
__size_of_lcdInst           (abs)        000000
__size_of_lcdNewline        (abs)        000000
__size_of_lcdNibble         (abs)        000000
__size_of_main              (abs)        000000
__size_of_printf            (abs)        000000
__size_of_putch             (abs)        000000
__size_of_scale             (abs)        000000
__size_of_service           (abs)        000000
__size_of_startT0           (abs)        000000
__size_ofi2___altoft        (abs)        000000
__size_ofi2___ftadd         (abs)        000000
__size_ofi2___ftdiv         (abs)        000000
__size_ofi2___ftmul         (abs)        000000
__size_ofi2___ftneg         (abs)        000000
__size_ofi2___ftpack        (abs)        000000
__size_ofi2___fttol         (abs)        000000
__size_ofi2_digitalWrite    (abs)        000000
__size_ofi2_lcdInst         (abs)        000000
__size_ofi2_lcdNibble       (abs)        000000
__size_ofi2_startT0         (abs)        000000
__smallconst                smallconst   001000
__tdiv_to_l_                text30       00277C
__tdiv_to_l_@cntr           cstackCOMRAM 00000E
__tdiv_to_l_@exp1           cstackCOMRAM 00000F
__tdiv_to_l_@f1             cstackCOMRAM 000001
__tdiv_to_l_@f2             cstackCOMRAM 000004
__tdiv_to_l_@quot           cstackCOMRAM 00000A
_angle                      dataBANK0    0000E3
_count                      bssBANK0     0000E8
_digitalWrite               text13       002FC0
_dpowers                    smallconst   001001
_extFreq                    dataBANK0    0000DF
_flag                       dataBANK0    0000E6
_fround                     text25       001DE4
_fround$1205                cstackCOMRAM 000037
_fround$1206                cstackCOMRAM 000034
_hexpowers                  smallconst   001077
_i                          bssBANK0     0000EA
_initLCD                    text10       003758
_initT0                     text9        00390A
_lcdClear                   text39       00391A
_lcdInst                    text11       003846
_lcdNewline                 text24       003912
_lcdNibble                  text12       003298
_main                       text0        0034BE
_printf                     text19       0010E0
_printf$1208                cstackCOMRAM 000062
_putch                      text23       0038DE
_scale                      text22       00178C
_scale$1207                 cstackCOMRAM 000034
_service                    intcode      000008
_service$1204               cstackCOMRAM 00007A
_startT0                    text1        0029D6
_startT0$1116               cstackBANK1  000100
_startT0$1117               cstackBANK1  000103
btemp                       temp         00007E
digitalWrite@pin            cstackBANK0  000090
digitalWrite@port           cstackBANK0  00008E
digitalWrite@val            cstackBANK0  000092
end_of_initialization       cinit        003808
fround@prec                 cstackCOMRAM 00003A
i2___altoft                 text17       003538
i2___altoft@c               cstackCOMRAM 000009
i2___altoft@exp             cstackCOMRAM 000011
i2___altoft@sign            cstackCOMRAM 000012
i2___ftadd                  text36       0021E2
i2___ftadd@exp1             cstackCOMRAM 000046
i2___ftadd@exp2             cstackCOMRAM 000045
i2___ftadd@f1               cstackCOMRAM 00003B
i2___ftadd@f2               cstackCOMRAM 00003E
i2___ftadd@sign             cstackCOMRAM 000044
i2___ftdiv                  text16       002EDA
i2___ftdiv@cntr             cstackCOMRAM 00001C
i2___ftdiv@exp              cstackCOMRAM 00001D
i2___ftdiv@f1               cstackCOMRAM 000013
i2___ftdiv@f2               cstackCOMRAM 000016
i2___ftdiv@f3               cstackCOMRAM 00001E
i2___ftdiv@sign             cstackCOMRAM 000021
i2___ftmul                  text26       002DE6
i2___ftmul@cntr             cstackCOMRAM 00002F
i2___ftmul@exp              cstackCOMRAM 00002B
i2___ftmul@f1               cstackCOMRAM 000022
i2___ftmul@f2               cstackCOMRAM 000025
i2___ftmul@f3_as_product    cstackCOMRAM 00002C
i2___ftmul@sign             cstackCOMRAM 000030
i2___ftneg                  text21       003896
i2___ftneg@f1               cstackCOMRAM 000031
i2___ftpack                 text37       0030A0
i2___ftpack@arg             cstackCOMRAM 000001
i2___ftpack@exp             cstackCOMRAM 000004
i2___ftpack@sign            cstackCOMRAM 000005
i2___fttol                  text20       002CF2
i2___fttol@exp1             cstackCOMRAM 000055
i2___fttol@f1               cstackCOMRAM 000047
i2___fttol@lval             cstackCOMRAM 000051
i2___fttol@sign1            cstackCOMRAM 000050
i2_digitalWrite             text18       00314E
i2_lcdInst                  text40       0038BA
i2_lcdNibble                text41       0035B0
i2_startT0                  text15       002BF6
i2_startT0$1209             cstackCOMRAM 000059
i2_startT0$1210             cstackCOMRAM 00005C
i2digitalWrite@pin          cstackCOMRAM 000003
i2digitalWrite@port         cstackCOMRAM 000001
i2digitalWrite@val          cstackCOMRAM 000005
i2lcdInst@data              cstackCOMRAM 000005
i2lcdNibble@data            cstackCOMRAM 000003
i2lcdNibble@temp            cstackCOMRAM 000002
i2startT0@milliseconds      cstackCOMRAM 000056
i2startT0@time              cstackCOMRAM 00005F
int$flags                   temp         00007E
int_func                    intcode_body 00202A
intlevel0                   text         000000
intlevel1                   text         000000
intlevel2                   text         000000
intlevel3                   text         000000
lcdInst@data                cstackBANK0  000092
lcdNibble@data              cstackBANK0  000090
lcdNibble@temp              cstackBANK0  00008F
printf@ap                   cstackCOMRAM 000066
printf@c                    cstackCOMRAM 000079
printf@exp                  cstackCOMRAM 000070
printf@f                    cstackCOMRAM 000056
printf@flag                 cstackCOMRAM 000068
printf@fval                 cstackCOMRAM 000076
printf@idx                  cstackCOMRAM 000065
printf@prec                 cstackCOMRAM 00006A
printf@tmpval               cstackCOMRAM 000072
printf@val                  cstackCOMRAM 00006C
putch@data                  cstackCOMRAM 000006
scale@scl                   cstackCOMRAM 000037
service@key                 cstackCOMRAM 00007D
stackhi                     (abs)        000F7F
stacklo                     (abs)        00010A
start                       init         00000E
startT0@milliseconds        cstackBANK0  0000DC
startT0@time                cstackBANK1  000106
start_initialization        cinit        0037DE
testFrequency@F2962         smallconst   0010A8


FUNCTION INFORMATION:

 *************** function _main *****************
 Defined at:
		line 32 in file "main.c"
 Parameters:    Size  Location     Type
		None
 Auto vars:     Size  Location     Type
		None
 Return value:  Size  Location     Type
                  1    wreg      void 
 Registers used:
		wreg, status,2, status,0, cstack
 Tracked objects:
		On entry : 
		On exit  : 
		Unchanged: 
 Data sizes:     COMRAM   BANK0   BANK1   BANK2   BANK3   BANK4   BANK5   BANK6   BANK7   BANK8   BANK9  BANK10  BANK11  BANK12  BANK13  BANK14  BANK15
      Params:         0       0       0       0       0       0       0       0       0       0       0       0       0       0       0       0       0
      Locals:         0       0       0       0       0       0       0       0       0       0       0       0       0       0       0       0       0
      Temps:          0       0       0       0       0       0       0       0       0       0       0       0       0       0       0       0       0
      Totals:         0       0       0       0       0       0       0       0       0       0       0       0       0       0       0       0       0
Total ram usage:        0 bytes
 Hardware stack levels required when called:    9
 This function calls:
		_digitalWrite
		_initLCD
		_initT0
		_startT0
 This function is called by:
		Startup code after reset
 This function uses a non-reentrant model


 *************** function _startT0 *****************
 Defined at:
		line 60 in file "timer.c"
 Parameters:    Size  Location     Type
  milliseconds    3   92[BANK0 ] float 
 Auto vars:     Size  Location     Type
  time            4    6[BANK1 ] long 
 Return value:  Size  Location     Type
                  1    wreg      void 
 Registers used:
		wreg, status,2, status,0, cstack
 Tracked objects:
		On entry : 
		On exit  : 
		Unchanged: 
 Data sizes:     COMRAM   BANK0   BANK1   BANK2   BANK3   BANK4   BANK5   BANK6   BANK7   BANK8   BANK9  BANK10  BANK11  BANK12  BANK13  BANK14  BANK15
      Params:         0       3       0       0       0       0       0       0       0       0       0       0       0       0       0       0       0
      Locals:         0       0      10       0       0       0       0       0       0       0       0       0       0       0       0       0       0
      Temps:          0       0       0       0       0       0       0       0       0       0       0       0       0       0       0       0       0
      Totals:         0       3      10       0       0       0       0       0       0       0       0       0       0       0       0       0       0
Total ram usage:       13 bytes
 Hardware stack levels used:    1
 Hardware stack levels required when called:    8
 This function calls:
		___altoft
		___ftadd
		___ftdiv
		___ftmul
		___ftneg
		___fttol
 This function is called by:
		_main
 This function uses a non-reentrant model


 *************** function ___fttol *****************
 Defined at:
		line 44 in file "C:\Program Files (x86)\Microchip\xc8\v1.40\sources\common\fttol.c"
 Parameters:    Size  Location     Type
  f1              3   77[BANK0 ] float 
 Auto vars:     Size  Location     Type
  lval            4   87[BANK0 ] unsigned long 
  exp1            1   91[BANK0 ] unsigned char 
  sign1           1   86[BANK0 ] unsigned char 
 Return value:  Size  Location     Type
                  4   77[BANK0 ] long 
 Registers used:
		wreg, status,2, status,0
 Tracked objects:
		On entry : 
		On exit  : 
		Unchanged: 
 Data sizes:     COMRAM   BANK0   BANK1   BANK2   BANK3   BANK4   BANK5   BANK6   BANK7   BANK8   BANK9  BANK10  BANK11  BANK12  BANK13  BANK14  BANK15
      Params:         0       4       0       0       0       0       0       0       0       0       0       0       0       0       0       0       0
      Locals:         0       6       0       0       0       0       0       0       0       0       0       0       0       0       0       0       0
      Temps:          0       5       0       0       0       0       0       0       0       0       0       0       0       0       0       0       0
      Totals:         0      15       0       0       0       0       0       0       0       0       0       0       0       0       0       0       0
Total ram usage:       15 bytes
 Hardware stack levels used:    1
 Hardware stack levels required when called:    6
 This function calls:
		Nothing
 This function is called by:
		_startT0
 This function uses a non-reentrant model


 *************** function ___ftneg *****************
 Defined at:
		line 15 in file "C:\Program Files (x86)\Microchip\xc8\v1.40\sources\common\ftneg.c"
 Parameters:    Size  Location     Type
  f1              3   62[BANK0 ] float 
 Auto vars:     Size  Location     Type
		None
 Return value:  Size  Location     Type
                  3   62[BANK0 ] float 
 Registers used:
		wreg, status,2, status,0
 Tracked objects:
		On entry : 
		On exit  : 
		Unchanged: 
 Data sizes:     COMRAM   BANK0   BANK1   BANK2   BANK3   BANK4   BANK5   BANK6   BANK7   BANK8   BANK9  BANK10  BANK11  BANK12  BANK13  BANK14  BANK15
      Params:         0       3       0       0       0       0       0       0       0       0       0       0       0       0       0       0       0
      Locals:         0       0       0       0       0       0       0       0       0       0       0       0       0       0       0       0       0
      Temps:          0       0       0       0       0       0       0       0       0       0       0       0       0       0       0       0       0
      Totals:         0       3       0       0       0       0       0       0       0       0       0       0       0       0       0       0       0
Total ram usage:        3 bytes
 Hardware stack levels used:    1
 Hardware stack levels required when called:    6
 This function calls:
		Nothing
 This function is called by:
		_startT0
 This function uses a non-reentrant model


 *************** function ___ftmul *****************
 Defined at:
		line 62 in file "C:\Program Files (x86)\Microchip\xc8\v1.40\sources\common\ftmul.c"
 Parameters:    Size  Location     Type
  f1              3   47[BANK0 ] float 
  f2              3   50[BANK0 ] float 
 Auto vars:     Size  Location     Type
  f3_as_produc    3   57[BANK0 ] unsigned um
  sign            1   61[BANK0 ] unsigned char 
  cntr            1   60[BANK0 ] unsigned char 
  exp             1   56[BANK0 ] unsigned char 
 Return value:  Size  Location     Type
                  3   47[BANK0 ] float 
 Registers used:
		wreg, status,2, status,0, cstack
 Tracked objects:
		On entry : 
		On exit  : 
		Unchanged: 
 Data sizes:     COMRAM   BANK0   BANK1   BANK2   BANK3   BANK4   BANK5   BANK6   BANK7   BANK8   BANK9  BANK10  BANK11  BANK12  BANK13  BANK14  BANK15
      Params:         0       6       0       0       0       0       0       0       0       0       0       0       0       0       0       0       0
      Locals:         0       6       0       0       0       0       0       0       0       0       0       0       0       0       0       0       0
      Temps:          0       3       0       0       0       0       0       0       0       0       0       0       0       0       0       0       0
      Totals:         0      15       0       0       0       0       0       0       0       0       0       0       0       0       0       0       0
Total ram usage:       15 bytes
 Hardware stack levels used:    1
 Hardware stack levels required when called:    7
 This function calls:
		___ftpack
 This function is called by:
		_startT0
 This function uses a non-reentrant model


 *************** function ___ftdiv *****************
 Defined at:
		line 54 in file "C:\Program Files (x86)\Microchip\xc8\v1.40\sources\common\ftdiv.c"
 Parameters:    Size  Location     Type
  f1              3   32[BANK0 ] float 
  f2              3   35[BANK0 ] float 
 Auto vars:     Size  Location     Type
  f3              3   43[BANK0 ] float 
  sign            1   46[BANK0 ] unsigned char 
  exp             1   42[BANK0 ] unsigned char 
  cntr            1   41[BANK0 ] unsigned char 
 Return value:  Size  Location     Type
                  3   32[BANK0 ] float 
 Registers used:
		wreg, status,2, status,0, cstack
 Tracked objects:
		On entry : 
		On exit  : 
		Unchanged: 
 Data sizes:     COMRAM   BANK0   BANK1   BANK2   BANK3   BANK4   BANK5   BANK6   BANK7   BANK8   BANK9  BANK10  BANK11  BANK12  BANK13  BANK14  BANK15
      Params:         0       6       0       0       0       0       0       0       0       0       0       0       0       0       0       0       0
      Locals:         0       6       0       0       0       0       0       0       0       0       0       0       0       0       0       0       0
      Temps:          0       3       0       0       0       0       0       0       0       0       0       0       0       0       0       0       0
      Totals:         0      15       0       0       0       0       0       0       0       0       0       0       0       0       0       0       0
Total ram usage:       15 bytes
 Hardware stack levels used:    1
 Hardware stack levels required when called:    7
 This function calls:
		___ftpack
 This function is called by:
		_startT0
		_testFrequency
 This function uses a non-reentrant model


 *************** function ___ftadd *****************
 Defined at:
		line 86 in file "C:\Program Files (x86)\Microchip\xc8\v1.40\sources\common\ftadd.c"
 Parameters:    Size  Location     Type
  f1              3   65[BANK0 ] float 
  f2              3   68[BANK0 ] float 
 Auto vars:     Size  Location     Type
  exp1            1   76[BANK0 ] unsigned char 
  exp2            1   75[BANK0 ] unsigned char 
  sign            1   74[BANK0 ] unsigned char 
 Return value:  Size  Location     Type
                  3   65[BANK0 ] float 
 Registers used:
		wreg, status,2, status,0, cstack
 Tracked objects:
		On entry : 
		On exit  : 
		Unchanged: 
 Data sizes:     COMRAM   BANK0   BANK1   BANK2   BANK3   BANK4   BANK5   BANK6   BANK7   BANK8   BANK9  BANK10  BANK11  BANK12  BANK13  BANK14  BANK15
      Params:         0       6       0       0       0       0       0       0       0       0       0       0       0       0       0       0       0
      Locals:         0       3       0       0       0       0       0       0       0       0       0       0       0       0       0       0       0
      Temps:          0       3       0       0       0       0       0       0       0       0       0       0       0       0       0       0       0
      Totals:         0      12       0       0       0       0       0       0       0       0       0       0       0       0       0       0       0
Total ram usage:       12 bytes
 Hardware stack levels used:    1
 Hardware stack levels required when called:    7
 This function calls:
		___ftpack
 This function is called by:
		_startT0
 This function uses a non-reentrant model


 *************** function ___altoft *****************
 Defined at:
		line 42 in file "C:\Program Files (x86)\Microchip\xc8\v1.40\sources\common\altoft.c"
 Parameters:    Size  Location     Type
  c               4   22[BANK0 ] long 
 Auto vars:     Size  Location     Type
  sign            1   31[BANK0 ] unsigned char 
  exp             1   30[BANK0 ] unsigned char 
 Return value:  Size  Location     Type
                  3   22[BANK0 ] float 
 Registers used:
		wreg, status,2, status,0, cstack
 Tracked objects:
		On entry : 
		On exit  : 
		Unchanged: 
 Data sizes:     COMRAM   BANK0   BANK1   BANK2   BANK3   BANK4   BANK5   BANK6   BANK7   BANK8   BANK9  BANK10  BANK11  BANK12  BANK13  BANK14  BANK15
      Params:         0       4       0       0       0       0       0       0       0       0       0       0       0       0       0       0       0
      Locals:         0       2       0       0       0       0       0       0       0       0       0       0       0       0       0       0       0
      Temps:          0       4       0       0       0       0       0       0       0       0       0       0       0       0       0       0       0
      Totals:         0      10       0       0       0       0       0       0       0       0       0       0       0       0       0       0       0
Total ram usage:       10 bytes
 Hardware stack levels used:    1
 Hardware stack levels required when called:    7
 This function calls:
		___ftpack
 This function is called by:
		_startT0
		_testFrequency
 This function uses a non-reentrant model


 *************** function ___ftpack *****************
 Defined at:
		line 62 in file "C:\Program Files (x86)\Microchip\xc8\v1.40\sources\common\float.c"
 Parameters:    Size  Location     Type
  arg             3   14[BANK0 ] unsigned um
  exp             1   17[BANK0 ] unsigned char 
  sign            1   18[BANK0 ] unsigned char 
 Auto vars:     Size  Location     Type
		None
 Return value:  Size  Location     Type
                  3   14[BANK0 ] float 
 Registers used:
		wreg, status,2, status,0
 Tracked objects:
		On entry : 
		On exit  : 
		Unchanged: 
 Data sizes:     COMRAM   BANK0   BANK1   BANK2   BANK3   BANK4   BANK5   BANK6   BANK7   BANK8   BANK9  BANK10  BANK11  BANK12  BANK13  BANK14  BANK15
      Params:         0       5       0       0       0       0       0       0       0       0       0       0       0       0       0       0       0
      Locals:         0       0       0       0       0       0       0       0       0       0       0       0       0       0       0       0       0
      Temps:          0       3       0       0       0       0       0       0       0       0       0       0       0       0       0       0       0
      Totals:         0       8       0       0       0       0       0       0       0       0       0       0       0       0       0       0       0
Total ram usage:        8 bytes
 Hardware stack levels used:    1
 Hardware stack levels required when called:    6
 This function calls:
		Nothing
 This function is called by:
		___altoft
		___ftadd
		___ftdiv
		___ftmul
 This function uses a non-reentrant model


 *************** function _initT0 *****************
 Defined at:
		line 53 in file "timer.c"
 Parameters:    Size  Location     Type
		None
 Auto vars:     Size  Location     Type
		None
 Return value:  Size  Location     Type
                  1    wreg      void 
 Registers used:
		None
 Tracked objects:
		On entry : 
		On exit  : 
		Unchanged: 
 Data sizes:     COMRAM   BANK0   BANK1   BANK2   BANK3   BANK4   BANK5   BANK6   BANK7   BANK8   BANK9  BANK10  BANK11  BANK12  BANK13  BANK14  BANK15
      Params:         0       0       0       0       0       0       0       0       0       0       0       0       0       0       0       0       0
      Locals:         0       0       0       0       0       0       0       0       0       0       0       0       0       0       0       0       0
      Temps:          0       0       0       0       0       0       0       0       0       0       0       0       0       0       0       0       0
      Totals:         0       0       0       0       0       0       0       0       0       0       0       0       0       0       0       0       0
Total ram usage:        0 bytes
 Hardware stack levels used:    1
 Hardware stack levels required when called:    6
 This function calls:
		Nothing
 This function is called by:
		_main
		_testFrequency
 This function uses a non-reentrant model


 *************** function _initLCD *****************
 Defined at:
		line 15 in file "lcd.c"
 Parameters:    Size  Location     Type
		None
 Auto vars:     Size  Location     Type
		None
 Return value:  Size  Location     Type
                  1    wreg      void 
 Registers used:
		wreg, status,2, status,0, cstack
 Tracked objects:
		On entry : 
		On exit  : 
		Unchanged: 
 Data sizes:     COMRAM   BANK0   BANK1   BANK2   BANK3   BANK4   BANK5   BANK6   BANK7   BANK8   BANK9  BANK10  BANK11  BANK12  BANK13  BANK14  BANK15
      Params:         0       0       0       0       0       0       0       0       0       0       0       0       0       0       0       0       0
      Locals:         0       0       0       0       0       0       0       0       0       0       0       0       0       0       0       0       0
      Temps:          0       1       0       0       0       0       0       0       0       0       0       0       0       0       0       0       0
      Totals:         0       1       0       0       0       0       0       0       0       0       0       0       0       0       0       0       0
Total ram usage:        1 bytes
 Hardware stack levels used:    1
 Hardware stack levels required when called:    8
 This function calls:
		_lcdInst
 This function is called by:
		_main
 This function uses a non-reentrant model


 *************** function _lcdInst *****************
 Defined at:
		line 27 in file "lcd.c"
 Parameters:    Size  Location     Type
  data            1    wreg     unsigned char 
 Auto vars:     Size  Location     Type
  data            1   18[BANK0 ] unsigned char 
 Return value:  Size  Location     Type
                  1    wreg      void 
 Registers used:
		wreg, status,2, status,0, cstack
 Tracked objects:
		On entry : 
		On exit  : 
		Unchanged: 
 Data sizes:     COMRAM   BANK0   BANK1   BANK2   BANK3   BANK4   BANK5   BANK6   BANK7   BANK8   BANK9  BANK10  BANK11  BANK12  BANK13  BANK14  BANK15
      Params:         0       0       0       0       0       0       0       0       0       0       0       0       0       0       0       0       0
      Locals:         0       1       0       0       0       0       0       0       0       0       0       0       0       0       0       0       0
      Temps:          0       1       0       0       0       0       0       0       0       0       0       0       0       0       0       0       0
      Totals:         0       2       0       0       0       0       0       0       0       0       0       0       0       0       0       0       0
Total ram usage:        2 bytes
 Hardware stack levels used:    1
 Hardware stack levels required when called:    7
 This function calls:
		_lcdNibble
 This function is called by:
		_initLCD
		_lcdHome
 This function uses a non-reentrant model


 *************** function _lcdNibble *****************
 Defined at:
		line 46 in file "lcd.c"
 Parameters:    Size  Location     Type
  data            1    wreg     unsigned char 
 Auto vars:     Size  Location     Type
  data            1   16[BANK0 ] unsigned char 
  temp            1   15[BANK0 ] unsigned char 
 Return value:  Size  Location     Type
                  1    wreg      void 
 Registers used:
		wreg, status,2, status,0
 Tracked objects:
		On entry : 
		On exit  : 
		Unchanged: 
 Data sizes:     COMRAM   BANK0   BANK1   BANK2   BANK3   BANK4   BANK5   BANK6   BANK7   BANK8   BANK9  BANK10  BANK11  BANK12  BANK13  BANK14  BANK15
      Params:         0       0       0       0       0       0       0       0       0       0       0       0       0       0       0       0       0
      Locals:         0       2       0       0       0       0       0       0       0       0       0       0       0       0       0       0       0
      Temps:          0       1       0       0       0       0       0       0       0       0       0       0       0       0       0       0       0
      Totals:         0       3       0       0       0       0       0       0       0       0       0       0       0       0       0       0       0
Total ram usage:        3 bytes
 Hardware stack levels used:    1
 Hardware stack levels required when called:    6
 This function calls:
		Nothing
 This function is called by:
		_lcdInst
 This function uses a non-reentrant model


 *************** function _digitalWrite *****************
 Defined at:
		line 53 in file "iopin.c"
 Parameters:    Size  Location     Type
  port            2   14[BANK0 ] int 
  pin             2   16[BANK0 ] int 
  val             2   18[BANK0 ] int 
 Auto vars:     Size  Location     Type
		None
 Return value:  Size  Location     Type
                  1    wreg      void 
 Registers used:
		wreg, status,2, status,0
 Tracked objects:
		On entry : 
		On exit  : 
		Unchanged: 
 Data sizes:     COMRAM   BANK0   BANK1   BANK2   BANK3   BANK4   BANK5   BANK6   BANK7   BANK8   BANK9  BANK10  BANK11  BANK12  BANK13  BANK14  BANK15
      Params:         0       6       0       0       0       0       0       0       0       0       0       0       0       0       0       0       0
      Locals:         0       0       0       0       0       0       0       0       0       0       0       0       0       0       0       0       0
      Temps:          0       3       0       0       0       0       0       0       0       0       0       0       0       0       0       0       0
      Totals:         0       9       0       0       0       0       0       0       0       0       0       0       0       0       0       0       0
Total ram usage:        9 bytes
 Hardware stack levels used:    1
 Hardware stack levels required when called:    6
 This function calls:
		Nothing
 This function is called by:
		_main
 This function uses a non-reentrant model


 *************** function _service *****************
 Defined at:
		line 75 in file "main.c"
 Parameters:    Size  Location     Type
		None
 Auto vars:     Size  Location     Type
  key             1  124[COMRAM] unsigned char 
 Return value:  Size  Location     Type
                  1    wreg      void 
 Registers used:
		wreg, fsr2l, fsr2h, status,2, status,0, tblptrl, tblptrh, tblptru, prodl, prodh, cstack
 Tracked objects:
		On entry : 
		On exit  : 
		Unchanged: 
 Data sizes:     COMRAM   BANK0   BANK1   BANK2   BANK3   BANK4   BANK5   BANK6   BANK7   BANK8   BANK9  BANK10  BANK11  BANK12  BANK13  BANK14  BANK15
      Params:         0       0       0       0       0       0       0       0       0       0       0       0       0       0       0       0       0
      Locals:         4       0       0       0       0       0       0       0       0       0       0       0       0       0       0       0       0
      Temps:          0      14       0       0       0       0       0       0       0       0       0       0       0       0       0       0       0
      Totals:         4      14       0       0       0       0       0       0       0       0       0       0       0       0       0       0       0
Total ram usage:       18 bytes
 Hardware stack levels used:    1
 Hardware stack levels required when called:    5
 This function calls:
		___ftsub
		_lcdClear
		_printf
		i2___ftadd
		i2___ftneg
		i2_digitalWrite
		i2_startT0
 This function is called by:
		Interrupt level 2
 This function uses a non-reentrant model


 *************** function i2_startT0 *****************
 Defined at:
		line 60 in file "timer.c"
 Parameters:    Size  Location     Type
  milliseconds    3   85[COMRAM] float 
 Auto vars:     Size  Location     Type
  startT0         4   94[COMRAM] long 
 Return value:  Size  Location     Type
                  1    wreg      void 
 Registers used:
		wreg, status,2, status,0, cstack
 Tracked objects:
		On entry : 
		On exit  : 
		Unchanged: 
 Data sizes:     COMRAM   BANK0   BANK1   BANK2   BANK3   BANK4   BANK5   BANK6   BANK7   BANK8   BANK9  BANK10  BANK11  BANK12  BANK13  BANK14  BANK15
      Params:         3       0       0       0       0       0       0       0       0       0       0       0       0       0       0       0       0
      Locals:        10       0       0       0       0       0       0       0       0       0       0       0       0       0       0       0       0
      Temps:          0       0       0       0       0       0       0       0       0       0       0       0       0       0       0       0       0
      Totals:        13       0       0       0       0       0       0       0       0       0       0       0       0       0       0       0       0
Total ram usage:       13 bytes
 Hardware stack levels used:    1
 Hardware stack levels required when called:    2
 This function calls:
		i2___altoft
		i2___ftadd
		i2___ftdiv
		i2___ftmul
		i2___ftneg
		i2___fttol
 This function is called by:
		_service
 This function uses a non-reentrant model


 *************** function i2___ftdiv *****************
 Defined at:
		line 54 in file "C:\Program Files (x86)\Microchip\xc8\v1.40\sources\common\ftdiv.c"
 Parameters:    Size  Location     Type
  f1              3   18[COMRAM] float 
  f2              3   21[COMRAM] float 
 Auto vars:     Size  Location     Type
  __ftdiv         3   29[COMRAM] float 
  __ftdiv         1   32[COMRAM] unsigned char 
  __ftdiv         1   28[COMRAM] unsigned char 
  __ftdiv         1   27[COMRAM] unsigned char 
 Return value:  Size  Location     Type
                  3   18[COMRAM] float 
 Registers used:
		wreg, status,2, status,0, cstack
 Tracked objects:
		On entry : 
		On exit  : 
		Unchanged: 
 Data sizes:     COMRAM   BANK0   BANK1   BANK2   BANK3   BANK4   BANK5   BANK6   BANK7   BANK8   BANK9  BANK10  BANK11  BANK12  BANK13  BANK14  BANK15
      Params:         6       0       0       0       0       0       0       0       0       0       0       0       0       0       0       0       0
      Locals:         6       0       0       0       0       0       0       0       0       0       0       0       0       0       0       0       0
      Temps:          3       0       0       0       0       0       0       0       0       0       0       0       0       0       0       0       0
      Totals:        15       0       0       0       0       0       0       0       0       0       0       0       0       0       0       0       0
Total ram usage:       15 bytes
 Hardware stack levels used:    1
 Hardware stack levels required when called:    1
 This function calls:
		i2___ftpack
 This function is called by:
		i2_startT0
 This function uses a non-reentrant model


 *************** function i2___altoft *****************
 Defined at:
		line 42 in file "C:\Program Files (x86)\Microchip\xc8\v1.40\sources\common\altoft.c"
 Parameters:    Size  Location     Type
  c               4    8[COMRAM] long 
 Auto vars:     Size  Location     Type
  __altoft        1   17[COMRAM] unsigned char 
  __altoft        1   16[COMRAM] unsigned char 
 Return value:  Size  Location     Type
                  3    8[COMRAM] float 
 Registers used:
		wreg, status,2, status,0, cstack
 Tracked objects:
		On entry : 
		On exit  : 
		Unchanged: 
 Data sizes:     COMRAM   BANK0   BANK1   BANK2   BANK3   BANK4   BANK5   BANK6   BANK7   BANK8   BANK9  BANK10  BANK11  BANK12  BANK13  BANK14  BANK15
      Params:         4       0       0       0       0       0       0       0       0       0       0       0       0       0       0       0       0
      Locals:         2       0       0       0       0       0       0       0       0       0       0       0       0       0       0       0       0
      Temps:          4       0       0       0       0       0       0       0       0       0       0       0       0       0       0       0       0
      Totals:        10       0       0       0       0       0       0       0       0       0       0       0       0       0       0       0       0
Total ram usage:       10 bytes
 Hardware stack levels used:    1
 Hardware stack levels required when called:    1
 This function calls:
		i2___ftpack
 This function is called by:
		i2_startT0
 This function uses a non-reentrant model


 *************** function i2_digitalWrite *****************
 Defined at:
		line 53 in file "iopin.c"
 Parameters:    Size  Location     Type
  port            2    0[COMRAM] int 
  pin             2    2[COMRAM] int 
  val             2    4[COMRAM] int 
 Auto vars:     Size  Location     Type
		None
 Return value:  Size  Location     Type
                  1    wreg      void 
 Registers used:
		wreg, status,2, status,0
 Tracked objects:
		On entry : 
		On exit  : 
		Unchanged: 
 Data sizes:     COMRAM   BANK0   BANK1   BANK2   BANK3   BANK4   BANK5   BANK6   BANK7   BANK8   BANK9  BANK10  BANK11  BANK12  BANK13  BANK14  BANK15
      Params:         6       0       0       0       0       0       0       0       0       0       0       0       0       0       0       0       0
      Locals:         0       0       0       0       0       0       0       0       0       0       0       0       0       0       0       0       0
      Temps:          3       0       0       0       0       0       0       0       0       0       0       0       0       0       0       0       0
      Totals:         9       0       0       0       0       0       0       0       0       0       0       0       0       0       0       0       0
Total ram usage:        9 bytes
 Hardware stack levels used:    1
 This function calls:
		Nothing
 This function is called by:
		_service
 This function uses a non-reentrant model


 *************** function _printf *****************
 Defined at:
		line 464 in file "C:\Program Files (x86)\Microchip\xc8\v1.40\sources\common\doprnt.c"
 Parameters:    Size  Location     Type
  f               2   85[COMRAM] PTR const unsigned char 
		 -> STR_5(9), STR_4(8), STR_3(9), STR_2(2), 
		 -> STR_1(2), 
 Auto vars:     Size  Location     Type
  idx             1  100[COMRAM] unsigned char 
  tmpval          4  113[COMRAM] struct .
  val             4  107[COMRAM] unsigned long 
  fval            3  117[COMRAM] unsigned long 
  cp              3    0        PTR const unsigned char 
  exp             2  111[COMRAM] int 
  prec            2  105[COMRAM] int 
  flag            2  103[COMRAM] unsigned short 
  ap              2  101[COMRAM] PTR void [1]
		 -> ?_printf(2), 
  len             2    0        unsigned int 
  width           2    0        int 
  c               1  120[COMRAM] char 
  d               1    0        unsigned char 
 Return value:  Size  Location     Type
                  2   85[COMRAM] int 
 Registers used:
		wreg, fsr2l, fsr2h, status,2, status,0, tblptrl, tblptrh, tblptru, prodl, prodh, cstack
 Tracked objects:
		On entry : 
		On exit  : 
		Unchanged: 
 Data sizes:     COMRAM   BANK0   BANK1   BANK2   BANK3   BANK4   BANK5   BANK6   BANK7   BANK8   BANK9  BANK10  BANK11  BANK12  BANK13  BANK14  BANK15
      Params:         6       0       0       0       0       0       0       0       0       0       0       0       0       0       0       0       0
      Locals:        24       0       0       0       0       0       0       0       0       0       0       0       0       0       0       0       0
      Temps:          6       0       0       0       0       0       0       0       0       0       0       0       0       0       0       0       0
      Totals:        36       0       0       0       0       0       0       0       0       0       0       0       0       0       0       0       0
Total ram usage:       36 bytes
 Hardware stack levels used:    1
 Hardware stack levels required when called:    4
[...]
		On exit  : 
		Unchanged: 
 Data sizes:     COMRAM   BANK0   BANK1   BANK2   BANK3   BANK4   BANK5   BANK6   BANK7   BANK8   BANK9  BANK10  BANK11  BANK12  BANK13  BANK14  BANK15
      Params:         4       0       0       0       0       0       0       0       0       0       0       0       0       0       0       0       0
      Locals:         1       0       0       0       0       0       0       0       0       0       0       0       0       0       0       0       0
      Temps:          4       0       0       0       0       0       0       0       0       0       0       0       0       0       0       0       0
      Totals:         9       0       0       0       0       0       0       0       0       0       0       0       0       0       0       0       0
Total ram usage:        9 bytes
 Hardware stack levels used:    1
 Hardware stack levels required when called:    1
 This function calls:
		i2___ftpack
 This function is called by:
		_printf
 This function uses a non-reentrant model


 *************** function ___llmod *****************
 Defined at:
		line 8 in file "C:\Program Files (x86)\Microchip\xc8\v1.40\sources\common\llmod.c"
 Parameters:    Size  Location     Type
  dividend        4    0[COMRAM] unsigned long 
  divisor         4    4[COMRAM] unsigned long 
 Auto vars:     Size  Location     Type
  counter         1    8[COMRAM] unsigned char 
 Return value:  Size  Location     Type
                  4    0[COMRAM] unsigned long 
 Registers used:
		wreg, status,2, status,0
 Tracked objects:
		On entry : 
		On exit  : 
		Unchanged: 
 Data sizes:     COMRAM   BANK0   BANK1   BANK2   BANK3   BANK4   BANK5   BANK6   BANK7   BANK8   BANK9  BANK10  BANK11  BANK12  BANK13  BANK14  BANK15
      Params:         8       0       0       0       0       0       0       0       0       0       0       0       0       0       0       0       0
      Locals:         1       0       0       0       0       0       0       0       0       0       0       0       0       0       0       0       0
      Temps:          0       0       0       0       0       0       0       0       0       0       0       0       0       0       0       0       0
      Totals:         9       0       0       0       0       0       0       0       0       0       0       0       0       0       0       0       0
Total ram usage:        9 bytes
 Hardware stack levels used:    1
 This function calls:
		Nothing
 This function is called by:
		_printf
 This function uses a non-reentrant model


 *************** function ___lldiv *****************
 Defined at:
		line 8 in file "C:\Program Files (x86)\Microchip\xc8\v1.40\sources\common\lldiv.c"
 Parameters:    Size  Location     Type
  dividend        4    0[COMRAM] unsigned long 
  divisor         4    4[COMRAM] unsigned long 
 Auto vars:     Size  Location     Type
  quotient        4    9[COMRAM] unsigned long 
  counter         1    8[COMRAM] unsigned char 
 Return value:  Size  Location     Type
                  4    0[COMRAM] unsigned long 
 Registers used:
		wreg, status,2, status,0
 Tracked objects:
		On entry : 
		On exit  : 
		Unchanged: 
 Data sizes:     COMRAM   BANK0   BANK1   BANK2   BANK3   BANK4   BANK5   BANK6   BANK7   BANK8   BANK9  BANK10  BANK11  BANK12  BANK13  BANK14  BANK15
      Params:         8       0       0       0       0       0       0       0       0       0       0       0       0       0       0       0       0
      Locals:         5       0       0       0       0       0       0       0       0       0       0       0       0       0       0       0       0
      Temps:          0       0       0       0       0       0       0       0       0       0       0       0       0       0       0       0       0
      Totals:        13       0       0       0       0       0       0       0       0       0       0       0       0       0       0       0       0
Total ram usage:       13 bytes
 Hardware stack levels used:    1
 This function calls:
		Nothing
 This function is called by:
		_printf
		_I2C_Master_Init
 This function uses a non-reentrant model


 *************** function ___ftsub *****************
 Defined at:
		line 20 in file "C:\Program Files (x86)\Microchip\xc8\v1.40\sources\common\ftsub.c"
 Parameters:    Size  Location     Type
  f1              3   70[COMRAM] float 
  f2              3   73[COMRAM] float 
 Auto vars:     Size  Location     Type
		None
 Return value:  Size  Location     Type
                  3   70[COMRAM] float 
 Registers used:
		wreg, status,2, status,0, cstack
 Tracked objects:
		On entry : 
		On exit  : 
		Unchanged: 
 Data sizes:     COMRAM   BANK0   BANK1   BANK2   BANK3   BANK4   BANK5   BANK6   BANK7   BANK8   BANK9  BANK10  BANK11  BANK12  BANK13  BANK14  BANK15
      Params:         6       0       0       0       0       0       0       0       0       0       0       0       0       0       0       0       0
      Locals:         0       0       0       0       0       0       0       0       0       0       0       0       0       0       0       0       0
      Temps:          0       0       0       0       0       0       0       0       0       0       0       0       0       0       0       0       0
      Totals:         6       0       0       0       0       0       0       0       0       0       0       0       0       0       0       0       0
Total ram usage:        6 bytes
 Hardware stack levels used:    1
 Hardware stack levels required when called:    2
 This function calls:
		i2___ftadd
 This function is called by:
		_service
		_printf
 This function uses a non-reentrant model


 *************** function i2___ftadd *****************
 Defined at:
		line 86 in file "C:\Program Files (x86)\Microchip\xc8\v1.40\sources\common\ftadd.c"
 Parameters:    Size  Location     Type
  f1              3   58[COMRAM] float 
  f2              3   61[COMRAM] float 
 Auto vars:     Size  Location     Type
  __ftadd         1   69[COMRAM] unsigned char 
  __ftadd         1   68[COMRAM] unsigned char 
  __ftadd         1   67[COMRAM] unsigned char 
 Return value:  Size  Location     Type
                  3   58[COMRAM] float 
 Registers used:
		wreg, status,2, status,0, cstack
 Tracked objects:
		On entry : 
		On exit  : 
		Unchanged: 
 Data sizes:     COMRAM   BANK0   BANK1   BANK2   BANK3   BANK4   BANK5   BANK6   BANK7   BANK8   BANK9  BANK10  BANK11  BANK12  BANK13  BANK14  BANK15
      Params:         6       0       0       0       0       0       0       0       0       0       0       0       0       0       0       0       0
      Locals:         3       0       0       0       0       0       0       0       0       0       0       0       0       0       0       0       0
      Temps:          3       0       0       0       0       0       0       0       0       0       0       0       0       0       0       0       0
      Totals:        12       0       0       0       0       0       0       0       0       0       0       0       0       0       0       0       0
Total ram usage:       12 bytes
 Hardware stack levels used:    1
 Hardware stack levels required when called:    1
 This function calls:
		i2___ftpack
 This function is called by:
		_service
		_printf
		___ftsub
		i2_startT0
 This function uses a non-reentrant model


 *************** function i2___ftpack *****************
 Defined at:
		line 62 in file "C:\Program Files (x86)\Microchip\xc8\v1.40\sources\common\float.c"
 Parameters:    Size  Location     Type
  arg             3    0[COMRAM] unsigned um
  exp             1    3[COMRAM] unsigned char 
  sign            1    4[COMRAM] unsigned char 
 Auto vars:     Size  Location     Type
		None
 Return value:  Size  Location     Type
                  3    0[COMRAM] float 
 Registers used:
		wreg, status,2, status,0
 Tracked objects:
		On entry : 
		On exit  : 
		Unchanged: 
 Data sizes:     COMRAM   BANK0   BANK1   BANK2   BANK3   BANK4   BANK5   BANK6   BANK7   BANK8   BANK9  BANK10  BANK11  BANK12  BANK13  BANK14  BANK15
      Params:         5       0       0       0       0       0       0       0       0       0       0       0       0       0       0       0       0
      Locals:         0       0       0       0       0       0       0       0       0       0       0       0       0       0       0       0       0
      Temps:          3       0       0       0       0       0       0       0       0       0       0       0       0       0       0       0       0
      Totals:         8       0       0       0       0       0       0       0       0       0       0       0       0       0       0       0       0
Total ram usage:        8 bytes
 Hardware stack levels used:    1
 This function calls:
		Nothing
 This function is called by:
		___lltoft
		i2___altoft
		i2___ftadd
		i2___ftdiv
		i2___ftmul
 This function uses a non-reentrant model


 *************** function ___ftge *****************
 Defined at:
		line 4 in file "C:\Program Files (x86)\Microchip\xc8\v1.40\sources\common\ftge.c"
 Parameters:    Size  Location     Type
  ff1             3    0[COMRAM] float 
  ff2             3    3[COMRAM] float 
 Auto vars:     Size  Location     Type
		None
 Return value:  Size  Location     Type
		None               void
 Registers used:
		wreg, status,2, status,0
 Tracked objects:
		On entry : 
		On exit  : 
		Unchanged: 
 Data sizes:     COMRAM   BANK0   BANK1   BANK2   BANK3   BANK4   BANK5   BANK6   BANK7   BANK8   BANK9  BANK10  BANK11  BANK12  BANK13  BANK14  BANK15
      Params:         6       0       0       0       0       0       0       0       0       0       0       0       0       0       0       0       0
      Locals:         0       0       0       0       0       0       0       0       0       0       0       0       0       0       0       0       0
      Temps:          3       0       0       0       0       0       0       0       0       0       0       0       0       0       0       0       0
      Totals:         9       0       0       0       0       0       0       0       0       0       0       0       0       0       0       0       0
Total ram usage:        9 bytes
 Hardware stack levels used:    1
 This function calls:
		Nothing
 This function is called by:
		_printf
 This function uses a non-reentrant model


 *************** function _lcdClear *****************
 Defined at:
		line 74 in file "lcd.c"
 Parameters:    Size  Location     Type
		None
 Auto vars:     Size  Location     Type
		None
 Return value:  Size  Location     Type
                  1    wreg      void 
 Registers used:
		wreg, status,2, status,0, cstack
 Tracked objects:
		On entry : 
		On exit  : 
		Unchanged: 
 Data sizes:     COMRAM   BANK0   BANK1   BANK2   BANK3   BANK4   BANK5   BANK6   BANK7   BANK8   BANK9  BANK10  BANK11  BANK12  BANK13  BANK14  BANK15
      Params:         0       0       0       0       0       0       0       0       0       0       0       0       0       0       0       0       0
      Locals:         0       0       0       0       0       0       0       0       0       0       0       0       0       0       0       0       0
      Temps:          0       0       0       0       0       0       0       0       0       0       0       0       0       0       0       0       0
      Totals:         0       0       0       0       0       0       0       0       0       0       0       0       0       0       0       0       0
Total ram usage:        0 bytes
 Hardware stack levels used:    1
 Hardware stack levels required when called:    2
 This function calls:
		i2_lcdInst
 This function is called by:
		_service
 This function uses a non-reentrant model


 *************** function i2_lcdInst *****************
 Defined at:
		line 27 in file "lcd.c"
 Parameters:    Size  Location     Type
  data            1    wreg     unsigned char 
 Auto vars:     Size  Location     Type
  data            1    4[COMRAM] unsigned char 
 Return value:  Size  Location     Type
                  1    wreg      void 
 Registers used:
		wreg, status,2, status,0, cstack
 Tracked objects:
		On entry : 
		On exit  : 
		Unchanged: 
 Data sizes:     COMRAM   BANK0   BANK1   BANK2   BANK3   BANK4   BANK5   BANK6   BANK7   BANK8   BANK9  BANK10  BANK11  BANK12  BANK13  BANK14  BANK15
      Params:         0       0       0       0       0       0       0       0       0       0       0       0       0       0       0       0       0
      Locals:         1       0       0       0       0       0       0       0       0       0       0       0       0       0       0       0       0
      Temps:          1       0       0       0       0       0       0       0       0       0       0       0       0       0       0       0       0
      Totals:         2       0       0       0       0       0       0       0       0       0       0       0       0       0       0       0       0
Total ram usage:        2 bytes
 Hardware stack levels used:    1
 Hardware stack levels required when called:    1
 This function calls:
		i2_lcdNibble
 This function is called by:
		_lcdClear
		_lcdNewline
 This function uses a non-reentrant model


 *************** function i2_lcdNibble *****************
 Defined at:
		line 46 in file "lcd.c"
 Parameters:    Size  Location     Type
  data            1    wreg     unsigned char 
 Auto vars:     Size  Location     Type
  data            1    2[COMRAM] unsigned char 
  lcdNibble       1    1[COMRAM] unsigned char 
 Return value:  Size  Location     Type
                  1    wreg      void 
 Registers used:
		wreg, status,2, status,0
 Tracked objects:
		On entry : 
		On exit  : 
		Unchanged: 
 Data sizes:     COMRAM   BANK0   BANK1   BANK2   BANK3   BANK4   BANK5   BANK6   BANK7   BANK8   BANK9  BANK10  BANK11  BANK12  BANK13  BANK14  BANK15
      Params:         0       0       0       0       0       0       0       0       0       0       0       0       0       0       0       0       0
      Locals:         2       0       0       0       0       0       0       0       0       0       0       0       0       0       0       0       0
      Temps:          1       0       0       0       0       0       0       0       0       0       0       0       0       0       0       0       0
      Totals:         3       0       0       0       0       0       0       0       0       0       0       0       0       0       0       0       0
Total ram usage:        3 bytes
 Hardware stack levels used:    1
 This function calls:
		Nothing
 This function is called by:
		_putch
		i2_lcdInst
 This function uses a non-reentrant model



MODULE INFORMATION

Module		Function		Class		Link	Load	Size
C:\Program Files (x86)\Microchip\xc8\v1.40\sources\common\altoft.c
		___altoft      		CODE           	31FA	0000	159

C:\Program Files (x86)\Microchip\xc8\v1.40\sources\common\altoft.c estimated size: 159

C:\Program Files (x86)\Microchip\xc8\v1.40\sources\common\ftneg.c
		___ftneg       		CODE           	3816	0000	49

C:\Program Files (x86)\Microchip\xc8\v1.40\sources\common\ftneg.c estimated size: 49

C:\Program Files (x86)\Microchip\xc8\v1.40\sources\common\doprnt.c
		_scale         		CODE           	178C	0000	1009
		_printf        		CODE           	10E0	0000	1709
		_fround        		CODE           	1DE4	0000	583

C:\Program Files (x86)\Microchip\xc8\v1.40\sources\common\doprnt.c estimated size: 3301

C:\Program Files (x86)\Microchip\xc8\v1.40\sources\common\lltoft.c
		___lltoft      		CODE           	36FC	0000	93

C:\Program Files (x86)\Microchip\xc8\v1.40\sources\common\lltoft.c estimated size: 93

C:\Program Files (x86)\Microchip\xc8\v1.40\sources\common\ftsub.c
		___ftsub       		CODE           	379E	0000	65

C:\Program Files (x86)\Microchip\xc8\v1.40\sources\common\ftsub.c estimated size: 65

C:\Program Files (x86)\Microchip\xc8\v1.40\sources\common\float.c
		___ftpack      		CODE           	2AEA	0000	269

C:\Program Files (x86)\Microchip\xc8\v1.40\sources\common\float.c estimated size: 269

timer.c
		_initT0        		CODE           	390A	0000	9
		_startT0       		CODE           	29D6	0000	277

timer.c estimated size: 286

C:\Program Files (x86)\Microchip\xc8\v1.40\sources\common\ftdivl.c
		__tdiv_to_l_   		CODE           	277C	0000	307

C:\Program Files (x86)\Microchip\xc8\v1.40\sources\common\ftdivl.c estimated size: 307

C:\Program Files (x86)\Microchip\xc8\v1.40\sources\common\ftge.c
		___ftge        		CODE           	3328	0000	145

C:\Program Files (x86)\Microchip\xc8\v1.40\sources\common\ftge.c estimated size: 145

C:\Program Files (x86)\Microchip\xc8\v1.40\sources\common\Umul16.c
		___wmul        		CODE           	3870	0000	39

C:\Program Files (x86)\Microchip\xc8\v1.40\sources\common\Umul16.c estimated size: 39

C:\Program Files (x86)\Microchip\xc8\v1.40\sources\common\ftmul.c
		___ftmul       		CODE           	238E	0000	351

C:\Program Files (x86)\Microchip\xc8\v1.40\sources\common\ftmul.c estimated size: 351

C:\Program Files (x86)\Microchip\xc8\v1.40\sources\common\awmod.c
		___awmod       		CODE           	3626	0000	113

C:\Program Files (x86)\Microchip\xc8\v1.40\sources\common\awmod.c estimated size: 113

iopin.c
		_digitalWrite  		CODE           	2FC0	0000	225

iopin.c estimated size: 225

C:\Program Files (x86)\Microchip\xc8\v1.40\sources\common\ftdiv.c
		___ftdiv       		CODE           	24EC	0000	333

C:\Program Files (x86)\Microchip\xc8\v1.40\sources\common\ftdiv.c estimated size: 333

C:\Program Files (x86)\Microchip\xc8\v1.40\sources\common\llmod.c
		___llmod       		CODE           	3696	0000	103

C:\Program Files (x86)\Microchip\xc8\v1.40\sources\common\llmod.c estimated size: 103

shared
		i2___ftneg     		CODE           	3896	0000	37
		i2___ftadd     		CODE           	21E2	0000	429
		testFrequency@F2962		SMALLCONST     	10A8	0000	8
		i2_lcdNibble   		CODE           	35B0	0000	119
		i2___ftdiv     		CODE           	2EDA	0000	231
		__powers_      		SMALLCONST     	1050	0000	40
		i2___fttol     		CODE           	2CF2	0000	245
		_dpowers       		SMALLCONST     	1001	0000	41
		i2_startT0     		CODE           	2BF6	0000	253
		i2___ftmul     		CODE           	2DE6	0000	245
		__npowers_     		SMALLCONST     	1029	0000	40
		i2___ftpack    		CODE           	30A0	0000	175
		_keys          		SMALLCONST     	0000	0000	0
		__initialization		CODE           	37DE	0000	43
		i2___altoft    		CODE           	3538	0000	121
		_hexpowers     		SMALLCONST     	1077	0000	33
		i2_lcdInst     		CODE           	38BA	0000	37
		i2_digitalWrite		CODE           	314E	0000	173

shared estimated size: 2270

lcd.c
		_putch         		CODE           	38DE	0000	35
		_lcdInst       		CODE           	3846	0000	43
		_lcdClear      		CODE           	391A	0000	9
		_lcdNibble     		CODE           	3298	0000	145
		_initLCD       		CODE           	3758	0000	71
		_lcdNewline    		CODE           	3912	0000	9

lcd.c estimated size: 312

C:\Program Files (x86)\Microchip\xc8\v1.40\sources\common\fttol.c
		___fttol       		CODE           	2638	0000	325

C:\Program Files (x86)\Microchip\xc8\v1.40\sources\common\fttol.c estimated size: 325

C:\Program Files (x86)\Microchip\xc8\v1.40\sources\common\fldivl.c
		__div_to_l_    		CODE           	28AE	0000	297

C:\Program Files (x86)\Microchip\xc8\v1.40\sources\common\fldivl.c estimated size: 297

C:\Program Files (x86)\Microchip\xc8\v1.40\sources\common\awdiv.c
		___awdiv       		CODE           	33B8	0000	133

C:\Program Files (x86)\Microchip\xc8\v1.40\sources\common\awdiv.c estimated size: 133

main.c
		_service       		CODE           	0008	0000	447
		_main          		CODE           	34BE	0000	123

main.c estimated size: 570

C:\Program Files (x86)\Microchip\xc8\v1.40\sources\common\ftadd.c
		___ftadd       		CODE           	1B7C	0000	617

C:\Program Files (x86)\Microchip\xc8\v1.40\sources\common\ftadd.c estimated size: 617

C:\Program Files (x86)\Microchip\xc8\v1.40\sources\common\lldiv.c
		___lldiv       		CODE           	343C	0000	131

C:\Program Files (x86)\Microchip\xc8\v1.40\sources\common\lldiv.c estimated size: 131

