Microchip MPLAB XC8 Compiler V1.40 ()

Linker command line:

-W-3 --edf=C:\Program Files (x86)\Microchip\xc8\v1.40\dat\en_msgs.txt -cs \
  -h+dist/default/production\PIC18_LCD_LIB.X.production.sym \
  --cmf=dist/default/production\PIC18_LCD_LIB.X.production.cmf -z -Q18F4620 \
  -oC:\Users\Nam\AppData\Local\Temp\sabo.2 \
  -Mdist/default/production/PIC18_LCD_LIB.X.production.map -E1 -ver=XC8 \
  -ASTACK=016Ch-0f7fh -pstack=STACK -ACODE=00h-0FFFFh -ACONST=00h-0FFFFh \
  -ASMALLCONST=01000h-010FFhx240 -AMEDIUMCONST=01000h-0FFFFh \
  -ACOMRAM=01h-07Fh -AABS1=00h-0F7Fh -ABIGRAM=01h-0F7Fh \
  -ARAM=080h-0FFh,0100h-01FFhx14,0F00h-0F7Fh -ABANK0=080h-0FFh \
  -ABANK1=0100h-01FFh -ABANK2=0200h-02FFh -ABANK3=0300h-03FFh \
  -ABANK4=0400h-04FFh -ABANK5=0500h-05FFh -ABANK6=0600h-06FFh \
  -ABANK7=0700h-07FFh -ABANK8=0800h-08FFh -ABANK9=0900h-09FFh \
  -ABANK10=0A00h-0AFFh -ABANK11=0B00h-0BFFh -ABANK12=0C00h-0CFFh \
  -ABANK13=0D00h-0DFFh -ABANK14=0E00h-0EFFh -ABANK15=0F00h-0F7Fh \
  -ASFR=0F80h-0FFFh -preset_vec=00h,intcode=08h,intcodelo,powerup,init \
  -pramtop=01000h -psmallconst=SMALLCONST -pmediumconst=MEDIUMCONST \
  -pconst=CONST -AFARRAM=00h-00h -ACONFIG=0300000h-030000Dh -pconfig=CONFIG \
  -AIDLOC=0200000h-0200007h -pidloc=IDLOC -AEEDATA=0F00000h-0F003FFh \
  -peeprom_data=EEDATA \
  -prdata=COMRAM,nvrram=COMRAM,nvbit=COMRAM,rbss=COMRAM,rbit=COMRAM \
  -pfarbss=FARRAM,fardata=FARRAM,nvFARRAM=FARRAM \
  -pintsave_regs=BIGRAM,bigbss=BIGRAM,bigdata=BIGRAM -pbss=RAM \
  -pidata=CODE,irdata=CODE,ibigdata=CODE,ifardata=CODE -prparam=COMRAM \
  C:\Users\Nam\AppData\Local\Temp\sabo.obj \
  dist/default/production\PIC18_LCD_LIB.X.production.obj 

Object code version is 3.11

Machine type is 18F4620

Call graph: (short form)




                Name                               Link     Load   Length Selector   Space Scale
C:\Users\Nam\AppData\Local\Temp\sabo.obj
                init                                  E        E        4        4       0
                reset_vec                             0        0        4        0       0
                idloc                            200000   200000        8   200000       0
                config                           300000   300000        E   300000       0
dist/default/production\PIC18_LCD_LIB.X.production.obj
                intcode                               8        8        6        4       0
                temp                                 5E       5E        1        1       1
                mediumconst                        FE1C     FE1C      1E4     7F0E       0
                text54                             3222     3222       70        4       0
                text53                             2BF4     2BF4       C8        4       0
                text52                             3452     3452       4C        4       0
                text51                             2594     2594      106        4       0
                intcode_body                       30C0     30C0       7A        4       0
                text49                             2A60     2A60       CC        4       0
                text48                             2D6A     2D6A       AC        4       0
                text47                             32F8     32F8       66        4       0
                text46                             3780     3780       22        4       0
                text45                             34E8     34E8       46        4       0
                text44                             349E     349E       4A        4       0
                text43                             2CBC     2CBC       AE        4       0
                text42                             313A     313A       78        4       0
                text41                             35A4     35A4       38        4       0
                text40                             1A84     1A84      268        4       0
                text39                             279E     279E      104        4       0
                text38                             20A4     20A4      152        4       0
                text37                             21F6     21F6      144        4       0
                text36                             1F4C     1F4C      158        4       0
                text35                             298C     298C       D4        4       0
                text34                             3406     3406       4C        4       0
                text33                             2F32     2F32       88        4       0
                text32                             37EC     37EC        8     1BEE       0
                text31                             352E     352E       3E        4       0
                text30                             37E4     37E4        8     1BEE       0
                text29                             2E16     2E16       90        4       0
                text28                             3718     3718       24        4       0
                text27                             33BA     33BA       4C        4       0
                text26                             303E     303E       82        4       0
                text25                             3292     3292       66        4       0
                text24                             335E     335E       5C        4       0
                text23                             246C     246C      128        4       0
                text22                             233A     233A      132        4       0
                text21                             2FBA     2FBA       84        4       0
                text20                             31B2     31B2       70        4       0
                text19                             36F2     36F2       26        4       0
                text18                             1CEC     1CEC      260        4       0
                text17                             37A2     37A2       1E        4       0
                text16                             37DC     37DC        8     1BEE       0
                text15                             375E     375E       22        4       0
                text14                             12F4     12F4      416        4       0
                text13                               12       12      DF8        4       0
                text12                             36CC     36CC       26        4       0
                text11                             36A6     36A6       26        4       0
                text10                             3680     3680       26        4       0
                text9                              35DC     35DC       32        4       0
                text8                              365A     365A       26        4       0
                text7                              3634     3634       26        4       0
                text6                              360E     360E       26        4       0
                text5                              269A     269A      104        4       0
                text4                              356C     356C       38        4       0
                text3                              28A2     28A2       EA        4       0
                text2                              2B2C     2B2C       C8        4       0
                text1                               E0A      E0A      4EA        4       0
                text0                              170A     170A      37A        4       0
                cstackCOMRAM                          1        1       3F        1       1
                cstackBANK0                          80       80       74       80       1
                cstackBANK1                         100      100       2A      100       1
                dataBANK1                           12A      12A       22      100       1
                bssBANK1                            14C      14C       20      100       1
                dataBANK0                            F4       F4        8       80       1
                bssBANK0                             FC       FC        2       80       1
                dataCOMRAM                           40       40       13        1       1
                bssCOMRAM                            53       53        B        1       1
                cinit                              2EA6     2EA6       8C        4       0
                idataBANK1                         373C     373C       22        4       0
                idataBANK0                         37D3     37D3        8        4       0
                idataCOMRAM                        37C0     37C0       13        4       0

TOTAL           Name                               Link     Load   Length     Space
        CLASS   STACK          

        CLASS   CODE           
                intcode                               8        8        6         0
                init                                  E        E        4         0
                reset_vec                             0        0        4         0
                text54                             3222     3222       70         0
                text53                             2BF4     2BF4       C8         0
                text52                             3452     3452       4C         0
                text51                             2594     2594      106         0
                intcode_body                       30C0     30C0       7A         0
                text49                             2A60     2A60       CC         0
                text48                             2D6A     2D6A       AC         0
                text47                             32F8     32F8       66         0
                text46                             3780     3780       22         0
                text45                             34E8     34E8       46         0
                text44                             349E     349E       4A         0
                text43                             2CBC     2CBC       AE         0
                text42                             313A     313A       78         0
                text41                             35A4     35A4       38         0
                text40                             1A84     1A84      268         0
                text39                             279E     279E      104         0
                text38                             20A4     20A4      152         0
                text37                             21F6     21F6      144         0
                text36                             1F4C     1F4C      158         0
                text35                             298C     298C       D4         0
                text34                             3406     3406       4C         0
                text33                             2F32     2F32       88         0
                text32                             37EC     37EC        8         0
                text31                             352E     352E       3E         0
                text30                             37E4     37E4        8         0
                text29                             2E16     2E16       90         0
                text28                             3718     3718       24         0
                text27                             33BA     33BA       4C         0
                text26                             303E     303E       82         0
                text25                             3292     3292       66         0
                text24                             335E     335E       5C         0
                text23                             246C     246C      128         0
                text22                             233A     233A      132         0
                text21                             2FBA     2FBA       84         0
                text20                             31B2     31B2       70         0
                text19                             36F2     36F2       26         0
                text18                             1CEC     1CEC      260         0
                text17                             37A2     37A2       1E         0
                text16                             37DC     37DC        8         0
                text15                             375E     375E       22         0
                text14                             12F4     12F4      416         0
                text13                               12       12      DF8         0
                text12                             36CC     36CC       26         0
                text11                             36A6     36A6       26         0
                text10                             3680     3680       26         0
                text9                              35DC     35DC       32         0
                text8                              365A     365A       26         0
                text7                              3634     3634       26         0
                text6                              360E     360E       26         0
                text5                              269A     269A      104         0
                text4                              356C     356C       38         0
                text3                              28A2     28A2       EA         0
                text2                              2B2C     2B2C       C8         0
                text1                               E0A      E0A      4EA         0
                text0                              170A     170A      37A         0
                cinit                              2EA6     2EA6       8C         0
                idataBANK1                         373C     373C       22         0
                idataBANK0                         37D3     37D3        8         0
                idataCOMRAM                        37C0     37C0       13         0

        CLASS   CONST          

        CLASS   SMALLCONST     

        CLASS   MEDIUMCONST    
                mediumconst                        FE1C     FE1C      1E4         0

        CLASS   COMRAM         
                temp                                 5E       5E        1         1
                cstackCOMRAM                          1        1       3F         1
                dataCOMRAM                           40       40       13         1
                bssCOMRAM                            53       53        B         1

        CLASS   ABS1           

        CLASS   BIGRAM         

        CLASS   RAM            

        CLASS   BANK0          
                cstackBANK0                          80       80       74         1
                dataBANK0                            F4       F4        8         1
                bssBANK0                             FC       FC        2         1

        CLASS   BANK1          
                cstackBANK1                         100      100       2A         1
                dataBANK1                           12A      12A       22         1
                bssBANK1                            14C      14C       20         1

        CLASS   BANK2          

        CLASS   BANK3          

        CLASS   BANK4          

        CLASS   BANK5          

        CLASS   BANK6          

        CLASS   BANK7          

        CLASS   BANK8          

        CLASS   BANK9          

        CLASS   BANK10         

        CLASS   BANK11         

        CLASS   BANK12         

        CLASS   BANK13         

        CLASS   BANK14         

        CLASS   BANK15         

        CLASS   SFR            

        CLASS   FARRAM         

        CLASS   CONFIG         
                config                           300000   300000        E         0

        CLASS   IDLOC          
                idloc                            200000   200000        8         0

        CLASS   EEDATA         



SEGMENTS        Name                           Load    Length   Top    Selector   Space  Class

                reset_vec                      000000  000004  000004         0       0  CODE    
                cstackCOMRAM                   000001  00005E  00005F         1       1  COMRAM  
                intcode                        000008  0037D3  0037DB         4       0  CODE    
                cstackBANK0                    000080  00007E  0000FE        80       1  BANK0   
                cstackBANK1                    000100  00006C  00016C       100       1  BANK1   
                text16                         0037DC  000018  0037F4      1BEE       0  CODE    
                mediumconst                    00FE1C  0001E4  010000      7F0E       0  MEDIUMCO
                idloc                          200000  000008  200008    200000       0  IDLOC   
                config                         300000  00000E  30000E    300000       0  CONFIG  


UNUSED ADDRESS RANGES

        Name                Unused          Largest block    Delta
        BANK0            0000FE-0000FF                2
        BANK1            00016C-0001FF               94
        BANK10           000A00-000AFF              100
        BANK11           000B00-000BFF              100
        BANK12           000C00-000CFF              100
        BANK13           000D00-000DFF              100
        BANK14           000E00-000EFF              100
        BANK15           000F00-000F7F               80
        BANK2            000200-0002FF              100
        BANK3            000300-0003FF              100
        BANK4            000400-0004FF              100
        BANK5            000500-0005FF              100
        BANK6            000600-0006FF              100
        BANK7            000700-0007FF              100
        BANK8            000800-0008FF              100
        BANK9            000900-0009FF              100
        BIGRAM           00005F-00007F               21
                         0000FE-0000FF                2
                         00016C-000F7F              E14
        CODE             000004-000007                4
                         0037DB-0037DB                1
                         0037F4-00FE1B             C628
        COMRAM           00005F-00007F               21
        CONST            000004-000007                4
                         0037DB-0037DB                1
                         0037F4-00FE1B             C628
        EEDATA           F00000-F003FF              400
        MEDIUMCONST      0037DB-0037DB                1
                         0037F4-00FE1B             C628
        RAM              0000FE-0000FF                2
                         00016C-000F7F              100
        SFR              000F80-000FFF               80
        SMALLCONST       0037DB-0037DB                1
                         0037F4-00FE1B              100
        STACK            00016C-000F7F              E14

                                  Symbol Table

?___aldiv                       cstackCOMRAM 000022
?___almod                       cstackCOMRAM 000030
?___altoft                      cstackCOMRAM 00002A
?___awdiv                       cstackCOMRAM 000028
?___awmod                       cstackCOMRAM 000022
?___awtoft                      cstackCOMRAM 00002A
?___ftadd                       cstackBANK0  00009C
?___ftdiv                       cstackCOMRAM 000034
?___ftmul                       cstackBANK0  000086
?___ftneg                       cstackCOMRAM 000022
?___ftpack                      cstackCOMRAM 000022
?___ftsub                       cstackBANK0  0000A8
?___fttol                       cstackBANK0  0000A8
?___lldiv                       cstackCOMRAM 000022
?___llmod                       cstackCOMRAM 00002F
?___lltoft                      cstackCOMRAM 00002A
?___wmul                        cstackCOMRAM 000030
?__div_to_l_                    cstackCOMRAM 000022
?__tdiv_to_l_                   cstackCOMRAM 000022
?_analogRead                    cstackCOMRAM 000022
?_angleToPulse                  cstackBANK0  0000B7
?_digitalRead                   cstackCOMRAM 000022
?_fround                        cstackBANK0  000092
?_printf                        cstackBANK0  0000B7
?_scale                         cstackBANK0  000092
?i2___awmod                     cstackCOMRAM 000001
_AA_float                       dataCOMRAM   00004F
_ACKDT                          (abs)        007E2D
_ACKEN                          (abs)        007E2C
_ADCON0                         (abs)        000FC2
_ADCON1                         (abs)        000FC1
_ADCON2                         (abs)        000FC0
_ADRESH                         (abs)        000FC4
_ADRESL                         (abs)        000FC3
_EEADR                          (abs)        000FA9
_EEADRH                         (abs)        000FAA
_EECON1                         (abs)        000FA6
_EECON2                         (abs)        000FA7
_EEDATA                         (abs)        000FA8
_EEIF                           (abs)        007D0C
_INT0IE                         (abs)        007F94
_INTCONbits                     (abs)        000FF2
_LATA                           (abs)        000F89
_LATB                           (abs)        000F8A
_LATC                           (abs)        000F8B
_LATD                           (abs)        000F8C
_LATDbits                       (abs)        000F8C
_LATE                           (abs)        000F8D
_PEIE                           (abs)        007F96
_PEN                            (abs)        007E2A
_PORTA                          (abs)        000F80
_PORTB                          (abs)        000F81
_PORTBbits                      (abs)        000F81
_PORTC                          (abs)        000F82
_PORTD                          (abs)        000F83
_RCEN                           (abs)        007E2B
_RSEN                           (abs)        007E29
_SEN                            (abs)        007E28
_SSPADD                         (abs)        000FC8
_SSPBUF                         (abs)        000FC9
_SSPCON1                        (abs)        000FC6
_SSPCON2                        (abs)        000FC5
_SSPSTAT                        (abs)        000FC7
_T0CON                          (abs)        000FD5
_T1CON                          (abs)        000FCD
_T3CON                          (abs)        000FB1
_TMR0H                          (abs)        000FD7
_TMR0IE                         (abs)        007F95
_TMR0IF                         (abs)        007F92
_TMR0L                          (abs)        000FD6
_TMR1H                          (abs)        000FCF
_TMR1IE                         (abs)        007CE8
_TMR1L                          (abs)        000FCE
_TMR3H                          (abs)        000FB3
_TMR3IE                         (abs)        007D01
_TMR3L                          (abs)        000FB2
_TRISA                          (abs)        000F92
_TRISB                          (abs)        000F93
_TRISC                          (abs)        000F94
_TRISC3                         (abs)        007CA3
_TRISC4                         (abs)        007CA4
_TRISD                          (abs)        000F95
_TRISE                          (abs)        000F96
_V_LIM_9V                       dataCOMRAM   000040
_V_LIM_AA                       dataCOMRAM   000043
_V_LIM_C                        dataCOMRAM   000046
__CFG_BOREN$SBORDIS             (abs)        000000
__CFG_BORV$3                    (abs)        000000
__CFG_CCP2MX$PORTC              (abs)        000000
__CFG_CP0$OFF                   (abs)        000000
__CFG_CP1$OFF                   (abs)        000000
__CFG_CP2$OFF                   (abs)        000000
__CFG_CP3$OFF                   (abs)        000000
__CFG_CPB$OFF                   (abs)        000000
__CFG_CPD$OFF                   (abs)        000000
__CFG_EBTR0$OFF                 (abs)        000000
__CFG_EBTR1$OFF                 (abs)        000000
__CFG_EBTR2$OFF                 (abs)        000000
__CFG_EBTR3$OFF                 (abs)        000000
__CFG_EBTRB$OFF                 (abs)        000000
__CFG_FCMEN$OFF                 (abs)        000000
__CFG_IESO$OFF                  (abs)        000000
__CFG_LPT1OSC$OFF               (abs)        000000
__CFG_LVP$OFF                   (abs)        000000
__CFG_MCLRE$ON                  (abs)        000000
__CFG_OSC$HS                    (abs)        000000
__CFG_PBADEN$ON                 (abs)        000000
__CFG_PWRT$OFF                  (abs)        000000
__CFG_STVREN$ON                 (abs)        000000
__CFG_WDT$OFF                   (abs)        000000
__CFG_WDTPS$32768               (abs)        000000
__CFG_WRT0$OFF                  (abs)        000000
__CFG_WRT1$OFF                  (abs)        000000
__CFG_WRT2$OFF                  (abs)        000000
__CFG_WRT3$OFF                  (abs)        000000
__CFG_WRTB$OFF                  (abs)        000000
__CFG_WRTC$OFF                  (abs)        000000
__CFG_WRTD$OFF                  (abs)        000000
__CFG_XINST$OFF                 (abs)        000000
__HRAM                          (abs)        000000
__Habs1                         abs1         000000
__Hbank0                        bank0        000000
__Hbank1                        bank1        000000
__Hbank10                       bank10       000000
__Hbank11                       bank11       000000
__Hbank12                       bank12       000000
__Hbank13                       bank13       000000
__Hbank14                       bank14       000000
__Hbank15                       bank15       000000
__Hbank2                        bank2        000000
__Hbank3                        bank3        000000
__Hbank4                        bank4        000000
__Hbank5                        bank5        000000
__Hbank6                        bank6        000000
__Hbank7                        bank7        000000
__Hbank8                        bank8        000000
__Hbank9                        bank9        000000
__Hbigbss                       bigbss       000000
__Hbigdata                      bigdata      000000
__Hbigram                       bigram       000000
__Hbss                          bss          000000
__HbssBANK0                     bssBANK0     000000
__HbssBANK1                     bssBANK1     000000
__HbssCOMRAM                    bssCOMRAM    000000
__Hcinit                        cinit        000000
__Hclrtext                      clrtext      000000
__Hcomram                       comram       000000
__Hconfig                       config       30000E
__Hconst                        const        000000
__HcstackBANK0                  cstackBANK0  000000
__HcstackBANK1                  cstackBANK1  000000
__HcstackCOMRAM                 cstackCOMRAM 000000
__Hdata                         data         000000
__HdataBANK0                    dataBANK0    000000
__HdataBANK1                    dataBANK1    000000
__HdataCOMRAM                   dataCOMRAM   000000
__Heeprom_data                  eeprom_data  000000
__Hfarbss                       farbss       000000
__Hfardata                      fardata      000000
__Hibigdata                     ibigdata     000000
__Hidata                        idata        000000
__HidataBANK0                   idataBANK0   000000
__HidataBANK1                   idataBANK1   000000
__HidataCOMRAM                  idataCOMRAM  000000
__Hidloc                        idloc        200008
__Hifardata                     ifardata     000000
__Hinit                         init         000012
__Hintcode                      intcode      00000E
__Hintcode_body                 intcode_body 000000
__Hintcodelo                    intcodelo    00000E
__Hintentry                     intentry     000000
__Hintret                       intret       000000
__Hintsave_regs                 intsave_regs 000000
__Hirdata                       irdata       000000
__Hmediumconst                  mediumconst  010000
__HnvFARRAM                     nvFARRAM     000000
__Hnvbit                        nvbit        000000
__Hnvrram                       nvrram       000000
__Hparam                        rparam       000000
__Hpowerup                      powerup      00000E
__Hram                          ram          000000
__Hramtop                       ramtop       001000
__Hrbit                         rbit         000000
__Hrbss                         rbss         000000
__Hrdata                        rdata        000000
__Hreset_vec                    reset_vec    000004
__Hrparam                       rparam       000000
__Hsfr                          sfr          000000
__Hsmallconst                   smallconst   000000
__Hspace_0                      (abs)        30000E
__Hspace_1                      (abs)        00016C
__Hspace_2                      (abs)        000000
__Hstack                        stack        000000
__Hstruct                       struct       000000
__Htemp                         temp         00005F
__Htext                         text         000000
__Htext0                        text0        000000
__Htext1                        text1        000000
__Htext10                       text10       000000
__Htext11                       text11       000000
__Htext12                       text12       000000
__Htext13                       text13       000000
__Htext14                       text14       000000
__Htext15                       text15       000000
__Htext16                       text16       000000
__Htext17                       text17       000000
__Htext18                       text18       000000
__Htext19                       text19       000000
__Htext2                        text2        000000
__Htext20                       text20       000000
__Htext21                       text21       000000
__Htext22                       text22       000000
__Htext23                       text23       000000
__Htext24                       text24       000000
__Htext25                       text25       000000
__Htext26                       text26       000000
__Htext27                       text27       000000
__Htext28                       text28       000000
__Htext29                       text29       000000
__Htext3                        text3        000000
__Htext30                       text30       000000
__Htext31                       text31       000000
__Htext32                       text32       000000
__Htext33                       text33       000000
__Htext34                       text34       000000
__Htext35                       text35       000000
__Htext36                       text36       000000
__Htext37                       text37       000000
__Htext38                       text38       000000
__Htext39                       text39       000000
__Htext4                        text4        000000
__Htext40                       text40       000000
__Htext41                       text41       000000
__Htext42                       text42       000000
__Htext43                       text43       000000
__Htext44                       text44       000000
__Htext45                       text45       000000
__Htext46                       text46       000000
__Htext47                       text47       000000
__Htext48                       text48       000000
__Htext49                       text49       000000
__Htext5                        text5        000000
__Htext51                       text51       000000
__Htext52                       text52       000000
__Htext53                       text53       000000
__Htext54                       text54       000000
__Htext6                        text6        000000
__Htext7                        text7        000000
__Htext8                        text8        000000
__Htext9                        text9        000000
__LRAM                          (abs)        000001
__Labs1                         abs1         000000
__Lbank0                        bank0        000000
__Lbank1                        bank1        000000
__Lbank10                       bank10       000000
__Lbank11                       bank11       000000
__Lbank12                       bank12       000000
__Lbank13                       bank13       000000
__Lbank14                       bank14       000000
__Lbank15                       bank15       000000
__Lbank2                        bank2        000000
__Lbank3                        bank3        000000
__Lbank4                        bank4        000000
__Lbank5                        bank5        000000
__Lbank6                        bank6        000000
__Lbank7                        bank7        000000
__Lbank8                        bank8        000000
__Lbank9                        bank9        000000
__Lbigbss                       bigbss       000000
__Lbigdata                      bigdata      000000
__Lbigram                       bigram       000000
__Lbss                          bss          000000
__LbssBANK0                     bssBANK0     000000
__LbssBANK1                     bssBANK1     000000
__LbssCOMRAM                    bssCOMRAM    000000
__Lcinit                        cinit        000000
__Lclrtext                      clrtext      000000
__Lcomram                       comram       000000
__Lconfig                       config       300000
__Lconst                        const        000000
__LcstackBANK0                  cstackBANK0  000000
__LcstackBANK1                  cstackBANK1  000000
__LcstackCOMRAM                 cstackCOMRAM 000000
__Ldata                         data         000000
__LdataBANK0                    dataBANK0    000000
__LdataBANK1                    dataBANK1    000000
__LdataCOMRAM                   dataCOMRAM   000000
__Leeprom_data                  eeprom_data  000000
__Lfarbss                       farbss       000000
__Lfardata                      fardata      000000
__Libigdata                     ibigdata     000000
__Lidata                        idata        000000
__LidataBANK0                   idataBANK0   000000
__LidataBANK1                   idataBANK1   000000
__LidataCOMRAM                  idataCOMRAM  000000
__Lidloc                        idloc        200000
__Lifardata                     ifardata     000000
__Linit                         init         00000E
__Lintcode                      intcode      000008
__Lintcode_body                 intcode_body 000000
__Lintcodelo                    intcodelo    00000E
__Lintentry                     intentry     000000
__Lintret                       intret       000000
__Lintsave_regs                 intsave_regs 000000
__Lirdata                       irdata       000000
__Lmediumconst                  mediumconst  00FE1C
__LnvFARRAM                     nvFARRAM     000000
__Lnvbit                        nvbit        000000
__Lnvrram                       nvrram       000000
__Lparam                        rparam       000000
__Lpowerup                      powerup      00000E
__Lram                          ram          000000
__Lramtop                       ramtop       001000
__Lrbit                         rbit         000000
__Lrbss                         rbss         000000
__Lrdata                        rdata        000000
__Lreset_vec                    reset_vec    000000
__Lrparam                       rparam       000000
__Lsfr                          sfr          000000
__Lsmallconst                   smallconst   000000
__Lspace_0                      (abs)        000000
__Lspace_1                      (abs)        000000
__Lspace_2                      (abs)        000000
__Lstack                        stack        000000
__Lstruct                       struct       000000
__Ltemp                         temp         00005E
__Ltext                         text         000000
__Ltext0                        text0        000000
__Ltext1                        text1        000000
__Ltext10                       text10       000000
__Ltext11                       text11       000000
__Ltext12                       text12       000000
__Ltext13                       text13       000000
__Ltext14                       text14       000000
__Ltext15                       text15       000000
__Ltext16                       text16       000000
__Ltext17                       text17       000000
__Ltext18                       text18       000000
__Ltext19                       text19       000000
__Ltext2                        text2        000000
__Ltext20                       text20       000000
__Ltext21                       text21       000000
__Ltext22                       text22       000000
__Ltext23                       text23       000000
__Ltext24                       text24       000000
__Ltext25                       text25       000000
__Ltext26                       text26       000000
__Ltext27                       text27       000000
__Ltext28                       text28       000000
__Ltext29                       text29       000000
__Ltext3                        text3        000000
__Ltext30                       text30       000000
__Ltext31                       text31       000000
__Ltext32                       text32       000000
__Ltext33                       text33       000000
__Ltext34                       text34       000000
__Ltext35                       text35       000000
__Ltext36                       text36       000000
__Ltext37                       text37       000000
__Ltext38                       text38       000000
__Ltext39                       text39       000000
__Ltext4                        text4        000000
__Ltext40                       text40       000000
__Ltext41                       text41       000000
__Ltext42                       text42       000000
__Ltext43                       text43       000000
__Ltext44                       text44       000000
__Ltext45                       text45       000000
__Ltext46                       text46       000000
__Ltext47                       text47       000000
__Ltext48                       text48       000000
__Ltext49                       text49       000000
__Ltext5                        text5        000000
__Ltext51                       text51       000000
__Ltext52                       text52       000000
__Ltext53                       text53       000000
__Ltext54                       text54       000000
__Ltext6                        text6        000000
__Ltext7                        text7        000000
__Ltext8                        text8        000000
__Ltext9                        text9        000000
__S0                            (abs)        30000E
__S1                            (abs)        00016C
__S2                            (abs)        000000
___aldiv                        text49       002A60
___aldiv@counter                cstackCOMRAM 00002A
___aldiv@dividend               cstackCOMRAM 000022
___aldiv@divisor                cstackCOMRAM 000026
___aldiv@quotient               cstackCOMRAM 00002C
___aldiv@sign                   cstackCOMRAM 00002B
___almod                        text48       002D6A
___almod@counter                cstackCOMRAM 000038
___almod@dividend               cstackCOMRAM 000030
___almod@divisor                cstackCOMRAM 000034
___almod@sign                   cstackCOMRAM 000039
___altoft                       text42       00313A
___altoft@c                     cstackCOMRAM 00002A
___altoft@exp                   cstackCOMRAM 000032
___altoft@sign                  cstackCOMRAM 000033
___awdiv                        text21       002FBA
___awdiv@counter                cstackCOMRAM 00002C
___awdiv@dividend               cstackCOMRAM 000028
___awdiv@divisor                cstackCOMRAM 00002A
___awdiv@quotient               cstackCOMRAM 00002E
___awdiv@sign                   cstackCOMRAM 00002D
___awmod                        text20       0031B2
___awmod@counter                cstackCOMRAM 000026
___awmod@dividend               cstackCOMRAM 000022
___awmod@divisor                cstackCOMRAM 000024
___awmod@sign                   cstackCOMRAM 000027
___awtoft                       text41       0035A4
___awtoft@c                     cstackCOMRAM 00002A
___awtoft@sign                  cstackCOMRAM 00002D
___ftadd                        text40       001A84
___ftadd@exp1                   cstackBANK0  0000A7
___ftadd@exp2                   cstackBANK0  0000A6
___ftadd@f1                     cstackBANK0  00009C
___ftadd@f2                     cstackBANK0  00009F
___ftadd@sign                   cstackBANK0  0000A5
___ftdiv                        text39       00279E
___ftdiv@cntr                   cstackBANK0  000080
___ftdiv@exp                    cstackBANK0  000084
___ftdiv@f1                     cstackCOMRAM 000034
___ftdiv@f2                     cstackCOMRAM 000037
___ftdiv@f3                     cstackBANK0  000081
___ftdiv@sign                   cstackBANK0  000085
___ftge                         text29       002E16
___ftge@ff1                     cstackCOMRAM 00002E
___ftge@ff2                     cstackCOMRAM 000031
___ftmul                        text38       0020A4
___ftmul@cntr                   cstackBANK0  000090
___ftmul@exp                    cstackBANK0  00008C
___ftmul@f1                     cstackBANK0  000086
___ftmul@f2                     cstackBANK0  000089
___ftmul@f3_as_product          cstackBANK0  00008D
___ftmul@sign                   cstackBANK0  000091
___ftneg                        text28       003718
___ftneg@f1                     cstackCOMRAM 000022
___ftpack                       text43       002CBC
___ftpack@arg                   cstackCOMRAM 000022
___ftpack@exp                   cstackCOMRAM 000025
___ftpack@sign                  cstackCOMRAM 000026
___ftsub                        text27       0033BA
___ftsub@f1                     cstackBANK0  0000A8
___ftsub@f2                     cstackBANK0  0000AB
___fttol                        text37       0021F6
___fttol@exp1                   cstackBANK0  0000B6
___fttol@f1                     cstackBANK0  0000A8
___fttol@lval                   cstackBANK0  0000B2
___fttol@sign1                  cstackBANK0  0000B1
___inthi_sp                     stack        000000
___intlo_sp                     stack        000000
___lldiv                        text26       00303E
___lldiv@counter                cstackCOMRAM 00002E
___lldiv@dividend               cstackCOMRAM 000022
___lldiv@divisor                cstackCOMRAM 000026
___lldiv@quotient               cstackCOMRAM 00002A
___llmod                        text25       003292
___llmod@counter                cstackCOMRAM 000037
___llmod@dividend               cstackCOMRAM 00002F
___llmod@divisor                cstackCOMRAM 000033
___lltoft                       text24       00335E
___lltoft@c                     cstackCOMRAM 00002A
___lltoft@exp                   cstackCOMRAM 000032
___param_bank                   (abs)        000000
___rparam_used                  (abs)        000001
___sp                           stack        000000
___wmul                         text19       0036F2
___wmul@multiplicand            cstackCOMRAM 000032
___wmul@multiplier              cstackCOMRAM 000030
___wmul@product                 cstackCOMRAM 000034
__accesstop                     (abs)        000080
__activetblptr                  (abs)        000002
__div_to_l_                     text23       00246C
__div_to_l_@cntr                cstackCOMRAM 00002C
__div_to_l_@exp1                cstackCOMRAM 00002D
__div_to_l_@f1                  cstackCOMRAM 000022
__div_to_l_@f2                  cstackCOMRAM 000025
__div_to_l_@quot                cstackCOMRAM 000028
__end_of___aldiv                text49       002B2C
__end_of___almod                text48       002E16
__end_of___altoft               text42       0031B2
__end_of___awdiv                text21       00303E
__end_of___awmod                text20       003222
__end_of___awtoft               text41       0035DC
__end_of___ftadd                text40       001CEC
__end_of___ftdiv                text39       0028A2
__end_of___ftge                 text29       002EA6
__end_of___ftmul                text38       0021F6
__end_of___ftneg                text28       00373C
__end_of___ftpack               text43       002D6A
__end_of___ftsub                text27       003406
__end_of___fttol                text37       00233A
__end_of___lldiv                text26       0030C0
__end_of___llmod                text25       0032F8
__end_of___lltoft               text24       0033BA
__end_of___wmul                 text19       003718
__end_of__div_to_l_             text23       002594
__end_of__initialization        cinit        002F24
__end_of__npowers_              mediumconst  00FE6C
__end_of__powers_               mediumconst  00FE93
__end_of__tdiv_to_l_            text22       00246C
__end_of_analogRead             text4        0035A4
__end_of_angleToPulse           text36       0020A4
__end_of_dateTime               text12       0036F2
__end_of_digitalRead            text3        00298C
__end_of_digitalWrite           text2        002BF4
__end_of_dpowers                mediumconst  00FE45
__end_of_fround                 text18       001F4C
__end_of_happynewyear           mediumconst  00FECB
__end_of_hexpowers              mediumconst  00FEB3
__end_of_initLCD                text45       00352E
__end_of_initServo              text33       002FBA
__end_of_initTimer              text44       0034E8
__end_of_isdigit                text17       0037C0
__end_of_keys                   mediumconst  00FEC4
__end_of_lcdClear               text30       0037EC
__end_of_lcdHome                text32       0037F4
__end_of_lcdInst                text46       0037A2
__end_of_lcdNewline             text16       0037E4
__end_of_lcdNibble              text47       00335E
__end_of_main                   text0        001A84
__end_of_mainMenu               text11       0036CC
__end_of_pinSetup               text31       00356C
__end_of_printf                 text13       000E0A
__end_of_putch                  text15       003780
__end_of_readKeypad             text10       0036A6
__end_of_runMenu                text9        00360E
__end_of_runSelect              text8        003680
__end_of_runStats               text7        00365A
__end_of_runTime                text6        003634
__end_of_scale                  text14       00170A
__end_of_service                intcode_body 00313A
__end_of_servoInterruptService  text51       00269A
__end_of_setAngle               text35       002A60
__end_of_showInterface          text5        00279E
__end_of_sortBattery            text1        0012F4
__end_of_startTimer             text34       003452
__end_ofi2___awmod              text54       003292
__end_ofi2_digitalWrite         text53       002CBC
__end_ofi2_startTimer           text52       00349E
__initialization                cinit        002EA6
__mediumconst                   mediumconst  00FE1C
__npowers_                      mediumconst  00FE45
__pbssBANK0                     bssBANK0     0000FC
__pbssBANK1                     bssBANK1     00014C
__pbssCOMRAM                    bssCOMRAM    000053
__pcinit                        cinit        002EA6
__pcstackBANK0                  cstackBANK0  000080
__pcstackBANK1                  cstackBANK1  000100
__pcstackCOMRAM                 cstackCOMRAM 000001
__pdataBANK0                    dataBANK0    0000F4
__pdataBANK1                    dataBANK1    00012A
__pdataCOMRAM                   dataCOMRAM   000040
__pidataBANK0                   idataBANK0   0037D3
__pidataBANK1                   idataBANK1   00373C
__pidataCOMRAM                  idataCOMRAM  0037C0
__pintcode                      intcode      000008
__pintcode_body                 intcode_body 0030C0
__pmediumconst                  mediumconst  00FE1C
__powers_                       mediumconst  00FE6C
__ptext0                        text0        00170A
__ptext1                        text1        000E0A
__ptext10                       text10       003680
__ptext11                       text11       0036A6
__ptext12                       text12       0036CC
__ptext13                       text13       000012
__ptext14                       text14       0012F4
__ptext15                       text15       00375E
__ptext16                       text16       0037DC
__ptext17                       text17       0037A2
__ptext18                       text18       001CEC
__ptext19                       text19       0036F2
__ptext2                        text2        002B2C
__ptext20                       text20       0031B2
__ptext21                       text21       002FBA
__ptext22                       text22       00233A
__ptext23                       text23       00246C
__ptext24                       text24       00335E
__ptext25                       text25       003292
__ptext26                       text26       00303E
__ptext27                       text27       0033BA
__ptext28                       text28       003718
__ptext29                       text29       002E16
__ptext3                        text3        0028A2
__ptext30                       text30       0037E4
__ptext31                       text31       00352E
__ptext32                       text32       0037EC
__ptext33                       text33       002F32
__ptext34                       text34       003406
__ptext35                       text35       00298C
__ptext36                       text36       001F4C
__ptext37                       text37       0021F6
__ptext38                       text38       0020A4
__ptext39                       text39       00279E
__ptext4                        text4        00356C
__ptext40                       text40       001A84
__ptext41                       text41       0035A4
__ptext42                       text42       00313A
__ptext43                       text43       002CBC
__ptext44                       text44       00349E
__ptext45                       text45       0034E8
__ptext46                       text46       003780
__ptext47                       text47       0032F8
__ptext48                       text48       002D6A
__ptext49                       text49       002A60
__ptext5                        text5        00269A
__ptext51                       text51       002594
__ptext52                       text52       003452
__ptext53                       text53       002BF4
__ptext54                       text54       003222
__ptext6                        text6        00360E
__ptext7                        text7        003634
__ptext8                        text8        00365A
__ptext9                        text9        0035DC
__ramtop                        ramtop       001000
__size_of___aldiv               (abs)        000000
__size_of___almod               (abs)        000000
__size_of___altoft              (abs)        000000
__size_of___awdiv               (abs)        000000
__size_of___awmod               (abs)        000000
__size_of___awtoft              (abs)        000000
__size_of___ftadd               (abs)        000000
__size_of___ftdiv               (abs)        000000
__size_of___ftge                (abs)        000000
__size_of___ftmul               (abs)        000000
__size_of___ftneg               (abs)        000000
__size_of___ftpack              (abs)        000000
__size_of___ftsub               (abs)        000000
__size_of___fttol               (abs)        000000
__size_of___lldiv               (abs)        000000
__size_of___llmod               (abs)        000000
__size_of___lltoft              (abs)        000000
__size_of___wmul                (abs)        000000
__size_of__div_to_l_            (abs)        000000
__size_of__tdiv_to_l_           (abs)        000000
__size_of_analogRead            (abs)        000000
__size_of_angleToPulse          (abs)        000000
__size_of_dateTime              (abs)        000000
__size_of_digitalRead           (abs)        000000
__size_of_digitalWrite          (abs)        000000
__size_of_fround                (abs)        000000
__size_of_initLCD               (abs)        000000
__size_of_initServo             (abs)        000000
__size_of_initTimer             (abs)        000000
__size_of_isdigit               (abs)        000000
__size_of_lcdClear              (abs)        000000
__size_of_lcdHome               (abs)        000000
__size_of_lcdInst               (abs)        000000
__size_of_lcdNewline            (abs)        000000
__size_of_lcdNibble             (abs)        000000
__size_of_main                  (abs)        000000
__size_of_mainMenu              (abs)        000000
__size_of_pinSetup              (abs)        000000
__size_of_printf                (abs)        000000
__size_of_putch                 (abs)        000000
__size_of_readKeypad            (abs)        000000
__size_of_runMenu               (abs)        000000
__size_of_runSelect             (abs)        000000
__size_of_runStats              (abs)        000000
__size_of_runTime               (abs)        000000
__size_of_scale                 (abs)        000000
__size_of_service               (abs)        000000
__size_of_servoInterruptService (abs)        000000
__size_of_setAngle              (abs)        000000
__size_of_showInterface         (abs)        000000
__size_of_sortBattery           (abs)        000000
__size_of_startTimer            (abs)        000000
__size_ofi2___awmod             (abs)        000000
__size_ofi2_digitalWrite        (abs)        000000
__size_ofi2_startTimer          (abs)        000000
__smallconst                    smallconst   000000
__tdiv_to_l_                    text22       00233A
__tdiv_to_l_@cntr               cstackCOMRAM 00002F
__tdiv_to_l_@exp1               cstackCOMRAM 000030
__tdiv_to_l_@f1                 cstackCOMRAM 000022
__tdiv_to_l_@f2                 cstackCOMRAM 000025
__tdiv_to_l_@quot               cstackCOMRAM 00002B
_analogRead                     text4        00356C
_angle                          dataCOMRAM   000049
_angleToPulse                   text36       001F4C
_angleToPulse$1337              cstackBANK0  0000C7
_batteryDetected                bssBANK1     000160
_conveyorServo                  dataBANK1    000130
_count                          bssCOMRAM    000057
_curr                           bssCOMRAM    000059
_cylinderDir                    dataBANK1    000134
_cylinderMotor                  dataBANK1    000138
_dateTime                       text12       0036CC
_digitalRead                    text3        0028A2
_digitalWrite                   text2        002B2C
_dpowers                        mediumconst  00FE1D
_fround                         text18       001CEC
_fround$1338                    cstackBANK0  000098
_fround$1339                    cstackBANK0  000095
_happynewyear                   mediumconst  00FEC4
_hexpowers                      mediumconst  00FE93
_initLCD                        text45       0034E8
_initServo                      text33       002F32
_initTimer                      text44       00349E
_isdigit                        text17       0037A2
_isdigit$962                    cstackCOMRAM 000023
_keys                           mediumconst  00FEB3
_lastKey                        bssCOMRAM    00005D
_lcdClear                       text30       0037E4
_lcdHome                        text32       0037EC
_lcdInst                        text46       003780
_lcdNewline                     text16       0037DC
_lcdNibble                      text47       0032F8
_main                           text0        00170A
_mainMenu                       text11       0036A6
_n                              bssBANK0     0000FC
_n_9V                           bssBANK1     000162
_n_AA                           bssBANK1     000164
_n_C                            bssBANK1     000166
_n_OTHER                        bssBANK1     000168
_padAngle_CLOSE                 dataBANK0    0000F4
_padAngle_NEUTRAL               dataBANK1    00012A
_padAngle_OPEN                  dataCOMRAM   00004B
_padPin1                        dataBANK1    00013C
_padPin2                        dataBANK1    000140
_padPin3                        bssCOMRAM    000053
_padServo                       dataBANK1    000144
_period                         dataCOMRAM   00004D
_pinSetup                       text31       00352E
_prevTime                       bssCOMRAM    00005B
_printf                         text13       000012
_printf$1341                    cstackBANK0  0000C7
_pulse                          bssBANK1     00014C
_putch                          text15       00375E
_readKeypad                     text10       003680
_redirectAngle_9V               dataBANK0    0000F6
_redirectAngle_AA               dataBANK1    00012C
_redirectAngle_C                dataBANK0    0000F8
_redirectAngle_OTHER            dataBANK0    0000FA
_redirectingServo               dataBANK1    000148
_runMenu                        text9        0035DC
_runSelect                      text8        00365A
_runStats                       text7        003634
_runTime                        text6        00360E
_scale                          text14       0012F4
_scale$1340                     cstackBANK0  000095
_service                        intcode      000008
_servoInterruptService          text51       002594
_servos                         bssBANK1     000154
_setAngle                       text35       00298C
_showInterface                  text5        00269A
_sortBattery                    text1        000E0A
_sortBattery$1336               cstackBANK1  000102
_startTimer                     text34       003406
_stoppingTime                   dataBANK1    00012E
_terminate                      bssBANK1     00016A
_time                           bssBANK1     00015C
analogRead@channel              cstackCOMRAM 000022
angleToPulse@a000               cstackBANK0  0000CA
angleToPulse@a180               cstackBANK0  0000C3
angleToPulse@angle              cstackBANK0  0000B7
angleToPulse@offset             cstackBANK0  0000BF
btemp                           temp         00005E
digitalRead@pin                 cstackCOMRAM 000022
digitalWrite@p                  cstackCOMRAM 000029
digitalWrite@pin                cstackCOMRAM 000022
digitalWrite@val                cstackCOMRAM 000024
end_of_initialization           cinit        002F24
fround@prec                     cstackBANK0  00009B
i2___awmod                      text54       003222
i2___awmod@counter              cstackCOMRAM 000005
i2___awmod@dividend             cstackCOMRAM 000001
i2___awmod@divisor              cstackCOMRAM 000003
i2___awmod@sign                 cstackCOMRAM 000006
i2_digitalWrite                 text53       002BF4
i2_startTimer                   text52       003452
i2digitalWrite@p                cstackCOMRAM 00000E
i2digitalWrite@pin              cstackCOMRAM 000007
i2digitalWrite@val              cstackCOMRAM 000009
i2startTimer@timer              cstackCOMRAM 000007
i2startTimer@val                cstackCOMRAM 000009
initServo@angle                 cstackBANK0  0000DA
initServo@motor                 cstackBANK0  0000D8
initTimer@timer                 cstackCOMRAM 000022
int$flags                       temp         00005E
int_func                        intcode_body 0030C0
intlevel0                       text         000000
intlevel1                       text         000000
intlevel2                       text         000000
intlevel3                       text         000000
isdigit@c                       cstackCOMRAM 000024
lcdInst@data                    cstackCOMRAM 000025
lcdNibble@data                  cstackCOMRAM 000023
lcdNibble@temp                  cstackCOMRAM 000022
main@cylinderBackward           cstackBANK1  000120
main@cylinderDur                cstackBANK1  000126
main@cylinderForward            cstackBANK1  00011E
main@cylinderStart              cstackBANK1  000124
main@lastBatteryTime            cstackBANK1  000122
main@prev                       cstackBANK1  000128
printf@ap                       cstackBANK0  0000CF
printf@c                        cstackBANK0  0000E4
printf@cp                       cstackBANK0  0000CB
printf@exp                      cstackBANK0  0000D5
printf@f                        cstackBANK0  0000B7
printf@flag                     cstackBANK0  0000E0
printf@fval                     cstackBANK0  0000D7
printf@idx                      cstackBANK0  0000CA
printf@len                      cstackBANK0  0000CD
printf@prec                     cstackBANK0  0000E2
printf@tmpval                   cstackBANK0  0000D1
printf@val                      cstackBANK0  0000DA
printf@width                    cstackBANK0  0000DE
putch@data                      cstackCOMRAM 000026
readKeypad@key                  cstackCOMRAM 000022
runMenu@key                     cstackBANK0  0000E5
scale@scl                       cstackBANK0  000098
setAngle@angle                  cstackBANK0  0000D0
setAngle@i                      cstackBANK0  0000D6
setAngle@motor                  cstackBANK0  0000CE
setAngle@period                 cstackBANK0  0000D4
showInterface@key               cstackBANK0  0000E6
sortBattery@V                   cstackBANK1  00010F
sortBattery@V_203               cstackBANK1  00011C
sortBattery@V_float             cstackBANK1  000104
sortBattery@V_max               cstackBANK1  000112
sortBattery@Vcc                 cstackBANK1  000109
sortBattery@i                   cstackBANK1  000119
sortBattery@i_205               cstackBANK1  000115
sortBattery@pos_v_counter       cstackBANK1  000100
sortBattery@resolution          cstackBANK1  00010C
sortBattery@signal              cstackBANK1  000107
sortBattery@targetAngle         cstackBANK1  000117
stackhi                         (abs)        000F7F
stacklo                         (abs)        00016C
start                           init         00000E
startTimer@timer                cstackCOMRAM 000022
startTimer@val                  cstackCOMRAM 000024
start_initialization            cinit        002EA6


FUNCTION INFORMATION:

 *************** function _main *****************
 Defined at:
		line 101 in file "main.c"
 Parameters:    Size  Location     Type
		None
 Auto vars:     Size  Location     Type
  prev            2   40[BANK1 ] int 
  cylinderDur     2   38[BANK1 ] int 
  cylinderStar    2   36[BANK1 ] int 
  lastBatteryT    2   34[BANK1 ] int 
  cylinderBack    2   32[BANK1 ] int 
  cylinderForw    2   30[BANK1 ] int 
 Return value:  Size  Location     Type
                  1    wreg      void 
 Registers used:
		wreg, fsr2l, fsr2h, status,2, status,0, tblptrl, tblptrh, tblptru, prodl, prodh, cstack
 Tracked objects:
		On entry : 
		On exit  : 
		Unchanged: 
 Data sizes:     COMRAM   BANK0   BANK1   BANK2   BANK3   BANK4   BANK5   BANK6   BANK7   BANK8   BANK9  BANK10  BANK11  BANK12  BANK13  BANK14  BANK15
      Params:         0       0       0       0       0       0       0       0       0       0       0       0       0       0       0       0       0
      Locals:         0       0      12       0       0       0       0       0       0       0       0       0       0       0       0       0       0
      Temps:          0      13       0       0       0       0       0       0       0       0       0       0       0       0       0       0       0
      Totals:         0      13      12       0       0       0       0       0       0       0       0       0       0       0       0       0       0
Total ram usage:       25 bytes
 Hardware stack levels required when called:   10
 This function calls:
		___aldiv
		___almod
		_digitalRead
		_digitalWrite
		_initLCD
		_initServo
		_lcdClear
		_lcdHome
		_pinSetup
		_printf
		_readKeypad
		_showInterface
		_sortBattery
 This function is called by:
		Startup code after reset
 This function uses a non-reentrant model


 *************** function _sortBattery *****************
 Defined at:
		line 176 in file "main.c"
 Parameters:    Size  Location     Type
		None
 Auto vars:     Size  Location     Type
  V               3   15[BANK1 ] float 
  i               2   21[BANK1 ] int 
  i               3   25[BANK1 ] float 
  V_max           3   18[BANK1 ] float 
  resolution      3   12[BANK1 ] float 
  Vcc             3    9[BANK1 ] float 
  V_float         3    4[BANK1 ] float 
  V               2   28[BANK1 ] int 
  targetAngle     2   23[BANK1 ] int 
  signal          2    7[BANK1 ] int 
  pos_v_counte    2    0[BANK1 ] int 
 Return value:  Size  Location     Type
                  1    wreg      void 
 Registers used:
		wreg, fsr2l, fsr2h, status,2, status,0, tblptrl, tblptrh, tblptru, prodl, prodh, cstack
 Tracked objects:
		On entry : 
		On exit  : 
		Unchanged: 
 Data sizes:     COMRAM   BANK0   BANK1   BANK2   BANK3   BANK4   BANK5   BANK6   BANK7   BANK8   BANK9  BANK10  BANK11  BANK12  BANK13  BANK14  BANK15
      Params:         0       0       0       0       0       0       0       0       0       0       0       0       0       0       0       0       0
      Locals:         0       0      30       0       0       0       0       0       0       0       0       0       0       0       0       0       0
      Temps:          0       2       0       0       0       0       0       0       0       0       0       0       0       0       0       0       0
      Totals:         0       2      30       0       0       0       0       0       0       0       0       0       0       0       0       0       0
Total ram usage:       32 bytes
 Hardware stack levels used:    1
 Hardware stack levels required when called:    8
 This function calls:
		___altoft
		___awtoft
		___ftdiv
		___ftge
		___ftmul
		___ftsub
		___fttol
		_analogRead
		_digitalRead
		_digitalWrite
		_printf
		_readKeypad
		_setAngle
 This function is called by:
		_main
 This function uses a non-reentrant model


 *************** function _digitalWrite *****************
 Defined at:
		line 53 in file "iopin.c"
 Parameters:    Size  Location     Type
  pin             2   33[COMRAM] PTR int 
		 -> AA_float(4), cylinderDir(4), redirectingServo(4), padServo(4), 
		 -> conveyorServo(4), cylinderMotor(4), 
  val             2   35[COMRAM] int 
 Auto vars:     Size  Location     Type
  p               2   40[COMRAM] int 
 Return value:  Size  Location     Type
                  1    wreg      void 
 Registers used:
		wreg, fsr2l, fsr2h, status,2, status,0
 Tracked objects:
		On entry : 
		On exit  : 
		Unchanged: 
 Data sizes:     COMRAM   BANK0   BANK1   BANK2   BANK3   BANK4   BANK5   BANK6   BANK7   BANK8   BANK9  BANK10  BANK11  BANK12  BANK13  BANK14  BANK15
      Params:         4       0       0       0       0       0       0       0       0       0       0       0       0       0       0       0       0
      Locals:         2       0       0       0       0       0       0       0       0       0       0       0       0       0       0       0       0
      Temps:          3       0       0       0       0       0       0       0       0       0       0       0       0       0       0       0       0
      Totals:         9       0       0       0       0       0       0       0       0       0       0       0       0       0       0       0       0
Total ram usage:        9 bytes
 Hardware stack levels used:    1
 Hardware stack levels required when called:    3
 This function calls:
		Nothing
 This function is called by:
		_main
		_sortBattery
 This function uses a non-reentrant model


 *************** function _digitalRead *****************
 Defined at:
		line 43 in file "iopin.c"
 Parameters:    Size  Location     Type
  pin             2   33[COMRAM] PTR int 
		 -> padPin2(4), padPin1(4), cylinderDir(4), 
 Auto vars:     Size  Location     Type
		None
 Return value:  Size  Location     Type
                  2   33[COMRAM] int 
 Registers used:
		wreg, fsr2l, fsr2h, status,2, status,0
 Tracked objects:
		On entry : 
		On exit  : 
		Unchanged: 
 Data sizes:     COMRAM   BANK0   BANK1   BANK2   BANK3   BANK4   BANK5   BANK6   BANK7   BANK8   BANK9  BANK10  BANK11  BANK12  BANK13  BANK14  BANK15
      Params:         2       0       0       0       0       0       0       0       0       0       0       0       0       0       0       0       0
      Locals:         0       0       0       0       0       0       0       0       0       0       0       0       0       0       0       0       0
      Temps:          2       0       0       0       0       0       0       0       0       0       0       0       0       0       0       0       0
      Totals:         4       0       0       0       0       0       0       0       0       0       0       0       0       0       0       0       0
Total ram usage:        4 bytes
 Hardware stack levels used:    1
 Hardware stack levels required when called:    3
 This function calls:
		Nothing
 This function is called by:
		_main
		_sortBattery
 This function uses a non-reentrant model


 *************** function _analogRead *****************
 Defined at:
		line 90 in file "iopin.c"
 Parameters:    Size  Location     Type
  channel         2   33[COMRAM] int 
 Auto vars:     Size  Location     Type
		None
 Return value:  Size  Location     Type
                  4   33[COMRAM] long 
 Registers used:
		wreg, status,2, status,0
 Tracked objects:
		On entry : 
		On exit  : 
		Unchanged: 
 Data sizes:     COMRAM   BANK0   BANK1   BANK2   BANK3   BANK4   BANK5   BANK6   BANK7   BANK8   BANK9  BANK10  BANK11  BANK12  BANK13  BANK14  BANK15
      Params:         4       0       0       0       0       0       0       0       0       0       0       0       0       0       0       0       0
      Locals:         0       0       0       0       0       0       0       0       0       0       0       0       0       0       0       0       0
      Temps:          2       0       0       0       0       0       0       0       0       0       0       0       0       0       0       0       0
      Totals:         6       0       0       0       0       0       0       0       0       0       0       0       0       0       0       0       0
Total ram usage:        6 bytes
 Hardware stack levels used:    1
 Hardware stack levels required when called:    3
 This function calls:
		Nothing
 This function is called by:
		_sortBattery
 This function uses a non-reentrant model


 *************** function _showInterface *****************
 Defined at:
		line 16 in file "interface.c"
 Parameters:    Size  Location     Type
		None
 Auto vars:     Size  Location     Type
  key             1  102[BANK0 ] unsigned char 
 Return value:  Size  Location     Type
                  1    wreg      void 
 Registers used:
		wreg, fsr2l, fsr2h, status,2, status,0, tblptrl, tblptrh, tblptru, prodl, prodh, cstack
 Tracked objects:
		On entry : 
		On exit  : 
		Unchanged: 
 Data sizes:     COMRAM   BANK0   BANK1   BANK2   BANK3   BANK4   BANK5   BANK6   BANK7   BANK8   BANK9  BANK10  BANK11  BANK12  BANK13  BANK14  BANK15
      Params:         0       0       0       0       0       0       0       0       0       0       0       0       0       0       0       0       0
      Locals:         0       1       0       0       0       0       0       0       0       0       0       0       0       0       0       0       0
      Temps:          0       0       0       0       0       0       0       0       0       0       0       0       0       0       0       0       0
      Totals:         0       1       0       0       0       0       0       0       0       0       0       0       0       0       0       0       0
Total ram usage:        1 bytes
 Hardware stack levels used:    1
 Hardware stack levels required when called:    9
 This function calls:
		_dateTime
		_mainMenu
		_readKeypad
		_runMenu
		_runSelect
		_runStats
		_runTime
 This function is called by:
		_main
 This function uses a non-reentrant model


 *************** function _runTime *****************
 Defined at:
		line 117 in file "interface.c"
 Parameters:    Size  Location     Type
		None
 Auto vars:     Size  Location     Type
		None
 Return value:  Size  Location     Type
                  1    wreg      void 
 Registers used:
		wreg, fsr2l, fsr2h, status,2, status,0, tblptrl, tblptrh, tblptru, prodl, prodh, cstack
 Tracked objects:
		On entry : 
		On exit  : 
		Unchanged: 
 Data sizes:     COMRAM   BANK0   BANK1   BANK2   BANK3   BANK4   BANK5   BANK6   BANK7   BANK8   BANK9  BANK10  BANK11  BANK12  BANK13  BANK14  BANK15
      Params:         0       0       0       0       0       0       0       0       0       0       0       0       0       0       0       0       0
      Locals:         0       0       0       0       0       0       0       0       0       0       0       0       0       0       0       0       0
      Temps:          0       0       0       0       0       0       0       0       0       0       0       0       0       0       0       0       0
      Totals:         0       0       0       0       0       0       0       0       0       0       0       0       0       0       0       0       0
Total ram usage:        0 bytes
 Hardware stack levels used:    1
 Hardware stack levels required when called:    8
 This function calls:
		_lcdClear
		_printf
 This function is called by:
		_showInterface
 This function uses a non-reentrant model


 *************** function _runStats *****************
 Defined at:
		line 123 in file "interface.c"
 Parameters:    Size  Location     Type
		None
 Auto vars:     Size  Location     Type
		None
 Return value:  Size  Location     Type
                  1    wreg      void 
 Registers used:
		wreg, fsr2l, fsr2h, status,2, status,0, tblptrl, tblptrh, tblptru, prodl, prodh, cstack
 Tracked objects:
		On entry : 
		On exit  : 
		Unchanged: 
 Data sizes:     COMRAM   BANK0   BANK1   BANK2   BANK3   BANK4   BANK5   BANK6   BANK7   BANK8   BANK9  BANK10  BANK11  BANK12  BANK13  BANK14  BANK15
      Params:         0       0       0       0       0       0       0       0       0       0       0       0       0       0       0       0       0
      Locals:         0       0       0       0       0       0       0       0       0       0       0       0       0       0       0       0       0
      Temps:          0       0       0       0       0       0       0       0       0       0       0       0       0       0       0       0       0
      Totals:         0       0       0       0       0       0       0       0       0       0       0       0       0       0       0       0       0
Total ram usage:        0 bytes
 Hardware stack levels used:    1
 Hardware stack levels required when called:    8
 This function calls:
		_lcdClear
		_printf
 This function is called by:
		_showInterface
 This function uses a non-reentrant model


 *************** function _runSelect *****************
 Defined at:
		line 105 in file "interface.c"
 Parameters:    Size  Location     Type
		None
 Auto vars:     Size  Location     Type
		None
 Return value:  Size  Location     Type
                  1    wreg      void 
 Registers used:
		wreg, fsr2l, fsr2h, status,2, status,0, tblptrl, tblptrh, tblptru, prodl, prodh, cstack
 Tracked objects:
		On entry : 
		On exit  : 
		Unchanged: 
 Data sizes:     COMRAM   BANK0   BANK1   BANK2   BANK3   BANK4   BANK5   BANK6   BANK7   BANK8   BANK9  BANK10  BANK11  BANK12  BANK13  BANK14  BANK15
      Params:         0       0       0       0       0       0       0       0       0       0       0       0       0       0       0       0       0
      Locals:         0       0       0       0       0       0       0       0       0       0       0       0       0       0       0       0       0
      Temps:          0       0       0       0       0       0       0       0       0       0       0       0       0       0       0       0       0
      Totals:         0       0       0       0       0       0       0       0       0       0       0       0       0       0       0       0       0
Total ram usage:        0 bytes
 Hardware stack levels used:    1
 Hardware stack levels required when called:    8
 This function calls:
		_lcdClear
		_printf
 This function is called by:
		_showInterface
 This function uses a non-reentrant model


 *************** function _runMenu *****************
 Defined at:
		line 111 in file "interface.c"
 Parameters:    Size  Location     Type
  key             1    wreg     unsigned char 
 Auto vars:     Size  Location     Type
  key             1  101[BANK0 ] unsigned char 
 Return value:  Size  Location     Type
                  1    wreg      void 
 Registers used:
		wreg, fsr2l, fsr2h, status,2, status,0, tblptrl, tblptrh, tblptru, prodl, prodh, cstack
 Tracked objects:
		On entry : 
		On exit  : 
		Unchanged: 
 Data sizes:     COMRAM   BANK0   BANK1   BANK2   BANK3   BANK4   BANK5   BANK6   BANK7   BANK8   BANK9  BANK10  BANK11  BANK12  BANK13  BANK14  BANK15
      Params:         0       0       0       0       0       0       0       0       0       0       0       0       0       0       0       0       0
      Locals:         0       1       0       0       0       0       0       0       0       0       0       0       0       0       0       0       0
      Temps:          0       0       0       0       0       0       0       0       0       0       0       0       0       0       0       0       0
      Totals:         0       1       0       0       0       0       0       0       0       0       0       0       0       0       0       0       0
Total ram usage:        1 bytes
 Hardware stack levels used:    1
 Hardware stack levels required when called:    8
 This function calls:
		_lcdClear
		_printf
 This function is called by:
		_showInterface
 This function uses a non-reentrant model


 *************** function _readKeypad *****************
 Defined at:
		line 36 in file "keypad.c"
 Parameters:    Size  Location     Type
		None
 Auto vars:     Size  Location     Type
  key             1   33[COMRAM] unsigned char 
 Return value:  Size  Location     Type
                  1    wreg      unsigned char 
 Registers used:
		wreg, status,2, status,0, tblptrl, tblptrh, tblptru, prodl, prodh
 Tracked objects:
		On entry : 
		On exit  : 
		Unchanged: 
 Data sizes:     COMRAM   BANK0   BANK1   BANK2   BANK3   BANK4   BANK5   BANK6   BANK7   BANK8   BANK9  BANK10  BANK11  BANK12  BANK13  BANK14  BANK15
      Params:         0       0       0       0       0       0       0       0       0       0       0       0       0       0       0       0       0
      Locals:         1       0       0       0       0       0       0       0       0       0       0       0       0       0       0       0       0
      Temps:          0       0       0       0       0       0       0       0       0       0       0       0       0       0       0       0       0
      Totals:         1       0       0       0       0       0       0       0       0       0       0       0       0       0       0       0       0
Total ram usage:        1 bytes
 Hardware stack levels used:    1
 Hardware stack levels required when called:    3
 This function calls:
		Nothing
 This function is called by:
		_main
		_sortBattery
		_showInterface
		_pause
 This function uses a non-reentrant model


 *************** function _mainMenu *****************
 Defined at:
		line 99 in file "interface.c"
 Parameters:    Size  Location     Type
[...]
 Registers used:
		wreg, status,2, status,0, cstack
 Tracked objects:
		On entry : 
		On exit  : 
		Unchanged: 
 Data sizes:     COMRAM   BANK0   BANK1   BANK2   BANK3   BANK4   BANK5   BANK6   BANK7   BANK8   BANK9  BANK10  BANK11  BANK12  BANK13  BANK14  BANK15
      Params:         0       0       0       0       0       0       0       0       0       0       0       0       0       0       0       0       0
      Locals:         1       0       0       0       0       0       0       0       0       0       0       0       0       0       0       0       0
      Temps:          1       0       0       0       0       0       0       0       0       0       0       0       0       0       0       0       0
      Totals:         2       0       0       0       0       0       0       0       0       0       0       0       0       0       0       0       0
Total ram usage:        2 bytes
 Hardware stack levels used:    1
 Hardware stack levels required when called:    4
 This function calls:
		_lcdNibble
 This function is called by:
		_initLCD
		_lcdHome
		_lcdClear
		_lcdNewline
 This function uses a non-reentrant model


 *************** function _lcdNibble *****************
 Defined at:
		line 46 in file "lcd.c"
 Parameters:    Size  Location     Type
  data            1    wreg     unsigned char 
 Auto vars:     Size  Location     Type
  data            1   34[COMRAM] unsigned char 
  temp            1   33[COMRAM] unsigned char 
 Return value:  Size  Location     Type
                  1    wreg      void 
 Registers used:
		wreg, status,2, status,0
 Tracked objects:
		On entry : 
		On exit  : 
		Unchanged: 
 Data sizes:     COMRAM   BANK0   BANK1   BANK2   BANK3   BANK4   BANK5   BANK6   BANK7   BANK8   BANK9  BANK10  BANK11  BANK12  BANK13  BANK14  BANK15
      Params:         0       0       0       0       0       0       0       0       0       0       0       0       0       0       0       0       0
      Locals:         2       0       0       0       0       0       0       0       0       0       0       0       0       0       0       0       0
      Temps:          0       0       0       0       0       0       0       0       0       0       0       0       0       0       0       0       0
      Totals:         2       0       0       0       0       0       0       0       0       0       0       0       0       0       0       0       0
Total ram usage:        2 bytes
 Hardware stack levels used:    1
 Hardware stack levels required when called:    3
 This function calls:
		Nothing
 This function is called by:
		_lcdInst
		_putch
 This function uses a non-reentrant model


 *************** function ___almod *****************
 Defined at:
		line 8 in file "C:\Program Files (x86)\Microchip\xc8\v1.40\sources\common\almod.c"
 Parameters:    Size  Location     Type
  dividend        4   47[COMRAM] long 
  divisor         4   51[COMRAM] long 
 Auto vars:     Size  Location     Type
  sign            1   56[COMRAM] unsigned char 
  counter         1   55[COMRAM] unsigned char 
 Return value:  Size  Location     Type
                  4   47[COMRAM] long 
 Registers used:
		wreg, status,2, status,0
 Tracked objects:
		On entry : 
		On exit  : 
		Unchanged: 
 Data sizes:     COMRAM   BANK0   BANK1   BANK2   BANK3   BANK4   BANK5   BANK6   BANK7   BANK8   BANK9  BANK10  BANK11  BANK12  BANK13  BANK14  BANK15
      Params:         8       0       0       0       0       0       0       0       0       0       0       0       0       0       0       0       0
      Locals:         2       0       0       0       0       0       0       0       0       0       0       0       0       0       0       0       0
      Temps:          0       0       0       0       0       0       0       0       0       0       0       0       0       0       0       0       0
      Totals:        10       0       0       0       0       0       0       0       0       0       0       0       0       0       0       0       0
Total ram usage:       10 bytes
 Hardware stack levels used:    1
 Hardware stack levels required when called:    3
 This function calls:
		Nothing
 This function is called by:
		_main
 This function uses a non-reentrant model


 *************** function ___aldiv *****************
 Defined at:
		line 8 in file "C:\Program Files (x86)\Microchip\xc8\v1.40\sources\common\aldiv.c"
 Parameters:    Size  Location     Type
  dividend        4   33[COMRAM] long 
  divisor         4   37[COMRAM] long 
 Auto vars:     Size  Location     Type
  quotient        4   43[COMRAM] long 
  sign            1   42[COMRAM] unsigned char 
  counter         1   41[COMRAM] unsigned char 
 Return value:  Size  Location     Type
                  4   33[COMRAM] long 
 Registers used:
		wreg, status,2, status,0
 Tracked objects:
		On entry : 
		On exit  : 
		Unchanged: 
 Data sizes:     COMRAM   BANK0   BANK1   BANK2   BANK3   BANK4   BANK5   BANK6   BANK7   BANK8   BANK9  BANK10  BANK11  BANK12  BANK13  BANK14  BANK15
      Params:         8       0       0       0       0       0       0       0       0       0       0       0       0       0       0       0       0
      Locals:         6       0       0       0       0       0       0       0       0       0       0       0       0       0       0       0       0
      Temps:          0       0       0       0       0       0       0       0       0       0       0       0       0       0       0       0       0
      Totals:        14       0       0       0       0       0       0       0       0       0       0       0       0       0       0       0       0
Total ram usage:       14 bytes
 Hardware stack levels used:    1
 Hardware stack levels required when called:    3
 This function calls:
		Nothing
 This function is called by:
		_main
 This function uses a non-reentrant model


 *************** function _service *****************
 Defined at:
		line 303 in file "main.c"
 Parameters:    Size  Location     Type
		None
 Auto vars:     Size  Location     Type
		None
 Return value:  Size  Location     Type
                  1    wreg      void 
 Registers used:
		wreg, fsr2l, fsr2h, status,2, status,0, cstack
 Tracked objects:
		On entry : 
		On exit  : 
		Unchanged: 
 Data sizes:     COMRAM   BANK0   BANK1   BANK2   BANK3   BANK4   BANK5   BANK6   BANK7   BANK8   BANK9  BANK10  BANK11  BANK12  BANK13  BANK14  BANK15
      Params:         0       0       0       0       0       0       0       0       0       0       0       0       0       0       0       0       0
      Locals:         0       0       0       0       0       0       0       0       0       0       0       0       0       0       0       0       0
      Temps:         14       0       0       0       0       0       0       0       0       0       0       0       0       0       0       0       0
      Totals:        14       0       0       0       0       0       0       0       0       0       0       0       0       0       0       0       0
Total ram usage:       14 bytes
 Hardware stack levels used:    1
 Hardware stack levels required when called:    2
 This function calls:
		_servoInterruptService
 This function is called by:
		Interrupt level 2
 This function uses a non-reentrant model


 *************** function _servoInterruptService *****************
 Defined at:
		line 52 in file "servo.c"
 Parameters:    Size  Location     Type
		None
 Auto vars:     Size  Location     Type
		None
 Return value:  Size  Location     Type
                  1    wreg      void 
 Registers used:
		wreg, fsr2l, fsr2h, status,2, status,0, cstack
 Tracked objects:
		On entry : 
		On exit  : 
		Unchanged: 
 Data sizes:     COMRAM   BANK0   BANK1   BANK2   BANK3   BANK4   BANK5   BANK6   BANK7   BANK8   BANK9  BANK10  BANK11  BANK12  BANK13  BANK14  BANK15
      Params:         0       0       0       0       0       0       0       0       0       0       0       0       0       0       0       0       0
      Locals:         0       0       0       0       0       0       0       0       0       0       0       0       0       0       0       0       0
      Temps:          4       0       0       0       0       0       0       0       0       0       0       0       0       0       0       0       0
      Totals:         4       0       0       0       0       0       0       0       0       0       0       0       0       0       0       0       0
Total ram usage:        4 bytes
 Hardware stack levels used:    1
 Hardware stack levels required when called:    1
 This function calls:
		i2___awmod
		i2_digitalWrite
		i2_startTimer
 This function is called by:
		_service
 This function uses a non-reentrant model


 *************** function i2_startTimer *****************
 Defined at:
		line 76 in file "timer.c"
 Parameters:    Size  Location     Type
  timer           2    6[COMRAM] int 
  val             4    8[COMRAM] long 
 Auto vars:     Size  Location     Type
		None
 Return value:  Size  Location     Type
                  1    wreg      void 
 Registers used:
		wreg, status,2, status,0
 Tracked objects:
		On entry : 
		On exit  : 
		Unchanged: 
 Data sizes:     COMRAM   BANK0   BANK1   BANK2   BANK3   BANK4   BANK5   BANK6   BANK7   BANK8   BANK9  BANK10  BANK11  BANK12  BANK13  BANK14  BANK15
      Params:         6       0       0       0       0       0       0       0       0       0       0       0       0       0       0       0       0
      Locals:         0       0       0       0       0       0       0       0       0       0       0       0       0       0       0       0       0
      Temps:          2       0       0       0       0       0       0       0       0       0       0       0       0       0       0       0       0
      Totals:         8       0       0       0       0       0       0       0       0       0       0       0       0       0       0       0       0
Total ram usage:        8 bytes
 Hardware stack levels used:    1
 This function calls:
		Nothing
 This function is called by:
		_servoInterruptService
 This function uses a non-reentrant model


 *************** function i2_digitalWrite *****************
 Defined at:
		line 53 in file "iopin.c"
 Parameters:    Size  Location     Type
  pin             2    6[COMRAM] PTR int 
		 -> AA_float(4), cylinderDir(4), redirectingServo(4), padServo(4), 
		 -> conveyorServo(4), cylinderMotor(4), 
  val             2    8[COMRAM] int 
 Auto vars:     Size  Location     Type
  digitalWrite    2   13[COMRAM] int 
 Return value:  Size  Location     Type
                  1    wreg      void 
 Registers used:
		wreg, fsr2l, fsr2h, status,2, status,0
 Tracked objects:
		On entry : 
		On exit  : 
		Unchanged: 
 Data sizes:     COMRAM   BANK0   BANK1   BANK2   BANK3   BANK4   BANK5   BANK6   BANK7   BANK8   BANK9  BANK10  BANK11  BANK12  BANK13  BANK14  BANK15
      Params:         4       0       0       0       0       0       0       0       0       0       0       0       0       0       0       0       0
      Locals:         2       0       0       0       0       0       0       0       0       0       0       0       0       0       0       0       0
      Temps:          3       0       0       0       0       0       0       0       0       0       0       0       0       0       0       0       0
      Totals:         9       0       0       0       0       0       0       0       0       0       0       0       0       0       0       0       0
Total ram usage:        9 bytes
 Hardware stack levels used:    1
 This function calls:
		Nothing
 This function is called by:
		_servoInterruptService
 This function uses a non-reentrant model


 *************** function i2___awmod *****************
 Defined at:
		line 8 in file "C:\Program Files (x86)\Microchip\xc8\v1.40\sources\common\awmod.c"
 Parameters:    Size  Location     Type
  dividend        2    0[COMRAM] int 
  divisor         2    2[COMRAM] int 
 Auto vars:     Size  Location     Type
  __awmod         1    5[COMRAM] unsigned char 
  __awmod         1    4[COMRAM] unsigned char 
 Return value:  Size  Location     Type
                  2    0[COMRAM] int 
 Registers used:
		wreg, status,2, status,0
 Tracked objects:
		On entry : 
		On exit  : 
		Unchanged: 
 Data sizes:     COMRAM   BANK0   BANK1   BANK2   BANK3   BANK4   BANK5   BANK6   BANK7   BANK8   BANK9  BANK10  BANK11  BANK12  BANK13  BANK14  BANK15
      Params:         4       0       0       0       0       0       0       0       0       0       0       0       0       0       0       0       0
      Locals:         2       0       0       0       0       0       0       0       0       0       0       0       0       0       0       0       0
      Temps:          0       0       0       0       0       0       0       0       0       0       0       0       0       0       0       0       0
      Totals:         6       0       0       0       0       0       0       0       0       0       0       0       0       0       0       0       0
Total ram usage:        6 bytes
 Hardware stack levels used:    1
 This function calls:
		Nothing
 This function is called by:
		_servoInterruptService
 This function uses a non-reentrant model



MODULE INFORMATION

Module		Function		Class		Link	Load	Size
C:\Program Files (x86)\Microchip\xc8\v1.40\sources\common\awtoft.c
		___awtoft      		CODE           	35A4	0000	57

C:\Program Files (x86)\Microchip\xc8\v1.40\sources\common\awtoft.c estimated size: 57

C:\Program Files (x86)\Microchip\xc8\v1.40\sources\common\altoft.c
		___altoft      		CODE           	313A	0000	121

C:\Program Files (x86)\Microchip\xc8\v1.40\sources\common\altoft.c estimated size: 121

servo.c
		_initServo     		CODE           	2F32	0000	137
		_servoInterruptService		CODE           	2594	0000	263
		_setAngle      		CODE           	298C	0000	213
		_angleToPulse  		CODE           	1F4C	0000	345

servo.c estimated size: 958

keypad.c
		_readKeypad    		CODE           	3680	0000	39

keypad.c estimated size: 39

C:\Program Files (x86)\Microchip\xc8\v1.40\sources\common\ftneg.c
		___ftneg       		CODE           	3718	0000	37

C:\Program Files (x86)\Microchip\xc8\v1.40\sources\common\ftneg.c estimated size: 37

C:\Program Files (x86)\Microchip\xc8\v1.40\sources\common\doprnt.c
		_scale         		CODE           	12F4	0000	1047
		_printf        		CODE           	0012	0000	3577
		_fround        		CODE           	1CEC	0000	609

C:\Program Files (x86)\Microchip\xc8\v1.40\sources\common\doprnt.c estimated size: 5233

C:\Program Files (x86)\Microchip\xc8\v1.40\sources\common\lltoft.c
		___lltoft      		CODE           	335E	0000	93

C:\Program Files (x86)\Microchip\xc8\v1.40\sources\common\lltoft.c estimated size: 93

C:\Program Files (x86)\Microchip\xc8\v1.40\sources\common\ftsub.c
		___ftsub       		CODE           	33BA	0000	77

C:\Program Files (x86)\Microchip\xc8\v1.40\sources\common\ftsub.c estimated size: 77

C:\Program Files (x86)\Microchip\xc8\v1.40\sources\common\float.c
		___ftpack      		CODE           	2CBC	0000	175

C:\Program Files (x86)\Microchip\xc8\v1.40\sources\common\float.c estimated size: 175

timer.c
		_initTimer     		CODE           	349E	0000	75
		_startTimer    		CODE           	3406	0000	77

timer.c estimated size: 152

C:\Program Files (x86)\Microchip\xc8\v1.40\sources\common\ftdivl.c
		__tdiv_to_l_   		CODE           	233A	0000	307

C:\Program Files (x86)\Microchip\xc8\v1.40\sources\common\ftdivl.c estimated size: 307

C:\Program Files (x86)\Microchip\xc8\v1.40\sources\common\ftge.c
		___ftge        		CODE           	2E16	0000	145

C:\Program Files (x86)\Microchip\xc8\v1.40\sources\common\ftge.c estimated size: 145

C:\Program Files (x86)\Microchip\xc8\v1.40\sources\common\Umul16.c
		___wmul        		CODE           	36F2	0000	39

C:\Program Files (x86)\Microchip\xc8\v1.40\sources\common\Umul16.c estimated size: 39

C:\Program Files (x86)\Microchip\xc8\v1.40\sources\common\ftmul.c
		___ftmul       		CODE           	20A4	0000	339

C:\Program Files (x86)\Microchip\xc8\v1.40\sources\common\ftmul.c estimated size: 339

C:\Program Files (x86)\Microchip\xc8\v1.40\sources\common\awmod.c
		___awmod       		CODE           	31B2	0000	113

C:\Program Files (x86)\Microchip\xc8\v1.40\sources\common\awmod.c estimated size: 113

iopin.c
		_digitalRead   		CODE           	28A2	0000	235
		_digitalWrite  		CODE           	2B2C	0000	201
		_analogRead    		CODE           	356C	0000	57

iopin.c estimated size: 493

C:\Program Files (x86)\Microchip\xc8\v1.40\sources\common\ftdiv.c
		___ftdiv       		CODE           	279E	0000	261

C:\Program Files (x86)\Microchip\xc8\v1.40\sources\common\ftdiv.c estimated size: 261

C:\Program Files (x86)\Microchip\xc8\v1.40\sources\common\llmod.c
		___llmod       		CODE           	3292	0000	103

C:\Program Files (x86)\Microchip\xc8\v1.40\sources\common\llmod.c estimated size: 103

C:\Program Files (x86)\Microchip\xc8\v1.40\sources\common\almod.c
		___almod       		CODE           	2D6A	0000	173

C:\Program Files (x86)\Microchip\xc8\v1.40\sources\common\almod.c estimated size: 173

C:\Program Files (x86)\Microchip\xc8\v1.40\sources\common\isdigit.c
		_isdigit       		CODE           	37A2	0000	31

C:\Program Files (x86)\Microchip\xc8\v1.40\sources\common\isdigit.c estimated size: 31

shared
		__powers_      		MEDIUMCONST    	FE6C	0000	40
		_dpowers       		MEDIUMCONST    	FE1D	0000	41
		i2_startTimer  		CODE           	3452	0000	77
		__npowers_     		MEDIUMCONST    	FE45	0000	40
		_keys          		MEDIUMCONST    	FEB3	0000	18
		__initialization		CODE           	2EA6	0000	127
		i2___awmod     		CODE           	3222	0000	113
		_hexpowers     		MEDIUMCONST    	FE93	0000	33
		_happynewyear  		MEDIUMCONST    	FEC4	0000	8
		i2_digitalWrite		CODE           	2BF4	0000	201

shared estimated size: 698

interface.c
		_dateTime      		CODE           	36CC	0000	39
		_runSelect     		CODE           	365A	0000	39
		_runTime       		CODE           	360E	0000	39
		_runStats      		CODE           	3634	0000	39
		_runMenu       		CODE           	35DC	0000	51
		_showInterface 		CODE           	269A	0000	261
		_mainMenu      		CODE           	36A6	0000	39

interface.c estimated size: 507

lcd.c
		_putch         		CODE           	375E	0000	35
		_lcdInst       		CODE           	3780	0000	35
		_lcdClear      		CODE           	37E4	0000	9
		_lcdNibble     		CODE           	32F8	0000	103
		_lcdHome       		CODE           	37EC	0000	9
		_initLCD       		CODE           	34E8	0000	71
		_lcdNewline    		CODE           	37DC	0000	9

lcd.c estimated size: 271

C:\Program Files (x86)\Microchip\xc8\v1.40\sources\common\fttol.c
		___fttol       		CODE           	21F6	0000	325

C:\Program Files (x86)\Microchip\xc8\v1.40\sources\common\fttol.c estimated size: 325

C:\Program Files (x86)\Microchip\xc8\v1.40\sources\common\fldivl.c
		__div_to_l_    		CODE           	246C	0000	297

C:\Program Files (x86)\Microchip\xc8\v1.40\sources\common\fldivl.c estimated size: 297

C:\Program Files (x86)\Microchip\xc8\v1.40\sources\common\awdiv.c
		___awdiv       		CODE           	2FBA	0000	133

C:\Program Files (x86)\Microchip\xc8\v1.40\sources\common\awdiv.c estimated size: 133

main.c
		_service       		CODE           	0008	0000	129
		_sortBattery   		CODE           	0E0A	0000	1259
		_pinSetup      		CODE           	352E	0000	63
		_main          		CODE           	170A	0000	891

main.c estimated size: 2342

C:\Program Files (x86)\Microchip\xc8\v1.40\sources\common\ftadd.c
		___ftadd       		CODE           	1A84	0000	617

C:\Program Files (x86)\Microchip\xc8\v1.40\sources\common\ftadd.c estimated size: 617

C:\Program Files (x86)\Microchip\xc8\v1.40\sources\common\lldiv.c
		___lldiv       		CODE           	303E	0000	131

C:\Program Files (x86)\Microchip\xc8\v1.40\sources\common\lldiv.c estimated size: 131

C:\Program Files (x86)\Microchip\xc8\v1.40\sources\common\aldiv.c
		___aldiv       		CODE           	2A60	0000	205

C:\Program Files (x86)\Microchip\xc8\v1.40\sources\common\aldiv.c estimated size: 205

