Microchip MPLAB XC8 Compiler V1.40 ()

Linker command line:

-W-3 --edf=C:\Program Files (x86)\Microchip\xc8\v1.40\dat\en_msgs.txt -cs \
  -h+dist/default/production\PIC18_LCD_LIB.X.production.sym \
  --cmf=dist/default/production\PIC18_LCD_LIB.X.production.cmf -z -Q18F4620 \
  -oC:\Users\Nam\AppData\Local\Temp\sd50.2 \
  -Mdist/default/production/PIC18_LCD_LIB.X.production.map -E1 -ver=XC8 \
  -ASTACK=0179h-0f7fh -pstack=STACK -ACODE=00h-0FFFFh -ACONST=00h-0FFFFh \
  -ASMALLCONST=01000h-010FFhx240 -AMEDIUMCONST=01000h-0FFFFh \
  -ACOMRAM=01h-07Fh -AABS1=00h-0F7Fh -ABIGRAM=01h-0F7Fh \
  -ARAM=080h-0FFh,0100h-01FFhx14,0F00h-0F7Fh -ABANK0=080h-0FFh \
  -ABANK1=0100h-01FFh -ABANK2=0200h-02FFh -ABANK3=0300h-03FFh \
  -ABANK4=0400h-04FFh -ABANK5=0500h-05FFh -ABANK6=0600h-06FFh \
  -ABANK7=0700h-07FFh -ABANK8=0800h-08FFh -ABANK9=0900h-09FFh \
  -ABANK10=0A00h-0AFFh -ABANK11=0B00h-0BFFh -ABANK12=0C00h-0CFFh \
  -ABANK13=0D00h-0DFFh -ABANK14=0E00h-0EFFh -ABANK15=0F00h-0F7Fh \
  -ASFR=0F80h-0FFFh -preset_vec=00h,intcode=08h,intcodelo,powerup,init \
  -pramtop=01000h -psmallconst=SMALLCONST -pmediumconst=MEDIUMCONST \
  -pconst=CONST -AFARRAM=00h-00h -ACONFIG=0300000h-030000Dh -pconfig=CONFIG \
  -AIDLOC=0200000h-0200007h -pidloc=IDLOC -AEEDATA=0F00000h-0F003FFh \
  -peeprom_data=EEDATA \
  -prdata=COMRAM,nvrram=COMRAM,nvbit=COMRAM,rbss=COMRAM,rbit=COMRAM \
  -pfarbss=FARRAM,fardata=FARRAM,nvFARRAM=FARRAM \
  -pintsave_regs=BIGRAM,bigbss=BIGRAM,bigdata=BIGRAM -pbss=RAM \
  -pidata=CODE,irdata=CODE,ibigdata=CODE,ifardata=CODE -prparam=COMRAM \
  C:\Users\Nam\AppData\Local\Temp\sd50.obj \
  dist/default/production\PIC18_LCD_LIB.X.production.obj 

Object code version is 3.11

Machine type is 18F4620

Call graph: (short form)




                Name                               Link     Load   Length Selector   Space Scale
C:\Users\Nam\AppData\Local\Temp\sd50.obj
                init                                  E        E        4        4       0
                reset_vec                             0        0        4        0       0
                idloc                            200000   200000        8   200000       0
                config                           300000   300000        E   300000       0
dist/default/production\PIC18_LCD_LIB.X.production.obj
                intcode                               8        8        6        4       0
                temp                                 7E       7E        1        1       1
                mediumconst                        FDC2     FDC2      23E     7EE1       0
                text71                             4650     4650       70        4       0
                text70                             3C3C     3C3C       C8        4       0
                text69                             4884     4884       4C        4       0
                text68                             34EC     34EC      106        4       0
                text67                             4726     4726       66        4       0
                text66                             4C1C     4C1C       22        4       0
                text65                             4C6C     4C6C        8        4       0
                text64                             424E     424E       90        4       0
                text63                             4BD6     4BD6       24        4       0
                text62                             3F2C     3F2C       AE        4       0
                text61                             24F0     24F0      1AC        4       0
                text60                             49EA     49EA       40        4       0
                text59                             37EA     37EA       F4        4       0
                text58                             43F0     43F0       82        4       0
                text57                             46C0     46C0       66        4       0
                text56                             478C     478C       5C        4       0
                text55                             32B8     32B8      128        4       0
                text54                             3056     3056      132        4       0
                text53                             436C     436C       84        4       0
                text52                             36F6     36F6       F4        4       0
                text51                             4BB0     4BB0       26        4       0
                text50                             22AA     22AA      246        4       0
                text49                             4C64     4C64        8        4       0
                text48                             4BFA     4BFA       22        4       0
                text47                             160A     160A      3F0        4       0
                text46                              964      964      7F8        4       0
                text45                             4566     4566       78        4       0
                text44                             4A68     4A68       38        4       0
                text43                             38DE     38DE       E6        4       0
                text42                             2F16     2F16      140        4       0
                text41                             3E7E     3E7E       AE        4       0
                intcode_body                       39C4     39C4       DC        4       0
                text39                             44EE     44EE       78        4       0
                text38                             4B5E     4B5E       2A        4       0
                text37                             491A     491A       4A        4       0
                text36                             48D0     48D0       4A        4       0
                text35                             33E0     33E0      10C        4       0
                text34                             407C     407C       9E        4       0
                text33                             4964     4964       44        4       0
                text32                             2042     2042      268        4       0
                text31                             2C86     2C86      14C        4       0
                text30                             2B28     2B28      15E        4       0
                text29                             2DD2     2DD2      144        4       0
                text28                             29C2     29C2      166        4       0
                text27                             3AA0     3AA0       D4        4       0
                text26                             47E8     47E8       50        4       0
                text25                             42DE     42DE       8E        4       0
                text24                             4A2A     4A2A       3E        4       0
                text23                             49A8     49A8       42        4       0
                text22                             3188     3188      130        4       0
                text21                             35F2     35F2      104        4       0
                text20                             4C5C     4C5C        8        4       0
                text19                             3B74     3B74       C8        4       0
                text18                             4AD6     4AD6       30        4       0
                text17                             4838     4838       4C        4       0
                text16                             3DC2     3DC2       BC        4       0
                text15                             41B4     41B4       9A        4       0
                text14                             4472     4472       7C        4       0
                text13                             283A     283A      188        4       0
                text12                             269C     269C      19E        4       0
                text11                             3D04     3D04       BE        4       0
                text10                             3FDA     3FDA       A2        4       0
                text9                              4AA0     4AA0       36        4       0
                text8                              1D96     1D96      2AC        4       0
                text7                              4C54     4C54        8        4       0
                text6                              4B88     4B88       28        4       0
                text5                              115C     115C      4AE        4       0
                text4                                12       12      952        4       0
                text3                              4B34     4B34       2A        4       0
                text2                              4C3E     4C3E       16        4       0
                text1                              19FA     19FA      39C        4       0
                text0                              411A     411A       9A        4       0
                cstackCOMRAM                          1        1       72        1       1
                cstackBANK0                          80       80       6A       80       1
                cstackBANK1                         100      100       32      100       1
                dataBANK1                           132      132       2E      100       1
                bssBANK1                            160      160       19      100       1
                bssBANK0                             EA       EA        8       80       1
                dataCOMRAM                           7A       7A        4        1       1
                bssCOMRAM                            73       73        7        1       1
                cinit                              45DE     45DE       72        4       0
                idataBANK1                         4B06     4B06       2E        4       0
                idataCOMRAM                        4C74     4C74        4        4       0

TOTAL           Name                               Link     Load   Length     Space
        CLASS   STACK          

        CLASS   CODE           
                intcode                               8        8        6         0
                init                                  E        E        4         0
                reset_vec                             0        0        4         0
                text71                             4650     4650       70         0
                text70                             3C3C     3C3C       C8         0
                text69                             4884     4884       4C         0
                text68                             34EC     34EC      106         0
                text67                             4726     4726       66         0
                text66                             4C1C     4C1C       22         0
                text65                             4C6C     4C6C        8         0
                text64                             424E     424E       90         0
                text63                             4BD6     4BD6       24         0
                text62                             3F2C     3F2C       AE         0
                text61                             24F0     24F0      1AC         0
                text60                             49EA     49EA       40         0
                text59                             37EA     37EA       F4         0
                text58                             43F0     43F0       82         0
                text57                             46C0     46C0       66         0
                text56                             478C     478C       5C         0
                text55                             32B8     32B8      128         0
                text54                             3056     3056      132         0
                text53                             436C     436C       84         0
                text52                             36F6     36F6       F4         0
                text51                             4BB0     4BB0       26         0
                text50                             22AA     22AA      246         0
                text49                             4C64     4C64        8         0
                text48                             4BFA     4BFA       22         0
                text47                             160A     160A      3F0         0
                text46                              964      964      7F8         0
                text45                             4566     4566       78         0
                text44                             4A68     4A68       38         0
                text43                             38DE     38DE       E6         0
                text42                             2F16     2F16      140         0
                text41                             3E7E     3E7E       AE         0
                intcode_body                       39C4     39C4       DC         0
                text39                             44EE     44EE       78         0
                text38                             4B5E     4B5E       2A         0
                text37                             491A     491A       4A         0
                text36                             48D0     48D0       4A         0
                text35                             33E0     33E0      10C         0
                text34                             407C     407C       9E         0
                text33                             4964     4964       44         0
                text32                             2042     2042      268         0
                text31                             2C86     2C86      14C         0
                text30                             2B28     2B28      15E         0
                text29                             2DD2     2DD2      144         0
                text28                             29C2     29C2      166         0
                text27                             3AA0     3AA0       D4         0
                text26                             47E8     47E8       50         0
                text25                             42DE     42DE       8E         0
                text24                             4A2A     4A2A       3E         0
                text23                             49A8     49A8       42         0
                text22                             3188     3188      130         0
                text21                             35F2     35F2      104         0
                text20                             4C5C     4C5C        8         0
                text19                             3B74     3B74       C8         0
                text18                             4AD6     4AD6       30         0
                text17                             4838     4838       4C         0
                text16                             3DC2     3DC2       BC         0
                text15                             41B4     41B4       9A         0
                text14                             4472     4472       7C         0
                text13                             283A     283A      188         0
                text12                             269C     269C      19E         0
                text11                             3D04     3D04       BE         0
                text10                             3FDA     3FDA       A2         0
                text9                              4AA0     4AA0       36         0
                text8                              1D96     1D96      2AC         0
                text7                              4C54     4C54        8         0
                text6                              4B88     4B88       28         0
                text5                              115C     115C      4AE         0
                text4                                12       12      952         0
                text3                              4B34     4B34       2A         0
                text2                              4C3E     4C3E       16         0
                text1                              19FA     19FA      39C         0
                text0                              411A     411A       9A         0
                cinit                              45DE     45DE       72         0
                idataBANK1                         4B06     4B06       2E         0
                idataCOMRAM                        4C74     4C74        4         0

        CLASS   CONST          

        CLASS   SMALLCONST     

        CLASS   MEDIUMCONST    
                mediumconst                        FDC2     FDC2      23E         0

        CLASS   COMRAM         
                temp                                 7E       7E        1         1
                cstackCOMRAM                          1        1       72         1
                dataCOMRAM                           7A       7A        4         1
                bssCOMRAM                            73       73        7         1

        CLASS   ABS1           

        CLASS   BIGRAM         

        CLASS   RAM            

        CLASS   BANK0          
                cstackBANK0                          80       80       6A         1
                bssBANK0                             EA       EA        8         1

        CLASS   BANK1          
                cstackBANK1                         100      100       32         1
                dataBANK1                           132      132       2E         1
                bssBANK1                            160      160       19         1

        CLASS   BANK2          

        CLASS   BANK3          

        CLASS   BANK4          

        CLASS   BANK5          

        CLASS   BANK6          

        CLASS   BANK7          

        CLASS   BANK8          

        CLASS   BANK9          

        CLASS   BANK10         

        CLASS   BANK11         

        CLASS   BANK12         

        CLASS   BANK13         

        CLASS   BANK14         

        CLASS   BANK15         

        CLASS   SFR            

        CLASS   FARRAM         

        CLASS   CONFIG         
                config                           300000   300000        E         0

        CLASS   IDLOC          
                idloc                            200000   200000        8         0

        CLASS   EEDATA         



SEGMENTS        Name                           Load    Length   Top    Selector   Space  Class

                reset_vec                      000000  000004  000004         0       0  CODE    
                cstackCOMRAM                   000001  00007E  00007F         1       1  COMRAM  
                intcode                        000008  004C70  004C78         4       0  CODE    
                cstackBANK0                    000080  000072  0000F2        80       1  BANK0   
                cstackBANK1                    000100  000079  000179       100       1  BANK1   
                mediumconst                    00FDC2  00023E  010000      7EE1       0  MEDIUMCO
                idloc                          200000  000008  200008    200000       0  IDLOC   
                config                         300000  00000E  30000E    300000       0  CONFIG  


UNUSED ADDRESS RANGES

        Name                Unused          Largest block    Delta
        BANK0            0000F2-0000FF                E
        BANK1            000179-0001FF               87
        BANK10           000A00-000AFF              100
        BANK11           000B00-000BFF              100
        BANK12           000C00-000CFF              100
        BANK13           000D00-000DFF              100
        BANK14           000E00-000EFF              100
        BANK15           000F00-000F7F               80
        BANK2            000200-0002FF              100
        BANK3            000300-0003FF              100
        BANK4            000400-0004FF              100
        BANK5            000500-0005FF              100
        BANK6            000600-0006FF              100
        BANK7            000700-0007FF              100
        BANK8            000800-0008FF              100
        BANK9            000900-0009FF              100
        BIGRAM           00007F-00007F                1
                         0000F2-0000FF                E
                         000179-000F7F              E07
        CODE             000004-000007                4
                         004C78-00FDC1             B14A
        COMRAM           00007F-00007F                1
        CONST            000004-000007                4
                         004C78-00FDC1             B14A
        EEDATA           F00000-F003FF              400
        MEDIUMCONST      004C78-00FDC1             B14A
        RAM              0000F2-0000FF                E
                         000179-000F7F              100
        SFR              000F80-000FFF               80
        SMALLCONST       004C78-00FDC1              100
        STACK            000179-000F7F              E07

                                  Symbol Table

?___altoft                      cstackBANK0  000096
?___awdiv                       cstackBANK0  000094
?___awmod                       cstackBANK0  00008E
?___awtoft                      cstackBANK0  000096
?___ftadd                       cstackBANK0  0000C8
?___ftdiv                       cstackBANK0  0000A0
?___ftmul                       cstackBANK0  0000AF
?___ftneg                       cstackBANK0  00008E
?___ftpack                      cstackBANK0  00008E
?___ftsub                       cstackBANK0  0000D4
?___fttol                       cstackBANK0  0000D4
?___lldiv                       cstackBANK0  00008E
?___llmod                       cstackBANK0  00009B
?___lltoft                      cstackBANK0  000096
?___wmul                        cstackBANK0  00009C
?__div_to_l_                    cstackBANK0  00008E
?__tdiv_to_l_                   cstackBANK0  00008E
?_analogRead                    cstackBANK0  00008E
?_angleToPulse                  cstackBANK0  0000E3
?_digitalRead                   cstackBANK0  00008E
?_fround                        cstackBANK0  0000BE
?_printf                        cstackBANK0  0000E3
?_scale                         cstackBANK0  0000BE
?i2___altoft                    cstackCOMRAM 000009
?i2___awdiv                     cstackCOMRAM 000007
?i2___awmod                     cstackCOMRAM 000001
?i2___awtoft                    cstackCOMRAM 000009
?i2___ftadd                     cstackCOMRAM 000035
?i2___ftdiv                     cstackCOMRAM 00000D
?i2___ftmul                     cstackCOMRAM 00001C
?i2___ftneg                     cstackCOMRAM 000001
?i2___ftpack                    cstackCOMRAM 000001
?i2___ftsub                     cstackCOMRAM 000041
?i2___fttol                     cstackCOMRAM 000041
?i2___lldiv                     cstackCOMRAM 000001
?i2___llmod                     cstackCOMRAM 00000E
?i2___lltoft                    cstackCOMRAM 000009
?i2___wmul                      cstackCOMRAM 00000F
?i2__div_to_l_                  cstackCOMRAM 000001
?i2__tdiv_to_l_                 cstackCOMRAM 000001
?i2_angleToPulse                cstackCOMRAM 000050
?i2_fround                      cstackCOMRAM 00002B
?i2_printf                      cstackCOMRAM 000050
?i2_scale                       cstackCOMRAM 00002B
_AA_float                       dataBANK1    000150
_ACKDT                          (abs)        007E2D
_ACKEN                          (abs)        007E2C
_ADCON0                         (abs)        000FC2
_ADCON1                         (abs)        000FC1
_ADCON2                         (abs)        000FC0
_ADRESH                         (abs)        000FC4
_ADRESL                         (abs)        000FC3
_EEADR                          (abs)        000FA9
_EEADRH                         (abs)        000FAA
_EECON1                         (abs)        000FA6
_EECON2                         (abs)        000FA7
_EEDATA                         (abs)        000FA8
_EEIF                           (abs)        007D0C
_INT0IE                         (abs)        007F94
_INT0IF                         (abs)        007F91
_INT1IE                         (abs)        007F83
_INT1IF                         (abs)        007F80
_INTCONbits                     (abs)        000FF2
_LATA                           (abs)        000F89
_LATB                           (abs)        000F8A
_LATC                           (abs)        000F8B
_LATD                           (abs)        000F8C
_LATDbits                       (abs)        000F8C
_LATE                           (abs)        000F8D
_PEIE                           (abs)        007F96
_PEN                            (abs)        007E2A
_PORTA                          (abs)        000F80
_PORTB                          (abs)        000F81
_PORTBbits                      (abs)        000F81
_PORTC                          (abs)        000F82
_PORTD                          (abs)        000F83
_RCEN                           (abs)        007E2B
_RSEN                           (abs)        007E29
_SEN                            (abs)        007E28
_SSPADD                         (abs)        000FC8
_SSPBUF                         (abs)        000FC9
_SSPCON1                        (abs)        000FC6
_SSPCON2                        (abs)        000FC5
_SSPSTAT                        (abs)        000FC7
_T0CON                          (abs)        000FD5
_T1CON                          (abs)        000FCD
_T3CON                          (abs)        000FB1
_TMR0H                          (abs)        000FD7
_TMR0IE                         (abs)        007F95
_TMR0IF                         (abs)        007F92
_TMR0L                          (abs)        000FD6
_TMR1H                          (abs)        000FCF
_TMR1IE                         (abs)        007CE8
_TMR1L                          (abs)        000FCE
_TMR3H                          (abs)        000FB3
_TMR3IE                         (abs)        007D01
_TMR3L                          (abs)        000FB2
_TRISA                          (abs)        000F92
_TRISB                          (abs)        000F93
_TRISC                          (abs)        000F94
_TRISC3                         (abs)        007CA3
_TRISC4                         (abs)        007CA4
_TRISD                          (abs)        000F95
_TRISE                          (abs)        000F96
_V_LIM_9V                       bssBANK1     00016C
_V_LIM_AA                       bssBANK1     00016F
_V_LIM_C                        bssBANK1     000172
__CFG_BOREN$SBORDIS             (abs)        000000
__CFG_BORV$3                    (abs)        000000
__CFG_CCP2MX$PORTC              (abs)        000000
__CFG_CP0$OFF                   (abs)        000000
__CFG_CP1$OFF                   (abs)        000000
__CFG_CP2$OFF                   (abs)        000000
__CFG_CP3$OFF                   (abs)        000000
__CFG_CPB$OFF                   (abs)        000000
__CFG_CPD$OFF                   (abs)        000000
__CFG_EBTR0$OFF                 (abs)        000000
__CFG_EBTR1$OFF                 (abs)        000000
__CFG_EBTR2$OFF                 (abs)        000000
__CFG_EBTR3$OFF                 (abs)        000000
__CFG_EBTRB$OFF                 (abs)        000000
__CFG_FCMEN$OFF                 (abs)        000000
__CFG_IESO$OFF                  (abs)        000000
__CFG_LPT1OSC$OFF               (abs)        000000
__CFG_LVP$OFF                   (abs)        000000
__CFG_MCLRE$ON                  (abs)        000000
__CFG_OSC$HS                    (abs)        000000
__CFG_PBADEN$ON                 (abs)        000000
__CFG_PWRT$OFF                  (abs)        000000
__CFG_STVREN$ON                 (abs)        000000
__CFG_WDT$OFF                   (abs)        000000
__CFG_WDTPS$32768               (abs)        000000
__CFG_WRT0$OFF                  (abs)        000000
__CFG_WRT1$OFF                  (abs)        000000
__CFG_WRT2$OFF                  (abs)        000000
__CFG_WRT3$OFF                  (abs)        000000
__CFG_WRTB$OFF                  (abs)        000000
__CFG_WRTC$OFF                  (abs)        000000
__CFG_WRTD$OFF                  (abs)        000000
__CFG_XINST$OFF                 (abs)        000000
__HRAM                          (abs)        000000
__Habs1                         abs1         000000
__Hbank0                        bank0        000000
__Hbank1                        bank1        000000
__Hbank10                       bank10       000000
__Hbank11                       bank11       000000
__Hbank12                       bank12       000000
__Hbank13                       bank13       000000
__Hbank14                       bank14       000000
__Hbank15                       bank15       000000
__Hbank2                        bank2        000000
__Hbank3                        bank3        000000
__Hbank4                        bank4        000000
__Hbank5                        bank5        000000
__Hbank6                        bank6        000000
__Hbank7                        bank7        000000
__Hbank8                        bank8        000000
__Hbank9                        bank9        000000
__Hbigbss                       bigbss       000000
__Hbigdata                      bigdata      000000
__Hbigram                       bigram       000000
__Hbss                          bss          000000
__HbssBANK0                     bssBANK0     000000
__HbssBANK1                     bssBANK1     000000
__HbssCOMRAM                    bssCOMRAM    000000
__Hcinit                        cinit        000000
__Hclrtext                      clrtext      000000
__Hcomram                       comram       000000
__Hconfig                       config       30000E
__Hconst                        const        000000
__HcstackBANK0                  cstackBANK0  000000
__HcstackBANK1                  cstackBANK1  000000
__HcstackCOMRAM                 cstackCOMRAM 000000
__Hdata                         data         000000
__HdataBANK1                    dataBANK1    000000
__HdataCOMRAM                   dataCOMRAM   000000
__Heeprom_data                  eeprom_data  000000
__Hfarbss                       farbss       000000
__Hfardata                      fardata      000000
__Hibigdata                     ibigdata     000000
__Hidata                        idata        000000
__HidataBANK1                   idataBANK1   000000
__HidataCOMRAM                  idataCOMRAM  000000
__Hidloc                        idloc        200008
__Hifardata                     ifardata     000000
__Hinit                         init         000012
__Hintcode                      intcode      00000E
__Hintcode_body                 intcode_body 000000
__Hintcodelo                    intcodelo    00000E
__Hintentry                     intentry     000000
__Hintret                       intret       000000
__Hintsave_regs                 intsave_regs 000000
__Hirdata                       irdata       000000
__Hmediumconst                  mediumconst  010000
__HnvFARRAM                     nvFARRAM     000000
__Hnvbit                        nvbit        000000
__Hnvrram                       nvrram       000000
__Hparam                        rparam       000000
__Hpowerup                      powerup      00000E
__Hram                          ram          000000
__Hramtop                       ramtop       001000
__Hrbit                         rbit         000000
__Hrbss                         rbss         000000
__Hrdata                        rdata        000000
__Hreset_vec                    reset_vec    000004
__Hrparam                       rparam       000000
__Hsfr                          sfr          000000
__Hsmallconst                   smallconst   000000
__Hspace_0                      (abs)        30000E
__Hspace_1                      (abs)        000179
__Hspace_2                      (abs)        000000
__Hstack                        stack        000000
__Hstruct                       struct       000000
__Htemp                         temp         00007F
__Htext                         text         000000
__Htext0                        text0        000000
__Htext1                        text1        000000
__Htext10                       text10       000000
__Htext11                       text11       000000
__Htext12                       text12       000000
__Htext13                       text13       000000
__Htext14                       text14       000000
__Htext15                       text15       000000
__Htext16                       text16       000000
__Htext17                       text17       000000
__Htext18                       text18       000000
__Htext19                       text19       000000
__Htext2                        text2        000000
__Htext20                       text20       000000
__Htext21                       text21       000000
__Htext22                       text22       000000
__Htext23                       text23       000000
__Htext24                       text24       000000
__Htext25                       text25       000000
__Htext26                       text26       000000
__Htext27                       text27       000000
__Htext28                       text28       000000
__Htext29                       text29       000000
__Htext3                        text3        000000
__Htext30                       text30       000000
__Htext31                       text31       000000
__Htext32                       text32       000000
__Htext33                       text33       000000
__Htext34                       text34       000000
__Htext35                       text35       000000
__Htext36                       text36       000000
__Htext37                       text37       000000
__Htext38                       text38       000000
__Htext39                       text39       000000
__Htext4                        text4        000000
__Htext41                       text41       000000
__Htext42                       text42       000000
__Htext43                       text43       000000
__Htext44                       text44       000000
__Htext45                       text45       000000
__Htext46                       text46       000000
__Htext47                       text47       000000
__Htext48                       text48       000000
__Htext49                       text49       000000
__Htext5                        text5        000000
__Htext50                       text50       000000
__Htext51                       text51       000000
__Htext52                       text52       000000
__Htext53                       text53       000000
__Htext54                       text54       000000
__Htext55                       text55       000000
__Htext56                       text56       000000
__Htext57                       text57       000000
__Htext58                       text58       000000
__Htext59                       text59       000000
__Htext6                        text6        000000
__Htext60                       text60       000000
__Htext61                       text61       000000
__Htext62                       text62       000000
__Htext63                       text63       000000
__Htext64                       text64       000000
__Htext65                       text65       000000
__Htext66                       text66       000000
__Htext67                       text67       000000
__Htext68                       text68       000000
__Htext69                       text69       000000
__Htext7                        text7        000000
__Htext70                       text70       000000
__Htext71                       text71       000000
__Htext8                        text8        000000
__Htext9                        text9        000000
__LRAM                          (abs)        000001
__Labs1                         abs1         000000
__Lbank0                        bank0        000000
__Lbank1                        bank1        000000
__Lbank10                       bank10       000000
__Lbank11                       bank11       000000
__Lbank12                       bank12       000000
__Lbank13                       bank13       000000
__Lbank14                       bank14       000000
__Lbank15                       bank15       000000
__Lbank2                        bank2        000000
__Lbank3                        bank3        000000
__Lbank4                        bank4        000000
__Lbank5                        bank5        000000
__Lbank6                        bank6        000000
__Lbank7                        bank7        000000
__Lbank8                        bank8        000000
__Lbank9                        bank9        000000
__Lbigbss                       bigbss       000000
__Lbigdata                      bigdata      000000
__Lbigram                       bigram       000000
__Lbss                          bss          000000
__LbssBANK0                     bssBANK0     000000
__LbssBANK1                     bssBANK1     000000
__LbssCOMRAM                    bssCOMRAM    000000
__Lcinit                        cinit        000000
__Lclrtext                      clrtext      000000
__Lcomram                       comram       000000
__Lconfig                       config       300000
__Lconst                        const        000000
__LcstackBANK0                  cstackBANK0  000000
__LcstackBANK1                  cstackBANK1  000000
__LcstackCOMRAM                 cstackCOMRAM 000000
__Ldata                         data         000000
__LdataBANK1                    dataBANK1    000000
__LdataCOMRAM                   dataCOMRAM   000000
__Leeprom_data                  eeprom_data  000000
__Lfarbss                       farbss       000000
__Lfardata                      fardata      000000
__Libigdata                     ibigdata     000000
__Lidata                        idata        000000
__LidataBANK1                   idataBANK1   000000
__LidataCOMRAM                  idataCOMRAM  000000
__Lidloc                        idloc        200000
__Lifardata                     ifardata     000000
__Linit                         init         00000E
__Lintcode                      intcode      000008
__Lintcode_body                 intcode_body 000000
__Lintcodelo                    intcodelo    00000E
__Lintentry                     intentry     000000
__Lintret                       intret       000000
__Lintsave_regs                 intsave_regs 000000
__Lirdata                       irdata       000000
__Lmediumconst                  mediumconst  00FDC2
__LnvFARRAM                     nvFARRAM     000000
__Lnvbit                        nvbit        000000
__Lnvrram                       nvrram       000000
__Lparam                        rparam       000000
__Lpowerup                      powerup      00000E
__Lram                          ram          000000
__Lramtop                       ramtop       001000
__Lrbit                         rbit         000000
__Lrbss                         rbss         000000
__Lrdata                        rdata        000000
__Lreset_vec                    reset_vec    000000
__Lrparam                       rparam       000000
__Lsfr                          sfr          000000
__Lsmallconst                   smallconst   000000
__Lspace_0                      (abs)        000000
__Lspace_1                      (abs)        000000
__Lspace_2                      (abs)        000000
__Lstack                        stack        000000
__Lstruct                       struct       000000
__Ltemp                         temp         00007E
__Ltext                         text         000000
__Ltext0                        text0        000000
__Ltext1                        text1        000000
__Ltext10                       text10       000000
__Ltext11                       text11       000000
__Ltext12                       text12       000000
__Ltext13                       text13       000000
__Ltext14                       text14       000000
__Ltext15                       text15       000000
__Ltext16                       text16       000000
__Ltext17                       text17       000000
__Ltext18                       text18       000000
__Ltext19                       text19       000000
__Ltext2                        text2        000000
__Ltext20                       text20       000000
__Ltext21                       text21       000000
__Ltext22                       text22       000000
__Ltext23                       text23       000000
__Ltext24                       text24       000000
__Ltext25                       text25       000000
__Ltext26                       text26       000000
__Ltext27                       text27       000000
__Ltext28                       text28       000000
__Ltext29                       text29       000000
__Ltext3                        text3        000000
__Ltext30                       text30       000000
__Ltext31                       text31       000000
__Ltext32                       text32       000000
__Ltext33                       text33       000000
__Ltext34                       text34       000000
__Ltext35                       text35       000000
__Ltext36                       text36       000000
__Ltext37                       text37       000000
__Ltext38                       text38       000000
__Ltext39                       text39       000000
__Ltext4                        text4        000000
__Ltext41                       text41       000000
__Ltext42                       text42       000000
__Ltext43                       text43       000000
__Ltext44                       text44       000000
__Ltext45                       text45       000000
__Ltext46                       text46       000000
__Ltext47                       text47       000000
__Ltext48                       text48       000000
__Ltext49                       text49       000000
__Ltext5                        text5        000000
__Ltext50                       text50       000000
__Ltext51                       text51       000000
__Ltext52                       text52       000000
__Ltext53                       text53       000000
__Ltext54                       text54       000000
__Ltext55                       text55       000000
__Ltext56                       text56       000000
__Ltext57                       text57       000000
__Ltext58                       text58       000000
__Ltext59                       text59       000000
__Ltext6                        text6        000000
__Ltext60                       text60       000000
__Ltext61                       text61       000000
__Ltext62                       text62       000000
__Ltext63                       text63       000000
__Ltext64                       text64       000000
__Ltext65                       text65       000000
__Ltext66                       text66       000000
__Ltext67                       text67       000000
__Ltext68                       text68       000000
__Ltext69                       text69       000000
__Ltext7                        text7        000000
__Ltext70                       text70       000000
__Ltext71                       text71       000000
__Ltext8                        text8        000000
__Ltext9                        text9        000000
__S0                            (abs)        30000E
__S1                            (abs)        000179
__S2                            (abs)        000000
___altoft                       text34       00407C
___altoft@c                     cstackBANK0  000096
___altoft@exp                   cstackBANK0  00009E
___altoft@sign                  cstackBANK0  00009F
___awdiv                        text11       003D04
___awdiv@counter                cstackBANK0  000098
___awdiv@dividend               cstackBANK0  000094
___awdiv@divisor                cstackBANK0  000096
___awdiv@quotient               cstackBANK0  00009A
___awdiv@sign                   cstackBANK0  000099
___awmod                        text10       003FDA
___awmod@counter                cstackBANK0  000092
___awmod@dividend               cstackBANK0  00008E
___awmod@divisor                cstackBANK0  000090
___awmod@sign                   cstackBANK0  000093
___awtoft                       text33       004964
___awtoft@c                     cstackBANK0  000096
___awtoft@sign                  cstackBANK0  000099
___ftadd                        text32       002042
___ftadd@exp1                   cstackBANK0  0000D3
___ftadd@exp2                   cstackBANK0  0000D2
___ftadd@f1                     cstackBANK0  0000C8
___ftadd@f2                     cstackBANK0  0000CB
___ftadd@sign                   cstackBANK0  0000D1
___ftdiv                        text31       002C86
___ftdiv@cntr                   cstackBANK0  0000A9
___ftdiv@exp                    cstackBANK0  0000AD
___ftdiv@f1                     cstackBANK0  0000A0
___ftdiv@f2                     cstackBANK0  0000A3
___ftdiv@f3                     cstackBANK0  0000AA
___ftdiv@sign                   cstackBANK0  0000AE
___ftge                         text19       003B74
___ftge@ff1                     cstackBANK0  00008E
___ftge@ff2                     cstackBANK0  000091
___ftmul                        text30       002B28
___ftmul@cntr                   cstackBANK0  0000BC
___ftmul@exp                    cstackBANK0  0000B8
___ftmul@f1                     cstackBANK0  0000AF
___ftmul@f2                     cstackBANK0  0000B2
___ftmul@f3_as_product          cstackBANK0  0000B9
___ftmul@sign                   cstackBANK0  0000BD
___ftneg                        text18       004AD6
___ftneg@f1                     cstackBANK0  00008E
___ftpack                       text35       0033E0
___ftpack@arg                   cstackBANK0  00008E
___ftpack@exp                   cstackBANK0  000091
___ftpack@sign                  cstackBANK0  000092
___ftsub                        text17       004838
___ftsub@f1                     cstackBANK0  0000D4
___ftsub@f2                     cstackBANK0  0000D7
___fttol                        text29       002DD2
___fttol@exp1                   cstackBANK0  0000E2
___fttol@f1                     cstackBANK0  0000D4
___fttol@lval                   cstackBANK0  0000DE
___fttol@sign1                  cstackBANK0  0000DD
___inthi_sp                     stack        000000
___intlo_sp                     stack        000000
___lldiv                        text16       003DC2
___lldiv@counter                cstackBANK0  00009A
___lldiv@dividend               cstackBANK0  00008E
___lldiv@divisor                cstackBANK0  000092
___lldiv@quotient               cstackBANK0  000096
___llmod                        text15       0041B4
___llmod@counter                cstackBANK0  0000A3
___llmod@dividend               cstackBANK0  00009B
___llmod@divisor                cstackBANK0  00009F
___lltoft                       text14       004472
___lltoft@c                     cstackBANK0  000096
___lltoft@exp                   cstackBANK0  00009E
___param_bank                   (abs)        000000
___rparam_used                  (abs)        000001
___sp                           stack        000000
___wmul                         text9        004AA0
___wmul@multiplicand            cstackBANK0  00009E
___wmul@multiplier              cstackBANK0  00009C
___wmul@product                 cstackBANK0  0000A0
__accesstop                     (abs)        000080
__activetblptr                  (abs)        000002
__div_to_l_                     text13       00283A
__div_to_l_@cntr                cstackBANK0  000098
__div_to_l_@exp1                cstackBANK0  000099
__div_to_l_@f1                  cstackBANK0  00008E
__div_to_l_@f2                  cstackBANK0  000091
__div_to_l_@quot                cstackBANK0  000094
__end_of___altoft               text34       00411A
__end_of___awdiv                text11       003DC2
__end_of___awmod                text10       00407C
__end_of___awtoft               text33       0049A8
__end_of___ftadd                text32       0022AA
__end_of___ftdiv                text31       002DD2
__end_of___ftge                 text19       003C3C
__end_of___ftmul                text30       002C86
__end_of___ftneg                text18       004B06
__end_of___ftpack               text35       0034EC
__end_of___ftsub                text17       004884
__end_of___fttol                text29       002F16
__end_of___lldiv                text16       003E7E
__end_of___llmod                text15       00424E
__end_of___lltoft               text14       0044EE
__end_of___wmul                 text9        004AD6
__end_of__div_to_l_             text13       0029C2
__end_of__initialization        cinit        004642
__end_of__npowers_              mediumconst  00FE12
__end_of__powers_               mediumconst  00FE39
__end_of__tdiv_to_l_            text12       00283A
__end_of_analogRead             text23       0049EA
__end_of_angleToPulse           text28       002B28
__end_of_digitalRead            text22       0032B8
__end_of_digitalWrite           text21       0036F6
__end_of_dpowers                mediumconst  00FDEB
__end_of_fround                 text8        002042
__end_of_happynewyear           mediumconst  00FE71
__end_of_hexpowers              mediumconst  00FE59
__end_of_initLCD                text37       004964
__end_of_initServo              text25       00436C
__end_of_initTimer              text36       00491A
__end_of_keys                   mediumconst  00FE6A
__end_of_lcdClear               text20       004C64
__end_of_lcdInst                text38       004B88
__end_of_lcdNewline             text7        004C5C
__end_of_lcdNibble              text39       004566
__end_of_main                   text0        0041B4
__end_of_pause                  text2        004C54
__end_of_pinSetup               text24       004A68
__end_of_printf                 text4        000964
__end_of_putch                  text6        004BB0
__end_of_readKeypad             text3        004B5E
__end_of_scale                  text5        00160A
__end_of_service                intcode_body 003AA0
__end_of_servoInterruptService  text68       0035F2
__end_of_setAngle               text27       003B74
__end_of_sortBattery            text1        001D96
__end_of_startTimer             text26       004838
__end_ofi2___altoft             text45       0045DE
__end_ofi2___awdiv              text53       0043F0
__end_ofi2___awmod              text71       0046C0
__end_ofi2___awtoft             text44       004AA0
__end_ofi2___ftadd              text61       00269C
__end_ofi2___ftdiv              text43       0039C4
__end_ofi2___ftge               text64       0042DE
__end_ofi2___ftmul              text52       0037EA
__end_ofi2___ftneg              text63       004BFA
__end_ofi2___ftpack             text62       003FDA
__end_ofi2___ftsub              text60       004A2A
__end_ofi2___fttol              text59       0038DE
__end_ofi2___lldiv              text58       004472
__end_ofi2___llmod              text57       004726
__end_ofi2___lltoft             text56       0047E8
__end_ofi2___wmul               text51       004BD6
__end_ofi2__div_to_l_           text55       0033E0
__end_ofi2__tdiv_to_l_          text54       003188
__end_ofi2_angleToPulse         text42       003056
__end_ofi2_digitalWrite         text70       003D04
__end_ofi2_fround               text50       0024F0
__end_ofi2_lcdClear             text65       004C74
__end_ofi2_lcdInst              text66       004C3E
__end_ofi2_lcdNewline           text49       004C6C
__end_ofi2_lcdNibble            text67       00478C
__end_ofi2_printf               text46       00115C
__end_ofi2_putch                text48       004C1C
__end_ofi2_scale                text47       0019FA
__end_ofi2_setAngle             text41       003F2C
__end_ofi2_startTimer           text69       0048D0
__initialization                cinit        0045DE
__mediumconst                   mediumconst  00FDC2
__npowers_                      mediumconst  00FDEB
__pbssBANK0                     bssBANK0     0000EA
__pbssBANK1                     bssBANK1     000160
__pbssCOMRAM                    bssCOMRAM    000073
__pcinit                        cinit        0045DE
__pcstackBANK0                  cstackBANK0  000080
__pcstackBANK1                  cstackBANK1  000100
__pcstackCOMRAM                 cstackCOMRAM 000001
__pdataBANK1                    dataBANK1    000132
__pdataCOMRAM                   dataCOMRAM   00007A
__pidataBANK1                   idataBANK1   004B06
__pidataCOMRAM                  idataCOMRAM  004C74
__pintcode                      intcode      000008
__pintcode_body                 intcode_body 0039C4
__pmediumconst                  mediumconst  00FDC2
__powers_                       mediumconst  00FE12
__ptext0                        text0        00411A
__ptext1                        text1        0019FA
__ptext10                       text10       003FDA
__ptext11                       text11       003D04
__ptext12                       text12       00269C
__ptext13                       text13       00283A
__ptext14                       text14       004472
__ptext15                       text15       0041B4
__ptext16                       text16       003DC2
__ptext17                       text17       004838
__ptext18                       text18       004AD6
__ptext19                       text19       003B74
__ptext2                        text2        004C3E
__ptext20                       text20       004C5C
__ptext21                       text21       0035F2
__ptext22                       text22       003188
__ptext23                       text23       0049A8
__ptext24                       text24       004A2A
__ptext25                       text25       0042DE
__ptext26                       text26       0047E8
__ptext27                       text27       003AA0
__ptext28                       text28       0029C2
__ptext29                       text29       002DD2
__ptext3                        text3        004B34
__ptext30                       text30       002B28
__ptext31                       text31       002C86
__ptext32                       text32       002042
__ptext33                       text33       004964
__ptext34                       text34       00407C
__ptext35                       text35       0033E0
__ptext36                       text36       0048D0
__ptext37                       text37       00491A
__ptext38                       text38       004B5E
__ptext39                       text39       0044EE
__ptext4                        text4        000012
__ptext41                       text41       003E7E
__ptext42                       text42       002F16
__ptext43                       text43       0038DE
__ptext44                       text44       004A68
__ptext45                       text45       004566
__ptext46                       text46       000964
__ptext47                       text47       00160A
__ptext48                       text48       004BFA
__ptext49                       text49       004C64
__ptext5                        text5        00115C
__ptext50                       text50       0022AA
__ptext51                       text51       004BB0
__ptext52                       text52       0036F6
__ptext53                       text53       00436C
__ptext54                       text54       003056
__ptext55                       text55       0032B8
__ptext56                       text56       00478C
__ptext57                       text57       0046C0
__ptext58                       text58       0043F0
__ptext59                       text59       0037EA
__ptext6                        text6        004B88
__ptext60                       text60       0049EA
__ptext61                       text61       0024F0
__ptext62                       text62       003F2C
__ptext63                       text63       004BD6
__ptext64                       text64       00424E
__ptext65                       text65       004C6C
__ptext66                       text66       004C1C
__ptext67                       text67       004726
__ptext68                       text68       0034EC
__ptext69                       text69       004884
__ptext7                        text7        004C54
__ptext70                       text70       003C3C
__ptext71                       text71       004650
__ptext8                        text8        001D96
__ptext9                        text9        004AA0
__ramtop                        ramtop       001000
__size_of___altoft              (abs)        000000
__size_of___awdiv               (abs)        000000
__size_of___awmod               (abs)        000000
__size_of___awtoft              (abs)        000000
__size_of___ftadd               (abs)        000000
__size_of___ftdiv               (abs)        000000
__size_of___ftge                (abs)        000000
__size_of___ftmul               (abs)        000000
__size_of___ftneg               (abs)        000000
__size_of___ftpack              (abs)        000000
__size_of___ftsub               (abs)        000000
__size_of___fttol               (abs)        000000
__size_of___lldiv               (abs)        000000
__size_of___llmod               (abs)        000000
__size_of___lltoft              (abs)        000000
__size_of___wmul                (abs)        000000
__size_of__div_to_l_            (abs)        000000
__size_of__tdiv_to_l_           (abs)        000000
__size_of_analogRead            (abs)        000000
__size_of_angleToPulse          (abs)        000000
__size_of_digitalRead           (abs)        000000
__size_of_digitalWrite          (abs)        000000
__size_of_fround                (abs)        000000
__size_of_initLCD               (abs)        000000
__size_of_initServo             (abs)        000000
__size_of_initTimer             (abs)        000000
__size_of_lcdClear              (abs)        000000
__size_of_lcdInst               (abs)        000000
__size_of_lcdNewline            (abs)        000000
__size_of_lcdNibble             (abs)        000000
__size_of_main                  (abs)        000000
__size_of_pause                 (abs)        000000
__size_of_pinSetup              (abs)        000000
__size_of_printf                (abs)        000000
__size_of_putch                 (abs)        000000
__size_of_readKeypad            (abs)        000000
__size_of_scale                 (abs)        000000
__size_of_service               (abs)        000000
__size_of_servoInterruptService (abs)        000000
__size_of_setAngle              (abs)        000000
__size_of_sortBattery           (abs)        000000
__size_of_startTimer            (abs)        000000
__size_ofi2___altoft            (abs)        000000
__size_ofi2___awdiv             (abs)        000000
__size_ofi2___awmod             (abs)        000000
__size_ofi2___awtoft            (abs)        000000
__size_ofi2___ftadd             (abs)        000000
__size_ofi2___ftdiv             (abs)        000000
__size_ofi2___ftge              (abs)        000000
__size_ofi2___ftmul             (abs)        000000
__size_ofi2___ftneg             (abs)        000000
__size_ofi2___ftpack            (abs)        000000
__size_ofi2___ftsub             (abs)        000000
__size_ofi2___fttol             (abs)        000000
__size_ofi2___lldiv             (abs)        000000
__size_ofi2___llmod             (abs)        000000
__size_ofi2___lltoft            (abs)        000000
__size_ofi2___wmul              (abs)        000000
__size_ofi2__div_to_l_          (abs)        000000
__size_ofi2__tdiv_to_l_         (abs)        000000
__size_ofi2_angleToPulse        (abs)        000000
__size_ofi2_digitalWrite        (abs)        000000
__size_ofi2_fround              (abs)        000000
__size_ofi2_lcdClear            (abs)        000000
__size_ofi2_lcdInst             (abs)        000000
__size_ofi2_lcdNewline          (abs)        000000
__size_ofi2_lcdNibble           (abs)        000000
__size_ofi2_printf              (abs)        000000
__size_ofi2_putch               (abs)        000000
__size_ofi2_scale               (abs)        000000
__size_ofi2_setAngle            (abs)        000000
__size_ofi2_startTimer          (abs)        000000
__smallconst                    smallconst   000000
__tdiv_to_l_                    text12       00269C
__tdiv_to_l_@cntr               cstackBANK0  00009B
__tdiv_to_l_@exp1               cstackBANK0  00009C
__tdiv_to_l_@f1                 cstackBANK0  00008E
__tdiv_to_l_@f2                 cstackBANK0  000091
__tdiv_to_l_@quot               cstackBANK0  000097
_analogRead                     text23       0049A8
_angle                          dataCOMRAM   00007A
_angleToPulse                   text28       0029C2
_angleToPulse$1319              cstackBANK1  00010C
_batteryDetected                bssBANK1     000175
_conveyorServo                  dataBANK1    00013E
_count                          bssCOMRAM    000073
_curr                           bssCOMRAM    000075
_cylinderMotor                  dataBANK1    000154
_digitalRead                    text22       003188
_digitalWrite                   text21       0035F2
_dpowers                        mediumconst  00FDC3
_fround                         text8        001D96
_fround$1320                    cstackBANK0  0000C4
_fround$1321                    cstackBANK0  0000C1
_happynewyear                   mediumconst  00FE6A
_hexpowers                      mediumconst  00FE39
_initLCD                        text37       00491A
_initServo                      text25       0042DE
_initTimer                      text36       0048D0
_keys                           mediumconst  00FE59
_lastKey                        bssCOMRAM    000079
_lcdClear                       text20       004C5C
_lcdInst                        text38       004B5E
_lcdNewline                     text7        004C54
_lcdNibble                      text39       0044EE
_main                           text0        00411A
_n                              bssBANK1     000177
_padAngle_CLOSE                 dataBANK1    000132
_padAngle_NEUTRAL               dataBANK1    000134
_padAngle_OPEN                  dataBANK1    000136
_padPin1                        dataBANK1    000158
_padPin2                        dataBANK1    00015C
_padPin3                        bssBANK1     000168
_padServo                       dataBANK1    000144
_pause                          text2        004C3E
_pinSetup                       text24       004A2A
_prevTime                       bssCOMRAM    000077
_printf                         text4        000012
_printf$1323                    cstackBANK1  000106
_pulse                          bssBANK0     0000EA
_putch                          text6        004B88
_readKeypad                     text3        004B34
_redirectAngle_9V               dataBANK1    000138
_redirectAngle_AA               dataBANK1    00013A
_redirectAngle_C                dataCOMRAM   00007C
_redirectAngle_OTHER            dataBANK1    00013C
_redirectingServo               dataBANK1    00014A
_scale                          text5        00115C
_scale$1322                     cstackBANK0  0000C1
_service                        intcode      000008
_servoInterruptService          text68       0034EC
_servos                         bssBANK1     000160
_setAngle                       text27       003AA0
_sortBattery                    text1        0019FA
_startTimer                     text26       0047E8
analogRead@channel              cstackBANK0  00008E
angleToPulse@a000               cstackBANK1  00010F
angleToPulse@a180               cstackBANK1  000108
angleToPulse@angle              cstackBANK0  0000E3
angleToPulse@offset             cstackBANK1  000104
btemp                           temp         00007E
digitalRead@pin                 cstackBANK0  00008E
digitalWrite@p                  cstackBANK0  000095
digitalWrite@pin                cstackBANK0  00008E
digitalWrite@val                cstackBANK0  000090
end_of_initialization           cinit        004642
fround@prec                     cstackBANK0  0000C7
i2___altoft                     text45       004566
i2___altoft@c                   cstackCOMRAM 000009
i2___altoft@exp                 cstackCOMRAM 000011
i2___altoft@sign                cstackCOMRAM 000012
i2___awdiv                      text53       00436C
i2___awdiv@counter              cstackCOMRAM 00000B
i2___awdiv@dividend             cstackCOMRAM 000007
i2___awdiv@divisor              cstackCOMRAM 000009
i2___awdiv@quotient             cstackCOMRAM 00000D
i2___awdiv@sign                 cstackCOMRAM 00000C
i2___awmod                      text71       004650
i2___awmod@counter              cstackCOMRAM 000005
i2___awmod@dividend             cstackCOMRAM 000001
i2___awmod@divisor              cstackCOMRAM 000003
i2___awmod@sign                 cstackCOMRAM 000006
i2___awtoft                     text44       004A68
i2___awtoft@c                   cstackCOMRAM 000009
i2___awtoft@sign                cstackCOMRAM 00000C
i2___ftadd                      text61       0024F0
i2___ftadd@exp1                 cstackCOMRAM 000040
i2___ftadd@exp2                 cstackCOMRAM 00003F
i2___ftadd@f1                   cstackCOMRAM 000035
i2___ftadd@f2                   cstackCOMRAM 000038
i2___ftadd@sign                 cstackCOMRAM 00003E
i2___ftdiv                      text43       0038DE
i2___ftdiv@cntr                 cstackCOMRAM 000016
i2___ftdiv@exp                  cstackCOMRAM 00001A
i2___ftdiv@f1                   cstackCOMRAM 00000D
i2___ftdiv@f2                   cstackCOMRAM 000010
i2___ftdiv@f3                   cstackCOMRAM 000017
i2___ftdiv@sign                 cstackCOMRAM 00001B
i2___ftge                       text64       00424E
i2___ftge@ff1                   cstackCOMRAM 000001
i2___ftge@ff2                   cstackCOMRAM 000004
i2___ftmul                      text52       0036F6
i2___ftmul@cntr                 cstackCOMRAM 000029
i2___ftmul@exp                  cstackCOMRAM 000025
i2___ftmul@f1                   cstackCOMRAM 00001C
i2___ftmul@f2                   cstackCOMRAM 00001F
i2___ftmul@f3_as_product        cstackCOMRAM 000026
i2___ftmul@sign                 cstackCOMRAM 00002A
i2___ftneg                      text63       004BD6
i2___ftneg@f1                   cstackCOMRAM 000001
i2___ftpack                     text62       003F2C
i2___ftpack@arg                 cstackCOMRAM 000001
i2___ftpack@exp                 cstackCOMRAM 000004
i2___ftpack@sign                cstackCOMRAM 000005
i2___ftsub                      text60       0049EA
i2___ftsub@f1                   cstackCOMRAM 000041
i2___ftsub@f2                   cstackCOMRAM 000044
i2___fttol                      text59       0037EA
i2___fttol@exp1                 cstackCOMRAM 00004F
i2___fttol@f1                   cstackCOMRAM 000041
i2___fttol@lval                 cstackCOMRAM 00004B
i2___fttol@sign1                cstackCOMRAM 00004A
i2___lldiv                      text58       0043F0
i2___lldiv@counter              cstackCOMRAM 00000D
i2___lldiv@dividend             cstackCOMRAM 000001
i2___lldiv@divisor              cstackCOMRAM 000005
i2___lldiv@quotient             cstackCOMRAM 000009
i2___llmod                      text57       0046C0
i2___llmod@counter              cstackCOMRAM 000016
i2___llmod@dividend             cstackCOMRAM 00000E
i2___llmod@divisor              cstackCOMRAM 000012
i2___lltoft                     text56       00478C
i2___lltoft@c                   cstackCOMRAM 000009
i2___lltoft@exp                 cstackCOMRAM 000011
i2___wmul                       text51       004BB0
i2___wmul@multiplicand          cstackCOMRAM 000011
i2___wmul@multiplier            cstackCOMRAM 00000F
i2___wmul@product               cstackCOMRAM 000013
i2__div_to_l_                   text55       0032B8
i2__div_to_l_@cntr              cstackCOMRAM 00000B
i2__div_to_l_@exp1              cstackCOMRAM 00000C
i2__div_to_l_@f1                cstackCOMRAM 000001
i2__div_to_l_@f2                cstackCOMRAM 000004
i2__div_to_l_@quot              cstackCOMRAM 000007
i2__tdiv_to_l_                  text54       003056
i2__tdiv_to_l_@cntr             cstackCOMRAM 00000E
i2__tdiv_to_l_@exp1             cstackCOMRAM 00000F
i2__tdiv_to_l_@f1               cstackCOMRAM 000001
i2__tdiv_to_l_@f2               cstackCOMRAM 000004
i2__tdiv_to_l_@quot             cstackCOMRAM 00000A
i2_angleToPulse                 text42       002F16
i2_angleToPulse$1549            cstackCOMRAM 000060
i2_digitalWrite                 text70       003C3C
i2_fround                       text50       0022AA
i2_fround$1550                  cstackCOMRAM 000031
i2_fround$1551                  cstackCOMRAM 00002E
i2_lcdClear                     text65       004C6C
i2_lcdInst                      text66       004C1C
i2_lcdNewline                   text49       004C64
i2_lcdNibble                    text67       004726
i2_printf                       text46       000964
i2_printf$1553                  cstackCOMRAM 00005A
i2_putch                        text48       004BFA
i2_scale                        text47       00160A
i2_scale$1552                   cstackCOMRAM 00002E
i2_setAngle                     text41       003E7E
i2_startTimer                   text69       004884
i2angleToPulse@a000             cstackCOMRAM 000063
i2angleToPulse@a180             cstackCOMRAM 00005C
i2angleToPulse@angle            cstackCOMRAM 000050
i2angleToPulse@offset           cstackCOMRAM 000058
i2digitalWrite@p                cstackCOMRAM 00000E
i2digitalWrite@pin              cstackCOMRAM 000007
i2digitalWrite@val              cstackCOMRAM 000009
i2fround@prec                   cstackCOMRAM 000034
i2lcdInst@data                  cstackCOMRAM 000004
i2lcdNibble@data                cstackCOMRAM 000002
i2lcdNibble@temp                cstackCOMRAM 000001
i2printf@ap                     cstackCOMRAM 00005E
i2printf@c                      cstackCOMRAM 000071
i2printf@exp                    cstackCOMRAM 000064
i2printf@f                      cstackCOMRAM 000050
i2printf@flag                   cstackCOMRAM 000060
i2printf@fval                   cstackCOMRAM 00006E
i2printf@idx                    cstackCOMRAM 00005D
i2printf@prec                   cstackCOMRAM 000062
i2printf@tmpval                 cstackCOMRAM 000066
i2printf@val                    cstackCOMRAM 00006A
i2putch@data                    cstackCOMRAM 000005
i2scale@scl                     cstackCOMRAM 000031
i2setAngle@angle                cstackCOMRAM 000069
i2setAngle@i                    cstackCOMRAM 00006F
i2setAngle@motor                cstackCOMRAM 000067
i2setAngle@period               cstackCOMRAM 00006D
i2startTimer@timer              cstackCOMRAM 000007
i2startTimer@val                cstackCOMRAM 000009
initServo@angle                 cstackBANK1  00011D
initServo@motor                 cstackBANK1  00011B
initTimer@timer                 cstackBANK0  00008E
int$flags                       temp         00007E
int_func                        intcode_body 0039C4
intlevel0                       text         000000
intlevel1                       text         000000
intlevel2                       text         000000
intlevel3                       text         000000
lcdInst@data                    cstackBANK0  000091
lcdNibble@data                  cstackBANK0  00008F
lcdNibble@temp                  cstackBANK0  00008E
pause@message                   cstackBANK1  00011E
printf@ap                       cstackBANK1  00010A
printf@c                        cstackBANK1  00011D
printf@exp                      cstackBANK1  000110
printf@f                        cstackBANK0  0000E3
printf@flag                     cstackBANK1  00010C
printf@fval                     cstackBANK1  00011A
printf@idx                      cstackBANK1  000109
printf@prec                     cstackBANK1  00010E
printf@tmpval                   cstackBANK1  000112
printf@val                      cstackBANK1  000116
putch@data                      cstackBANK0  000092
readKeypad@key                  cstackBANK0  00008E
scale@scl                       cstackBANK0  0000C4
service@key                     cstackCOMRAM 000072
setAngle@angle                  cstackBANK1  000115
setAngle@i                      cstackBANK1  000119
setAngle@motor                  cstackBANK1  000113
setAngle@period                 cstackBANK1  000117
sortBattery@V                   cstackBANK1  00012F
sortBattery@V_float             cstackBANK1  000122
sortBattery@Vcc                 cstackBANK1  000125
sortBattery@resolution          cstackBANK1  000128
sortBattery@signal              cstackBANK1  00012B
sortBattery@targetAngle         cstackBANK1  00012D
stackhi                         (abs)        000F7F
stacklo                         (abs)        000179
start                           init         00000E
startTimer@timer                cstackBANK0  00008E
startTimer@val                  cstackBANK0  000090
start_initialization            cinit        0045DE


FUNCTION INFORMATION:

 *************** function _main *****************
 Defined at:
		line 90 in file "main.c"
 Parameters:    Size  Location     Type
		None
 Auto vars:     Size  Location     Type
		None
 Return value:  Size  Location     Type
                  1    wreg      void 
 Registers used:
		wreg, fsr2l, fsr2h, status,2, status,0, tblptrl, tblptrh, tblptru, prodl, prodh, cstack
 Tracked objects:
		On entry : 
		On exit  : 
		Unchanged: 
 Data sizes:     COMRAM   BANK0   BANK1   BANK2   BANK3   BANK4   BANK5   BANK6   BANK7   BANK8   BANK9  BANK10  BANK11  BANK12  BANK13  BANK14  BANK15
      Params:         0       0       0       0       0       0       0       0       0       0       0       0       0       0       0       0       0
      Locals:         0       0       0       0       0       0       0       0       0       0       0       0       0       0       0       0       0
      Temps:          0       0       0       0       0       0       0       0       0       0       0       0       0       0       0       0       0
      Totals:         0       0       0       0       0       0       0       0       0       0       0       0       0       0       0       0       0
Total ram usage:        0 bytes
 Hardware stack levels required when called:   13
 This function calls:
		_digitalWrite
		_initLCD
		_initServo
		_pinSetup
		_printf
		_sortBattery
 This function is called by:
		Startup code after reset
 This function uses a non-reentrant model


 *************** function _sortBattery *****************
 Defined at:
		line 125 in file "main.c"
 Parameters:    Size  Location     Type
		None
 Auto vars:     Size  Location     Type
  V_float         3   34[BANK1 ] float 
  V               3   47[BANK1 ] float 
  resolution      3   40[BANK1 ] float 
  Vcc             3   37[BANK1 ] float 
  targetAngle     2   45[BANK1 ] int 
  signal          2   43[BANK1 ] int 
 Return value:  Size  Location     Type
                  1    wreg      void 
 Registers used:
		wreg, fsr2l, fsr2h, status,2, status,0, tblptrl, tblptrh, tblptru, prodl, prodh, cstack
 Tracked objects:
		On entry : 
		On exit  : 
		Unchanged: 
 Data sizes:     COMRAM   BANK0   BANK1   BANK2   BANK3   BANK4   BANK5   BANK6   BANK7   BANK8   BANK9  BANK10  BANK11  BANK12  BANK13  BANK14  BANK15
      Params:         0       0       0       0       0       0       0       0       0       0       0       0       0       0       0       0       0
      Locals:         0       0      16       0       0       0       0       0       0       0       0       0       0       0       0       0       0
      Temps:          0       0       2       0       0       0       0       0       0       0       0       0       0       0       0       0       0
      Totals:         0       0      18       0       0       0       0       0       0       0       0       0       0       0       0       0       0
Total ram usage:       18 bytes
 Hardware stack levels used:    1
 Hardware stack levels required when called:   12
 This function calls:
		___altoft
		___ftdiv
		___ftge
		___ftmul
		_analogRead
		_digitalRead
		_digitalWrite
		_lcdClear
		_pause
		_printf
		_readKeypad
		_setAngle
 This function is called by:
		_main
 This function uses a non-reentrant model


 *************** function _pause *****************
 Defined at:
		line 252 in file "main.c"
 Parameters:    Size  Location     Type
  message         2   30[BANK1 ] PTR unsigned char 
		 -> STR_8(25), STR_7(15), STR_6(17), STR_5(20), 
		 -> STR_3(14), STR_2(20), 
 Auto vars:     Size  Location     Type
		None
 Return value:  Size  Location     Type
                  1    wreg      void 
 Registers used:
		wreg, fsr2l, fsr2h, status,2, status,0, tblptrl, tblptrh, tblptru, prodl, prodh, cstack
 Tracked objects:
		On entry : 
		On exit  : 
		Unchanged: 
 Data sizes:     COMRAM   BANK0   BANK1   BANK2   BANK3   BANK4   BANK5   BANK6   BANK7   BANK8   BANK9  BANK10  BANK11  BANK12  BANK13  BANK14  BANK15
      Params:         0       0       2       0       0       0       0       0       0       0       0       0       0       0       0       0       0
      Locals:         0       0       0       0       0       0       0       0       0       0       0       0       0       0       0       0       0
      Temps:          0       0       0       0       0       0       0       0       0       0       0       0       0       0       0       0       0
      Totals:         0       0       2       0       0       0       0       0       0       0       0       0       0       0       0       0       0
Total ram usage:        2 bytes
 Hardware stack levels used:    1
 Hardware stack levels required when called:   11
 This function calls:
		_lcdClear
		_printf
		_readKeypad
 This function is called by:
		_sortBattery
 This function uses a non-reentrant model


 *************** function _readKeypad *****************
 Defined at:
		line 36 in file "keypad.c"
 Parameters:    Size  Location     Type
		None
 Auto vars:     Size  Location     Type
  key             1   14[BANK0 ] unsigned char 
 Return value:  Size  Location     Type
                  1    wreg      unsigned char 
 Registers used:
		wreg, status,2, status,0, tblptrl, tblptrh, tblptru, prodl, prodh
 Tracked objects:
		On entry : 
		On exit  : 
		Unchanged: 
 Data sizes:     COMRAM   BANK0   BANK1   BANK2   BANK3   BANK4   BANK5   BANK6   BANK7   BANK8   BANK9  BANK10  BANK11  BANK12  BANK13  BANK14  BANK15
      Params:         0       0       0       0       0       0       0       0       0       0       0       0       0       0       0       0       0
      Locals:         0       1       0       0       0       0       0       0       0       0       0       0       0       0       0       0       0
      Temps:          0       0       0       0       0       0       0       0       0       0       0       0       0       0       0       0       0
      Totals:         0       1       0       0       0       0       0       0       0       0       0       0       0       0       0       0       0
[...]
 Auto vars:     Size  Location     Type
		None
 Return value:  Size  Location     Type
                  3    0[COMRAM] float 
 Registers used:
		wreg, status,2, status,0
 Tracked objects:
		On entry : 
		On exit  : 
		Unchanged: 
 Data sizes:     COMRAM   BANK0   BANK1   BANK2   BANK3   BANK4   BANK5   BANK6   BANK7   BANK8   BANK9  BANK10  BANK11  BANK12  BANK13  BANK14  BANK15
      Params:         3       0       0       0       0       0       0       0       0       0       0       0       0       0       0       0       0
      Locals:         0       0       0       0       0       0       0       0       0       0       0       0       0       0       0       0       0
      Temps:          0       0       0       0       0       0       0       0       0       0       0       0       0       0       0       0       0
      Totals:         3       0       0       0       0       0       0       0       0       0       0       0       0       0       0       0       0
Total ram usage:        3 bytes
 Hardware stack levels used:    1
 This function calls:
		Nothing
 This function is called by:
		i2_printf
 This function uses a non-reentrant model


 *************** function i2___ftge *****************
 Defined at:
		line 4 in file "C:\Program Files (x86)\Microchip\xc8\v1.40\sources\common\ftge.c"
 Parameters:    Size  Location     Type
  ff1             3    0[COMRAM] float 
  ff2             3    3[COMRAM] float 
 Auto vars:     Size  Location     Type
		None
 Return value:  Size  Location     Type
		None               void
 Registers used:
		wreg, status,2, status,0
 Tracked objects:
		On entry : 
		On exit  : 
		Unchanged: 
 Data sizes:     COMRAM   BANK0   BANK1   BANK2   BANK3   BANK4   BANK5   BANK6   BANK7   BANK8   BANK9  BANK10  BANK11  BANK12  BANK13  BANK14  BANK15
      Params:         6       0       0       0       0       0       0       0       0       0       0       0       0       0       0       0       0
      Locals:         0       0       0       0       0       0       0       0       0       0       0       0       0       0       0       0       0
      Temps:          3       0       0       0       0       0       0       0       0       0       0       0       0       0       0       0       0
      Totals:         9       0       0       0       0       0       0       0       0       0       0       0       0       0       0       0       0
Total ram usage:        9 bytes
 Hardware stack levels used:    1
 This function calls:
		Nothing
 This function is called by:
		i2_printf
 This function uses a non-reentrant model


 *************** function i2_lcdClear *****************
 Defined at:
		line 74 in file "lcd.c"
 Parameters:    Size  Location     Type
		None
 Auto vars:     Size  Location     Type
		None
 Return value:  Size  Location     Type
                  1    wreg      void 
 Registers used:
		wreg, status,2, status,0, cstack
 Tracked objects:
		On entry : 
		On exit  : 
		Unchanged: 
 Data sizes:     COMRAM   BANK0   BANK1   BANK2   BANK3   BANK4   BANK5   BANK6   BANK7   BANK8   BANK9  BANK10  BANK11  BANK12  BANK13  BANK14  BANK15
      Params:         0       0       0       0       0       0       0       0       0       0       0       0       0       0       0       0       0
      Locals:         0       0       0       0       0       0       0       0       0       0       0       0       0       0       0       0       0
      Temps:          0       0       0       0       0       0       0       0       0       0       0       0       0       0       0       0       0
      Totals:         0       0       0       0       0       0       0       0       0       0       0       0       0       0       0       0       0
Total ram usage:        0 bytes
 Hardware stack levels used:    1
 Hardware stack levels required when called:    2
 This function calls:
		i2_lcdInst
 This function is called by:
		_service
 This function uses a non-reentrant model


 *************** function i2_lcdInst *****************
 Defined at:
		line 27 in file "lcd.c"
 Parameters:    Size  Location     Type
  data            1    wreg     unsigned char 
 Auto vars:     Size  Location     Type
  data            1    3[COMRAM] unsigned char 
 Return value:  Size  Location     Type
                  1    wreg      void 
 Registers used:
		wreg, status,2, status,0, cstack
 Tracked objects:
		On entry : 
		On exit  : 
		Unchanged: 
 Data sizes:     COMRAM   BANK0   BANK1   BANK2   BANK3   BANK4   BANK5   BANK6   BANK7   BANK8   BANK9  BANK10  BANK11  BANK12  BANK13  BANK14  BANK15
      Params:         0       0       0       0       0       0       0       0       0       0       0       0       0       0       0       0       0
      Locals:         1       0       0       0       0       0       0       0       0       0       0       0       0       0       0       0       0
      Temps:          1       0       0       0       0       0       0       0       0       0       0       0       0       0       0       0       0
      Totals:         2       0       0       0       0       0       0       0       0       0       0       0       0       0       0       0       0
Total ram usage:        2 bytes
 Hardware stack levels used:    1
 Hardware stack levels required when called:    1
 This function calls:
		i2_lcdNibble
 This function is called by:
		i2_lcdClear
		i2_lcdNewline
 This function uses a non-reentrant model


 *************** function i2_lcdNibble *****************
 Defined at:
		line 46 in file "lcd.c"
 Parameters:    Size  Location     Type
  data            1    wreg     unsigned char 
 Auto vars:     Size  Location     Type
  data            1    1[COMRAM] unsigned char 
  lcdNibble       1    0[COMRAM] unsigned char 
 Return value:  Size  Location     Type
                  1    wreg      void 
 Registers used:
		wreg, status,2, status,0
 Tracked objects:
		On entry : 
		On exit  : 
		Unchanged: 
 Data sizes:     COMRAM   BANK0   BANK1   BANK2   BANK3   BANK4   BANK5   BANK6   BANK7   BANK8   BANK9  BANK10  BANK11  BANK12  BANK13  BANK14  BANK15
      Params:         0       0       0       0       0       0       0       0       0       0       0       0       0       0       0       0       0
      Locals:         2       0       0       0       0       0       0       0       0       0       0       0       0       0       0       0       0
      Temps:          0       0       0       0       0       0       0       0       0       0       0       0       0       0       0       0       0
      Totals:         2       0       0       0       0       0       0       0       0       0       0       0       0       0       0       0       0
Total ram usage:        2 bytes
 Hardware stack levels used:    1
 This function calls:
		Nothing
 This function is called by:
		i2_lcdInst
		i2_putch
 This function uses a non-reentrant model


 *************** function _servoInterruptService *****************
 Defined at:
		line 52 in file "servo.c"
 Parameters:    Size  Location     Type
		None
 Auto vars:     Size  Location     Type
		None
 Return value:  Size  Location     Type
                  1    wreg      void 
 Registers used:
		wreg, fsr2l, fsr2h, status,2, status,0, cstack
 Tracked objects:
		On entry : 
		On exit  : 
		Unchanged: 
 Data sizes:     COMRAM   BANK0   BANK1   BANK2   BANK3   BANK4   BANK5   BANK6   BANK7   BANK8   BANK9  BANK10  BANK11  BANK12  BANK13  BANK14  BANK15
      Params:         0       0       0       0       0       0       0       0       0       0       0       0       0       0       0       0       0
      Locals:         0       0       0       0       0       0       0       0       0       0       0       0       0       0       0       0       0
      Temps:          4       0       0       0       0       0       0       0       0       0       0       0       0       0       0       0       0
      Totals:         4       0       0       0       0       0       0       0       0       0       0       0       0       0       0       0       0
Total ram usage:        4 bytes
 Hardware stack levels used:    1
 Hardware stack levels required when called:    1
 This function calls:
		i2___awmod
		i2_digitalWrite
		i2_startTimer
 This function is called by:
		_service
 This function uses a non-reentrant model


 *************** function i2_startTimer *****************
 Defined at:
		line 75 in file "timer.c"
 Parameters:    Size  Location     Type
  timer           2    6[COMRAM] int 
  val             4    8[COMRAM] long 
 Auto vars:     Size  Location     Type
		None
 Return value:  Size  Location     Type
                  1    wreg      void 
 Registers used:
		wreg, status,2, status,0
 Tracked objects:
		On entry : 
		On exit  : 
		Unchanged: 
 Data sizes:     COMRAM   BANK0   BANK1   BANK2   BANK3   BANK4   BANK5   BANK6   BANK7   BANK8   BANK9  BANK10  BANK11  BANK12  BANK13  BANK14  BANK15
      Params:         6       0       0       0       0       0       0       0       0       0       0       0       0       0       0       0       0
      Locals:         0       0       0       0       0       0       0       0       0       0       0       0       0       0       0       0       0
      Temps:          2       0       0       0       0       0       0       0       0       0       0       0       0       0       0       0       0
      Totals:         8       0       0       0       0       0       0       0       0       0       0       0       0       0       0       0       0
Total ram usage:        8 bytes
 Hardware stack levels used:    1
 This function calls:
		Nothing
 This function is called by:
		_servoInterruptService
 This function uses a non-reentrant model


 *************** function i2_digitalWrite *****************
 Defined at:
		line 53 in file "iopin.c"
 Parameters:    Size  Location     Type
  pin             2    6[COMRAM] PTR int 
		 -> AA_float(4), redirectingServo(6), padServo(6), conveyorServo(6), 
		 -> cylinderMotor(4), 
  val             2    8[COMRAM] int 
 Auto vars:     Size  Location     Type
  digitalWrite    2   13[COMRAM] int 
 Return value:  Size  Location     Type
                  1    wreg      void 
 Registers used:
		wreg, fsr2l, fsr2h, status,2, status,0
 Tracked objects:
		On entry : 
		On exit  : 
		Unchanged: 
 Data sizes:     COMRAM   BANK0   BANK1   BANK2   BANK3   BANK4   BANK5   BANK6   BANK7   BANK8   BANK9  BANK10  BANK11  BANK12  BANK13  BANK14  BANK15
      Params:         4       0       0       0       0       0       0       0       0       0       0       0       0       0       0       0       0
      Locals:         2       0       0       0       0       0       0       0       0       0       0       0       0       0       0       0       0
      Temps:          3       0       0       0       0       0       0       0       0       0       0       0       0       0       0       0       0
      Totals:         9       0       0       0       0       0       0       0       0       0       0       0       0       0       0       0       0
Total ram usage:        9 bytes
 Hardware stack levels used:    1
 This function calls:
		Nothing
 This function is called by:
		_servoInterruptService
 This function uses a non-reentrant model


 *************** function i2___awmod *****************
 Defined at:
		line 8 in file "C:\Program Files (x86)\Microchip\xc8\v1.40\sources\common\awmod.c"
 Parameters:    Size  Location     Type
  dividend        2    0[COMRAM] int 
  divisor         2    2[COMRAM] int 
 Auto vars:     Size  Location     Type
  __awmod         1    5[COMRAM] unsigned char 
  __awmod         1    4[COMRAM] unsigned char 
 Return value:  Size  Location     Type
                  2    0[COMRAM] int 
 Registers used:
		wreg, status,2, status,0
 Tracked objects:
		On entry : 
		On exit  : 
		Unchanged: 
 Data sizes:     COMRAM   BANK0   BANK1   BANK2   BANK3   BANK4   BANK5   BANK6   BANK7   BANK8   BANK9  BANK10  BANK11  BANK12  BANK13  BANK14  BANK15
      Params:         4       0       0       0       0       0       0       0       0       0       0       0       0       0       0       0       0
      Locals:         2       0       0       0       0       0       0       0       0       0       0       0       0       0       0       0       0
      Temps:          0       0       0       0       0       0       0       0       0       0       0       0       0       0       0       0       0
      Totals:         6       0       0       0       0       0       0       0       0       0       0       0       0       0       0       0       0
Total ram usage:        6 bytes
 Hardware stack levels used:    1
 This function calls:
		Nothing
 This function is called by:
		_servoInterruptService
		i2_fround
		i2_scale
 This function uses a non-reentrant model



MODULE INFORMATION

Module		Function		Class		Link	Load	Size
C:\Program Files (x86)\Microchip\xc8\v1.40\sources\common\awtoft.c
		___awtoft      		CODE           	4964	0000	69

C:\Program Files (x86)\Microchip\xc8\v1.40\sources\common\awtoft.c estimated size: 69

C:\Program Files (x86)\Microchip\xc8\v1.40\sources\common\altoft.c
		___altoft      		CODE           	407C	0000	159

C:\Program Files (x86)\Microchip\xc8\v1.40\sources\common\altoft.c estimated size: 159

servo.c
		_initServo     		CODE           	42DE	0000	143
		_servoInterruptService		CODE           	34EC	0000	263
		_setAngle      		CODE           	3AA0	0000	213
		_angleToPulse  		CODE           	29C2	0000	359

servo.c estimated size: 978

keypad.c
		_readKeypad    		CODE           	4B34	0000	43

keypad.c estimated size: 43

C:\Program Files (x86)\Microchip\xc8\v1.40\sources\common\ftneg.c
		___ftneg       		CODE           	4AD6	0000	49

C:\Program Files (x86)\Microchip\xc8\v1.40\sources\common\ftneg.c estimated size: 49

C:\Program Files (x86)\Microchip\xc8\v1.40\sources\common\doprnt.c
		_scale         		CODE           	115C	0000	1199
		_printf        		CODE           	0012	0000	2387
		_fround        		CODE           	1D96	0000	685

C:\Program Files (x86)\Microchip\xc8\v1.40\sources\common\doprnt.c estimated size: 4271

C:\Program Files (x86)\Microchip\xc8\v1.40\sources\common\lltoft.c
		___lltoft      		CODE           	4472	0000	125

C:\Program Files (x86)\Microchip\xc8\v1.40\sources\common\lltoft.c estimated size: 125

C:\Program Files (x86)\Microchip\xc8\v1.40\sources\common\ftsub.c
		___ftsub       		CODE           	4838	0000	77

C:\Program Files (x86)\Microchip\xc8\v1.40\sources\common\ftsub.c estimated size: 77

C:\Program Files (x86)\Microchip\xc8\v1.40\sources\common\float.c
		___ftpack      		CODE           	33E0	0000	269

C:\Program Files (x86)\Microchip\xc8\v1.40\sources\common\float.c estimated size: 269

timer.c
		_initTimer     		CODE           	48D0	0000	75
		_startTimer    		CODE           	47E8	0000	81

timer.c estimated size: 156

C:\Program Files (x86)\Microchip\xc8\v1.40\sources\common\ftdivl.c
		__tdiv_to_l_   		CODE           	269C	0000	415

C:\Program Files (x86)\Microchip\xc8\v1.40\sources\common\ftdivl.c estimated size: 415

C:\Program Files (x86)\Microchip\xc8\v1.40\sources\common\ftge.c
		___ftge        		CODE           	3B74	0000	201

C:\Program Files (x86)\Microchip\xc8\v1.40\sources\common\ftge.c estimated size: 201

C:\Program Files (x86)\Microchip\xc8\v1.40\sources\common\Umul16.c
		___wmul        		CODE           	4AA0	0000	55

C:\Program Files (x86)\Microchip\xc8\v1.40\sources\common\Umul16.c estimated size: 55

C:\Program Files (x86)\Microchip\xc8\v1.40\sources\common\ftmul.c
		___ftmul       		CODE           	2B28	0000	351

C:\Program Files (x86)\Microchip\xc8\v1.40\sources\common\ftmul.c estimated size: 351

C:\Program Files (x86)\Microchip\xc8\v1.40\sources\common\awmod.c
		___awmod       		CODE           	3FDA	0000	163

C:\Program Files (x86)\Microchip\xc8\v1.40\sources\common\awmod.c estimated size: 163

iopin.c
		_digitalRead   		CODE           	3188	0000	305
		_digitalWrite  		CODE           	35F2	0000	261
		_analogRead    		CODE           	49A8	0000	67

iopin.c estimated size: 633

C:\Program Files (x86)\Microchip\xc8\v1.40\sources\common\ftdiv.c
		___ftdiv       		CODE           	2C86	0000	333

C:\Program Files (x86)\Microchip\xc8\v1.40\sources\common\ftdiv.c estimated size: 333

C:\Program Files (x86)\Microchip\xc8\v1.40\sources\common\llmod.c
		___llmod       		CODE           	41B4	0000	155

C:\Program Files (x86)\Microchip\xc8\v1.40\sources\common\llmod.c estimated size: 155

shared
		i2_printf      		CODE           	0964	0000	2041
		i2___ftneg     		CODE           	4BD6	0000	37
		i2_putch       		CODE           	4BFA	0000	35
		i2___ftadd     		CODE           	24F0	0000	429
		i2_lcdNibble   		CODE           	4726	0000	103
		i2___ftdiv     		CODE           	38DE	0000	231
		__powers_      		MEDIUMCONST    	FE12	0000	40
		i2___fttol     		CODE           	37EA	0000	245
		_dpowers       		MEDIUMCONST    	FDC3	0000	41
		i2___ftge      		CODE           	424E	0000	145
		i2_setAngle    		CODE           	3E7E	0000	175
		i2___awdiv     		CODE           	436C	0000	133
		i2__tdiv_to_l_ 		CODE           	3056	0000	307
		i2___awtoft    		CODE           	4A68	0000	57
		i2_startTimer  		CODE           	4884	0000	77
		i2___ftmul     		CODE           	36F6	0000	245
		i2___wmul      		CODE           	4BB0	0000	39
		i2_lcdClear    		CODE           	4C6C	0000	9
		i2_lcdNewline  		CODE           	4C64	0000	9
		i2__div_to_l_  		CODE           	32B8	0000	297
		__npowers_     		MEDIUMCONST    	FDEB	0000	40
		i2___ftpack    		CODE           	3F2C	0000	175
		i2_scale       		CODE           	160A	0000	1009
		_keys          		MEDIUMCONST    	FE59	0000	18
		i2___lldiv     		CODE           	43F0	0000	131
		__initialization		CODE           	45DE	0000	101
		i2___lltoft    		CODE           	478C	0000	93
		i2___ftsub     		CODE           	49EA	0000	65
		i2___awmod     		CODE           	4650	0000	113
		i2___altoft    		CODE           	4566	0000	121
		_hexpowers     		MEDIUMCONST    	FE39	0000	33
		i2___llmod     		CODE           	46C0	0000	103
		i2_lcdInst     		CODE           	4C1C	0000	35
		i2_fround      		CODE           	22AA	0000	583
		_happynewyear  		MEDIUMCONST    	FE6A	0000	8
		i2_digitalWrite		CODE           	3C3C	0000	201
		i2_angleToPulse		CODE           	2F16	0000	321

shared estimated size: 7845

lcd.c
		_putch         		CODE           	4B88	0000	41
		_lcdInst       		CODE           	4B5E	0000	43
		_lcdClear      		CODE           	4C5C	0000	9
		_lcdNibble     		CODE           	44EE	0000	121
		_initLCD       		CODE           	491A	0000	75
		_lcdNewline    		CODE           	4C54	0000	9

lcd.c estimated size: 298

C:\Program Files (x86)\Microchip\xc8\v1.40\sources\common\fttol.c
		___fttol       		CODE           	2DD2	0000	325

C:\Program Files (x86)\Microchip\xc8\v1.40\sources\common\fttol.c estimated size: 325

C:\Program Files (x86)\Microchip\xc8\v1.40\sources\common\fldivl.c
		__div_to_l_    		CODE           	283A	0000	393

C:\Program Files (x86)\Microchip\xc8\v1.40\sources\common\fldivl.c estimated size: 393

C:\Program Files (x86)\Microchip\xc8\v1.40\sources\common\awdiv.c
		___awdiv       		CODE           	3D04	0000	191

C:\Program Files (x86)\Microchip\xc8\v1.40\sources\common\awdiv.c estimated size: 191

main.c
		_service       		CODE           	0008	0000	227
		_sortBattery   		CODE           	19FA	0000	925
		_pinSetup      		CODE           	4A2A	0000	63
		_main          		CODE           	411A	0000	155
		_pause         		CODE           	4C3E	0000	23

main.c estimated size: 1393

C:\Program Files (x86)\Microchip\xc8\v1.40\sources\common\ftadd.c
		___ftadd       		CODE           	2042	0000	617

C:\Program Files (x86)\Microchip\xc8\v1.40\sources\common\ftadd.c estimated size: 617

C:\Program Files (x86)\Microchip\xc8\v1.40\sources\common\lldiv.c
		___lldiv       		CODE           	3DC2	0000	189

C:\Program Files (x86)\Microchip\xc8\v1.40\sources\common\lldiv.c estimated size: 189

