Microchip MPLAB XC8 Compiler V1.40 ()

Linker command line:

-W-3 --edf=C:\Program Files (x86)\Microchip\xc8\v1.40\dat\en_msgs.txt -cs \
  -h+dist/default/production\PIC18_LCD_LIB.X.production.sym \
  --cmf=dist/default/production\PIC18_LCD_LIB.X.production.cmf -z -Q18F4620 \
  -oC:\Users\Nam\AppData\Local\Temp\sbf4.2 \
  -Mdist/default/production/PIC18_LCD_LIB.X.production.map -E1 -ver=XC8 \
  -ASTACK=0189h-0f7fh -pstack=STACK -ACODE=00h-0FFFFh -ACONST=00h-0FFFFh \
  -ASMALLCONST=01000h-010FFhx240 -AMEDIUMCONST=01000h-0FFFFh \
  -ACOMRAM=01h-07Fh -AABS1=00h-0F7Fh -ABIGRAM=01h-0F7Fh \
  -ARAM=080h-0FFh,0100h-01FFhx14,0F00h-0F7Fh -ABANK0=080h-0FFh \
  -ABANK1=0100h-01FFh -ABANK2=0200h-02FFh -ABANK3=0300h-03FFh \
  -ABANK4=0400h-04FFh -ABANK5=0500h-05FFh -ABANK6=0600h-06FFh \
  -ABANK7=0700h-07FFh -ABANK8=0800h-08FFh -ABANK9=0900h-09FFh \
  -ABANK10=0A00h-0AFFh -ABANK11=0B00h-0BFFh -ABANK12=0C00h-0CFFh \
  -ABANK13=0D00h-0DFFh -ABANK14=0E00h-0EFFh -ABANK15=0F00h-0F7Fh \
  -ASFR=0F80h-0FFFh -preset_vec=00h,intcode=08h,intcodelo,powerup,init \
  -pramtop=01000h -psmallconst=SMALLCONST -pmediumconst=MEDIUMCONST \
  -pconst=CONST -AFARRAM=00h-00h -ACONFIG=0300000h-030000Dh -pconfig=CONFIG \
  -AIDLOC=0200000h-0200007h -pidloc=IDLOC -AEEDATA=0F00000h-0F003FFh \
  -peeprom_data=EEDATA \
  -prdata=COMRAM,nvrram=COMRAM,nvbit=COMRAM,rbss=COMRAM,rbit=COMRAM \
  -pfarbss=FARRAM,fardata=FARRAM,nvFARRAM=FARRAM \
  -pintsave_regs=BIGRAM,bigbss=BIGRAM,bigdata=BIGRAM -pbss=RAM \
  -pidata=CODE,irdata=CODE,ibigdata=CODE,ifardata=CODE -prparam=COMRAM \
  C:\Users\Nam\AppData\Local\Temp\sbf4.obj \
  dist/default/production\PIC18_LCD_LIB.X.production.obj 

Object code version is 3.11

Machine type is 18F4620

Call graph: (short form)




                Name                               Link     Load   Length Selector   Space Scale
C:\Users\Nam\AppData\Local\Temp\sbf4.obj
                init                                  E        E        4        4       0
                reset_vec                             0        0        4        0       0
                idloc                            200000   200000        8   200000       0
                config                           300000   300000        E   300000       0
dist/default/production\PIC18_LCD_LIB.X.production.obj
                intcode                               8        8        6        4       0
                temp                                 7F       7F        1        1       1
                mediumconst                        FE30     FE30      1D0     7F18       0
                text70                             4C08     4C08       70        4       0
                text69                             4428     4428       C8        4       0
                text68                             4E8A     4E8A       4C        4       0
                text67                             3EC0     3EC0       FA        4       0
                text66                             4CDE     4CDE       66        4       0
                text65                             521C     521C       22     2852       0
                text64                             527C     527C        8     2852       0
                text63                             48F2     48F2       90        4       0
                text62                             51D6     51D6       24     2852       0
                text61                             466A     466A       AE        4       0
                text60                             2B04     2B04      1AC        4       0
                text59                             4FEC     4FEC       40        4       0
                text58                             40AE     40AE       F4        4       0
                text57                             4A92     4A92       82        4       0
                text56                             4C78     4C78       66        4       0
                text55                             4D44     4D44       5C        4       0
                text54                             3A6E     3A6E      128        4       0
                text53                             380C     380C      132        4       0
                text52                             4A0E     4A0E       84        4       0
                text51                             3FBA     3FBA       F4        4       0
                text50                             51B0     51B0       26     2852       0
                text49                             28BE     28BE      246        4       0
                text48                             523E     523E       1E     2852       0
                text47                             5274     5274        8     2852       0
                text46                             51FA     51FA       22     2852       0
                text45                             1C00     1C00      3F0        4       0
                text44                              CCA      CCA      A88        4       0
                intcode_body                       36D2     36D2      13A        4       0
                text42                             3B96     3B96      11A        4       0
                text41                             41A2     41A2       F2        4       0
                text40                             4B90     4B90       78        4       0
                text39                             515E     515E       2A     2852       0
                text38                             4ED6     4ED6       4A        4       0
                text37                             4DF0     4DF0       4E        4       0
                text36                             3CB0     3CB0      10C        4       0
                text35                             47BA     47BA       9E        4       0
                text34                             4F66     4F66       44        4       0
                text33                             2656     2656      268        4       0
                text32                             3442     3442      14C        4       0
                text31                             32E4     32E4      15E        4       0
                text30                             358E     358E      144        4       0
                text29                             317E     317E      166        4       0
                text28                             4294     4294       CC        4       0
                text27                             4DA0     4DA0       50        4       0
                text26                             4982     4982       8C        4       0
                text25                             526C     526C        8     2852       0
                text24                             502C     502C       3E        4       0
                text23                             4FAA     4FAA       42        4       0
                text22                             393E     393E      130        4       0
                text21                             3DBC     3DBC      104        4       0
                text20                             5264     5264        8     2852       0
                text19                             4360     4360       C8        4       0
                text18                             50DA     50DA       30     2852       0
                text17                             4E3E     4E3E       4C        4       0
                text16                             45AE     45AE       BC        4       0
                text15                             4858     4858       9A        4       0
                text14                             4B14     4B14       7C        4       0
                text13                             2FF6     2FF6      188        4       0
                text12                             2E58     2E58      19E        4       0
                text11                             44F0     44F0       BE        4       0
                text10                             4718     4718       A2        4       0
                text9                              50A4     50A4       36     2852       0
                text8                              23AA     23AA      2AC        4       0
                text7                              5134     5134       2A     2852       0
                text6                              525C     525C        8     2852       0
                text5                              5188     5188       28     2852       0
                text4                              1752     1752      4AE        4       0
                text3                                12       12      CB8        4       0
                text2                              510A     510A       2A     2852       0
                text1                              1FF0     1FF0      3BA        4       0
                text0                              2CB0     2CB0      1A8        4       0
                cstackCOMRAM                          1        1       7A        1       1
                cstackBANK0                          80       80       7F       80       1
                cstackBANK1                         139      139       32      100       1
                dataBANK1                           100      100       39      100       1
                bssBANK1                            16B      16B       1E      100       1
                bssBANK0                             FF       FF        1       80       1
                bssCOMRAM                            7B       7B        4        1       1
                cinit                              4F20     4F20       46        4       0
                idataBANK1                         506A     506A       39        4       0

TOTAL           Name                               Link     Load   Length     Space
        CLASS   STACK          

        CLASS   CODE           
                intcode                               8        8        6         0
                init                                  E        E        4         0
                reset_vec                             0        0        4         0
                text70                             4C08     4C08       70         0
                text69                             4428     4428       C8         0
                text68                             4E8A     4E8A       4C         0
                text67                             3EC0     3EC0       FA         0
                text66                             4CDE     4CDE       66         0
                text65                             521C     521C       22         0
                text64                             527C     527C        8         0
                text63                             48F2     48F2       90         0
                text62                             51D6     51D6       24         0
                text61                             466A     466A       AE         0
                text60                             2B04     2B04      1AC         0
                text59                             4FEC     4FEC       40         0
                text58                             40AE     40AE       F4         0
                text57                             4A92     4A92       82         0
                text56                             4C78     4C78       66         0
                text55                             4D44     4D44       5C         0
                text54                             3A6E     3A6E      128         0
                text53                             380C     380C      132         0
                text52                             4A0E     4A0E       84         0
                text51                             3FBA     3FBA       F4         0
                text50                             51B0     51B0       26         0
                text49                             28BE     28BE      246         0
                text48                             523E     523E       1E         0
                text47                             5274     5274        8         0
                text46                             51FA     51FA       22         0
                text45                             1C00     1C00      3F0         0
                text44                              CCA      CCA      A88         0
                intcode_body                       36D2     36D2      13A         0
                text42                             3B96     3B96      11A         0
                text41                             41A2     41A2       F2         0
                text40                             4B90     4B90       78         0
                text39                             515E     515E       2A         0
                text38                             4ED6     4ED6       4A         0
                text37                             4DF0     4DF0       4E         0
                text36                             3CB0     3CB0      10C         0
                text35                             47BA     47BA       9E         0
                text34                             4F66     4F66       44         0
                text33                             2656     2656      268         0
                text32                             3442     3442      14C         0
                text31                             32E4     32E4      15E         0
                text30                             358E     358E      144         0
                text29                             317E     317E      166         0
                text28                             4294     4294       CC         0
                text27                             4DA0     4DA0       50         0
                text26                             4982     4982       8C         0
                text25                             526C     526C        8         0
                text24                             502C     502C       3E         0
                text23                             4FAA     4FAA       42         0
                text22                             393E     393E      130         0
                text21                             3DBC     3DBC      104         0
                text20                             5264     5264        8         0
                text19                             4360     4360       C8         0
                text18                             50DA     50DA       30         0
                text17                             4E3E     4E3E       4C         0
                text16                             45AE     45AE       BC         0
                text15                             4858     4858       9A         0
                text14                             4B14     4B14       7C         0
                text13                             2FF6     2FF6      188         0
                text12                             2E58     2E58      19E         0
                text11                             44F0     44F0       BE         0
                text10                             4718     4718       A2         0
                text9                              50A4     50A4       36         0
                text8                              23AA     23AA      2AC         0
                text7                              5134     5134       2A         0
                text6                              525C     525C        8         0
                text5                              5188     5188       28         0
                text4                              1752     1752      4AE         0
                text3                                12       12      CB8         0
                text2                              510A     510A       2A         0
                text1                              1FF0     1FF0      3BA         0
                text0                              2CB0     2CB0      1A8         0
                cinit                              4F20     4F20       46         0
                idataBANK1                         506A     506A       39         0

        CLASS   CONST          

        CLASS   SMALLCONST     

        CLASS   MEDIUMCONST    
                mediumconst                        FE30     FE30      1D0         0

        CLASS   COMRAM         
                temp                                 7F       7F        1         1
                cstackCOMRAM                          1        1       7A         1
                bssCOMRAM                            7B       7B        4         1

        CLASS   ABS1           

        CLASS   BIGRAM         

        CLASS   RAM            

        CLASS   BANK0          
                cstackBANK0                          80       80       7F         1
                bssBANK0                             FF       FF        1         1

        CLASS   BANK1          
                cstackBANK1                         139      139       32         1
                dataBANK1                           100      100       39         1
                bssBANK1                            16B      16B       1E         1

        CLASS   BANK2          

        CLASS   BANK3          

        CLASS   BANK4          

        CLASS   BANK5          

        CLASS   BANK6          

        CLASS   BANK7          

        CLASS   BANK8          

        CLASS   BANK9          

        CLASS   BANK10         

        CLASS   BANK11         

        CLASS   BANK12         

        CLASS   BANK13         

        CLASS   BANK14         

        CLASS   BANK15         

        CLASS   SFR            

        CLASS   FARRAM         

        CLASS   CONFIG         
                config                           300000   300000        E         0

        CLASS   IDLOC          
                idloc                            200000   200000        8         0

        CLASS   EEDATA         



SEGMENTS        Name                           Load    Length   Top    Selector   Space  Class

                reset_vec                      000000  000004  000004         0       0  CODE    
                cstackCOMRAM                   000001  00007F  000080         1       1  COMRAM  
                intcode                        000008  00509B  0050A3         4       0  CODE    
                cstackBANK0                    000080  000080  000100        80       1  BANK0   
                dataBANK1                      000100  000089  000189       100       1  BANK1   
                text9                          0050A4  0001E0  005284      2852       0  CODE    
                mediumconst                    00FE30  0001D0  010000      7F18       0  MEDIUMCO
                idloc                          200000  000008  200008    200000       0  IDLOC   
                config                         300000  00000E  30000E    300000       0  CONFIG  


UNUSED ADDRESS RANGES

        Name                Unused          Largest block    Delta
        BANK1            000189-0001FF               77
        BANK10           000A00-000AFF              100
        BANK11           000B00-000BFF              100
        BANK12           000C00-000CFF              100
        BANK13           000D00-000DFF              100
        BANK14           000E00-000EFF              100
        BANK15           000F00-000F7F               80
        BANK2            000200-0002FF              100
        BANK3            000300-0003FF              100
        BANK4            000400-0004FF              100
        BANK5            000500-0005FF              100
        BANK6            000600-0006FF              100
        BANK7            000700-0007FF              100
        BANK8            000800-0008FF              100
        BANK9            000900-0009FF              100
        BIGRAM           000189-000F7F              DF7
        CODE             000004-000007                4
                         0050A3-0050A3                1
                         005284-00FE2F             ABAC
        CONST            000004-000007                4
                         0050A3-0050A3                1
                         005284-00FE2F             ABAC
        EEDATA           F00000-F003FF              400
        MEDIUMCONST      0050A3-0050A3                1
                         005284-00FE2F             ABAC
        RAM              000189-000F7F              100
        SFR              000F80-000FFF               80
        SMALLCONST       0050A3-0050A3                1
                         005284-00FE2F              100
        STACK            000189-000F7F              DF7

                                  Symbol Table

?___aldiv                       cstackBANK0  000080
?___almod                       cstackBANK0  00008E
?___altoft                      cstackBANK0  000088
?___awdiv                       cstackBANK0  000086
?___awmod                       cstackBANK0  000080
?___awtoft                      cstackBANK0  000088
?___ftadd                       cstackBANK0  0000BA
?___ftdiv                       cstackBANK0  000092
?___ftmul                       cstackBANK0  0000A1
?___ftneg                       cstackBANK0  000080
?___ftpack                      cstackBANK0  000080
?___ftsub                       cstackBANK0  0000C6
?___fttol                       cstackBANK0  0000C6
?___lldiv                       cstackBANK0  000080
?___llmod                       cstackBANK0  00008D
?___lltoft                      cstackBANK0  000088
?___wmul                        cstackBANK0  00008E
?__div_to_l_                    cstackBANK0  000080
?__tdiv_to_l_                   cstackBANK0  000080
?_analogRead                    cstackBANK0  000080
?_angleToPulse                  cstackBANK0  0000D5
?_digitalRead                   cstackBANK0  000080
?_fround                        cstackBANK0  0000B0
?_printf                        cstackBANK0  0000D5
?_scale                         cstackBANK0  0000B0
?i2___awdiv                     cstackCOMRAM 000007
?i2___awmod                     cstackCOMRAM 000001
?i2___ftadd                     cstackCOMRAM 00002E
?i2___ftmul                     cstackCOMRAM 000015
?i2___ftneg                     cstackCOMRAM 000001
?i2___ftpack                    cstackCOMRAM 000001
?i2___ftsub                     cstackCOMRAM 00003A
?i2___fttol                     cstackCOMRAM 00002B
?i2___lldiv                     cstackCOMRAM 000001
?i2___llmod                     cstackCOMRAM 00000E
?i2___lltoft                    cstackCOMRAM 000009
?i2___wmul                      cstackCOMRAM 00000F
?i2__div_to_l_                  cstackCOMRAM 000001
?i2__tdiv_to_l_                 cstackCOMRAM 000001
?i2_fround                      cstackCOMRAM 000024
?i2_printf                      cstackCOMRAM 000040
?i2_scale                       cstackCOMRAM 000024
_AA_float                       dataBANK1    00011D
_ACKDT                          (abs)        007E2D
_ACKEN                          (abs)        007E2C
_ADCON0                         (abs)        000FC2
_ADCON1                         (abs)        000FC1
_ADCON2                         (abs)        000FC0
_ADRESH                         (abs)        000FC4
_ADRESL                         (abs)        000FC3
_EEADR                          (abs)        000FA9
_EEADRH                         (abs)        000FAA
_EECON1                         (abs)        000FA6
_EECON2                         (abs)        000FA7
_EEDATA                         (abs)        000FA8
_EEIF                           (abs)        007D0C
_INT0IE                         (abs)        007F94
_INT0IF                         (abs)        007F91
_INT1IE                         (abs)        007F83
_INT1IF                         (abs)        007F80
_INTCONbits                     (abs)        000FF2
_LATA                           (abs)        000F89
_LATB                           (abs)        000F8A
_LATC                           (abs)        000F8B
_LATD                           (abs)        000F8C
_LATDbits                       (abs)        000F8C
_LATE                           (abs)        000F8D
_PEIE                           (abs)        007F96
_PEN                            (abs)        007E2A
_PORTA                          (abs)        000F80
_PORTB                          (abs)        000F81
_PORTBbits                      (abs)        000F81
_PORTC                          (abs)        000F82
_PORTD                          (abs)        000F83
_RCEN                           (abs)        007E2B
_RSEN                           (abs)        007E29
_SEN                            (abs)        007E28
_SSPADD                         (abs)        000FC8
_SSPBUF                         (abs)        000FC9
_SSPCON1                        (abs)        000FC6
_SSPCON2                        (abs)        000FC5
_SSPSTAT                        (abs)        000FC7
_T0CON                          (abs)        000FD5
_T1CON                          (abs)        000FCD
_T3CON                          (abs)        000FB1
_TMR0H                          (abs)        000FD7
_TMR0IE                         (abs)        007F95
_TMR0IF                         (abs)        007F92
_TMR0L                          (abs)        000FD6
_TMR1H                          (abs)        000FCF
_TMR1IE                         (abs)        007CE8
_TMR1IF                         (abs)        007CF0
_TMR1L                          (abs)        000FCE
_TMR3H                          (abs)        000FB3
_TMR3IE                         (abs)        007D01
_TMR3L                          (abs)        000FB2
_TRISA                          (abs)        000F92
_TRISB                          (abs)        000F93
_TRISC                          (abs)        000F94
_TRISC3                         (abs)        007CA3
_TRISC4                         (abs)        007CA4
_TRISD                          (abs)        000F95
_TRISE                          (abs)        000F96
_V_LIM_9V                       dataBANK1    000100
_V_LIM_AA                       dataBANK1    000103
_V_LIM_C                        dataBANK1    000106
__CFG_BOREN$SBORDIS             (abs)        000000
__CFG_BORV$3                    (abs)        000000
__CFG_CCP2MX$PORTC              (abs)        000000
__CFG_CP0$OFF                   (abs)        000000
__CFG_CP1$OFF                   (abs)        000000
__CFG_CP2$OFF                   (abs)        000000
__CFG_CP3$OFF                   (abs)        000000
__CFG_CPB$OFF                   (abs)        000000
__CFG_CPD$OFF                   (abs)        000000
__CFG_EBTR0$OFF                 (abs)        000000
__CFG_EBTR1$OFF                 (abs)        000000
__CFG_EBTR2$OFF                 (abs)        000000
__CFG_EBTR3$OFF                 (abs)        000000
__CFG_EBTRB$OFF                 (abs)        000000
__CFG_FCMEN$OFF                 (abs)        000000
__CFG_IESO$OFF                  (abs)        000000
__CFG_LPT1OSC$OFF               (abs)        000000
__CFG_LVP$OFF                   (abs)        000000
__CFG_MCLRE$ON                  (abs)        000000
__CFG_OSC$HS                    (abs)        000000
__CFG_PBADEN$ON                 (abs)        000000
__CFG_PWRT$OFF                  (abs)        000000
__CFG_STVREN$ON                 (abs)        000000
__CFG_WDT$OFF                   (abs)        000000
__CFG_WDTPS$32768               (abs)        000000
__CFG_WRT0$OFF                  (abs)        000000
__CFG_WRT1$OFF                  (abs)        000000
__CFG_WRT2$OFF                  (abs)        000000
__CFG_WRT3$OFF                  (abs)        000000
__CFG_WRTB$OFF                  (abs)        000000
__CFG_WRTC$OFF                  (abs)        000000
__CFG_WRTD$OFF                  (abs)        000000
__CFG_XINST$OFF                 (abs)        000000
__HRAM                          (abs)        000000
__Habs1                         abs1         000000
__Hbank0                        bank0        000000
__Hbank1                        bank1        000000
__Hbank10                       bank10       000000
__Hbank11                       bank11       000000
__Hbank12                       bank12       000000
__Hbank13                       bank13       000000
__Hbank14                       bank14       000000
__Hbank15                       bank15       000000
__Hbank2                        bank2        000000
__Hbank3                        bank3        000000
__Hbank4                        bank4        000000
__Hbank5                        bank5        000000
__Hbank6                        bank6        000000
__Hbank7                        bank7        000000
__Hbank8                        bank8        000000
__Hbank9                        bank9        000000
__Hbigbss                       bigbss       000000
__Hbigdata                      bigdata      000000
__Hbigram                       bigram       000000
__Hbss                          bss          000000
__HbssBANK0                     bssBANK0     000000
__HbssBANK1                     bssBANK1     000000
__HbssCOMRAM                    bssCOMRAM    000000
__Hcinit                        cinit        000000
__Hclrtext                      clrtext      000000
__Hcomram                       comram       000000
__Hconfig                       config       30000E
__Hconst                        const        000000
__HcstackBANK0                  cstackBANK0  000000
__HcstackBANK1                  cstackBANK1  000000
__HcstackCOMRAM                 cstackCOMRAM 000000
__Hdata                         data         000000
__HdataBANK1                    dataBANK1    000000
__Heeprom_data                  eeprom_data  000000
__Hfarbss                       farbss       000000
__Hfardata                      fardata      000000
__Hibigdata                     ibigdata     000000
__Hidata                        idata        000000
__HidataBANK1                   idataBANK1   000000
__Hidloc                        idloc        200008
__Hifardata                     ifardata     000000
__Hinit                         init         000012
__Hintcode                      intcode      00000E
__Hintcode_body                 intcode_body 000000
__Hintcodelo                    intcodelo    00000E
__Hintentry                     intentry     000000
__Hintret                       intret       000000
__Hintsave_regs                 intsave_regs 000000
__Hirdata                       irdata       000000
__Hmediumconst                  mediumconst  010000
__HnvFARRAM                     nvFARRAM     000000
__Hnvbit                        nvbit        000000
__Hnvrram                       nvrram       000000
__Hparam                        rparam       000000
__Hpowerup                      powerup      00000E
__Hram                          ram          000000
__Hramtop                       ramtop       001000
__Hrbit                         rbit         000000
__Hrbss                         rbss         000000
__Hrdata                        rdata        000000
__Hreset_vec                    reset_vec    000004
__Hrparam                       rparam       000000
__Hsfr                          sfr          000000
__Hsmallconst                   smallconst   000000
__Hspace_0                      (abs)        30000E
__Hspace_1                      (abs)        000189
__Hspace_2                      (abs)        000000
__Hstack                        stack        000000
__Hstruct                       struct       000000
__Htemp                         temp         000080
__Htext                         text         000000
__Htext0                        text0        000000
__Htext1                        text1        000000
__Htext10                       text10       000000
__Htext11                       text11       000000
__Htext12                       text12       000000
__Htext13                       text13       000000
__Htext14                       text14       000000
__Htext15                       text15       000000
__Htext16                       text16       000000
__Htext17                       text17       000000
__Htext18                       text18       000000
__Htext19                       text19       000000
__Htext2                        text2        000000
__Htext20                       text20       000000
__Htext21                       text21       000000
__Htext22                       text22       000000
__Htext23                       text23       000000
__Htext24                       text24       000000
__Htext25                       text25       000000
__Htext26                       text26       000000
__Htext27                       text27       000000
__Htext28                       text28       000000
__Htext29                       text29       000000
__Htext3                        text3        000000
__Htext30                       text30       000000
__Htext31                       text31       000000
__Htext32                       text32       000000
__Htext33                       text33       000000
__Htext34                       text34       000000
__Htext35                       text35       000000
__Htext36                       text36       000000
__Htext37                       text37       000000
__Htext38                       text38       000000
__Htext39                       text39       000000
__Htext4                        text4        000000
__Htext40                       text40       000000
__Htext41                       text41       000000
__Htext42                       text42       000000
__Htext44                       text44       000000
__Htext45                       text45       000000
__Htext46                       text46       000000
__Htext47                       text47       000000
__Htext48                       text48       000000
__Htext49                       text49       000000
__Htext5                        text5        000000
__Htext50                       text50       000000
__Htext51                       text51       000000
__Htext52                       text52       000000
__Htext53                       text53       000000
__Htext54                       text54       000000
__Htext55                       text55       000000
__Htext56                       text56       000000
__Htext57                       text57       000000
__Htext58                       text58       000000
__Htext59                       text59       000000
__Htext6                        text6        000000
__Htext60                       text60       000000
__Htext61                       text61       000000
__Htext62                       text62       000000
__Htext63                       text63       000000
__Htext64                       text64       000000
__Htext65                       text65       000000
__Htext66                       text66       000000
__Htext67                       text67       000000
__Htext68                       text68       000000
__Htext69                       text69       000000
__Htext7                        text7        000000
__Htext70                       text70       000000
__Htext8                        text8        000000
__Htext9                        text9        000000
__LRAM                          (abs)        000001
__Labs1                         abs1         000000
__Lbank0                        bank0        000000
__Lbank1                        bank1        000000
__Lbank10                       bank10       000000
__Lbank11                       bank11       000000
__Lbank12                       bank12       000000
__Lbank13                       bank13       000000
__Lbank14                       bank14       000000
__Lbank15                       bank15       000000
__Lbank2                        bank2        000000
__Lbank3                        bank3        000000
__Lbank4                        bank4        000000
__Lbank5                        bank5        000000
__Lbank6                        bank6        000000
__Lbank7                        bank7        000000
__Lbank8                        bank8        000000
__Lbank9                        bank9        000000
__Lbigbss                       bigbss       000000
__Lbigdata                      bigdata      000000
__Lbigram                       bigram       000000
__Lbss                          bss          000000
__LbssBANK0                     bssBANK0     000000
__LbssBANK1                     bssBANK1     000000
__LbssCOMRAM                    bssCOMRAM    000000
__Lcinit                        cinit        000000
__Lclrtext                      clrtext      000000
__Lcomram                       comram       000000
__Lconfig                       config       300000
__Lconst                        const        000000
__LcstackBANK0                  cstackBANK0  000000
__LcstackBANK1                  cstackBANK1  000000
__LcstackCOMRAM                 cstackCOMRAM 000000
__Ldata                         data         000000
__LdataBANK1                    dataBANK1    000000
__Leeprom_data                  eeprom_data  000000
__Lfarbss                       farbss       000000
__Lfardata                      fardata      000000
__Libigdata                     ibigdata     000000
__Lidata                        idata        000000
__LidataBANK1                   idataBANK1   000000
__Lidloc                        idloc        200000
__Lifardata                     ifardata     000000
__Linit                         init         00000E
__Lintcode                      intcode      000008
__Lintcode_body                 intcode_body 000000
__Lintcodelo                    intcodelo    00000E
__Lintentry                     intentry     000000
__Lintret                       intret       000000
__Lintsave_regs                 intsave_regs 000000
__Lirdata                       irdata       000000
__Lmediumconst                  mediumconst  00FE30
__LnvFARRAM                     nvFARRAM     000000
__Lnvbit                        nvbit        000000
__Lnvrram                       nvrram       000000
__Lparam                        rparam       000000
__Lpowerup                      powerup      00000E
__Lram                          ram          000000
__Lramtop                       ramtop       001000
__Lrbit                         rbit         000000
__Lrbss                         rbss         000000
__Lrdata                        rdata        000000
__Lreset_vec                    reset_vec    000000
__Lrparam                       rparam       000000
__Lsfr                          sfr          000000
__Lsmallconst                   smallconst   000000
__Lspace_0                      (abs)        000000
__Lspace_1                      (abs)        000000
__Lspace_2                      (abs)        000000
__Lstack                        stack        000000
__Lstruct                       struct       000000
__Ltemp                         temp         00007F
__Ltext                         text         000000
__Ltext0                        text0        000000
__Ltext1                        text1        000000
__Ltext10                       text10       000000
__Ltext11                       text11       000000
__Ltext12                       text12       000000
__Ltext13                       text13       000000
__Ltext14                       text14       000000
__Ltext15                       text15       000000
__Ltext16                       text16       000000
__Ltext17                       text17       000000
__Ltext18                       text18       000000
__Ltext19                       text19       000000
__Ltext2                        text2        000000
__Ltext20                       text20       000000
__Ltext21                       text21       000000
__Ltext22                       text22       000000
__Ltext23                       text23       000000
__Ltext24                       text24       000000
__Ltext25                       text25       000000
__Ltext26                       text26       000000
__Ltext27                       text27       000000
__Ltext28                       text28       000000
__Ltext29                       text29       000000
__Ltext3                        text3        000000
__Ltext30                       text30       000000
__Ltext31                       text31       000000
__Ltext32                       text32       000000
__Ltext33                       text33       000000
__Ltext34                       text34       000000
__Ltext35                       text35       000000
__Ltext36                       text36       000000
__Ltext37                       text37       000000
__Ltext38                       text38       000000
__Ltext39                       text39       000000
__Ltext4                        text4        000000
__Ltext40                       text40       000000
__Ltext41                       text41       000000
__Ltext42                       text42       000000
__Ltext44                       text44       000000
__Ltext45                       text45       000000
__Ltext46                       text46       000000
__Ltext47                       text47       000000
__Ltext48                       text48       000000
__Ltext49                       text49       000000
__Ltext5                        text5        000000
__Ltext50                       text50       000000
__Ltext51                       text51       000000
__Ltext52                       text52       000000
__Ltext53                       text53       000000
__Ltext54                       text54       000000
__Ltext55                       text55       000000
__Ltext56                       text56       000000
__Ltext57                       text57       000000
__Ltext58                       text58       000000
__Ltext59                       text59       000000
__Ltext6                        text6        000000
__Ltext60                       text60       000000
__Ltext61                       text61       000000
__Ltext62                       text62       000000
__Ltext63                       text63       000000
__Ltext64                       text64       000000
__Ltext65                       text65       000000
__Ltext66                       text66       000000
__Ltext67                       text67       000000
__Ltext68                       text68       000000
__Ltext69                       text69       000000
__Ltext7                        text7        000000
__Ltext70                       text70       000000
__Ltext8                        text8        000000
__Ltext9                        text9        000000
__S0                            (abs)        30000E
__S1                            (abs)        000189
__S2                            (abs)        000000
___aldiv                        text42       003B96
___aldiv@counter                cstackBANK0  000088
___aldiv@dividend               cstackBANK0  000080
___aldiv@divisor                cstackBANK0  000084
___aldiv@quotient               cstackBANK0  00008A
___aldiv@sign                   cstackBANK0  000089
___almod                        text41       0041A2
___almod@counter                cstackBANK0  000096
___almod@dividend               cstackBANK0  00008E
___almod@divisor                cstackBANK0  000092
___almod@sign                   cstackBANK0  000097
___altoft                       text35       0047BA
___altoft@c                     cstackBANK0  000088
___altoft@exp                   cstackBANK0  000090
___altoft@sign                  cstackBANK0  000091
___awdiv                        text11       0044F0
___awdiv@counter                cstackBANK0  00008A
___awdiv@dividend               cstackBANK0  000086
___awdiv@divisor                cstackBANK0  000088
___awdiv@quotient               cstackBANK0  00008C
___awdiv@sign                   cstackBANK0  00008B
___awmod                        text10       004718
___awmod@counter                cstackBANK0  000084
___awmod@dividend               cstackBANK0  000080
___awmod@divisor                cstackBANK0  000082
___awmod@sign                   cstackBANK0  000085
___awtoft                       text34       004F66
___awtoft@c                     cstackBANK0  000088
___awtoft@sign                  cstackBANK0  00008B
___ftadd                        text33       002656
___ftadd@exp1                   cstackBANK0  0000C5
___ftadd@exp2                   cstackBANK0  0000C4
___ftadd@f1                     cstackBANK0  0000BA
___ftadd@f2                     cstackBANK0  0000BD
___ftadd@sign                   cstackBANK0  0000C3
___ftdiv                        text32       003442
___ftdiv@cntr                   cstackBANK0  00009B
___ftdiv@exp                    cstackBANK0  00009F
___ftdiv@f1                     cstackBANK0  000092
___ftdiv@f2                     cstackBANK0  000095
___ftdiv@f3                     cstackBANK0  00009C
___ftdiv@sign                   cstackBANK0  0000A0
___ftge                         text19       004360
___ftge@ff1                     cstackBANK0  000080
___ftge@ff2                     cstackBANK0  000083
___ftmul                        text31       0032E4
___ftmul@cntr                   cstackBANK0  0000AE
___ftmul@exp                    cstackBANK0  0000AA
___ftmul@f1                     cstackBANK0  0000A1
___ftmul@f2                     cstackBANK0  0000A4
___ftmul@f3_as_product          cstackBANK0  0000AB
___ftmul@sign                   cstackBANK0  0000AF
___ftneg                        text18       0050DA
___ftneg@f1                     cstackBANK0  000080
___ftpack                       text36       003CB0
___ftpack@arg                   cstackBANK0  000080
___ftpack@exp                   cstackBANK0  000083
___ftpack@sign                  cstackBANK0  000084
___ftsub                        text17       004E3E
___ftsub@f1                     cstackBANK0  0000C6
___ftsub@f2                     cstackBANK0  0000C9
___fttol                        text30       00358E
___fttol@exp1                   cstackBANK0  0000D4
___fttol@f1                     cstackBANK0  0000C6
___fttol@lval                   cstackBANK0  0000D0
___fttol@sign1                  cstackBANK0  0000CF
___inthi_sp                     stack        000000
___intlo_sp                     stack        000000
___lldiv                        text16       0045AE
___lldiv@counter                cstackBANK0  00008C
___lldiv@dividend               cstackBANK0  000080
___lldiv@divisor                cstackBANK0  000084
___lldiv@quotient               cstackBANK0  000088
___llmod                        text15       004858
___llmod@counter                cstackBANK0  000095
___llmod@dividend               cstackBANK0  00008D
___llmod@divisor                cstackBANK0  000091
___lltoft                       text14       004B14
___lltoft@c                     cstackBANK0  000088
___lltoft@exp                   cstackBANK0  000090
___param_bank                   (abs)        000000
___rparam_used                  (abs)        000001
___sp                           stack        000000
___wmul                         text9        0050A4
___wmul@multiplicand            cstackBANK0  000090
___wmul@multiplier              cstackBANK0  00008E
___wmul@product                 cstackBANK0  000092
__accesstop                     (abs)        000080
__activetblptr                  (abs)        000002
__div_to_l_                     text13       002FF6
__div_to_l_@cntr                cstackBANK0  00008A
__div_to_l_@exp1                cstackBANK0  00008B
__div_to_l_@f1                  cstackBANK0  000080
__div_to_l_@f2                  cstackBANK0  000083
__div_to_l_@quot                cstackBANK0  000086
__end_of___aldiv                text42       003CB0
__end_of___almod                text41       004294
__end_of___altoft               text35       004858
__end_of___awdiv                text11       0045AE
__end_of___awmod                text10       0047BA
__end_of___awtoft               text34       004FAA
__end_of___ftadd                text33       0028BE
__end_of___ftdiv                text32       00358E
__end_of___ftge                 text19       004428
__end_of___ftmul                text31       003442
__end_of___ftneg                text18       00510A
__end_of___ftpack               text36       003DBC
__end_of___ftsub                text17       004E8A
__end_of___fttol                text30       0036D2
__end_of___lldiv                text16       00466A
__end_of___llmod                text15       0048F2
__end_of___lltoft               text14       004B90
__end_of___wmul                 text9        0050DA
__end_of__div_to_l_             text13       00317E
__end_of__initialization        cinit        004F58
__end_of__npowers_              mediumconst  00FE80
__end_of__powers_               mediumconst  00FEA7
__end_of__tdiv_to_l_            text12       002FF6
__end_of_analogRead             text23       004FEC
__end_of_angleToPulse           text29       0032E4
__end_of_digitalRead            text22       003A6E
__end_of_digitalWrite           text21       003EC0
__end_of_dpowers                mediumconst  00FE59
__end_of_fround                 text8        002656
__end_of_happynewyear           mediumconst  00FEDF
__end_of_hexpowers              mediumconst  00FEC7
__end_of_initLCD                text38       004F20
__end_of_initServo              text26       004A0E
__end_of_initTimer              text37       004E3E
__end_of_isdigit                text7        00515E
__end_of_keys                   mediumconst  00FED8
__end_of_lcdClear               text20       00526C
__end_of_lcdHome                text25       005274
__end_of_lcdInst                text39       005188
__end_of_lcdNewline             text6        005264
__end_of_lcdNibble              text40       004C08
__end_of_main                   text0        002E58
__end_of_pinSetup               text24       00506A
__end_of_printf                 text3        000CCA
__end_of_putch                  text5        0051B0
__end_of_readKeypad             text2        005134
__end_of_scale                  text4        001C00
__end_of_service                intcode_body 00380C
__end_of_servoInterruptService  text67       003FBA
__end_of_setAngle               text28       004360
__end_of_sortBattery            text1        0023AA
__end_of_startTimer             text27       004DF0
__end_ofi2___awdiv              text52       004A92
__end_ofi2___awmod              text70       004C78
__end_ofi2___ftadd              text60       002CB0
__end_ofi2___ftge               text63       004982
__end_ofi2___ftmul              text51       0040AE
__end_ofi2___ftneg              text62       0051FA
__end_ofi2___ftpack             text61       004718
__end_ofi2___ftsub              text59       00502C
__end_ofi2___fttol              text58       0041A2
__end_ofi2___lldiv              text57       004B14
__end_ofi2___llmod              text56       004CDE
__end_ofi2___lltoft             text55       004DA0
__end_ofi2___wmul               text50       0051D6
__end_ofi2__div_to_l_           text54       003B96
__end_ofi2__tdiv_to_l_          text53       00393E
__end_ofi2_digitalWrite         text69       0044F0
__end_ofi2_fround               text49       002B04
__end_ofi2_isdigit              text48       00525C
__end_ofi2_lcdClear             text64       005284
__end_ofi2_lcdInst              text65       00523E
__end_ofi2_lcdNewline           text47       00527C
__end_ofi2_lcdNibble            text66       004D44
__end_ofi2_printf               text44       001752
__end_ofi2_putch                text46       00521C
__end_ofi2_scale                text45       001FF0
__end_ofi2_startTimer           text68       004ED6
__initialization                cinit        004F20
__mediumconst                   mediumconst  00FE30
__npowers_                      mediumconst  00FE59
__pbssBANK0                     bssBANK0     0000FF
__pbssBANK1                     bssBANK1     00016B
__pbssCOMRAM                    bssCOMRAM    00007B
__pcinit                        cinit        004F20
__pcstackBANK0                  cstackBANK0  000080
__pcstackBANK1                  cstackBANK1  000139
__pcstackCOMRAM                 cstackCOMRAM 000001
__pdataBANK1                    dataBANK1    000100
__pidataBANK1                   idataBANK1   00506A
__pintcode                      intcode      000008
__pintcode_body                 intcode_body 0036D2
__pmediumconst                  mediumconst  00FE30
__powers_                       mediumconst  00FE80
__ptext0                        text0        002CB0
__ptext1                        text1        001FF0
__ptext10                       text10       004718
__ptext11                       text11       0044F0
__ptext12                       text12       002E58
__ptext13                       text13       002FF6
__ptext14                       text14       004B14
__ptext15                       text15       004858
__ptext16                       text16       0045AE
__ptext17                       text17       004E3E
__ptext18                       text18       0050DA
__ptext19                       text19       004360
__ptext2                        text2        00510A
__ptext20                       text20       005264
__ptext21                       text21       003DBC
__ptext22                       text22       00393E
__ptext23                       text23       004FAA
__ptext24                       text24       00502C
__ptext25                       text25       00526C
__ptext26                       text26       004982
__ptext27                       text27       004DA0
__ptext28                       text28       004294
__ptext29                       text29       00317E
__ptext3                        text3        000012
__ptext30                       text30       00358E
__ptext31                       text31       0032E4
__ptext32                       text32       003442
__ptext33                       text33       002656
__ptext34                       text34       004F66
__ptext35                       text35       0047BA
__ptext36                       text36       003CB0
__ptext37                       text37       004DF0
__ptext38                       text38       004ED6
__ptext39                       text39       00515E
__ptext4                        text4        001752
__ptext40                       text40       004B90
__ptext41                       text41       0041A2
__ptext42                       text42       003B96
__ptext44                       text44       000CCA
__ptext45                       text45       001C00
__ptext46                       text46       0051FA
__ptext47                       text47       005274
__ptext48                       text48       00523E
__ptext49                       text49       0028BE
__ptext5                        text5        005188
__ptext50                       text50       0051B0
__ptext51                       text51       003FBA
__ptext52                       text52       004A0E
__ptext53                       text53       00380C
__ptext54                       text54       003A6E
__ptext55                       text55       004D44
__ptext56                       text56       004C78
__ptext57                       text57       004A92
__ptext58                       text58       0040AE
__ptext59                       text59       004FEC
__ptext6                        text6        00525C
__ptext60                       text60       002B04
__ptext61                       text61       00466A
__ptext62                       text62       0051D6
__ptext63                       text63       0048F2
__ptext64                       text64       00527C
__ptext65                       text65       00521C
__ptext66                       text66       004CDE
__ptext67                       text67       003EC0
__ptext68                       text68       004E8A
__ptext69                       text69       004428
__ptext7                        text7        005134
__ptext70                       text70       004C08
__ptext8                        text8        0023AA
__ptext9                        text9        0050A4
__ramtop                        ramtop       001000
__size_of___aldiv               (abs)        000000
__size_of___almod               (abs)        000000
__size_of___altoft              (abs)        000000
__size_of___awdiv               (abs)        000000
__size_of___awmod               (abs)        000000
__size_of___awtoft              (abs)        000000
__size_of___ftadd               (abs)        000000
__size_of___ftdiv               (abs)        000000
__size_of___ftge                (abs)        000000
__size_of___ftmul               (abs)        000000
__size_of___ftneg               (abs)        000000
__size_of___ftpack              (abs)        000000
__size_of___ftsub               (abs)        000000
__size_of___fttol               (abs)        000000
__size_of___lldiv               (abs)        000000
__size_of___llmod               (abs)        000000
__size_of___lltoft              (abs)        000000
__size_of___wmul                (abs)        000000
__size_of__div_to_l_            (abs)        000000
__size_of__tdiv_to_l_           (abs)        000000
__size_of_analogRead            (abs)        000000
__size_of_angleToPulse          (abs)        000000
__size_of_digitalRead           (abs)        000000
__size_of_digitalWrite          (abs)        000000
__size_of_fround                (abs)        000000
__size_of_initLCD               (abs)        000000
__size_of_initServo             (abs)        000000
__size_of_initTimer             (abs)        000000
__size_of_isdigit               (abs)        000000
__size_of_lcdClear              (abs)        000000
__size_of_lcdHome               (abs)        000000
__size_of_lcdInst               (abs)        000000
__size_of_lcdNewline            (abs)        000000
__size_of_lcdNibble             (abs)        000000
__size_of_main                  (abs)        000000
__size_of_pinSetup              (abs)        000000
__size_of_printf                (abs)        000000
__size_of_putch                 (abs)        000000
__size_of_readKeypad            (abs)        000000
__size_of_scale                 (abs)        000000
__size_of_service               (abs)        000000
__size_of_servoInterruptService (abs)        000000
__size_of_setAngle              (abs)        000000
__size_of_sortBattery           (abs)        000000
__size_of_startTimer            (abs)        000000
__size_ofi2___awdiv             (abs)        000000
__size_ofi2___awmod             (abs)        000000
__size_ofi2___ftadd             (abs)        000000
__size_ofi2___ftge              (abs)        000000
__size_ofi2___ftmul             (abs)        000000
__size_ofi2___ftneg             (abs)        000000
__size_ofi2___ftpack            (abs)        000000
__size_ofi2___ftsub             (abs)        000000
__size_ofi2___fttol             (abs)        000000
__size_ofi2___lldiv             (abs)        000000
__size_ofi2___llmod             (abs)        000000
__size_ofi2___lltoft            (abs)        000000
__size_ofi2___wmul              (abs)        000000
__size_ofi2__div_to_l_          (abs)        000000
__size_ofi2__tdiv_to_l_         (abs)        000000
__size_ofi2_digitalWrite        (abs)        000000
__size_ofi2_fround              (abs)        000000
__size_ofi2_isdigit             (abs)        000000
__size_ofi2_lcdClear            (abs)        000000
__size_ofi2_lcdInst             (abs)        000000
__size_ofi2_lcdNewline          (abs)        000000
__size_ofi2_lcdNibble           (abs)        000000
__size_ofi2_printf              (abs)        000000
__size_ofi2_putch               (abs)        000000
__size_ofi2_scale               (abs)        000000
__size_ofi2_startTimer          (abs)        000000
__smallconst                    smallconst   000000
__tdiv_to_l_                    text12       002E58
__tdiv_to_l_@cntr               cstackBANK0  00008D
__tdiv_to_l_@exp1               cstackBANK0  00008E
__tdiv_to_l_@f1                 cstackBANK0  000080
__tdiv_to_l_@f2                 cstackBANK0  000083
__tdiv_to_l_@quot               cstackBANK0  000089
_analogRead                     text23       004FAA
_angle                          dataBANK1    000109
_angleToPulse                   text29       00317E
_angleToPulse$1329              cstackBANK0  0000E5
_batteryDetected                bssBANK1     000183
_conveyorServo                  dataBANK1    000121
_count                          bssBANK1     000185
_curr                           bssCOMRAM    00007B
_cylinderMotor                  dataBANK1    000125
_digitalRead                    text22       00393E
_digitalWrite                   text21       003DBC
_dpowers                        mediumconst  00FE31
_fround                         text8        0023AA
_fround$1330                    cstackBANK0  0000B6
_fround$1331                    cstackBANK0  0000B3
_happynewyear                   mediumconst  00FED8
_hexpowers                      mediumconst  00FEA7
_initLCD                        text38       004ED6
_initServo                      text26       004982
_initTimer                      text37       004DF0
_isdigit                        text7        005134
_isdigit$956                    cstackBANK0  000081
_keys                           mediumconst  00FEC7
_lastKey                        bssBANK0     0000FF
_lcdClear                       text20       005264
_lcdHome                        text25       00526C
_lcdInst                        text39       00515E
_lcdNewline                     text6        00525C
_lcdNibble                      text40       004B90
_main                           text0        002CB0
_n                              bssCOMRAM    00007D
_nothingImportant               dataBANK1    00010B
_padAngle_CLOSE                 dataBANK1    00010D
_padAngle_NEUTRAL               dataBANK1    00010F
_padAngle_OPEN                  dataBANK1    000111
_padPin1                        dataBANK1    000129
_padPin2                        dataBANK1    00012D
_padPin3                        bssBANK1     00017B
_padServo                       dataBANK1    000131
_period                         dataBANK1    000113
_pinSetup                       text24       00502C
_prevTime                       bssBANK1     000187
_printf                         text3        000012
_printf$1333                    cstackBANK1  000139
_pulse                          bssBANK1     00016B
_putch                          text5        005188
_readKeypad                     text2        00510A
_redirectAngle_9V               dataBANK1    000115
_redirectAngle_AA               dataBANK1    000117
_redirectAngle_C                dataBANK1    000119
_redirectAngle_OTHER            dataBANK1    00011B
_redirectingServo               dataBANK1    000135
_scale                          text4        001752
_scale$1332                     cstackBANK0  0000B3
_service                        intcode      000008
_servoInterruptService          text67       003EC0
_servos                         bssBANK1     000173
_setAngle                       text28       004294
_sortBattery                    text1        001FF0
_startTimer                     text27       004DA0
_time                           bssBANK1     00017F
analogRead@channel              cstackBANK0  000080
angleToPulse@a000               cstackBANK0  0000E8
angleToPulse@a180               cstackBANK0  0000E1
angleToPulse@angle              cstackBANK0  0000D5
angleToPulse@offset             cstackBANK0  0000DD
btemp                           temp         00007F
digitalRead@pin                 cstackBANK0  000080
digitalWrite@p                  cstackBANK0  000087
digitalWrite@pin                cstackBANK0  000080
digitalWrite@val                cstackBANK0  000082
end_of_initialization           cinit        004F58
fround@prec                     cstackBANK0  0000B9
i2___awdiv                      text52       004A0E
i2___awdiv@counter              cstackCOMRAM 00000B
i2___awdiv@dividend             cstackCOMRAM 000007
i2___awdiv@divisor              cstackCOMRAM 000009
i2___awdiv@quotient             cstackCOMRAM 00000D
i2___awdiv@sign                 cstackCOMRAM 00000C
i2___awmod                      text70       004C08
i2___awmod@counter              cstackCOMRAM 000005
i2___awmod@dividend             cstackCOMRAM 000001
i2___awmod@divisor              cstackCOMRAM 000003
i2___awmod@sign                 cstackCOMRAM 000006
i2___ftadd                      text60       002B04
i2___ftadd@exp1                 cstackCOMRAM 000039
i2___ftadd@exp2                 cstackCOMRAM 000038
i2___ftadd@f1                   cstackCOMRAM 00002E
i2___ftadd@f2                   cstackCOMRAM 000031
i2___ftadd@sign                 cstackCOMRAM 000037
i2___ftge                       text63       0048F2
i2___ftge@ff1                   cstackCOMRAM 000001
i2___ftge@ff2                   cstackCOMRAM 000004
i2___ftmul                      text51       003FBA
i2___ftmul@cntr                 cstackCOMRAM 000022
i2___ftmul@exp                  cstackCOMRAM 00001E
i2___ftmul@f1                   cstackCOMRAM 000015
i2___ftmul@f2                   cstackCOMRAM 000018
i2___ftmul@f3_as_product        cstackCOMRAM 00001F
i2___ftmul@sign                 cstackCOMRAM 000023
i2___ftneg                      text62       0051D6
i2___ftneg@f1                   cstackCOMRAM 000001
i2___ftpack                     text61       00466A
i2___ftpack@arg                 cstackCOMRAM 000001
i2___ftpack@exp                 cstackCOMRAM 000004
i2___ftpack@sign                cstackCOMRAM 000005
i2___ftsub                      text59       004FEC
i2___ftsub@f1                   cstackCOMRAM 00003A
i2___ftsub@f2                   cstackCOMRAM 00003D
i2___fttol                      text58       0040AE
i2___fttol@exp1                 cstackCOMRAM 000039
i2___fttol@f1                   cstackCOMRAM 00002B
i2___fttol@lval                 cstackCOMRAM 000035
i2___fttol@sign1                cstackCOMRAM 000034
i2___lldiv                      text57       004A92
i2___lldiv@counter              cstackCOMRAM 00000D
i2___lldiv@dividend             cstackCOMRAM 000001
i2___lldiv@divisor              cstackCOMRAM 000005
i2___lldiv@quotient             cstackCOMRAM 000009
i2___llmod                      text56       004C78
i2___llmod@counter              cstackCOMRAM 000016
i2___llmod@dividend             cstackCOMRAM 00000E
i2___llmod@divisor              cstackCOMRAM 000012
i2___lltoft                     text55       004D44
i2___lltoft@c                   cstackCOMRAM 000009
i2___lltoft@exp                 cstackCOMRAM 000011
i2___wmul                       text50       0051B0
i2___wmul@multiplicand          cstackCOMRAM 000011
i2___wmul@multiplier            cstackCOMRAM 00000F
i2___wmul@product               cstackCOMRAM 000013
i2__div_to_l_                   text54       003A6E
i2__div_to_l_@cntr              cstackCOMRAM 00000B
i2__div_to_l_@exp1              cstackCOMRAM 00000C
i2__div_to_l_@f1                cstackCOMRAM 000001
i2__div_to_l_@f2                cstackCOMRAM 000004
i2__div_to_l_@quot              cstackCOMRAM 000007
i2__tdiv_to_l_                  text53       00380C
i2__tdiv_to_l_@cntr             cstackCOMRAM 00000E
i2__tdiv_to_l_@exp1             cstackCOMRAM 00000F
i2__tdiv_to_l_@f1               cstackCOMRAM 000001
i2__tdiv_to_l_@f2               cstackCOMRAM 000004
i2__tdiv_to_l_@quot             cstackCOMRAM 00000A
i2_digitalWrite                 text69       004428
i2_fround                       text49       0028BE
i2_fround$1525                  cstackCOMRAM 00002A
i2_fround$1526                  cstackCOMRAM 000027
i2_isdigit                      text48       00523E
i2_isdigit$956                  cstackCOMRAM 000002
i2_lcdClear                     text64       00527C
i2_lcdInst                      text65       00521C
i2_lcdNewline                   text47       005274
i2_lcdNibble                    text66       004CDE
i2_printf                       text44       000CCA
i2_printf$1528                  cstackCOMRAM 00004A
i2_putch                        text46       0051FA
i2_scale                        text45       001C00
i2_scale$1527                   cstackCOMRAM 000027
i2_startTimer                   text68       004E8A
i2digitalWrite@p                cstackCOMRAM 00000E
i2digitalWrite@pin              cstackCOMRAM 000007
i2digitalWrite@val              cstackCOMRAM 000009
i2fround@prec                   cstackCOMRAM 00002D
i2isdigit@c                     cstackCOMRAM 000003
i2lcdInst@data                  cstackCOMRAM 000004
i2lcdNibble@data                cstackCOMRAM 000002
i2lcdNibble@temp                cstackCOMRAM 000001
i2printf@ap                     cstackCOMRAM 000052
i2printf@c                      cstackCOMRAM 000067
i2printf@cp                     cstackCOMRAM 00004E
i2printf@exp                    cstackCOMRAM 00005A
i2printf@f                      cstackCOMRAM 000040
i2printf@flag                   cstackCOMRAM 000065
i2printf@fval                   cstackCOMRAM 000060
i2printf@idx                    cstackCOMRAM 00004D
i2printf@len                    cstackCOMRAM 000050
i2printf@prec                   cstackCOMRAM 000054
i2printf@tmpval                 cstackCOMRAM 000056
i2printf@val                    cstackCOMRAM 00005C
i2printf@width                  cstackCOMRAM 000063
i2putch@data                    cstackCOMRAM 000005
i2scale@scl                     cstackCOMRAM 00002A
i2startTimer@timer              cstackCOMRAM 000007
i2startTimer@val                cstackCOMRAM 000009
initServo@angle                 cstackBANK0  0000F8
initServo@motor                 cstackBANK0  0000F6
initTimer@timer                 cstackBANK0  000080
int$flags                       temp         00007F
int_func                        intcode_body 0036D2
intlevel0                       text         000000
intlevel1                       text         000000
intlevel2                       text         000000
intlevel3                       text         000000
isdigit@c                       cstackBANK0  000082
lcdInst@data                    cstackBANK0  000083
lcdNibble@data                  cstackBANK0  000081
lcdNibble@temp                  cstackBANK0  000080
main@prevTime                   cstackBANK1  000167
printf@ap                       cstackBANK1  000141
printf@c                        cstackBANK1  000156
printf@cp                       cstackBANK1  00013C
printf@exp                      cstackBANK1  000149
printf@f                        cstackBANK0  0000D5
printf@flag                     cstackBANK1  000154
printf@fval                     cstackBANK1  000151
printf@idx                      cstackBANK1  00013E
printf@len                      cstackBANK1  00013F
printf@prec                     cstackBANK1  000143
printf@tmpval                   cstackBANK1  000145
printf@val                      cstackBANK1  00014B
printf@width                    cstackBANK1  00014F
putch@data                      cstackBANK0  000084
readKeypad@key                  cstackBANK0  000080
scale@scl                       cstackBANK0  0000B6
service@key                     cstackCOMRAM 00007A
setAngle@angle                  cstackBANK0  0000EE
setAngle@i                      cstackBANK0  0000F4
setAngle@motor                  cstackBANK0  0000EC
setAngle@period                 cstackBANK0  0000F2
sortBattery@V                   cstackBANK1  000164
sortBattery@V_float             cstackBANK1  000157
sortBattery@Vcc                 cstackBANK1  00015A
sortBattery@resolution          cstackBANK1  00015D
sortBattery@signal              cstackBANK1  000162
sortBattery@targetAngle         cstackBANK1  000160
stackhi                         (abs)        000F7F
stacklo                         (abs)        000189
start                           init         00000E
startTimer@timer                cstackBANK0  000080
startTimer@val                  cstackBANK0  000082
start_initialization            cinit        004F20


FUNCTION INFORMATION:

 *************** function _main *****************
 Defined at:
		line 93 in file "main.c"
 Parameters:    Size  Location     Type
		None
 Auto vars:     Size  Location     Type
  prevTime        4   46[BANK1 ] long 
 Return value:  Size  Location     Type
                  1    wreg      void 
 Registers used:
		wreg, fsr2l, fsr2h, status,2, status,0, tblptrl, tblptrh, tblptru, prodl, prodh, cstack
 Tracked objects:
		On entry : 
		On exit  : 
		Unchanged: 
 Data sizes:     COMRAM   BANK0   BANK1   BANK2   BANK3   BANK4   BANK5   BANK6   BANK7   BANK8   BANK9  BANK10  BANK11  BANK12  BANK13  BANK14  BANK15
      Params:         0       0       0       0       0       0       0       0       0       0       0       0       0       0       0       0       0
      Locals:         0       0       4       0       0       0       0       0       0       0       0       0       0       0       0       0       0
      Temps:          0       1       0       0       0       0       0       0       0       0       0       0       0       0       0       0       0
      Totals:         0       1       4       0       0       0       0       0       0       0       0       0       0       0       0       0       0
Total ram usage:        5 bytes
 Hardware stack levels required when called:   12
 This function calls:
		___aldiv
		___almod
		_digitalWrite
		_initLCD
		_initServo
		_initTimer
		_lcdClear
		_lcdHome
		_pinSetup
		_printf
		_sortBattery
		_startTimer
 This function is called by:
		Startup code after reset
 This function uses a non-reentrant model


 *************** function _sortBattery *****************
 Defined at:
		line 143 in file "main.c"
 Parameters:    Size  Location     Type
		None
 Auto vars:     Size  Location     Type
  V_float         3   30[BANK1 ] float 
  V               3   43[BANK1 ] float 
  resolution      3   36[BANK1 ] float 
  Vcc             3   33[BANK1 ] float 
  signal          2   41[BANK1 ] int 
  targetAngle     2   39[BANK1 ] int 
 Return value:  Size  Location     Type
                  1    wreg      void 
 Registers used:
		wreg, fsr2l, fsr2h, status,2, status,0, tblptrl, tblptrh, tblptru, prodl, prodh, cstack
 Tracked objects:
		On entry : 
		On exit  : 
		Unchanged: 
 Data sizes:     COMRAM   BANK0   BANK1   BANK2   BANK3   BANK4   BANK5   BANK6   BANK7   BANK8   BANK9  BANK10  BANK11  BANK12  BANK13  BANK14  BANK15
      Params:         0       0       0       0       0       0       0       0       0       0       0       0       0       0       0       0       0
      Locals:         0       0      16       0       0       0       0       0       0       0       0       0       0       0       0       0       0
      Temps:          0       2       0       0       0       0       0       0       0       0       0       0       0       0       0       0       0
      Totals:         0       2      16       0       0       0       0       0       0       0       0       0       0       0       0       0       0
Total ram usage:       18 bytes
 Hardware stack levels used:    1
 Hardware stack levels required when called:   11
 This function calls:
		___altoft
		___ftdiv
		___ftge
		___ftmul
		_analogRead
		_digitalRead
		_digitalWrite
		_lcdClear
		_printf
		_readKeypad
		_setAngle
 This function is called by:
		_main
 This function uses a non-reentrant model


 *************** function _readKeypad *****************
 Defined at:
		line 36 in file "keypad.c"
 Parameters:    Size  Location     Type
		None
 Auto vars:     Size  Location     Type
  key             1    0[BANK0 ] unsigned char 
 Return value:  Size  Location     Type
                  1    wreg      unsigned char 
 Registers used:
		wreg, status,2, status,0, tblptrl, tblptrh, tblptru, prodl, prodh
 Tracked objects:
		On entry : 
		On exit  : 
		Unchanged: 
 Data sizes:     COMRAM   BANK0   BANK1   BANK2   BANK3   BANK4   BANK5   BANK6   BANK7   BANK8   BANK9  BANK10  BANK11  BANK12  BANK13  BANK14  BANK15
      Params:         0       0       0       0       0       0       0       0       0       0       0       0       0       0       0       0       0
      Locals:         0       1       0       0       0       0       0       0       0       0       0       0       0       0       0       0       0
      Temps:          0       0       0       0       0       0       0       0       0       0       0       0       0       0       0       0       0
      Totals:         0       1       0       0       0       0       0       0       0       0       0       0       0       0       0       0       0
Total ram usage:        1 bytes
 Hardware stack levels used:    1
 Hardware stack levels required when called:    6
 This function calls:
		Nothing
 This function is called by:
		_sortBattery
		_pause
		_showInterface
 This function uses a non-reentrant model


 *************** function _printf *****************
 Defined at:
		line 464 in file "C:\Program Files (x86)\Microchip\xc8\v1.40\sources\common\doprnt.c"
 Parameters:    Size  Location     Type
  f               2   85[BANK0 ] PTR const unsigned char 
		 -> STR_17(17), STR_16(18), STR_15(17), STR_14(18), 
		 -> STR_13(17), STR_12(19), STR_11(17), STR_10(18), 
		 -> STR_9(17), STR_8(18), STR_7(17), STR_6(18), 
		 -> STR_5(8), STR_4(11), STR_3(15), STR_2(17), 
		 -> STR_1(8), 
 Auto vars:     Size  Location     Type
  idx             1    5[BANK1 ] unsigned char 
  val             4   18[BANK1 ] unsigned long 
  tmpval          4   12[BANK1 ] struct .
  fval            3   24[BANK1 ] struct .
  flag            2   27[BANK1 ] unsigned short 
  width           2   22[BANK1 ] int 
  exp             2   16[BANK1 ] int 
  prec            2   10[BANK1 ] int 
  ap              2    8[BANK1 ] PTR void [1]
		 -> ?i2_printf(2), ?_printf(2), 
  len             2    6[BANK1 ] unsigned int 
  cp              2    3[BANK1 ] PTR const unsigned char 
		 -> printf@c(1), 
  c               1   29[BANK1 ] char 
  d               1    0        unsigned char 
 Return value:  Size  Location     Type
                  2   85[BANK0 ] int 
 Registers used:
		wreg, fsr2l, fsr2h, status,2, status,0, tblptrl, tblptrh, tblptru, prodl, prodh, cstack
 Tracked objects:
		On entry : 
		On exit  : 
		Unchanged: 
 Data sizes:     COMRAM   BANK0   BANK1   BANK2   BANK3   BANK4   BANK5   BANK6   BANK7   BANK8   BANK9  BANK10  BANK11  BANK12  BANK13  BANK14  BANK15
      Params:         0      10       0       0       0       0       0       0       0       0       0       0       0       0       0       0       0
      Locals:         0       0      30       0       0       0       0       0       0       0       0       0       0       0       0       0       0
      Temps:          0       6       0       0       0       0       0       0       0       0       0       0       0       0       0       0       0
      Totals:         0      16      30       0       0       0       0       0       0       0       0       0       0       0       0       0       0
Total ram usage:       46 bytes
 Hardware stack levels used:    1
 Hardware stack levels required when called:   10
 This function calls:
[...]
      Locals:         0       0       0       0       0       0       0       0       0       0       0       0       0       0       0       0       0
      Temps:          0       0       0       0       0       0       0       0       0       0       0       0       0       0       0       0       0
      Totals:         3       0       0       0       0       0       0       0       0       0       0       0       0       0       0       0       0
Total ram usage:        3 bytes
 Hardware stack levels used:    1
 This function calls:
		Nothing
 This function is called by:
		i2_printf
 This function uses a non-reentrant model


 *************** function i2___ftge *****************
 Defined at:
		line 4 in file "C:\Program Files (x86)\Microchip\xc8\v1.40\sources\common\ftge.c"
 Parameters:    Size  Location     Type
  ff1             3    0[COMRAM] float 
  ff2             3    3[COMRAM] float 
 Auto vars:     Size  Location     Type
		None
 Return value:  Size  Location     Type
		None               void
 Registers used:
		wreg, status,2, status,0
 Tracked objects:
		On entry : 
		On exit  : 
		Unchanged: 
 Data sizes:     COMRAM   BANK0   BANK1   BANK2   BANK3   BANK4   BANK5   BANK6   BANK7   BANK8   BANK9  BANK10  BANK11  BANK12  BANK13  BANK14  BANK15
      Params:         6       0       0       0       0       0       0       0       0       0       0       0       0       0       0       0       0
      Locals:         0       0       0       0       0       0       0       0       0       0       0       0       0       0       0       0       0
      Temps:          3       0       0       0       0       0       0       0       0       0       0       0       0       0       0       0       0
      Totals:         9       0       0       0       0       0       0       0       0       0       0       0       0       0       0       0       0
Total ram usage:        9 bytes
 Hardware stack levels used:    1
 This function calls:
		Nothing
 This function is called by:
		i2_printf
 This function uses a non-reentrant model


 *************** function i2_lcdClear *****************
 Defined at:
		line 74 in file "lcd.c"
 Parameters:    Size  Location     Type
		None
 Auto vars:     Size  Location     Type
		None
 Return value:  Size  Location     Type
                  1    wreg      void 
 Registers used:
		wreg, status,2, status,0, cstack
 Tracked objects:
		On entry : 
		On exit  : 
		Unchanged: 
 Data sizes:     COMRAM   BANK0   BANK1   BANK2   BANK3   BANK4   BANK5   BANK6   BANK7   BANK8   BANK9  BANK10  BANK11  BANK12  BANK13  BANK14  BANK15
      Params:         0       0       0       0       0       0       0       0       0       0       0       0       0       0       0       0       0
      Locals:         0       0       0       0       0       0       0       0       0       0       0       0       0       0       0       0       0
      Temps:          0       0       0       0       0       0       0       0       0       0       0       0       0       0       0       0       0
      Totals:         0       0       0       0       0       0       0       0       0       0       0       0       0       0       0       0       0
Total ram usage:        0 bytes
 Hardware stack levels used:    1
 Hardware stack levels required when called:    2
 This function calls:
		i2_lcdInst
 This function is called by:
		_service
 This function uses a non-reentrant model


 *************** function i2_lcdInst *****************
 Defined at:
		line 27 in file "lcd.c"
 Parameters:    Size  Location     Type
  data            1    wreg     unsigned char 
 Auto vars:     Size  Location     Type
  data            1    3[COMRAM] unsigned char 
 Return value:  Size  Location     Type
                  1    wreg      void 
 Registers used:
		wreg, status,2, status,0, cstack
 Tracked objects:
		On entry : 
		On exit  : 
		Unchanged: 
 Data sizes:     COMRAM   BANK0   BANK1   BANK2   BANK3   BANK4   BANK5   BANK6   BANK7   BANK8   BANK9  BANK10  BANK11  BANK12  BANK13  BANK14  BANK15
      Params:         0       0       0       0       0       0       0       0       0       0       0       0       0       0       0       0       0
      Locals:         1       0       0       0       0       0       0       0       0       0       0       0       0       0       0       0       0
      Temps:          1       0       0       0       0       0       0       0       0       0       0       0       0       0       0       0       0
      Totals:         2       0       0       0       0       0       0       0       0       0       0       0       0       0       0       0       0
Total ram usage:        2 bytes
 Hardware stack levels used:    1
 Hardware stack levels required when called:    1
 This function calls:
		i2_lcdNibble
 This function is called by:
		i2_lcdClear
		i2_lcdNewline
 This function uses a non-reentrant model


 *************** function i2_lcdNibble *****************
 Defined at:
		line 46 in file "lcd.c"
 Parameters:    Size  Location     Type
  data            1    wreg     unsigned char 
 Auto vars:     Size  Location     Type
  data            1    1[COMRAM] unsigned char 
  lcdNibble       1    0[COMRAM] unsigned char 
 Return value:  Size  Location     Type
                  1    wreg      void 
 Registers used:
		wreg, status,2, status,0
 Tracked objects:
		On entry : 
		On exit  : 
		Unchanged: 
 Data sizes:     COMRAM   BANK0   BANK1   BANK2   BANK3   BANK4   BANK5   BANK6   BANK7   BANK8   BANK9  BANK10  BANK11  BANK12  BANK13  BANK14  BANK15
      Params:         0       0       0       0       0       0       0       0       0       0       0       0       0       0       0       0       0
      Locals:         2       0       0       0       0       0       0       0       0       0       0       0       0       0       0       0       0
      Temps:          0       0       0       0       0       0       0       0       0       0       0       0       0       0       0       0       0
      Totals:         2       0       0       0       0       0       0       0       0       0       0       0       0       0       0       0       0
Total ram usage:        2 bytes
 Hardware stack levels used:    1
 This function calls:
		Nothing
 This function is called by:
		i2_lcdInst
		i2_putch
 This function uses a non-reentrant model


 *************** function _servoInterruptService *****************
 Defined at:
		line 52 in file "servo.c"
 Parameters:    Size  Location     Type
		None
 Auto vars:     Size  Location     Type
		None
 Return value:  Size  Location     Type
                  1    wreg      void 
 Registers used:
		wreg, fsr2l, fsr2h, status,2, status,0, cstack
 Tracked objects:
		On entry : 
		On exit  : 
		Unchanged: 
 Data sizes:     COMRAM   BANK0   BANK1   BANK2   BANK3   BANK4   BANK5   BANK6   BANK7   BANK8   BANK9  BANK10  BANK11  BANK12  BANK13  BANK14  BANK15
      Params:         0       0       0       0       0       0       0       0       0       0       0       0       0       0       0       0       0
      Locals:         0       0       0       0       0       0       0       0       0       0       0       0       0       0       0       0       0
      Temps:          4       0       0       0       0       0       0       0       0       0       0       0       0       0       0       0       0
      Totals:         4       0       0       0       0       0       0       0       0       0       0       0       0       0       0       0       0
Total ram usage:        4 bytes
 Hardware stack levels used:    1
 Hardware stack levels required when called:    1
 This function calls:
		i2___awmod
		i2_digitalWrite
		i2_startTimer
 This function is called by:
		_service
 This function uses a non-reentrant model


 *************** function i2_startTimer *****************
 Defined at:
		line 76 in file "timer.c"
 Parameters:    Size  Location     Type
  timer           2    6[COMRAM] int 
  val             4    8[COMRAM] long 
 Auto vars:     Size  Location     Type
		None
 Return value:  Size  Location     Type
                  1    wreg      void 
 Registers used:
		wreg, status,2, status,0
 Tracked objects:
		On entry : 
		On exit  : 
		Unchanged: 
 Data sizes:     COMRAM   BANK0   BANK1   BANK2   BANK3   BANK4   BANK5   BANK6   BANK7   BANK8   BANK9  BANK10  BANK11  BANK12  BANK13  BANK14  BANK15
      Params:         6       0       0       0       0       0       0       0       0       0       0       0       0       0       0       0       0
      Locals:         0       0       0       0       0       0       0       0       0       0       0       0       0       0       0       0       0
      Temps:          2       0       0       0       0       0       0       0       0       0       0       0       0       0       0       0       0
      Totals:         8       0       0       0       0       0       0       0       0       0       0       0       0       0       0       0       0
Total ram usage:        8 bytes
 Hardware stack levels used:    1
 This function calls:
		Nothing
 This function is called by:
		_service
		_servoInterruptService
 This function uses a non-reentrant model


 *************** function i2_digitalWrite *****************
 Defined at:
		line 53 in file "iopin.c"
 Parameters:    Size  Location     Type
  pin             2    6[COMRAM] PTR int 
		 -> AA_float(4), redirectingServo(4), padServo(4), conveyorServo(4), 
		 -> cylinderMotor(4), 
  val             2    8[COMRAM] int 
 Auto vars:     Size  Location     Type
  digitalWrite    2   13[COMRAM] int 
 Return value:  Size  Location     Type
                  1    wreg      void 
 Registers used:
		wreg, fsr2l, fsr2h, status,2, status,0
 Tracked objects:
		On entry : 
		On exit  : 
		Unchanged: 
 Data sizes:     COMRAM   BANK0   BANK1   BANK2   BANK3   BANK4   BANK5   BANK6   BANK7   BANK8   BANK9  BANK10  BANK11  BANK12  BANK13  BANK14  BANK15
      Params:         4       0       0       0       0       0       0       0       0       0       0       0       0       0       0       0       0
      Locals:         2       0       0       0       0       0       0       0       0       0       0       0       0       0       0       0       0
      Temps:          3       0       0       0       0       0       0       0       0       0       0       0       0       0       0       0       0
      Totals:         9       0       0       0       0       0       0       0       0       0       0       0       0       0       0       0       0
Total ram usage:        9 bytes
 Hardware stack levels used:    1
 This function calls:
		Nothing
 This function is called by:
		_servoInterruptService
 This function uses a non-reentrant model


 *************** function i2___awmod *****************
 Defined at:
		line 8 in file "C:\Program Files (x86)\Microchip\xc8\v1.40\sources\common\awmod.c"
 Parameters:    Size  Location     Type
  dividend        2    0[COMRAM] int 
  divisor         2    2[COMRAM] int 
 Auto vars:     Size  Location     Type
  __awmod         1    5[COMRAM] unsigned char 
  __awmod         1    4[COMRAM] unsigned char 
 Return value:  Size  Location     Type
                  2    0[COMRAM] int 
 Registers used:
		wreg, status,2, status,0
 Tracked objects:
		On entry : 
		On exit  : 
		Unchanged: 
 Data sizes:     COMRAM   BANK0   BANK1   BANK2   BANK3   BANK4   BANK5   BANK6   BANK7   BANK8   BANK9  BANK10  BANK11  BANK12  BANK13  BANK14  BANK15
      Params:         4       0       0       0       0       0       0       0       0       0       0       0       0       0       0       0       0
      Locals:         2       0       0       0       0       0       0       0       0       0       0       0       0       0       0       0       0
      Temps:          0       0       0       0       0       0       0       0       0       0       0       0       0       0       0       0       0
      Totals:         6       0       0       0       0       0       0       0       0       0       0       0       0       0       0       0       0
Total ram usage:        6 bytes
 Hardware stack levels used:    1
 This function calls:
		Nothing
 This function is called by:
		_servoInterruptService
		i2_fround
		i2_scale
 This function uses a non-reentrant model



MODULE INFORMATION

Module		Function		Class		Link	Load	Size
C:\Program Files (x86)\Microchip\xc8\v1.40\sources\common\awtoft.c
		___awtoft      		CODE           	4F66	0000	69

C:\Program Files (x86)\Microchip\xc8\v1.40\sources\common\awtoft.c estimated size: 69

C:\Program Files (x86)\Microchip\xc8\v1.40\sources\common\altoft.c
		___altoft      		CODE           	47BA	0000	159

C:\Program Files (x86)\Microchip\xc8\v1.40\sources\common\altoft.c estimated size: 159

servo.c
		_initServo     		CODE           	4982	0000	141
		_servoInterruptService		CODE           	3EC0	0000	251
		_setAngle      		CODE           	4294	0000	205
		_angleToPulse  		CODE           	317E	0000	359

servo.c estimated size: 956

keypad.c
		_readKeypad    		CODE           	510A	0000	43

keypad.c estimated size: 43

C:\Program Files (x86)\Microchip\xc8\v1.40\sources\common\ftneg.c
		___ftneg       		CODE           	50DA	0000	49

C:\Program Files (x86)\Microchip\xc8\v1.40\sources\common\ftneg.c estimated size: 49

C:\Program Files (x86)\Microchip\xc8\v1.40\sources\common\doprnt.c
		_scale         		CODE           	1752	0000	1199
		_printf        		CODE           	0012	0000	3257
		_fround        		CODE           	23AA	0000	685

C:\Program Files (x86)\Microchip\xc8\v1.40\sources\common\doprnt.c estimated size: 5141

C:\Program Files (x86)\Microchip\xc8\v1.40\sources\common\lltoft.c
		___lltoft      		CODE           	4B14	0000	125

C:\Program Files (x86)\Microchip\xc8\v1.40\sources\common\lltoft.c estimated size: 125

C:\Program Files (x86)\Microchip\xc8\v1.40\sources\common\ftsub.c
		___ftsub       		CODE           	4E3E	0000	77

C:\Program Files (x86)\Microchip\xc8\v1.40\sources\common\ftsub.c estimated size: 77

C:\Program Files (x86)\Microchip\xc8\v1.40\sources\common\float.c
		___ftpack      		CODE           	3CB0	0000	269

C:\Program Files (x86)\Microchip\xc8\v1.40\sources\common\float.c estimated size: 269

timer.c
		_initTimer     		CODE           	4DF0	0000	79
		_startTimer    		CODE           	4DA0	0000	81

timer.c estimated size: 160

C:\Program Files (x86)\Microchip\xc8\v1.40\sources\common\ftdivl.c
		__tdiv_to_l_   		CODE           	2E58	0000	415

C:\Program Files (x86)\Microchip\xc8\v1.40\sources\common\ftdivl.c estimated size: 415

C:\Program Files (x86)\Microchip\xc8\v1.40\sources\common\ftge.c
		___ftge        		CODE           	4360	0000	201

C:\Program Files (x86)\Microchip\xc8\v1.40\sources\common\ftge.c estimated size: 201

C:\Program Files (x86)\Microchip\xc8\v1.40\sources\common\Umul16.c
		___wmul        		CODE           	50A4	0000	55

C:\Program Files (x86)\Microchip\xc8\v1.40\sources\common\Umul16.c estimated size: 55

C:\Program Files (x86)\Microchip\xc8\v1.40\sources\common\ftmul.c
		___ftmul       		CODE           	32E4	0000	351

C:\Program Files (x86)\Microchip\xc8\v1.40\sources\common\ftmul.c estimated size: 351

C:\Program Files (x86)\Microchip\xc8\v1.40\sources\common\awmod.c
		___awmod       		CODE           	4718	0000	163

C:\Program Files (x86)\Microchip\xc8\v1.40\sources\common\awmod.c estimated size: 163

iopin.c
		_digitalRead   		CODE           	393E	0000	305
		_digitalWrite  		CODE           	3DBC	0000	261
		_analogRead    		CODE           	4FAA	0000	67

iopin.c estimated size: 633

C:\Program Files (x86)\Microchip\xc8\v1.40\sources\common\ftdiv.c
		___ftdiv       		CODE           	3442	0000	333

C:\Program Files (x86)\Microchip\xc8\v1.40\sources\common\ftdiv.c estimated size: 333

C:\Program Files (x86)\Microchip\xc8\v1.40\sources\common\llmod.c
		___llmod       		CODE           	4858	0000	155

C:\Program Files (x86)\Microchip\xc8\v1.40\sources\common\llmod.c estimated size: 155

C:\Program Files (x86)\Microchip\xc8\v1.40\sources\common\almod.c
		___almod       		CODE           	41A2	0000	243

C:\Program Files (x86)\Microchip\xc8\v1.40\sources\common\almod.c estimated size: 243

C:\Program Files (x86)\Microchip\xc8\v1.40\sources\common\isdigit.c
		_isdigit       		CODE           	5134	0000	43

C:\Program Files (x86)\Microchip\xc8\v1.40\sources\common\isdigit.c estimated size: 43

shared
		i2_printf      		CODE           	0CCA	0000	2697
		i2___ftneg     		CODE           	51D6	0000	37
		i2_putch       		CODE           	51FA	0000	35
		i2___ftadd     		CODE           	2B04	0000	429
		i2_lcdNibble   		CODE           	4CDE	0000	103
		__powers_      		MEDIUMCONST    	FE80	0000	40
		i2___fttol     		CODE           	40AE	0000	245
		_dpowers       		MEDIUMCONST    	FE31	0000	41
		i2___ftge      		CODE           	48F2	0000	145
		i2_isdigit     		CODE           	523E	0000	31
		i2___awdiv     		CODE           	4A0E	0000	133
		i2__tdiv_to_l_ 		CODE           	380C	0000	307
		i2_startTimer  		CODE           	4E8A	0000	77
		i2___ftmul     		CODE           	3FBA	0000	245
		i2___wmul      		CODE           	51B0	0000	39
		i2_lcdClear    		CODE           	527C	0000	9
		i2_lcdNewline  		CODE           	5274	0000	9
		i2__div_to_l_  		CODE           	3A6E	0000	297
		__npowers_     		MEDIUMCONST    	FE59	0000	40
		i2___ftpack    		CODE           	466A	0000	175
		i2_scale       		CODE           	1C00	0000	1009
		_keys          		MEDIUMCONST    	FEC7	0000	18
		i2___lldiv     		CODE           	4A92	0000	131
		__initialization		CODE           	4F20	0000	57
		i2___lltoft    		CODE           	4D44	0000	93
		i2___ftsub     		CODE           	4FEC	0000	65
		i2___awmod     		CODE           	4C08	0000	113
		_hexpowers     		MEDIUMCONST    	FEA7	0000	33
		i2___llmod     		CODE           	4C78	0000	103
		i2_lcdInst     		CODE           	521C	0000	35
		i2_fround      		CODE           	28BE	0000	583
		_happynewyear  		MEDIUMCONST    	FED8	0000	8
		i2_digitalWrite		CODE           	4428	0000	201

shared estimated size: 7583

lcd.c
		_putch         		CODE           	5188	0000	41
		_lcdInst       		CODE           	515E	0000	43
		_lcdClear      		CODE           	5264	0000	9
		_lcdNibble     		CODE           	4B90	0000	121
		_lcdHome       		CODE           	526C	0000	9
		_initLCD       		CODE           	4ED6	0000	75
		_lcdNewline    		CODE           	525C	0000	9

lcd.c estimated size: 307

C:\Program Files (x86)\Microchip\xc8\v1.40\sources\common\fttol.c
		___fttol       		CODE           	358E	0000	325

C:\Program Files (x86)\Microchip\xc8\v1.40\sources\common\fttol.c estimated size: 325

C:\Program Files (x86)\Microchip\xc8\v1.40\sources\common\fldivl.c
		__div_to_l_    		CODE           	2FF6	0000	393

C:\Program Files (x86)\Microchip\xc8\v1.40\sources\common\fldivl.c estimated size: 393

C:\Program Files (x86)\Microchip\xc8\v1.40\sources\common\awdiv.c
		___awdiv       		CODE           	44F0	0000	191

C:\Program Files (x86)\Microchip\xc8\v1.40\sources\common\awdiv.c estimated size: 191

main.c
		_service       		CODE           	0008	0000	321
		_sortBattery   		CODE           	1FF0	0000	955
		_pinSetup      		CODE           	502C	0000	63
		_main          		CODE           	2CB0	0000	425

main.c estimated size: 1764

C:\Program Files (x86)\Microchip\xc8\v1.40\sources\common\ftadd.c
		___ftadd       		CODE           	2656	0000	617

C:\Program Files (x86)\Microchip\xc8\v1.40\sources\common\ftadd.c estimated size: 617

C:\Program Files (x86)\Microchip\xc8\v1.40\sources\common\lldiv.c
		___lldiv       		CODE           	45AE	0000	189

C:\Program Files (x86)\Microchip\xc8\v1.40\sources\common\lldiv.c estimated size: 189

C:\Program Files (x86)\Microchip\xc8\v1.40\sources\common\aldiv.c
		___aldiv       		CODE           	3B96	0000	283

C:\Program Files (x86)\Microchip\xc8\v1.40\sources\common\aldiv.c estimated size: 283

