Microchip MPLAB XC8 Compiler V1.40 ()

Linker command line:

-W-3 --edf=C:\Program Files (x86)\Microchip\xc8\v1.40\dat\en_msgs.txt -cs \
  -h+dist/default/production\PIC18_LCD_LIB.X.production.sym \
  --cmf=dist/default/production\PIC18_LCD_LIB.X.production.cmf -z -Q18F4620 \
  -oC:\Users\Nam\AppData\Local\Temp\s4t8.2 \
  -Mdist/default/production/PIC18_LCD_LIB.X.production.map -E1 -ver=XC8 \
  -ASTACK=0121h-0f7fh -pstack=STACK -ACODE=00h-0FFFFh -ACONST=00h-0FFFFh \
  -ASMALLCONST=01000h-010FFhx240 -AMEDIUMCONST=01000h-0FFFFh \
  -ACOMRAM=01h-07Fh -AABS1=00h-0F7Fh -ABIGRAM=01h-0F7Fh \
  -ARAM=080h-0FFh,0100h-01FFhx14,0F00h-0F7Fh -ABANK0=080h-0FFh \
  -ABANK1=0100h-01FFh -ABANK2=0200h-02FFh -ABANK3=0300h-03FFh \
  -ABANK4=0400h-04FFh -ABANK5=0500h-05FFh -ABANK6=0600h-06FFh \
  -ABANK7=0700h-07FFh -ABANK8=0800h-08FFh -ABANK9=0900h-09FFh \
  -ABANK10=0A00h-0AFFh -ABANK11=0B00h-0BFFh -ABANK12=0C00h-0CFFh \
  -ABANK13=0D00h-0DFFh -ABANK14=0E00h-0EFFh -ABANK15=0F00h-0F7Fh \
  -ASFR=0F80h-0FFFh -preset_vec=00h,intcode=08h,intcodelo,powerup,init \
  -pramtop=01000h -psmallconst=SMALLCONST -pmediumconst=MEDIUMCONST \
  -pconst=CONST -AFARRAM=00h-00h -ACONFIG=0300000h-030000Dh -pconfig=CONFIG \
  -AIDLOC=0200000h-0200007h -pidloc=IDLOC -AEEDATA=0F00000h-0F003FFh \
  -peeprom_data=EEDATA \
  -prdata=COMRAM,nvrram=COMRAM,nvbit=COMRAM,rbss=COMRAM,rbit=COMRAM \
  -pfarbss=FARRAM,fardata=FARRAM,nvFARRAM=FARRAM \
  -pintsave_regs=BIGRAM,bigbss=BIGRAM,bigdata=BIGRAM -pbss=RAM \
  -pidata=CODE,irdata=CODE,ibigdata=CODE,ifardata=CODE -prparam=COMRAM \
  C:\Users\Nam\AppData\Local\Temp\s4t8.obj \
  dist/default/production\PIC18_LCD_LIB.X.production.obj 

Object code version is 3.11

Machine type is 18F4620

Call graph: (short form)




                Name                               Link     Load   Length Selector   Space Scale
C:\Users\Nam\AppData\Local\Temp\s4t8.obj
                init                                  E        E        4        4       0
                reset_vec                             0        0        4        0       0
                idloc                            200000   200000        8   200000       0
                config                           300000   300000        E   300000       0
dist/default/production\PIC18_LCD_LIB.X.production.obj
                intcode                               8        8        6        4       0
                temp                                 74       74        1        1       1
                smallconst                         1000     1000       E4      800       0
                text57                             44BE     44BE       90      872       0
                text56                             4BF0     4BF0       24      872       0
                text55                             4236     4236       AE      872       0
                text54                             31E6     31E6      1AC      872       0
                text53                             4AA4     4AA4       40      872       0
                text52                             3F00     3F00       F4      872       0
                text51                             465A     465A       82      872       0
                text50                             489A     489A       66      872       0
                text49                             4960     4960       5C      872       0
                text48                             3BD8     3BD8      128      872       0
                text47                             3AA6     3AA6      132      872       0
                text46                             45D6     45D6       84      872       0
                text45                             4758     4758       70      872       0
                text44                             3E0C     3E0C       F4      872       0
                text43                             4BCA     4BCA       26      872       0
                text42                             2FA0     2FA0      246      872       0
                text41                             49BC     49BC       56      872       0
                text40                             4C36     4C36       22      872       0
                text39                             4CC6     4CC6        8      872       0
                text38                             4C14     4C14       22      872       0
                text37                             2408     2408      3F0      872       0
                text36                             18AE     18AE      6AC      872       0
                intcode_body                       454E     454E       88      872       0
                text34                             4832     4832       68      872       0
                text33                             4B78     4B78       2A      872       0
                text32                             4A5E     4A5E       46      872       0
                text31                             417A     417A       BC      872       0
                text30                             4900     4900       60      872       0
                text29                             4C88     4C88       14      872       0
                text28                             4B4A     4B4A       2E      872       0
                text27                             4CBE     4CBE        8      872       0
                text26                             4CB6     4CB6        8      872       0
                text25                             4C9C     4C9C        A      872       0
                text24                             3D00     3D00      10C      872       0
                text23                             4386     4386       9E      872       0
                text22                             3816     3816      14C      872       0
                text21                             4CAE     4CAE        8      872       0
                text20                             3FF4     3FF4       C8      872       0
                text19                             4B1A     4B1A       30      872       0
                text18                             2D38     2D38      268      872       0
                text17                             4A12     4A12       4C      872       0
                text16                             3962     3962      144      872       0
                text15                             4424     4424       9A      872       0
                text14                             46DC     46DC       7C      872       0
                text13                             3530     3530      188      872       0
                text12                             3392     3392      19E      872       0
                text11                             40BC     40BC       BE      872       0
                text10                             42E4     42E4       A2      872       0
                text9                              36B8     36B8      15E      872       0
                text8                              4AE4     4AE4       36      872       0
                text7                              27F8     27F8      2AC      872       0
                text6                              4CA6     4CA6        8      872       0
                text5                              4BA2     4BA2       28      872       0
                text4                              1F5A     1F5A      4AE      872       0
                text3                              10E4     10E4      7CA      872       0
                text2                              4C72     4C72       16      872       0
                text1                              2AA4     2AA4      294      872       0
                text0                              47C8     47C8       6A      872       0
                cstackCOMRAM                          1        1       6D        1       1
                cstackBANK0                          80       80       6D       80       1
                cstackBANK1                         100      100       21      100       1
                bssCOMRAM                            6E       6E        6        1       1
                cinit                              4C58     4C58       1A      872       0

TOTAL           Name                               Link     Load   Length     Space
        CLASS   STACK          

        CLASS   CODE           
                intcode                               8        8        6         0
                init                                  E        E        4         0
                reset_vec                             0        0        4         0
                text57                             44BE     44BE       90         0
                text56                             4BF0     4BF0       24         0
                text55                             4236     4236       AE         0
                text54                             31E6     31E6      1AC         0
                text53                             4AA4     4AA4       40         0
                text52                             3F00     3F00       F4         0
                text51                             465A     465A       82         0
                text50                             489A     489A       66         0
                text49                             4960     4960       5C         0
                text48                             3BD8     3BD8      128         0
                text47                             3AA6     3AA6      132         0
                text46                             45D6     45D6       84         0
                text45                             4758     4758       70         0
                text44                             3E0C     3E0C       F4         0
                text43                             4BCA     4BCA       26         0
                text42                             2FA0     2FA0      246         0
                text41                             49BC     49BC       56         0
                text40                             4C36     4C36       22         0
                text39                             4CC6     4CC6        8         0
                text38                             4C14     4C14       22         0
                text37                             2408     2408      3F0         0
                text36                             18AE     18AE      6AC         0
                intcode_body                       454E     454E       88         0
                text34                             4832     4832       68         0
                text33                             4B78     4B78       2A         0
                text32                             4A5E     4A5E       46         0
                text31                             417A     417A       BC         0
                text30                             4900     4900       60         0
                text29                             4C88     4C88       14         0
                text28                             4B4A     4B4A       2E         0
                text27                             4CBE     4CBE        8         0
                text26                             4CB6     4CB6        8         0
                text25                             4C9C     4C9C        A         0
                text24                             3D00     3D00      10C         0
                text23                             4386     4386       9E         0
                text22                             3816     3816      14C         0
                text21                             4CAE     4CAE        8         0
                text20                             3FF4     3FF4       C8         0
                text19                             4B1A     4B1A       30         0
                text18                             2D38     2D38      268         0
                text17                             4A12     4A12       4C         0
                text16                             3962     3962      144         0
                text15                             4424     4424       9A         0
                text14                             46DC     46DC       7C         0
                text13                             3530     3530      188         0
                text12                             3392     3392      19E         0
                text11                             40BC     40BC       BE         0
                text10                             42E4     42E4       A2         0
                text9                              36B8     36B8      15E         0
                text8                              4AE4     4AE4       36         0
                text7                              27F8     27F8      2AC         0
                text6                              4CA6     4CA6        8         0
                text5                              4BA2     4BA2       28         0
                text4                              1F5A     1F5A      4AE         0
                text3                              10E4     10E4      7CA         0
                text2                              4C72     4C72       16         0
                text1                              2AA4     2AA4      294         0
                text0                              47C8     47C8       6A         0
                cinit                              4C58     4C58       1A         0

        CLASS   CONST          

        CLASS   SMALLCONST     
                smallconst                         1000     1000       E4         0

        CLASS   MEDIUMCONST    

        CLASS   COMRAM         
                temp                                 74       74        1         1
                cstackCOMRAM                          1        1       6D         1
                bssCOMRAM                            6E       6E        6         1

        CLASS   ABS1           

        CLASS   BIGRAM         

        CLASS   RAM            

        CLASS   BANK0          
                cstackBANK0                          80       80       6D         1

        CLASS   BANK1          
                cstackBANK1                         100      100       21         1

        CLASS   BANK2          

        CLASS   BANK3          

        CLASS   BANK4          

        CLASS   BANK5          

        CLASS   BANK6          

        CLASS   BANK7          

        CLASS   BANK8          

        CLASS   BANK9          

        CLASS   BANK10         

        CLASS   BANK11         

        CLASS   BANK12         

        CLASS   BANK13         

        CLASS   BANK14         

        CLASS   BANK15         

        CLASS   SFR            

        CLASS   FARRAM         

        CLASS   CONFIG         
                config                           300000   300000        E         0

        CLASS   IDLOC          
                idloc                            200000   200000        8         0

        CLASS   EEDATA         



SEGMENTS        Name                           Load    Length   Top    Selector   Space  Class

                reset_vec                      000000  000004  000004         0       0  CODE    
                cstackCOMRAM                   000001  000074  000075         1       1  COMRAM  
                intcode                        000008  00000A  000012         4       0  CODE    
                cstackBANK0                    000080  00006D  0000ED        80       1  BANK0   
                cstackBANK1                    000100  000021  000121       100       1  BANK1   
                smallconst                     001000  0000E4  0010E4       800       0  SMALLCON
                text3                          0010E4  003BEA  004CCE       872       0  CODE    
                idloc                          200000  000008  200008    200000       0  IDLOC   
                config                         300000  00000E  30000E    300000       0  CONFIG  


UNUSED ADDRESS RANGES

        Name                Unused          Largest block    Delta
        BANK0            0000ED-0000FF               13
        BANK1            000121-0001FF               DF
        BANK10           000A00-000AFF              100
        BANK11           000B00-000BFF              100
        BANK12           000C00-000CFF              100
        BANK13           000D00-000DFF              100
        BANK14           000E00-000EFF              100
        BANK15           000F00-000F7F               80
        BANK2            000200-0002FF              100
        BANK3            000300-0003FF              100
        BANK4            000400-0004FF              100
        BANK5            000500-0005FF              100
        BANK6            000600-0006FF              100
        BANK7            000700-0007FF              100
        BANK8            000800-0008FF              100
        BANK9            000900-0009FF              100
        BIGRAM           000075-00007F                B
                         0000ED-0000FF               13
                         000121-000F7F              E5F
        CODE             000004-000007                4
                         000012-000FFF              FEE
                         004CCE-00FFFF             B332
        COMRAM           000075-00007F                B
        CONST            000004-000007                4
                         000012-000FFF              FEE
                         004CCE-00FFFF             B332
        EEDATA           F00000-F003FF              400
        MEDIUMCONST      004CCE-00FFFF             B332
        RAM              0000ED-0000FF               13
                         000121-000F7F              100
        SFR              000F80-000FFF               80
        SMALLCONST       004CCE-00FFFF              100
        STACK            000121-000F7F              E5F

                                  Symbol Table

?___altoft                  cstackBANK0  000088
?___awdiv                   cstackBANK0  000086
?___awmod                   cstackBANK0  000080
?___ftadd                   cstackBANK0  0000AD
?___ftdiv                   cstackBANK0  000092
?___ftmul                   cstackBANK0  000094
?___ftneg                   cstackBANK0  000080
?___ftpack                  cstackBANK0  000080
?___ftsub                   cstackBANK0  0000B9
?___fttol                   cstackBANK0  0000AA
?___lldiv                   cstackBANK0  000080
?___llmod                   cstackBANK0  000080
?___lltoft                  cstackBANK0  000088
?___wmul                    cstackBANK0  00008E
?__div_to_l_                cstackBANK0  000080
?__tdiv_to_l_               cstackBANK0  000080
?_fround                    cstackBANK0  0000A3
?_printf                    cstackBANK0  0000BF
?_scale                     cstackBANK0  0000A3
?_testFrequency             cstackBANK0  0000E3
?i2___awdiv                 cstackCOMRAM 000007
?i2___awmod                 cstackCOMRAM 000001
?i2___ftadd                 cstackCOMRAM 00002E
?i2___ftmul                 cstackCOMRAM 000015
?i2___ftneg                 cstackCOMRAM 000001
?i2___ftpack                cstackCOMRAM 000001
?i2___ftsub                 cstackCOMRAM 00003A
?i2___fttol                 cstackCOMRAM 00002B
?i2___lldiv                 cstackCOMRAM 000001
?i2___llmod                 cstackCOMRAM 000001
?i2___lltoft                cstackCOMRAM 000009
?i2___wmul                  cstackCOMRAM 00000F
?i2__div_to_l_              cstackCOMRAM 000001
?i2__tdiv_to_l_             cstackCOMRAM 000001
?i2_fround                  cstackCOMRAM 000024
?i2_printf                  cstackCOMRAM 000040
?i2_scale                   cstackCOMRAM 000024
I2C_Master_Init@c           cstackBANK0  00008D
I2C_Master_Read@a           cstackBANK0  000081
I2C_Master_Read@temp        cstackBANK0  000082
I2C_Master_Write@d          cstackBANK0  000081
_ACKDT                      (abs)        007E2D
_ACKEN                      (abs)        007E2C
_ADCON0                     (abs)        000FC2
_ADCON1                     (abs)        000FC1
_ADCON2                     (abs)        000FC0
_ADRESH                     (abs)        000FC4
_ADRESL                     (abs)        000FC3
_EEADR                      (abs)        000FA9
_EEADRH                     (abs)        000FAA
_EECON1                     (abs)        000FA6
_EECON2                     (abs)        000FA7
_EEDATA                     (abs)        000FA8
_EEIF                       (abs)        007D0C
_I2C_Master_Init            text30       004900
_I2C_Master_Read            text28       004B4A
_I2C_Master_Start           text27       004CBE
_I2C_Master_Stop            text26       004CB6
_I2C_Master_Wait            text29       004C88
_I2C_Master_Write           text25       004C9C
_INTCONbits                 (abs)        000FF2
_LATA                       (abs)        000F89
_LATB                       (abs)        000F8A
_LATC                       (abs)        000F8B
_LATD                       (abs)        000F8C
_LATDbits                   (abs)        000F8C
_LATE                       (abs)        000F8D
_PEIE                       (abs)        007F96
_PEN                        (abs)        007E2A
_PORTA                      (abs)        000F80
_PORTB                      (abs)        000F81
_PORTBbits                  (abs)        000F81
_PORTC                      (abs)        000F82
_PORTD                      (abs)        000F83
_RCEN                       (abs)        007E2B
_RSEN                       (abs)        007E29
_SEN                        (abs)        007E28
_SSPADD                     (abs)        000FC8
_SSPBUF                     (abs)        000FC9
_SSPCON1                    (abs)        000FC6
_SSPCON2                    (abs)        000FC5
_SSPSTAT                    (abs)        000FC7
_T                          bssCOMRAM    000072
_T0CON                      (abs)        000FD5
_TMR0H                      (abs)        000FD7
_TMR0IE                     (abs)        007F95
_TMR0IF                     (abs)        007F92
_TMR0L                      (abs)        000FD6
_TRISA                      (abs)        000F92
_TRISB                      (abs)        000F93
_TRISC                      (abs)        000F94
_TRISC3                     (abs)        007CA3
_TRISC4                     (abs)        007CA4
_TRISD                      (abs)        000F95
_TRISE                      (abs)        000F96
__CFG_BOREN$SBORDIS         (abs)        000000
__CFG_BORV$3                (abs)        000000
__CFG_CCP2MX$PORTC          (abs)        000000
__CFG_CP0$OFF               (abs)        000000
__CFG_CP1$OFF               (abs)        000000
__CFG_CP2$OFF               (abs)        000000
__CFG_CP3$OFF               (abs)        000000
__CFG_CPB$OFF               (abs)        000000
__CFG_CPD$OFF               (abs)        000000
__CFG_EBTR0$OFF             (abs)        000000
__CFG_EBTR1$OFF             (abs)        000000
__CFG_EBTR2$OFF             (abs)        000000
__CFG_EBTR3$OFF             (abs)        000000
__CFG_EBTRB$OFF             (abs)        000000
__CFG_FCMEN$OFF             (abs)        000000
__CFG_IESO$OFF              (abs)        000000
__CFG_LPT1OSC$OFF           (abs)        000000
__CFG_LVP$OFF               (abs)        000000
__CFG_MCLRE$ON              (abs)        000000
__CFG_OSC$HS                (abs)        000000
__CFG_PBADEN$ON             (abs)        000000
__CFG_PWRT$OFF              (abs)        000000
__CFG_STVREN$ON             (abs)        000000
__CFG_WDT$OFF               (abs)        000000
__CFG_WDTPS$32768           (abs)        000000
__CFG_WRT0$OFF              (abs)        000000
__CFG_WRT1$OFF              (abs)        000000
__CFG_WRT2$OFF              (abs)        000000
__CFG_WRT3$OFF              (abs)        000000
__CFG_WRTB$OFF              (abs)        000000
__CFG_WRTC$OFF              (abs)        000000
__CFG_WRTD$OFF              (abs)        000000
__CFG_XINST$OFF             (abs)        000000
__HRAM                      (abs)        000000
__Habs1                     abs1         000000
__Hbank0                    bank0        000000
__Hbank1                    bank1        000000
__Hbank10                   bank10       000000
__Hbank11                   bank11       000000
__Hbank12                   bank12       000000
__Hbank13                   bank13       000000
__Hbank14                   bank14       000000
__Hbank15                   bank15       000000
__Hbank2                    bank2        000000
__Hbank3                    bank3        000000
__Hbank4                    bank4        000000
__Hbank5                    bank5        000000
__Hbank6                    bank6        000000
__Hbank7                    bank7        000000
__Hbank8                    bank8        000000
__Hbank9                    bank9        000000
__Hbigbss                   bigbss       000000
__Hbigdata                  bigdata      000000
__Hbigram                   bigram       000000
__Hbss                      bss          000000
__HbssCOMRAM                bssCOMRAM    000000
__Hcinit                    cinit        000000
__Hclrtext                  clrtext      000000
__Hcomram                   comram       000000
__Hconfig                   config       30000E
__Hconst                    const        000000
__HcstackBANK0              cstackBANK0  000000
__HcstackBANK1              cstackBANK1  000000
__HcstackCOMRAM             cstackCOMRAM 000000
__Hdata                     data         000000
__Heeprom_data              eeprom_data  000000
__Hfarbss                   farbss       000000
__Hfardata                  fardata      000000
__Hibigdata                 ibigdata     000000
__Hidata                    idata        000000
__Hidloc                    idloc        200008
__Hifardata                 ifardata     000000
__Hinit                     init         000012
__Hintcode                  intcode      00000E
__Hintcode_body             intcode_body 000000
__Hintcodelo                intcodelo    00000E
__Hintentry                 intentry     000000
__Hintret                   intret       000000
__Hintsave_regs             intsave_regs 000000
__Hirdata                   irdata       000000
__Hmediumconst              mediumconst  000000
__HnvFARRAM                 nvFARRAM     000000
__Hnvbit                    nvbit        000000
__Hnvrram                   nvrram       000000
__Hparam                    rparam       000000
__Hpowerup                  powerup      00000E
__Hram                      ram          000000
__Hramtop                   ramtop       001000
__Hrbit                     rbit         000000
__Hrbss                     rbss         000000
__Hrdata                    rdata        000000
__Hreset_vec                reset_vec    000004
__Hrparam                   rparam       000000
__Hsfr                      sfr          000000
__Hsmallconst               smallconst   0010E4
__Hspace_0                  (abs)        30000E
__Hspace_1                  (abs)        000121
__Hspace_2                  (abs)        000000
__Hstack                    stack        000000
__Hstruct                   struct       000000
__Htemp                     temp         000075
__Htext                     text         000000
__Htext0                    text0        000000
__Htext1                    text1        000000
__Htext10                   text10       000000
__Htext11                   text11       000000
__Htext12                   text12       000000
__Htext13                   text13       000000
__Htext14                   text14       000000
__Htext15                   text15       000000
__Htext16                   text16       000000
__Htext17                   text17       000000
__Htext18                   text18       000000
__Htext19                   text19       000000
__Htext2                    text2        000000
__Htext20                   text20       000000
__Htext21                   text21       000000
__Htext22                   text22       000000
__Htext23                   text23       000000
__Htext24                   text24       000000
__Htext25                   text25       000000
__Htext26                   text26       000000
__Htext27                   text27       000000
__Htext28                   text28       000000
__Htext29                   text29       000000
__Htext3                    text3        000000
__Htext30                   text30       000000
__Htext31                   text31       000000
__Htext32                   text32       000000
__Htext33                   text33       000000
__Htext34                   text34       000000
__Htext36                   text36       000000
__Htext37                   text37       000000
__Htext38                   text38       000000
__Htext39                   text39       000000
__Htext4                    text4        000000
__Htext40                   text40       000000
__Htext41                   text41       000000
__Htext42                   text42       000000
__Htext43                   text43       000000
__Htext44                   text44       000000
__Htext45                   text45       000000
__Htext46                   text46       000000
__Htext47                   text47       000000
__Htext48                   text48       000000
__Htext49                   text49       000000
__Htext5                    text5        000000
__Htext50                   text50       000000
__Htext51                   text51       000000
__Htext52                   text52       000000
__Htext53                   text53       000000
__Htext54                   text54       000000
__Htext55                   text55       000000
__Htext56                   text56       000000
__Htext57                   text57       000000
__Htext6                    text6        000000
__Htext7                    text7        000000
__Htext8                    text8        000000
__Htext9                    text9        000000
__LRAM                      (abs)        000001
__Labs1                     abs1         000000
__Lbank0                    bank0        000000
__Lbank1                    bank1        000000
__Lbank10                   bank10       000000
__Lbank11                   bank11       000000
__Lbank12                   bank12       000000
__Lbank13                   bank13       000000
__Lbank14                   bank14       000000
__Lbank15                   bank15       000000
__Lbank2                    bank2        000000
__Lbank3                    bank3        000000
__Lbank4                    bank4        000000
__Lbank5                    bank5        000000
__Lbank6                    bank6        000000
__Lbank7                    bank7        000000
__Lbank8                    bank8        000000
__Lbank9                    bank9        000000
__Lbigbss                   bigbss       000000
__Lbigdata                  bigdata      000000
__Lbigram                   bigram       000000
__Lbss                      bss          000000
__LbssCOMRAM                bssCOMRAM    000000
__Lcinit                    cinit        000000
__Lclrtext                  clrtext      000000
__Lcomram                   comram       000000
__Lconfig                   config       300000
__Lconst                    const        000000
__LcstackBANK0              cstackBANK0  000000
__LcstackBANK1              cstackBANK1  000000
__LcstackCOMRAM             cstackCOMRAM 000000
__Ldata                     data         000000
__Leeprom_data              eeprom_data  000000
__Lfarbss                   farbss       000000
__Lfardata                  fardata      000000
__Libigdata                 ibigdata     000000
__Lidata                    idata        000000
__Lidloc                    idloc        200000
__Lifardata                 ifardata     000000
__Linit                     init         00000E
__Lintcode                  intcode      000008
__Lintcode_body             intcode_body 000000
__Lintcodelo                intcodelo    00000E
__Lintentry                 intentry     000000
__Lintret                   intret       000000
__Lintsave_regs             intsave_regs 000000
__Lirdata                   irdata       000000
__Lmediumconst              mediumconst  000000
__LnvFARRAM                 nvFARRAM     000000
__Lnvbit                    nvbit        000000
__Lnvrram                   nvrram       000000
__Lparam                    rparam       000000
__Lpowerup                  powerup      00000E
__Lram                      ram          000000
__Lramtop                   ramtop       001000
__Lrbit                     rbit         000000
__Lrbss                     rbss         000000
__Lrdata                    rdata        000000
__Lreset_vec                reset_vec    000000
__Lrparam                   rparam       000000
__Lsfr                      sfr          000000
__Lsmallconst               smallconst   001000
__Lspace_0                  (abs)        000000
__Lspace_1                  (abs)        000000
__Lspace_2                  (abs)        000000
__Lstack                    stack        000000
__Lstruct                   struct       000000
__Ltemp                     temp         000074
__Ltext                     text         000000
__Ltext0                    text0        000000
__Ltext1                    text1        000000
__Ltext10                   text10       000000
__Ltext11                   text11       000000
__Ltext12                   text12       000000
__Ltext13                   text13       000000
__Ltext14                   text14       000000
__Ltext15                   text15       000000
__Ltext16                   text16       000000
__Ltext17                   text17       000000
__Ltext18                   text18       000000
__Ltext19                   text19       000000
__Ltext2                    text2        000000
__Ltext20                   text20       000000
__Ltext21                   text21       000000
__Ltext22                   text22       000000
__Ltext23                   text23       000000
__Ltext24                   text24       000000
__Ltext25                   text25       000000
__Ltext26                   text26       000000
__Ltext27                   text27       000000
__Ltext28                   text28       000000
__Ltext29                   text29       000000
__Ltext3                    text3        000000
__Ltext30                   text30       000000
__Ltext31                   text31       000000
__Ltext32                   text32       000000
__Ltext33                   text33       000000
__Ltext34                   text34       000000
__Ltext36                   text36       000000
__Ltext37                   text37       000000
__Ltext38                   text38       000000
__Ltext39                   text39       000000
__Ltext4                    text4        000000
__Ltext40                   text40       000000
__Ltext41                   text41       000000
__Ltext42                   text42       000000
__Ltext43                   text43       000000
__Ltext44                   text44       000000
__Ltext45                   text45       000000
__Ltext46                   text46       000000
__Ltext47                   text47       000000
__Ltext48                   text48       000000
__Ltext49                   text49       000000
__Ltext5                    text5        000000
__Ltext50                   text50       000000
__Ltext51                   text51       000000
__Ltext52                   text52       000000
__Ltext53                   text53       000000
__Ltext54                   text54       000000
__Ltext55                   text55       000000
__Ltext56                   text56       000000
__Ltext57                   text57       000000
__Ltext6                    text6        000000
__Ltext7                    text7        000000
__Ltext8                    text8        000000
__Ltext9                    text9        000000
__S0                        (abs)        30000E
__S1                        (abs)        000121
__S2                        (abs)        000000
___altoft                   text23       004386
___altoft@c                 cstackBANK0  000088
___altoft@exp               cstackBANK0  000090
___altoft@sign              cstackBANK0  000091
___awdiv                    text11       0040BC
___awdiv@counter            cstackBANK0  00008A
___awdiv@dividend           cstackBANK0  000086
___awdiv@divisor            cstackBANK0  000088
___awdiv@quotient           cstackBANK0  00008C
___awdiv@sign               cstackBANK0  00008B
___awmod                    text10       0042E4
___awmod@counter            cstackBANK0  000084
___awmod@dividend           cstackBANK0  000080
___awmod@divisor            cstackBANK0  000082
___awmod@sign               cstackBANK0  000085
___ftadd                    text18       002D38
___ftadd@exp1               cstackBANK0  0000B8
___ftadd@exp2               cstackBANK0  0000B7
___ftadd@f1                 cstackBANK0  0000AD
___ftadd@f2                 cstackBANK0  0000B0
___ftadd@sign               cstackBANK0  0000B6
___ftdiv                    text22       003816
___ftdiv@cntr               cstackBANK0  00009B
___ftdiv@exp                cstackBANK0  00009F
___ftdiv@f1                 cstackBANK0  000092
___ftdiv@f2                 cstackBANK0  000095
___ftdiv@f3                 cstackBANK0  00009C
___ftdiv@sign               cstackBANK0  0000A0
___ftge                     text20       003FF4
___ftge@ff1                 cstackBANK0  000080
___ftge@ff2                 cstackBANK0  000083
___ftmul                    text9        0036B8
___ftmul@cntr               cstackBANK0  0000A1
___ftmul@exp                cstackBANK0  00009D
___ftmul@f1                 cstackBANK0  000094
___ftmul@f2                 cstackBANK0  000097
___ftmul@f3_as_product      cstackBANK0  00009E
___ftmul@sign               cstackBANK0  0000A2
___ftneg                    text19       004B1A
___ftneg@f1                 cstackBANK0  000080
___ftpack                   text24       003D00
___ftpack@arg               cstackBANK0  000080
___ftpack@exp               cstackBANK0  000083
___ftpack@sign              cstackBANK0  000084
___ftsub                    text17       004A12
___ftsub@f1                 cstackBANK0  0000B9
___ftsub@f2                 cstackBANK0  0000BC
___fttol                    text16       003962
___fttol@exp1               cstackBANK0  0000B8
___fttol@f1                 cstackBANK0  0000AA
___fttol@lval               cstackBANK0  0000B4
___fttol@sign1              cstackBANK0  0000B3
___inthi_sp                 stack        000000
___intlo_sp                 stack        000000
___lldiv                    text31       00417A
___lldiv@counter            cstackBANK0  00008C
___lldiv@dividend           cstackBANK0  000080
___lldiv@divisor            cstackBANK0  000084
___lldiv@quotient           cstackBANK0  000088
___llmod                    text15       004424
___llmod@counter            cstackBANK0  000088
___llmod@dividend           cstackBANK0  000080
___llmod@divisor            cstackBANK0  000084
___lltoft                   text14       0046DC
___lltoft@c                 cstackBANK0  000088
___lltoft@exp               cstackBANK0  000090
___param_bank               (abs)        000000
___rparam_used              (abs)        000001
___sp                       stack        000000
___wmul                     text8        004AE4
___wmul@multiplicand        cstackBANK0  000090
___wmul@multiplier          cstackBANK0  00008E
___wmul@product             cstackBANK0  000092
__accesstop                 (abs)        000080
__activetblptr              (abs)        000002
__div_to_l_                 text13       003530
__div_to_l_@cntr            cstackBANK0  00008A
__div_to_l_@exp1            cstackBANK0  00008B
__div_to_l_@f1              cstackBANK0  000080
__div_to_l_@f2              cstackBANK0  000083
__div_to_l_@quot            cstackBANK0  000086
__end_of_I2C_Master_Init    text30       004960
__end_of_I2C_Master_Read    text28       004B78
__end_of_I2C_Master_Start   text27       004CC6
__end_of_I2C_Master_Stop    text26       004CBE
__end_of_I2C_Master_Wait    text29       004C9C
__end_of_I2C_Master_Write   text25       004CA6
__end_of___altoft           text23       004424
__end_of___awdiv            text11       00417A
__end_of___awmod            text10       004386
__end_of___ftadd            text18       002FA0
__end_of___ftdiv            text22       003962
__end_of___ftge             text20       0040BC
__end_of___ftmul            text9        003816
__end_of___ftneg            text19       004B4A
__end_of___ftpack           text24       003E0C
__end_of___ftsub            text17       004A5E
__end_of___fttol            text16       003AA6
__end_of___lldiv            text31       004236
__end_of___llmod            text15       0044BE
__end_of___lltoft           text14       004758
__end_of___wmul             text8        004B1A
__end_of__div_to_l_         text13       0036B8
__end_of__initialization    cinit        004C64
__end_of__npowers_          smallconst   001050
__end_of__powers_           smallconst   001077
__end_of__tdiv_to_l_        text12       003530
__end_of_dpowers            smallconst   001029
__end_of_fround             text7        002AA4
__end_of_hexpowers          smallconst   001097
__end_of_initLCD            text32       004AA4
__end_of_initT0             text21       004CB6
__end_of_keys               smallconst   0010A8
__end_of_lcdInst            text33       004BA2
__end_of_lcdNewline         text6        004CAE
__end_of_lcdNibble          text34       00489A
__end_of_lol                intcode_body 0045D6
__end_of_main               text0        004832
__end_of_printf             text3        0018AE
__end_of_putch              text5        004BCA
__end_of_scale              text4        002408
__end_of_startT0            text2        004C88
__end_of_testFrequency      text1        002D38
__end_ofi2___awdiv          text46       00465A
__end_ofi2___awmod          text45       0047C8
__end_ofi2___ftadd          text54       003392
__end_ofi2___ftge           text57       00454E
__end_ofi2___ftmul          text44       003F00
__end_ofi2___ftneg          text56       004C14
__end_ofi2___ftpack         text55       0042E4
__end_ofi2___ftsub          text53       004AE4
__end_ofi2___fttol          text52       003FF4
__end_ofi2___lldiv          text51       0046DC
__end_ofi2___llmod          text50       004900
__end_ofi2___lltoft         text49       0049BC
__end_ofi2___wmul           text43       004BF0
__end_ofi2__div_to_l_       text48       003D00
__end_ofi2__tdiv_to_l_      text47       003BD8
__end_ofi2_fround           text42       0031E6
__end_ofi2_lcdInst          text40       004C58
__end_ofi2_lcdNewline       text39       004CCE
__end_ofi2_lcdNibble        text41       004A12
__end_ofi2_printf           text36       001F5A
__end_ofi2_putch            text38       004C36
__end_ofi2_scale            text37       0027F8
__end_oftestFrequency@F2960 smallconst   0010AF
__initialization            cinit        004C58
__mediumconst               mediumconst  000000
__npowers_                  smallconst   001029
__pbssCOMRAM                bssCOMRAM    00006E
__pcinit                    cinit        004C58
__pcstackBANK0              cstackBANK0  000080
__pcstackBANK1              cstackBANK1  000100
__pcstackCOMRAM             cstackCOMRAM 000001
__pintcode                  intcode      000008
__pintcode_body             intcode_body 00454E
__powers_                   smallconst   001050
__psmallconst               smallconst   001000
__ptext0                    text0        0047C8
__ptext1                    text1        002AA4
__ptext10                   text10       0042E4
__ptext11                   text11       0040BC
__ptext12                   text12       003392
__ptext13                   text13       003530
__ptext14                   text14       0046DC
__ptext15                   text15       004424
__ptext16                   text16       003962
__ptext17                   text17       004A12
__ptext18                   text18       002D38
__ptext19                   text19       004B1A
__ptext2                    text2        004C72
__ptext20                   text20       003FF4
__ptext21                   text21       004CAE
__ptext22                   text22       003816
__ptext23                   text23       004386
__ptext24                   text24       003D00
__ptext25                   text25       004C9C
__ptext26                   text26       004CB6
__ptext27                   text27       004CBE
__ptext28                   text28       004B4A
__ptext29                   text29       004C88
__ptext3                    text3        0010E4
__ptext30                   text30       004900
__ptext31                   text31       00417A
__ptext32                   text32       004A5E
__ptext33                   text33       004B78
__ptext34                   text34       004832
__ptext36                   text36       0018AE
__ptext37                   text37       002408
__ptext38                   text38       004C14
__ptext39                   text39       004CC6
__ptext4                    text4        001F5A
__ptext40                   text40       004C36
__ptext41                   text41       0049BC
__ptext42                   text42       002FA0
__ptext43                   text43       004BCA
__ptext44                   text44       003E0C
__ptext45                   text45       004758
__ptext46                   text46       0045D6
__ptext47                   text47       003AA6
__ptext48                   text48       003BD8
__ptext49                   text49       004960
__ptext5                    text5        004BA2
__ptext50                   text50       00489A
__ptext51                   text51       00465A
__ptext52                   text52       003F00
__ptext53                   text53       004AA4
__ptext54                   text54       0031E6
__ptext55                   text55       004236
__ptext56                   text56       004BF0
__ptext57                   text57       0044BE
__ptext6                    text6        004CA6
__ptext7                    text7        0027F8
__ptext8                    text8        004AE4
__ptext9                    text9        0036B8
__ramtop                    ramtop       001000
__size_of_I2C_Master_Init   (abs)        000000
__size_of_I2C_Master_Read   (abs)        000000
__size_of_I2C_Master_Start  (abs)        000000
__size_of_I2C_Master_Stop   (abs)        000000
__size_of_I2C_Master_Wait   (abs)        000000
__size_of_I2C_Master_Write  (abs)        000000
__size_of___altoft          (abs)        000000
__size_of___awdiv           (abs)        000000
__size_of___awmod           (abs)        000000
__size_of___ftadd           (abs)        000000
__size_of___ftdiv           (abs)        000000
__size_of___ftge            (abs)        000000
__size_of___ftmul           (abs)        000000
__size_of___ftneg           (abs)        000000
__size_of___ftpack          (abs)        000000
__size_of___ftsub           (abs)        000000
__size_of___fttol           (abs)        000000
__size_of___lldiv           (abs)        000000
__size_of___llmod           (abs)        000000
__size_of___lltoft          (abs)        000000
__size_of___wmul            (abs)        000000
__size_of__div_to_l_        (abs)        000000
__size_of__tdiv_to_l_       (abs)        000000
__size_of_fround            (abs)        000000
__size_of_initLCD           (abs)        000000
__size_of_initT0            (abs)        000000
__size_of_lcdInst           (abs)        000000
__size_of_lcdNewline        (abs)        000000
__size_of_lcdNibble         (abs)        000000
__size_of_lol               (abs)        000000
__size_of_main              (abs)        000000
__size_of_printf            (abs)        000000
__size_of_putch             (abs)        000000
__size_of_scale             (abs)        000000
__size_of_startT0           (abs)        000000
__size_of_testFrequency     (abs)        000000
__size_ofi2___awdiv         (abs)        000000
__size_ofi2___awmod         (abs)        000000
__size_ofi2___ftadd         (abs)        000000
__size_ofi2___ftge          (abs)        000000
__size_ofi2___ftmul         (abs)        000000
__size_ofi2___ftneg         (abs)        000000
__size_ofi2___ftpack        (abs)        000000
__size_ofi2___ftsub         (abs)        000000
__size_ofi2___fttol         (abs)        000000
__size_ofi2___lldiv         (abs)        000000
__size_ofi2___llmod         (abs)        000000
__size_ofi2___lltoft        (abs)        000000
__size_ofi2___wmul          (abs)        000000
__size_ofi2__div_to_l_      (abs)        000000
__size_ofi2__tdiv_to_l_     (abs)        000000
__size_ofi2_fround          (abs)        000000
__size_ofi2_lcdInst         (abs)        000000
__size_ofi2_lcdNewline      (abs)        000000
__size_ofi2_lcdNibble       (abs)        000000
__size_ofi2_printf          (abs)        000000
__size_ofi2_putch           (abs)        000000
__size_ofi2_scale           (abs)        000000
__smallconst                smallconst   001000
__tdiv_to_l_                text12       003392
__tdiv_to_l_@cntr           cstackBANK0  00008D
__tdiv_to_l_@exp1           cstackBANK0  00008E
__tdiv_to_l_@f1             cstackBANK0  000080
__tdiv_to_l_@f2             cstackBANK0  000083
__tdiv_to_l_@quot           cstackBANK0  000089
_count                      bssCOMRAM    00006E
_dpowers                    smallconst   001001
_fround                     text7        0027F8
_fround$1072                cstackBANK0  0000A9
_fround$1073                cstackBANK0  0000A6
_hexpowers                  smallconst   001077
_initLCD                    text32       004A5E
_initT0                     text21       004CAE
_lcdInst                    text33       004B78
_lcdNewline                 text6        004CA6
_lcdNibble                  text34       004832
_lol                        intcode      000008
_main                       text0        0047C8
_main$1071                  cstackBANK0  0000EA
_printf                     text3        0010E4
_printf$1075                cstackBANK0  0000CB
_putch                      text5        004BA2
_scale                      text4        001F5A
_scale$1074                 cstackBANK0  0000A6
_startT0                    text2        004C72
_testFrequency              text1        002AA4
btemp                       temp         000074
end_of_initialization       cinit        004C64
fround@prec                 cstackBANK0  0000AC
i2___awdiv                  text46       0045D6
i2___awdiv@counter          cstackCOMRAM 00000B
i2___awdiv@dividend         cstackCOMRAM 000007
i2___awdiv@divisor          cstackCOMRAM 000009
i2___awdiv@quotient         cstackCOMRAM 00000D
i2___awdiv@sign             cstackCOMRAM 00000C
i2___awmod                  text45       004758
i2___awmod@counter          cstackCOMRAM 000005
i2___awmod@dividend         cstackCOMRAM 000001
i2___awmod@divisor          cstackCOMRAM 000003
i2___awmod@sign             cstackCOMRAM 000006
i2___ftadd                  text54       0031E6
i2___ftadd@exp1             cstackCOMRAM 000039
i2___ftadd@exp2             cstackCOMRAM 000038
i2___ftadd@f1               cstackCOMRAM 00002E
i2___ftadd@f2               cstackCOMRAM 000031
i2___ftadd@sign             cstackCOMRAM 000037
i2___ftge                   text57       0044BE
i2___ftge@ff1               cstackCOMRAM 000001
i2___ftge@ff2               cstackCOMRAM 000004
i2___ftmul                  text44       003E0C
i2___ftmul@cntr             cstackCOMRAM 000022
i2___ftmul@exp              cstackCOMRAM 00001E
i2___ftmul@f1               cstackCOMRAM 000015
i2___ftmul@f2               cstackCOMRAM 000018
i2___ftmul@f3_as_product    cstackCOMRAM 00001F
i2___ftmul@sign             cstackCOMRAM 000023
i2___ftneg                  text56       004BF0
i2___ftneg@f1               cstackCOMRAM 000001
i2___ftpack                 text55       004236
i2___ftpack@arg             cstackCOMRAM 000001
i2___ftpack@exp             cstackCOMRAM 000004
i2___ftpack@sign            cstackCOMRAM 000005
i2___ftsub                  text53       004AA4
i2___ftsub@f1               cstackCOMRAM 00003A
i2___ftsub@f2               cstackCOMRAM 00003D
i2___fttol                  text52       003F00
i2___fttol@exp1             cstackCOMRAM 000039
i2___fttol@f1               cstackCOMRAM 00002B
i2___fttol@lval             cstackCOMRAM 000035
i2___fttol@sign1            cstackCOMRAM 000034
i2___lldiv                  text51       00465A
i2___lldiv@counter          cstackCOMRAM 00000D
i2___lldiv@dividend         cstackCOMRAM 000001
i2___lldiv@divisor          cstackCOMRAM 000005
i2___lldiv@quotient         cstackCOMRAM 000009
i2___llmod                  text50       00489A
i2___llmod@counter          cstackCOMRAM 000009
i2___llmod@dividend         cstackCOMRAM 000001
i2___llmod@divisor          cstackCOMRAM 000005
i2___lltoft                 text49       004960
i2___lltoft@c               cstackCOMRAM 000009
i2___lltoft@exp             cstackCOMRAM 000011
i2___wmul                   text43       004BCA
i2___wmul@multiplicand      cstackCOMRAM 000011
i2___wmul@multiplier        cstackCOMRAM 00000F
i2___wmul@product           cstackCOMRAM 000013
i2__div_to_l_               text48       003BD8
i2__div_to_l_@cntr          cstackCOMRAM 00000B
i2__div_to_l_@exp1          cstackCOMRAM 00000C
i2__div_to_l_@f1            cstackCOMRAM 000001
i2__div_to_l_@f2            cstackCOMRAM 000004
i2__div_to_l_@quot          cstackCOMRAM 000007
i2__tdiv_to_l_              text47       003AA6
i2__tdiv_to_l_@cntr         cstackCOMRAM 00000E
i2__tdiv_to_l_@exp1         cstackCOMRAM 00000F
i2__tdiv_to_l_@f1           cstackCOMRAM 000001
i2__tdiv_to_l_@f2           cstackCOMRAM 000004
i2__tdiv_to_l_@quot         cstackCOMRAM 00000A
i2_fround                   text42       002FA0
i2_fround$1244              cstackCOMRAM 00002A
i2_fround$1245              cstackCOMRAM 000027
i2_lcdInst                  text40       004C36
i2_lcdNewline               text39       004CC6
i2_lcdNibble                text41       0049BC
i2_printf                   text36       0018AE
i2_printf$1247              cstackCOMRAM 000048
i2_putch                    text38       004C14
i2_scale                    text37       002408
i2_scale$1246               cstackCOMRAM 000027
i2fround@prec               cstackCOMRAM 00002D
i2lcdInst@data              cstackCOMRAM 000004
i2lcdNibble@data            cstackCOMRAM 000002
i2lcdNibble@temp            cstackCOMRAM 000001
i2printf@ap                 cstackCOMRAM 00004C
i2printf@c                  cstackCOMRAM 00005F
i2printf@exp                cstackCOMRAM 000056
i2printf@f                  cstackCOMRAM 000040
i2printf@flag               cstackCOMRAM 00004E
i2printf@fval               cstackCOMRAM 00005C
i2printf@idx                cstackCOMRAM 00004B
i2printf@prec               cstackCOMRAM 000050
i2printf@tmpval             cstackCOMRAM 000058
i2printf@val                cstackCOMRAM 000052
i2putch@data                cstackCOMRAM 000005
i2scale@scl                 cstackCOMRAM 00002A
int$flags                   temp         000074
int_func                    intcode_body 00454E
intlevel0                   text         000000
intlevel1                   text         000000
intlevel2                   text         000000
intlevel3                   text         000000
lcdInst@data                cstackBANK0  000083
lcdNibble@data              cstackBANK0  000081
lcdNibble@temp              cstackBANK0  000080
printf@ap                   cstackBANK0  0000CF
printf@c                    cstackBANK0  0000E2
printf@exp                  cstackBANK0  0000D9
printf@f                    cstackBANK0  0000BF
printf@flag                 cstackBANK0  0000D1
printf@fval                 cstackBANK0  0000DF
printf@idx                  cstackBANK0  0000CE
printf@prec                 cstackBANK0  0000D3
printf@tmpval               cstackBANK0  0000DB
printf@val                  cstackBANK0  0000D5
putch@data                  cstackBANK0  000084
scale@scl                   cstackBANK0  0000A9
stackhi                     (abs)        000F7F
stacklo                     (abs)        000121
start                       init         00000E
startT0@time                cstackBANK0  000080
start_initialization        cinit        004C58
testFrequency@F2960         smallconst   0010A8
testFrequency@count         cstackBANK1  000115
testFrequency@datetime      cstackBANK1  000100
testFrequency@first         cstackBANK1  00011D
testFrequency@i             cstackBANK1  00011F
testFrequency@i_390         cstackBANK1  000120
testFrequency@prev          cstackBANK1  000119
testFrequency@time          cstackBANK1  000107
testFrequency@timerOff      cstackBANK1  00011B


FUNCTION INFORMATION:

 *************** function _main *****************
 Defined at:
		line 31 in file "main.c"
 Parameters:    Size  Location     Type
		None
 Auto vars:     Size  Location     Type
		None
 Return value:  Size  Location     Type
                  1    wreg      void 
 Registers used:
		wreg, fsr2l, fsr2h, status,2, status,0, tblptrl, tblptrh, tblptru, prodl, prodh, cstack
 Tracked objects:
		On entry : 
		On exit  : 
		Unchanged: 
 Data sizes:     COMRAM   BANK0   BANK1   BANK2   BANK3   BANK4   BANK5   BANK6   BANK7   BANK8   BANK9  BANK10  BANK11  BANK12  BANK13  BANK14  BANK15
      Params:         0       0       0       0       0       0       0       0       0       0       0       0       0       0       0       0       0
      Locals:         0       3       0       0       0       0       0       0       0       0       0       0       0       0       0       0       0
      Temps:          0       0       0       0       0       0       0       0       0       0       0       0       0       0       0       0       0
      Totals:         0       3       0       0       0       0       0       0       0       0       0       0       0       0       0       0       0
Total ram usage:        3 bytes
 Hardware stack levels required when called:   12
 This function calls:
		_initLCD
		_printf
		_testFrequency
 This function is called by:
		Startup code after reset
 This function uses a non-reentrant model


 *************** function _testFrequency *****************
 Defined at:
		line 65 in file "timer.c"
 Parameters:    Size  Location     Type
		None
 Auto vars:     Size  Location     Type
  count           4   21[BANK1 ] long 
  i               1   32[BANK1 ] unsigned char 
  i               1   31[BANK1 ] unsigned char 
  time           14    7[BANK1 ] int [7]
  datetime        7    0[BANK1 ] const unsigned char [7]
  first           2   29[BANK1 ] int 
  timerOff        2   27[BANK1 ] int 
  prev            2   25[BANK1 ] int 
 Return value:  Size  Location     Type
                  3   99[BANK0 ] float 
 Registers used:
		wreg, fsr2l, fsr2h, status,2, status,0, tblptrl, tblptrh, tblptru, prodl, prodh, cstack
 Tracked objects:
		On entry : 
		On exit  : 
		Unchanged: 
 Data sizes:     COMRAM   BANK0   BANK1   BANK2   BANK3   BANK4   BANK5   BANK6   BANK7   BANK8   BANK9  BANK10  BANK11  BANK12  BANK13  BANK14  BANK15
      Params:         0       3       0       0       0       0       0       0       0       0       0       0       0       0       0       0       0
      Locals:         0       0      33       0       0       0       0       0       0       0       0       0       0       0       0       0       0
      Temps:          0       4       0       0       0       0       0       0       0       0       0       0       0       0       0       0       0
      Totals:         0       7      33       0       0       0       0       0       0       0       0       0       0       0       0       0       0
Total ram usage:       40 bytes
 Hardware stack levels used:    1
 Hardware stack levels required when called:   11
 This function calls:
		_I2C_Master_Init
		_I2C_Master_Read
		_I2C_Master_Start
		_I2C_Master_Stop
		_I2C_Master_Write
		___altoft
		___ftdiv
		_initT0
		_printf
		_startT0
 This function is called by:
		_main
 This function uses a non-reentrant model


 *************** function _startT0 *****************
 Defined at:
		line 54 in file "timer.c"
 Parameters:    Size  Location     Type
  time            2    0[BANK0 ] int 
 Auto vars:     Size  Location     Type
		None
 Return value:  Size  Location     Type
                  1    wreg      void 
 Registers used:
		wreg, status,2, status,0
 Tracked objects:
		On entry : 
		On exit  : 
		Unchanged: 
 Data sizes:     COMRAM   BANK0   BANK1   BANK2   BANK3   BANK4   BANK5   BANK6   BANK7   BANK8   BANK9  BANK10  BANK11  BANK12  BANK13  BANK14  BANK15
      Params:         0       2       0       0       0       0       0       0       0       0       0       0       0       0       0       0       0
      Locals:         0       0       0       0       0       0       0       0       0       0       0       0       0       0       0       0       0
      Temps:          0       0       0       0       0       0       0       0       0       0       0       0       0       0       0       0       0
      Totals:         0       2       0       0       0       0       0       0       0       0       0       0       0       0       0       0       0
Total ram usage:        2 bytes
 Hardware stack levels used:    1
 Hardware stack levels required when called:    6
 This function calls:
		Nothing
 This function is called by:
		_testFrequency
 This function uses a non-reentrant model


 *************** function _printf *****************
 Defined at:
		line 464 in file "C:\Program Files (x86)\Microchip\xc8\v1.40\sources\common\doprnt.c"
 Parameters:    Size  Location     Type
  f               2   63[BANK0 ] PTR const unsigned char 
		 -> STR_6(7), STR_5(8), STR_4(12), STR_3(3), 
		 -> STR_2(2), STR_1(2), 
 Auto vars:     Size  Location     Type
  idx             1   78[BANK0 ] unsigned char 
  tmpval          4   91[BANK0 ] struct .
  val             4   85[BANK0 ] unsigned long 
  fval            3   95[BANK0 ] unsigned long 
  cp              3    0        PTR const unsigned char 
  exp             2   89[BANK0 ] int 
  prec            2   83[BANK0 ] int 
  flag            2   81[BANK0 ] unsigned short 
  ap              2   79[BANK0 ] PTR void [1]
		 -> ?i2_printf(2), ?_printf(2), 
  len             2    0        unsigned int 
  width           2    0        int 
  c               1   98[BANK0 ] char 
  d               1    0        unsigned char 
 Return value:  Size  Location     Type
                  2   63[BANK0 ] int 
 Registers used:
		wreg, fsr2l, fsr2h, status,2, status,0, tblptrl, tblptrh, tblptru, prodl, prodh, cstack
 Tracked objects:
		On entry : 
		On exit  : 
		Unchanged: 
 Data sizes:     COMRAM   BANK0   BANK1   BANK2   BANK3   BANK4   BANK5   BANK6   BANK7   BANK8   BANK9  BANK10  BANK11  BANK12  BANK13  BANK14  BANK15
      Params:         0       6       0       0       0       0       0       0       0       0       0       0       0       0       0       0       0
      Locals:         0      24       0       0       0       0       0       0       0       0       0       0       0       0       0       0       0
      Temps:          0       6       0       0       0       0       0       0       0       0       0       0       0       0       0       0       0
      Totals:         0      36       0       0       0       0       0       0       0       0       0       0       0       0       0       0       0
Total ram usage:       36 bytes
 Hardware stack levels used:    1
 Hardware stack levels required when called:   10
 This function calls:
		___awdiv
		___ftadd
		___ftge
		___ftmul
		___ftneg
		___ftsub
		___fttol
		___lldiv
		___llmod
		___lltoft
		___wmul
		__div_to_l_
		__tdiv_to_l_
		_fround
		_putch
		_scale
 This function is called by:
		_main
		_testFrequency
		_printb
 This function uses a non-reentrant model


 *************** function _scale *****************
 Defined at:
		line 425 in file "C:\Program Files (x86)\Microchip\xc8\v1.40\sources\common\doprnt.c"
 Parameters:    Size  Location     Type
  scl             1    wreg     char 
 Auto vars:     Size  Location     Type
  scl             1   41[BANK0 ] char 
 Return value:  Size  Location     Type
                  3   35[BANK0 ] char 
 Registers used:
		wreg, status,2, status,0, tblptrl, tblptrh, tblptru, prodl, prodh, cstack
 Tracked objects:
		On entry : 
		On exit  : 
		Unchanged: 
 Data sizes:     COMRAM   BANK0   BANK1   BANK2   BANK3   BANK4   BANK5   BANK6   BANK7   BANK8   BANK9  BANK10  BANK11  BANK12  BANK13  BANK14  BANK15
      Params:         0       3       0       0       0       0       0       0       0       0       0       0       0       0       0       0       0
      Locals:         0       4       0       0       0       0       0       0       0       0       0       0       0       0       0       0       0
      Temps:          0       0       0       0       0       0       0       0       0       0       0       0       0       0       0       0       0
      Totals:         0       7       0       0       0       0       0       0       0       0       0       0       0       0       0       0       0
Total ram usage:        7 bytes
 Hardware stack levels used:    1
 Hardware stack levels required when called:    8
 This function calls:
		___awdiv
		___awmod
		___ftmul
		___wmul
 This function is called by:
		_printf
 This function uses a non-reentrant model


 *************** function _putch *****************
 Defined at:
		line 35 in file "lcd.c"
 Parameters:    Size  Location     Type
  data            1    wreg     unsigned char 
 Auto vars:     Size  Location     Type
  data            1    4[BANK0 ] unsigned char 
 Return value:  Size  Location     Type
                  1    wreg      void 
 Registers used:
		wreg, status,2, status,0, cstack
 Tracked objects:
		On entry : 
		On exit  : 
		Unchanged: 
 Data sizes:     COMRAM   BANK0   BANK1   BANK2   BANK3   BANK4   BANK5   BANK6   BANK7   BANK8   BANK9  BANK10  BANK11  BANK12  BANK13  BANK14  BANK15
      Params:         0       0       0       0       0       0       0       0       0       0       0       0       0       0       0       0       0
      Locals:         0       1       0       0       0       0       0       0       0       0       0       0       0       0       0       0       0
      Temps:          0       0       0       0       0       0       0       0       0       0       0       0       0       0       0       0       0
      Totals:         0       1       0       0       0       0       0       0       0       0       0       0       0       0       0       0       0
Total ram usage:        1 bytes
 Hardware stack levels used:    1
 Hardware stack levels required when called:    9
 This function calls:
		_lcdNewline
		_lcdNibble
 This function is called by:
		_printf
 This function uses a non-reentrant model


 *************** function _lcdNewline *****************
 Defined at:
		line 78 in file "lcd.c"
 Parameters:    Size  Location     Type
		None
 Auto vars:     Size  Location     Type
		None
 Return value:  Size  Location     Type
                  1    wreg      void 
 Registers used:
		wreg, status,2, status,0, cstack
 Tracked objects:
		On entry : 
		On exit  : 
		Unchanged: 
 Data sizes:     COMRAM   BANK0   BANK1   BANK2   BANK3   BANK4   BANK5   BANK6   BANK7   BANK8   BANK9  BANK10  BANK11  BANK12  BANK13  BANK14  BANK15
      Params:         0       0       0       0       0       0       0       0       0       0       0       0       0       0       0       0       0
      Locals:         0       0       0       0       0       0       0       0       0       0       0       0       0       0       0       0       0
      Temps:          0       0       0       0       0       0       0       0       0       0       0       0       0       0       0       0       0
      Totals:         0       0       0       0       0       0       0       0       0       0       0       0       0       0       0       0       0
Total ram usage:        0 bytes
 Hardware stack levels used:    1
 Hardware stack levels required when called:    8
 This function calls:
		_lcdInst
 This function is called by:
		_putch
 This function uses a non-reentrant model


 *************** function _fround *****************
 Defined at:
		line 409 in file "C:\Program Files (x86)\Microchip\xc8\v1.40\sources\common\doprnt.c"
 Parameters:    Size  Location     Type
  prec            1    wreg     unsigned char 
 Auto vars:     Size  Location     Type
  prec            1   44[BANK0 ] unsigned char 
 Return value:  Size  Location     Type
                  3   35[BANK0 ] unsigned char 
 Registers used:
		wreg, status,2, status,0, tblptrl, tblptrh, tblptru, prodl, prodh, cstack
 Tracked objects:
		On entry : 
		On exit  : 
		Unchanged: 
 Data sizes:     COMRAM   BANK0   BANK1   BANK2   BANK3   BANK4   BANK5   BANK6   BANK7   BANK8   BANK9  BANK10  BANK11  BANK12  BANK13  BANK14  BANK15
      Params:         0       3       0       0       0       0       0       0       0       0       0       0       0       0       0       0       0
      Locals:         0       7       0       0       0       0       0       0       0       0       0       0       0       0       0       0       0
      Temps:          0       0       0       0       0       0       0       0       0       0       0       0       0       0       0       0       0
      Totals:         0      10       0       0       0       0       0       0       0       0       0       0       0       0       0       0       0
Total ram usage:       10 bytes
 Hardware stack levels used:    1
 Hardware stack levels required when called:    8
 This function calls:
		___awdiv
		___awmod
		___ftmul
		___wmul
 This function is called by:
		_printf
 This function uses a non-reentrant model


 *************** function ___wmul *****************
 Defined at:
		line 15 in file "C:\Program Files (x86)\Microchip\xc8\v1.40\sources\common\Umul16.c"
 Parameters:    Size  Location     Type
  multiplier      2   14[BANK0 ] unsigned int 
  multiplicand    2   16[BANK0 ] unsigned int 
 Auto vars:     Size  Location     Type
  product         2   18[BANK0 ] unsigned int 
 Return value:  Size  Location     Type
                  2   14[BANK0 ] unsigned int 
 Registers used:
		wreg, status,2, status,0, prodl, prodh
 Tracked objects:
		On entry : 
		On exit  : 
		Unchanged: 
 Data sizes:     COMRAM   BANK0   BANK1   BANK2   BANK3   BANK4   BANK5   BANK6   BANK7   BANK8   BANK9  BANK10  BANK11  BANK12  BANK13  BANK14  BANK15
      Params:         0       4       0       0       0       0       0       0       0       0       0       0       0       0       0       0       0
      Locals:         0       2       0       0       0       0       0       0       0       0       0       0       0       0       0       0       0
      Temps:          0       0       0       0       0       0       0       0       0       0       0       0       0       0       0       0       0
      Totals:         0       6       0       0       0       0       0       0       0       0       0       0       0       0       0       0       0
Total ram usage:        6 bytes
 Hardware stack levels used:    1
 Hardware stack levels required when called:    6
 This function calls:
		Nothing
 This function is called by:
		_fround
		_scale
		_printf
 This function uses a non-reentrant model


 *************** function ___ftmul *****************
 Defined at:
		line 62 in file "C:\Program Files (x86)\Microchip\xc8\v1.40\sources\common\ftmul.c"
 Parameters:    Size  Location     Type
  f1              3   20[BANK0 ] float 
  f2              3   23[BANK0 ] float 
 Auto vars:     Size  Location     Type
  f3_as_produc    3   30[BANK0 ] unsigned um
  sign            1   34[BANK0 ] unsigned char 
  cntr            1   33[BANK0 ] unsigned char 
  exp             1   29[BANK0 ] unsigned char 
 Return value:  Size  Location     Type
                  3   20[BANK0 ] float 
 Registers used:
		wreg, status,2, status,0, cstack
 Tracked objects:
		On entry : 
		On exit  : 
		Unchanged: 
 Data sizes:     COMRAM   BANK0   BANK1   BANK2   BANK3   BANK4   BANK5   BANK6   BANK7   BANK8   BANK9  BANK10  BANK11  BANK12  BANK13  BANK14  BANK15
      Params:         0       6       0       0       0       0       0       0       0       0       0       0       0       0       0       0       0
      Locals:         0       6       0       0       0       0       0       0       0       0       0       0       0       0       0       0       0
      Temps:          0       3       0       0       0       0       0       0       0       0       0       0       0       0       0       0       0
      Totals:         0      15       0       0       0       0       0       0       0       0       0       0       0       0       0       0       0
Total ram usage:       15 bytes
 Hardware stack levels used:    1
 Hardware stack levels required when called:    7
 This function calls:
		___ftpack
 This function is called by:
		_fround
		_scale
		_printf
 This function uses a non-reentrant model


 *************** function ___awmod *****************
 Defined at:
		line 8 in file "C:\Program Files (x86)\Microchip\xc8\v1.40\sources\common\awmod.c"
 Parameters:    Size  Location     Type
  dividend        2    0[BANK0 ] int 
  divisor         2    2[BANK0 ] int 
 Auto vars:     Size  Location     Type
  sign            1    5[BANK0 ] unsigned char 
  counter         1    4[BANK0 ] unsigned char 
 Return value:  Size  Location     Type
                  2    0[BANK0 ] int 
 Registers used:
		wreg, status,2, status,0
 Tracked objects:
		On entry : 
		On exit  : 
		Unchanged: 
 Data sizes:     COMRAM   BANK0   BANK1   BANK2   BANK3   BANK4   BANK5   BANK6   BANK7   BANK8   BANK9  BANK10  BANK11  BANK12  BANK13  BANK14  BANK15
      Params:         0       4       0       0       0       0       0       0       0       0       0       0       0       0       0       0       0
      Locals:         0       2       0       0       0       0       0       0       0       0       0       0       0       0       0       0       0
      Temps:          0       0       0       0       0       0       0       0       0       0       0       0       0       0       0       0       0
      Totals:         0       6       0       0       0       0       0       0       0       0       0       0       0       0       0       0       0
Total ram usage:        6 bytes
 Hardware stack levels used:    1
 Hardware stack levels required when called:    6
 This function calls:
		Nothing
 This function is called by:
		_fround
		_scale
 This function uses a non-reentrant model


 *************** function ___awdiv *****************
 Defined at:
		line 8 in file "C:\Program Files (x86)\Microchip\xc8\v1.40\sources\common\awdiv.c"
 Parameters:    Size  Location     Type
  dividend        2    6[BANK0 ] int 
  divisor         2    8[BANK0 ] int 
 Auto vars:     Size  Location     Type
  quotient        2   12[BANK0 ] int 
  sign            1   11[BANK0 ] unsigned char 
  counter         1   10[BANK0 ] unsigned char 
 Return value:  Size  Location     Type
                  2    6[BANK0 ] int 
 Registers used:
		wreg, status,2, status,0
 Tracked objects:
		On entry : 
		On exit  : 
		Unchanged: 
 Data sizes:     COMRAM   BANK0   BANK1   BANK2   BANK3   BANK4   BANK5   BANK6   BANK7   BANK8   BANK9  BANK10  BANK11  BANK12  BANK13  BANK14  BANK15
      Params:         0       4       0       0       0       0       0       0       0       0       0       0       0       0       0       0       0
      Locals:         0       4       0       0       0       0       0       0       0       0       0       0       0       0       0       0       0
      Temps:          0       0       0       0       0       0       0       0       0       0       0       0       0       0       0       0       0
      Totals:         0       8       0       0       0       0       0       0       0       0       0       0       0       0       0       0       0
Total ram usage:        8 bytes
 Hardware stack levels used:    1
 Hardware stack levels required when called:    6
 This function calls:
		Nothing
 This function is called by:
		_fround
		_scale
		_printf
 This function uses a non-reentrant model


 *************** function __tdiv_to_l_ *****************
 Defined at:
		line 60 in file "C:\Program Files (x86)\Microchip\xc8\v1.40\sources\common\ftdivl.c"
 Parameters:    Size  Location     Type
  f1              3    0[BANK0 ] float 
  f2              3    3[BANK0 ] float 
 Auto vars:     Size  Location     Type
  quot            4    9[BANK0 ] unsigned long 
  exp1            1   14[BANK0 ] unsigned char 
  cntr            1   13[BANK0 ] unsigned char 
 Return value:  Size  Location     Type
                  4    0[BANK0 ] unsigned long 
 Registers used:
		wreg, status,2, status,0
 Tracked objects:
		On entry : 
		On exit  : 
		Unchanged: 
 Data sizes:     COMRAM   BANK0   BANK1   BANK2   BANK3   BANK4   BANK5   BANK6   BANK7   BANK8   BANK9  BANK10  BANK11  BANK12  BANK13  BANK14  BANK15
      Params:         0       6       0       0       0       0       0       0       0       0       0       0       0       0       0       0       0
      Locals:         0       6       0       0       0       0       0       0       0       0       0       0       0       0       0       0       0
      Temps:          0       3       0       0       0       0       0       0       0       0       0       0       0       0       0       0       0
      Totals:         0      15       0       0       0       0       0       0       0       0       0       0       0       0       0       0       0
Total ram usage:       15 bytes
 Hardware stack levels used:    1
 Hardware stack levels required when called:    6
 This function calls:
		Nothing
 This function is called by:
		_printf
 This function uses a non-reentrant model


 *************** function __div_to_l_ *****************
 Defined at:
		line 60 in file "C:\Program Files (x86)\Microchip\xc8\v1.40\sources\common\fldivl.c"
 Parameters:    Size  Location     Type
  f1              3    0[BANK0 ] unsigned long 
  f2              3    3[BANK0 ] unsigned long 
 Auto vars:     Size  Location     Type
  quot            4    6[BANK0 ] unsigned long 
  exp1            1   11[BANK0 ] unsigned char 
  cntr            1   10[BANK0 ] unsigned char 
 Return value:  Size  Location     Type
                  4    0[BANK0 ] unsigned long 
 Registers used:
		wreg, status,2, status,0
 Tracked objects:
		On entry : 
		On exit  : 
		Unchanged: 
 Data sizes:     COMRAM   BANK0   BANK1   BANK2   BANK3   BANK4   BANK5   BANK6   BANK7   BANK8   BANK9  BANK10  BANK11  BANK12  BANK13  BANK14  BANK15
      Params:         0       6       0       0       0       0       0       0       0       0       0       0       0       0       0       0       0
      Locals:         0       6       0       0       0       0       0       0       0       0       0       0       0       0       0       0       0
[...]
 This function calls:
		Nothing
 This function is called by:
		i2_printf
 This function uses a non-reentrant model


 *************** function i2___lltoft *****************
 Defined at:
		line 35 in file "C:\Program Files (x86)\Microchip\xc8\v1.40\sources\common\lltoft.c"
 Parameters:    Size  Location     Type
  c               4    8[COMRAM] unsigned long 
 Auto vars:     Size  Location     Type
  __lltoft        1   16[COMRAM] unsigned char 
 Return value:  Size  Location     Type
                  3    8[COMRAM] float 
 Registers used:
		wreg, status,2, status,0, cstack
 Tracked objects:
		On entry : 
		On exit  : 
		Unchanged: 
 Data sizes:     COMRAM   BANK0   BANK1   BANK2   BANK3   BANK4   BANK5   BANK6   BANK7   BANK8   BANK9  BANK10  BANK11  BANK12  BANK13  BANK14  BANK15
      Params:         4       0       0       0       0       0       0       0       0       0       0       0       0       0       0       0       0
      Locals:         1       0       0       0       0       0       0       0       0       0       0       0       0       0       0       0       0
      Temps:          4       0       0       0       0       0       0       0       0       0       0       0       0       0       0       0       0
      Totals:         9       0       0       0       0       0       0       0       0       0       0       0       0       0       0       0       0
Total ram usage:        9 bytes
 Hardware stack levels used:    1
 Hardware stack levels required when called:    1
 This function calls:
		i2___ftpack
 This function is called by:
		i2_printf
 This function uses a non-reentrant model


 *************** function i2___llmod *****************
 Defined at:
		line 8 in file "C:\Program Files (x86)\Microchip\xc8\v1.40\sources\common\llmod.c"
 Parameters:    Size  Location     Type
  dividend        4    0[COMRAM] unsigned long 
  divisor         4    4[COMRAM] unsigned long 
 Auto vars:     Size  Location     Type
  __llmod         1    8[COMRAM] unsigned char 
 Return value:  Size  Location     Type
                  4    0[COMRAM] unsigned long 
 Registers used:
		wreg, status,2, status,0
 Tracked objects:
		On entry : 
		On exit  : 
		Unchanged: 
 Data sizes:     COMRAM   BANK0   BANK1   BANK2   BANK3   BANK4   BANK5   BANK6   BANK7   BANK8   BANK9  BANK10  BANK11  BANK12  BANK13  BANK14  BANK15
      Params:         8       0       0       0       0       0       0       0       0       0       0       0       0       0       0       0       0
      Locals:         1       0       0       0       0       0       0       0       0       0       0       0       0       0       0       0       0
      Temps:          0       0       0       0       0       0       0       0       0       0       0       0       0       0       0       0       0
      Totals:         9       0       0       0       0       0       0       0       0       0       0       0       0       0       0       0       0
Total ram usage:        9 bytes
 Hardware stack levels used:    1
 This function calls:
		Nothing
 This function is called by:
		i2_printf
 This function uses a non-reentrant model


 *************** function i2___lldiv *****************
 Defined at:
		line 8 in file "C:\Program Files (x86)\Microchip\xc8\v1.40\sources\common\lldiv.c"
 Parameters:    Size  Location     Type
  dividend        4    0[COMRAM] unsigned long 
  divisor         4    4[COMRAM] unsigned long 
 Auto vars:     Size  Location     Type
  __lldiv         4    8[COMRAM] unsigned long 
  __lldiv         1   12[COMRAM] unsigned char 
 Return value:  Size  Location     Type
                  4    0[COMRAM] unsigned long 
 Registers used:
		wreg, status,2, status,0
 Tracked objects:
		On entry : 
		On exit  : 
		Unchanged: 
 Data sizes:     COMRAM   BANK0   BANK1   BANK2   BANK3   BANK4   BANK5   BANK6   BANK7   BANK8   BANK9  BANK10  BANK11  BANK12  BANK13  BANK14  BANK15
      Params:         8       0       0       0       0       0       0       0       0       0       0       0       0       0       0       0       0
      Locals:         5       0       0       0       0       0       0       0       0       0       0       0       0       0       0       0       0
      Temps:          0       0       0       0       0       0       0       0       0       0       0       0       0       0       0       0       0
      Totals:        13       0       0       0       0       0       0       0       0       0       0       0       0       0       0       0       0
Total ram usage:       13 bytes
 Hardware stack levels used:    1
 This function calls:
		Nothing
 This function is called by:
		i2_printf
 This function uses a non-reentrant model


 *************** function i2___fttol *****************
 Defined at:
		line 44 in file "C:\Program Files (x86)\Microchip\xc8\v1.40\sources\common\fttol.c"
 Parameters:    Size  Location     Type
  f1              3   42[COMRAM] float 
 Auto vars:     Size  Location     Type
  __fttol         4   52[COMRAM] unsigned long 
  __fttol         1   56[COMRAM] unsigned char 
  __fttol         1   51[COMRAM] unsigned char 
 Return value:  Size  Location     Type
                  4   42[COMRAM] long 
 Registers used:
		wreg, status,2, status,0
 Tracked objects:
		On entry : 
		On exit  : 
		Unchanged: 
 Data sizes:     COMRAM   BANK0   BANK1   BANK2   BANK3   BANK4   BANK5   BANK6   BANK7   BANK8   BANK9  BANK10  BANK11  BANK12  BANK13  BANK14  BANK15
      Params:         4       0       0       0       0       0       0       0       0       0       0       0       0       0       0       0       0
      Locals:         6       0       0       0       0       0       0       0       0       0       0       0       0       0       0       0       0
      Temps:          5       0       0       0       0       0       0       0       0       0       0       0       0       0       0       0       0
      Totals:        15       0       0       0       0       0       0       0       0       0       0       0       0       0       0       0       0
Total ram usage:       15 bytes
 Hardware stack levels used:    1
 This function calls:
		Nothing
 This function is called by:
		i2_printf
 This function uses a non-reentrant model


 *************** function i2___ftsub *****************
 Defined at:
		line 20 in file "C:\Program Files (x86)\Microchip\xc8\v1.40\sources\common\ftsub.c"
 Parameters:    Size  Location     Type
  f1              3   57[COMRAM] float 
  f2              3   60[COMRAM] float 
 Auto vars:     Size  Location     Type
		None
 Return value:  Size  Location     Type
                  3   57[COMRAM] float 
 Registers used:
		wreg, status,2, status,0, cstack
 Tracked objects:
		On entry : 
		On exit  : 
		Unchanged: 
 Data sizes:     COMRAM   BANK0   BANK1   BANK2   BANK3   BANK4   BANK5   BANK6   BANK7   BANK8   BANK9  BANK10  BANK11  BANK12  BANK13  BANK14  BANK15
      Params:         6       0       0       0       0       0       0       0       0       0       0       0       0       0       0       0       0
      Locals:         0       0       0       0       0       0       0       0       0       0       0       0       0       0       0       0       0
      Temps:          0       0       0       0       0       0       0       0       0       0       0       0       0       0       0       0       0
      Totals:         6       0       0       0       0       0       0       0       0       0       0       0       0       0       0       0       0
Total ram usage:        6 bytes
 Hardware stack levels used:    1
 Hardware stack levels required when called:    2
 This function calls:
		i2___ftadd
 This function is called by:
		i2_printf
 This function uses a non-reentrant model


 *************** function i2___ftadd *****************
 Defined at:
		line 86 in file "C:\Program Files (x86)\Microchip\xc8\v1.40\sources\common\ftadd.c"
 Parameters:    Size  Location     Type
  f1              3   45[COMRAM] float 
  f2              3   48[COMRAM] float 
 Auto vars:     Size  Location     Type
  __ftadd         1   56[COMRAM] unsigned char 
  __ftadd         1   55[COMRAM] unsigned char 
  __ftadd         1   54[COMRAM] unsigned char 
 Return value:  Size  Location     Type
                  3   45[COMRAM] float 
 Registers used:
		wreg, status,2, status,0, cstack
 Tracked objects:
		On entry : 
		On exit  : 
		Unchanged: 
 Data sizes:     COMRAM   BANK0   BANK1   BANK2   BANK3   BANK4   BANK5   BANK6   BANK7   BANK8   BANK9  BANK10  BANK11  BANK12  BANK13  BANK14  BANK15
      Params:         6       0       0       0       0       0       0       0       0       0       0       0       0       0       0       0       0
      Locals:         3       0       0       0       0       0       0       0       0       0       0       0       0       0       0       0       0
      Temps:          3       0       0       0       0       0       0       0       0       0       0       0       0       0       0       0       0
      Totals:        12       0       0       0       0       0       0       0       0       0       0       0       0       0       0       0       0
Total ram usage:       12 bytes
 Hardware stack levels used:    1
 Hardware stack levels required when called:    1
 This function calls:
		i2___ftpack
 This function is called by:
		i2_printf
		i2___ftsub
 This function uses a non-reentrant model


 *************** function i2___ftpack *****************
 Defined at:
		line 62 in file "C:\Program Files (x86)\Microchip\xc8\v1.40\sources\common\float.c"
 Parameters:    Size  Location     Type
  arg             3    0[COMRAM] unsigned um
  exp             1    3[COMRAM] unsigned char 
  sign            1    4[COMRAM] unsigned char 
 Auto vars:     Size  Location     Type
		None
 Return value:  Size  Location     Type
                  3    0[COMRAM] float 
 Registers used:
		wreg, status,2, status,0
 Tracked objects:
		On entry : 
		On exit  : 
		Unchanged: 
 Data sizes:     COMRAM   BANK0   BANK1   BANK2   BANK3   BANK4   BANK5   BANK6   BANK7   BANK8   BANK9  BANK10  BANK11  BANK12  BANK13  BANK14  BANK15
      Params:         5       0       0       0       0       0       0       0       0       0       0       0       0       0       0       0       0
      Locals:         0       0       0       0       0       0       0       0       0       0       0       0       0       0       0       0       0
      Temps:          3       0       0       0       0       0       0       0       0       0       0       0       0       0       0       0       0
      Totals:         8       0       0       0       0       0       0       0       0       0       0       0       0       0       0       0       0
Total ram usage:        8 bytes
 Hardware stack levels used:    1
 This function calls:
		Nothing
 This function is called by:
		i2___ftadd
		i2___ftmul
		i2___lltoft
 This function uses a non-reentrant model


 *************** function i2___ftneg *****************
 Defined at:
		line 15 in file "C:\Program Files (x86)\Microchip\xc8\v1.40\sources\common\ftneg.c"
 Parameters:    Size  Location     Type
  f1              3    0[COMRAM] float 
 Auto vars:     Size  Location     Type
		None
 Return value:  Size  Location     Type
                  3    0[COMRAM] float 
 Registers used:
		wreg, status,2, status,0
 Tracked objects:
		On entry : 
		On exit  : 
		Unchanged: 
 Data sizes:     COMRAM   BANK0   BANK1   BANK2   BANK3   BANK4   BANK5   BANK6   BANK7   BANK8   BANK9  BANK10  BANK11  BANK12  BANK13  BANK14  BANK15
      Params:         3       0       0       0       0       0       0       0       0       0       0       0       0       0       0       0       0
      Locals:         0       0       0       0       0       0       0       0       0       0       0       0       0       0       0       0       0
      Temps:          0       0       0       0       0       0       0       0       0       0       0       0       0       0       0       0       0
      Totals:         3       0       0       0       0       0       0       0       0       0       0       0       0       0       0       0       0
Total ram usage:        3 bytes
 Hardware stack levels used:    1
 This function calls:
		Nothing
 This function is called by:
		i2_printf
 This function uses a non-reentrant model


 *************** function i2___ftge *****************
 Defined at:
		line 4 in file "C:\Program Files (x86)\Microchip\xc8\v1.40\sources\common\ftge.c"
 Parameters:    Size  Location     Type
  ff1             3    0[COMRAM] float 
  ff2             3    3[COMRAM] float 
 Auto vars:     Size  Location     Type
		None
 Return value:  Size  Location     Type
		None               void
 Registers used:
		wreg, status,2, status,0
 Tracked objects:
		On entry : 
		On exit  : 
		Unchanged: 
 Data sizes:     COMRAM   BANK0   BANK1   BANK2   BANK3   BANK4   BANK5   BANK6   BANK7   BANK8   BANK9  BANK10  BANK11  BANK12  BANK13  BANK14  BANK15
      Params:         6       0       0       0       0       0       0       0       0       0       0       0       0       0       0       0       0
      Locals:         0       0       0       0       0       0       0       0       0       0       0       0       0       0       0       0       0
      Temps:          3       0       0       0       0       0       0       0       0       0       0       0       0       0       0       0       0
      Totals:         9       0       0       0       0       0       0       0       0       0       0       0       0       0       0       0       0
Total ram usage:        9 bytes
 Hardware stack levels used:    1
 This function calls:
		Nothing
 This function is called by:
		i2_printf
 This function uses a non-reentrant model



MODULE INFORMATION

Module		Function		Class		Link	Load	Size
C:\Program Files (x86)\Microchip\xc8\v1.40\sources\common\altoft.c
		___altoft      		CODE           	4386	0000	159

C:\Program Files (x86)\Microchip\xc8\v1.40\sources\common\altoft.c estimated size: 159

C:\Program Files (x86)\Microchip\xc8\v1.40\sources\common\ftneg.c
		___ftneg       		CODE           	4B1A	0000	49

C:\Program Files (x86)\Microchip\xc8\v1.40\sources\common\ftneg.c estimated size: 49

C:\Program Files (x86)\Microchip\xc8\v1.40\sources\common\doprnt.c
		_scale         		CODE           	1F5A	0000	1199
		_printf        		CODE           	10E4	0000	1995
		_fround        		CODE           	27F8	0000	685

C:\Program Files (x86)\Microchip\xc8\v1.40\sources\common\doprnt.c estimated size: 3879

C:\Program Files (x86)\Microchip\xc8\v1.40\sources\common\lltoft.c
		___lltoft      		CODE           	46DC	0000	125

C:\Program Files (x86)\Microchip\xc8\v1.40\sources\common\lltoft.c estimated size: 125

C:\Program Files (x86)\Microchip\xc8\v1.40\sources\common\ftsub.c
		___ftsub       		CODE           	4A12	0000	77

C:\Program Files (x86)\Microchip\xc8\v1.40\sources\common\ftsub.c estimated size: 77

C:\Program Files (x86)\Microchip\xc8\v1.40\sources\common\float.c
		___ftpack      		CODE           	3D00	0000	269

C:\Program Files (x86)\Microchip\xc8\v1.40\sources\common\float.c estimated size: 269

timer.c
		_initT0        		CODE           	4CAE	0000	9
		_testFrequency 		CODE           	2AA4	0000	661
		_startT0       		CODE           	4C72	0000	23

timer.c estimated size: 693

I2C.c
		_I2C_Master_Read		CODE           	4B4A	0000	47
		_I2C_Master_Wait		CODE           	4C88	0000	21
		_I2C_Master_Init		CODE           	4900	0000	97
		_I2C_Master_Stop		CODE           	4CB6	0000	9
		_I2C_Master_Write		CODE           	4C9C	0000	11
		_I2C_Master_Start		CODE           	4CBE	0000	9

I2C.c estimated size: 194

C:\Program Files (x86)\Microchip\xc8\v1.40\sources\common\ftdivl.c
		__tdiv_to_l_   		CODE           	3392	0000	415

C:\Program Files (x86)\Microchip\xc8\v1.40\sources\common\ftdivl.c estimated size: 415

C:\Program Files (x86)\Microchip\xc8\v1.40\sources\common\ftge.c
		___ftge        		CODE           	3FF4	0000	201

C:\Program Files (x86)\Microchip\xc8\v1.40\sources\common\ftge.c estimated size: 201

C:\Program Files (x86)\Microchip\xc8\v1.40\sources\common\Umul16.c
		___wmul        		CODE           	4AE4	0000	55

C:\Program Files (x86)\Microchip\xc8\v1.40\sources\common\Umul16.c estimated size: 55

C:\Program Files (x86)\Microchip\xc8\v1.40\sources\common\ftmul.c
		___ftmul       		CODE           	36B8	0000	351

C:\Program Files (x86)\Microchip\xc8\v1.40\sources\common\ftmul.c estimated size: 351

C:\Program Files (x86)\Microchip\xc8\v1.40\sources\common\awmod.c
		___awmod       		CODE           	42E4	0000	163

C:\Program Files (x86)\Microchip\xc8\v1.40\sources\common\awmod.c estimated size: 163

C:\Program Files (x86)\Microchip\xc8\v1.40\sources\common\ftdiv.c
		___ftdiv       		CODE           	3816	0000	333

C:\Program Files (x86)\Microchip\xc8\v1.40\sources\common\ftdiv.c estimated size: 333

C:\Program Files (x86)\Microchip\xc8\v1.40\sources\common\llmod.c
		___llmod       		CODE           	4424	0000	155

C:\Program Files (x86)\Microchip\xc8\v1.40\sources\common\llmod.c estimated size: 155

shared
		i2_printf      		CODE           	18AE	0000	1709
		i2___ftneg     		CODE           	4BF0	0000	37
		testFrequency@F2960		SMALLCONST     	10A8	0000	8
		i2_putch       		CODE           	4C14	0000	35
		i2___ftadd     		CODE           	31E6	0000	429
		i2_lcdNibble   		CODE           	49BC	0000	87
		__powers_      		SMALLCONST     	1050	0000	40
		i2___fttol     		CODE           	3F00	0000	245
		_dpowers       		SMALLCONST     	1001	0000	41
		i2___ftge      		CODE           	44BE	0000	145
		i2___awdiv     		CODE           	45D6	0000	133
		i2__tdiv_to_l_ 		CODE           	3AA6	0000	307
		i2___ftmul     		CODE           	3E0C	0000	245
		i2___wmul      		CODE           	4BCA	0000	39
		i2_lcdNewline  		CODE           	4CC6	0000	9
		i2__div_to_l_  		CODE           	3BD8	0000	297
		__npowers_     		SMALLCONST     	1029	0000	40
		i2___ftpack    		CODE           	4236	0000	175
		i2_scale       		CODE           	2408	0000	1009
		_keys          		SMALLCONST     	0000	0000	0
		i2___lldiv     		CODE           	465A	0000	131
		__initialization		CODE           	4C58	0000	13
		i2___lltoft    		CODE           	4960	0000	93
		i2___ftsub     		CODE           	4AA4	0000	65
		i2___awmod     		CODE           	4758	0000	113
		_hexpowers     		SMALLCONST     	1077	0000	33
		i2___llmod     		CODE           	489A	0000	103
		i2_lcdInst     		CODE           	4C36	0000	35
		i2_fround      		CODE           	2FA0	0000	583

shared estimated size: 6199

lcd.c
		_putch         		CODE           	4BA2	0000	41
		_lcdInst       		CODE           	4B78	0000	43
		_lcdNibble     		CODE           	4832	0000	105
		_initLCD       		CODE           	4A5E	0000	71
		_lcdNewline    		CODE           	4CA6	0000	9

lcd.c estimated size: 269

C:\Program Files (x86)\Microchip\xc8\v1.40\sources\common\fttol.c
		___fttol       		CODE           	3962	0000	325

C:\Program Files (x86)\Microchip\xc8\v1.40\sources\common\fttol.c estimated size: 325

C:\Program Files (x86)\Microchip\xc8\v1.40\sources\common\fldivl.c
		__div_to_l_    		CODE           	3530	0000	393

C:\Program Files (x86)\Microchip\xc8\v1.40\sources\common\fldivl.c estimated size: 393

C:\Program Files (x86)\Microchip\xc8\v1.40\sources\common\awdiv.c
		___awdiv       		CODE           	40BC	0000	191

C:\Program Files (x86)\Microchip\xc8\v1.40\sources\common\awdiv.c estimated size: 191

main.c
		_lol           		CODE           	0008	0000	143
		_main          		CODE           	47C8	0000	107

main.c estimated size: 250

C:\Program Files (x86)\Microchip\xc8\v1.40\sources\common\ftadd.c
		___ftadd       		CODE           	2D38	0000	617

C:\Program Files (x86)\Microchip\xc8\v1.40\sources\common\ftadd.c estimated size: 617

C:\Program Files (x86)\Microchip\xc8\v1.40\sources\common\lldiv.c
		___lldiv       		CODE           	417A	0000	189

C:\Program Files (x86)\Microchip\xc8\v1.40\sources\common\lldiv.c estimated size: 189

