Microchip MPLAB XC8 Compiler V1.40 ()

Linker command line:

-W-3 --edf=C:\Program Files (x86)\Microchip\xc8\v1.40\dat\en_msgs.txt -cs \
  -h+dist/default/production\PIC18_LCD_LIB.X.production.sym \
  --cmf=dist/default/production\PIC18_LCD_LIB.X.production.cmf -z -Q18F4620 \
  -oC:\Users\Nam\AppData\Local\Temp\s7j0.2 \
  -Mdist/default/production/PIC18_LCD_LIB.X.production.map -E1 -ver=XC8 \
  -ASTACK=0159h-0f7fh -pstack=STACK -ACODE=00h-0FFFFh -ACONST=00h-0FFFFh \
  -ASMALLCONST=01000h-010FFhx240 -AMEDIUMCONST=01000h-0FFFFh \
  -ACOMRAM=01h-07Fh -AABS1=00h-0F7Fh -ABIGRAM=01h-0F7Fh \
  -ARAM=080h-0FFh,0100h-01FFhx14,0F00h-0F7Fh -ABANK0=080h-0FFh \
  -ABANK1=0100h-01FFh -ABANK2=0200h-02FFh -ABANK3=0300h-03FFh \
  -ABANK4=0400h-04FFh -ABANK5=0500h-05FFh -ABANK6=0600h-06FFh \
  -ABANK7=0700h-07FFh -ABANK8=0800h-08FFh -ABANK9=0900h-09FFh \
  -ABANK10=0A00h-0AFFh -ABANK11=0B00h-0BFFh -ABANK12=0C00h-0CFFh \
  -ABANK13=0D00h-0DFFh -ABANK14=0E00h-0EFFh -ABANK15=0F00h-0F7Fh \
  -ASFR=0F80h-0FFFh -preset_vec=00h,intcode=08h,intcodelo,powerup,init \
  -pramtop=01000h -psmallconst=SMALLCONST -pmediumconst=MEDIUMCONST \
  -pconst=CONST -AFARRAM=00h-00h -ACONFIG=0300000h-030000Dh -pconfig=CONFIG \
  -AIDLOC=0200000h-0200007h -pidloc=IDLOC -AEEDATA=0F00000h-0F003FFh \
  -peeprom_data=EEDATA \
  -prdata=COMRAM,nvrram=COMRAM,nvbit=COMRAM,rbss=COMRAM,rbit=COMRAM \
  -pfarbss=FARRAM,fardata=FARRAM,nvFARRAM=FARRAM \
  -pintsave_regs=BIGRAM,bigbss=BIGRAM,bigdata=BIGRAM -pbss=RAM \
  -pidata=CODE,irdata=CODE,ibigdata=CODE,ifardata=CODE -prparam=COMRAM \
  C:\Users\Nam\AppData\Local\Temp\s7j0.obj \
  dist/default/production\PIC18_LCD_LIB.X.production.obj 

Object code version is 3.11

Machine type is 18F4620

Call graph: (short form)




                Name                               Link     Load   Length Selector   Space Scale
C:\Users\Nam\AppData\Local\Temp\s7j0.obj
                init                                  E        E        4        4       0
                reset_vec                             0        0        4        0       0
                idloc                            200000   200000        8   200000       0
                config                           300000   300000        E   300000       0
dist/default/production\PIC18_LCD_LIB.X.production.obj
                intcode                               8        8        6        4       0
                temp                                 5B       5B        1        1       1
                mediumconst                        FD8A     FD8A      276     7EC5       0
                text69                             455C     455C       20        4       0
                text68                             3ED6     3ED6       70        4       0
                text67                             3254     3254      108        4       0
                text66                             42C6     42C6       4C        4       0
                text65                             3040     3040      10C        4       0
                intcode_body                       353E     353E       EA        4       0
                text63                             3FB2     3FB2       66        4       0
                text62                             453A     453A       22        4       0
                text61                             435C     435C       46        4       0
                text60                             4312     4312       4A        4       0
                text59                             38AE     38AE       AE        4       0
                text58                             3DEE     3DEE       78        4       0
                text57                             441A     441A       38        4       0
                text56                             1FC0     1FC0      268        4       0
                text55                             2A46     2A46      14C        4       0
                text54                             28E8     28E8      15E        4       0
                text53                             2B92     2B92      144        4       0
                text52                             278A     278A      15E        4       0
                text51                             370C     370C       D4        4       0
                text50                             427A     427A       4C        4       0
                text49                             335C     335C       F8        4       0
                text48                             43A2     43A2       40        4       0
                text47                             44CE     44CE       26        4       0
                text46                             459A     459A       1E        4       0
                text45                             41DE     41DE       50        4       0
                text44                             3454     3454       EA        4       0
                text43                             3AB0     3AB0       98        4       0
                text42                             45CE     45CE       12        4       0
                text41                             44A8     44A8       26        4       0
                text40                             462E     462E        8     2307       0
                text39                             4626     4626        8     2307       0
                text38                             45FA     45FA        A        4       0
                text37                             3BD8     3BD8       8C        4       0
                text36                             3D6C     3D6C       82        4       0
                text35                             4134     4134       5A        4       0
                text34                             45B8     45B8       16        4       0
                text33                             45EE     45EE        C        4       0
                text32                             461E     461E        8     2307       0
                text31                             4616     4616        8     2307       0
                text30                             3B48     3B48       90        4       0
                text29                             44F4     44F4       24        4       0
                text28                             422E     422E       4C        4       0
                text27                             3F46     3F46       6C        4       0
                text26                             40D8     40D8       5C        4       0
                text25                             2E08     2E08      128        4       0
                text24                             2CD6     2CD6      132        4       0
                text23                             3CE8     3CE8       84        4       0
                text22                             3E66     3E66       70        4       0
                text21                             2228     2228      260        4       0
                text20                             457C     457C       1E        4       0
                text19                             460E     460E        8     2307       0
                text18                             4518     4518       22        4       0
                text17                             1BAA     1BAA      416        4       0
                text16                               12       12      DF8        4       0
                text15                             2F30     2F30      110        4       0
                text14                             4482     4482       26        4       0
                text13                             4452     4452       30        4       0
                text12                             418E     418E       50        4       0
                text11                             407C     407C       5C        4       0
                text10                             4018     4018       64        4       0
                text9                              3A08     3A08       A8        4       0
                text8                              3628     3628       E4        4       0
                text7                              395C     395C       AC        4       0
                text6                              2612     2612      178        4       0
                text5                              37E0     37E0       CE        4       0
                text4                              43E2     43E2       38        4       0
                text3                              2488     2488      18A        4       0
                text2                              314C     314C      108        4       0
                text1                              14EC     14EC      6BE        4       0
                text0                               E0A      E0A      6E2        4       0
                cstackCOMRAM                          1        1       39        1       1
                cstackBANK0                          80       80       75       80       1
                cstackBANK1                         100      100       3F      100       1
                dataBANK1                           157      157        2      100       1
                bssBANK1                            13F      13F       18      100       1
                dataBANK0                            F5       F5        9       80       1
                bssBANK0                             FE       FE        2       80       1
                dataCOMRAM                           4D       4D        E        1       1
                bssCOMRAM                            3A       3A       13        1       1
                cinit                              3C64     3C64       84        4       0
                idataBANK1                         4636     4636        2     2307       0
                idataBANK0                         4604     4604        9        4       0
                idataCOMRAM                        45E0     45E0        E        4       0

TOTAL           Name                               Link     Load   Length     Space
        CLASS   STACK          

        CLASS   CODE           
                intcode                               8        8        6         0
                init                                  E        E        4         0
                reset_vec                             0        0        4         0
                text69                             455C     455C       20         0
                text68                             3ED6     3ED6       70         0
                text67                             3254     3254      108         0
                text66                             42C6     42C6       4C         0
                text65                             3040     3040      10C         0
                intcode_body                       353E     353E       EA         0
                text63                             3FB2     3FB2       66         0
                text62                             453A     453A       22         0
                text61                             435C     435C       46         0
                text60                             4312     4312       4A         0
                text59                             38AE     38AE       AE         0
                text58                             3DEE     3DEE       78         0
                text57                             441A     441A       38         0
                text56                             1FC0     1FC0      268         0
                text55                             2A46     2A46      14C         0
                text54                             28E8     28E8      15E         0
                text53                             2B92     2B92      144         0
                text52                             278A     278A      15E         0
                text51                             370C     370C       D4         0
                text50                             427A     427A       4C         0
                text49                             335C     335C       F8         0
                text48                             43A2     43A2       40         0
                text47                             44CE     44CE       26         0
                text46                             459A     459A       1E         0
                text45                             41DE     41DE       50         0
                text44                             3454     3454       EA         0
                text43                             3AB0     3AB0       98         0
                text42                             45CE     45CE       12         0
                text41                             44A8     44A8       26         0
                text40                             462E     462E        8         0
                text39                             4626     4626        8         0
                text38                             45FA     45FA        A         0
                text37                             3BD8     3BD8       8C         0
                text36                             3D6C     3D6C       82         0
                text35                             4134     4134       5A         0
                text34                             45B8     45B8       16         0
                text33                             45EE     45EE        C         0
                text32                             461E     461E        8         0
                text31                             4616     4616        8         0
                text30                             3B48     3B48       90         0
                text29                             44F4     44F4       24         0
                text28                             422E     422E       4C         0
                text27                             3F46     3F46       6C         0
                text26                             40D8     40D8       5C         0
                text25                             2E08     2E08      128         0
                text24                             2CD6     2CD6      132         0
                text23                             3CE8     3CE8       84         0
                text22                             3E66     3E66       70         0
                text21                             2228     2228      260         0
                text20                             457C     457C       1E         0
                text19                             460E     460E        8         0
                text18                             4518     4518       22         0
                text17                             1BAA     1BAA      416         0
                text16                               12       12      DF8         0
                text15                             2F30     2F30      110         0
                text14                             4482     4482       26         0
                text13                             4452     4452       30         0
                text12                             418E     418E       50         0
                text11                             407C     407C       5C         0
                text10                             4018     4018       64         0
                text9                              3A08     3A08       A8         0
                text8                              3628     3628       E4         0
                text7                              395C     395C       AC         0
                text6                              2612     2612      178         0
                text5                              37E0     37E0       CE         0
                text4                              43E2     43E2       38         0
                text3                              2488     2488      18A         0
                text2                              314C     314C      108         0
                text1                              14EC     14EC      6BE         0
                text0                               E0A      E0A      6E2         0
                cinit                              3C64     3C64       84         0
                idataBANK1                         4636     4636        2         0
                idataBANK0                         4604     4604        9         0
                idataCOMRAM                        45E0     45E0        E         0

        CLASS   CONST          

        CLASS   SMALLCONST     

        CLASS   MEDIUMCONST    
                mediumconst                        FD8A     FD8A      276         0

        CLASS   COMRAM         
                temp                                 5B       5B        1         1
                cstackCOMRAM                          1        1       39         1
                dataCOMRAM                           4D       4D        E         1
                bssCOMRAM                            3A       3A       13         1

        CLASS   ABS1           

        CLASS   BIGRAM         

        CLASS   RAM            

        CLASS   BANK0          
                cstackBANK0                          80       80       75         1
                dataBANK0                            F5       F5        9         1
                bssBANK0                             FE       FE        2         1

        CLASS   BANK1          
                cstackBANK1                         100      100       3F         1
                dataBANK1                           157      157        2         1
                bssBANK1                            13F      13F       18         1

        CLASS   BANK2          

        CLASS   BANK3          

        CLASS   BANK4          

        CLASS   BANK5          

        CLASS   BANK6          

        CLASS   BANK7          

        CLASS   BANK8          

        CLASS   BANK9          

        CLASS   BANK10         

        CLASS   BANK11         

        CLASS   BANK12         

        CLASS   BANK13         

        CLASS   BANK14         

        CLASS   BANK15         

        CLASS   SFR            

        CLASS   FARRAM         

        CLASS   CONFIG         
                config                           300000   300000        E         0

        CLASS   IDLOC          
                idloc                            200000   200000        8         0

        CLASS   EEDATA         



SEGMENTS        Name                           Load    Length   Top    Selector   Space  Class

                reset_vec                      000000  000004  000004         0       0  CODE    
                cstackCOMRAM                   000001  00005B  00005C         1       1  COMRAM  
                intcode                        000008  004605  00460D         4       0  CODE    
                cstackBANK0                    000080  000080  000100        80       1  BANK0   
                cstackBANK1                    000100  000059  000159       100       1  BANK1   
                text19                         00460E  00002A  004638      2307       0  CODE    
                mediumconst                    00FD8A  000276  010000      7EC5       0  MEDIUMCO
                idloc                          200000  000008  200008    200000       0  IDLOC   
                config                         300000  00000E  30000E    300000       0  CONFIG  


UNUSED ADDRESS RANGES

        Name                Unused          Largest block    Delta
        BANK1            000159-0001FF               A7
        BANK10           000A00-000AFF              100
        BANK11           000B00-000BFF              100
        BANK12           000C00-000CFF              100
        BANK13           000D00-000DFF              100
        BANK14           000E00-000EFF              100
        BANK15           000F00-000F7F               80
        BANK2            000200-0002FF              100
        BANK3            000300-0003FF              100
        BANK4            000400-0004FF              100
        BANK5            000500-0005FF              100
        BANK6            000600-0006FF              100
        BANK7            000700-0007FF              100
        BANK8            000800-0008FF              100
        BANK9            000900-0009FF              100
        BIGRAM           00005C-00007F               24
                         000159-000F7F              E27
        CODE             000004-000007                4
                         00460D-00460D                1
                         004638-00FD89             B752
        COMRAM           00005C-00007F               24
        CONST            000004-000007                4
                         00460D-00460D                1
                         004638-00FD89             B752
        EEDATA           F00000-F003FF              400
        MEDIUMCONST      00460D-00460D                1
                         004638-00FD89             B752
        RAM              000159-000F7F              100
        SFR              000F80-000FFF               80
        SMALLCONST       00460D-00460D                1
                         004638-00FD89              100
        STACK            000159-000F7F              E27

                                  Symbol Table

?___aldiv                            cstackCOMRAM 00002F
?___almod                            cstackCOMRAM 000025
?___altoft                           cstackCOMRAM 00002D
?___awdiv                            cstackCOMRAM 00002B
?___awmod                            cstackCOMRAM 000025
?___awtoft                           cstackCOMRAM 00002D
?___ftadd                            cstackBANK0  00009E
?___ftdiv                            cstackBANK0  00008F
?___ftmul                            cstackBANK0  000080
?___ftneg                            cstackCOMRAM 000025
?___ftpack                           cstackCOMRAM 000025
?___ftsub                            cstackBANK0  0000AA
?___fttol                            cstackBANK0  0000AA
?___lldiv                            cstackCOMRAM 000025
?___llmod                            cstackCOMRAM 000032
?___lltoft                           cstackCOMRAM 00002D
?___wmul                             cstackCOMRAM 000033
?__div_to_l_                         cstackCOMRAM 000025
?__tdiv_to_l_                        cstackCOMRAM 000025
?_analogRead                         cstackCOMRAM 000025
?_angleToPulse                       cstackBANK0  0000B9
?_digitalRead                        cstackCOMRAM 000025
?_eepromRead                         cstackBANK0  000080
?_fround                             cstackBANK0  00008F
?_getTime                            cstackCOMRAM 000028
?_printf                             cstackBANK0  0000B9
?_readPastRun                        cstackBANK0  000084
?_scale                              cstackBANK0  00008F
?i2___awmod                          cstackCOMRAM 000001
I2C_Master_Init@c                    cstackCOMRAM 000032
I2C_Master_Read@a                    cstackCOMRAM 000026
I2C_Master_Read@temp                 cstackCOMRAM 000027
I2C_Master_Write@d                   cstackCOMRAM 000026
_AA_float                            dataCOMRAM   00004F
_ACKDT                               (abs)        007E2D
_ACKEN                               (abs)        007E2C
_ADCON0                              (abs)        000FC2
_ADCON1                              (abs)        000FC1
_ADCON2                              (abs)        000FC0
_ADRESH                              (abs)        000FC4
_ADRESL                              (abs)        000FC3
_EEADR                               (abs)        000FA9
_EEADRH                              (abs)        000FAA
_EECON1                              (abs)        000FA6
_EECON2                              (abs)        000FA7
_EEDATA                              (abs)        000FA8
_EEIF                                (abs)        007D0C
_I2C_Master_Init                     text35       004134
_I2C_Master_Read                     text41       0044A8
_I2C_Master_Start                    text40       00462E
_I2C_Master_Stop                     text39       004626
_I2C_Master_Wait                     text42       0045CE
_I2C_Master_Write                    text38       0045FA
_INT0IE                              (abs)        007F94
_INT0IF                              (abs)        007F91
_INT1IE                              (abs)        007F83
_INT1IF                              (abs)        007F80
_INTCONbits                          (abs)        000FF2
_LATA                                (abs)        000F89
_LATB                                (abs)        000F8A
_LATC                                (abs)        000F8B
_LATD                                (abs)        000F8C
_LATDbits                            (abs)        000F8C
_LATE                                (abs)        000F8D
_PEIE                                (abs)        007F96
_PEN                                 (abs)        007E2A
_PORTA                               (abs)        000F80
_PORTB                               (abs)        000F81
_PORTBbits                           (abs)        000F81
_PORTC                               (abs)        000F82
_PORTD                               (abs)        000F83
_RCEN                                (abs)        007E2B
_RSEN                                (abs)        007E29
_SEN                                 (abs)        007E28
_SSPADD                              (abs)        000FC8
_SSPBUF                              (abs)        000FC9
_SSPCON1                             (abs)        000FC6
_SSPCON2                             (abs)        000FC5
_SSPSTAT                             (abs)        000FC7
_T0CON                               (abs)        000FD5
_T1CON                               (abs)        000FCD
_T3CON                               (abs)        000FB1
_TMR0H                               (abs)        000FD7
_TMR0IE                              (abs)        007F95
_TMR0IF                              (abs)        007F92
_TMR0L                               (abs)        000FD6
_TMR1H                               (abs)        000FCF
_TMR1IE                              (abs)        007CE8
_TMR1IF                              (abs)        007CF0
_TMR1L                               (abs)        000FCE
_TMR3H                               (abs)        000FB3
_TMR3IE                              (abs)        007D01
_TMR3L                               (abs)        000FB2
_TRISA                               (abs)        000F92
_TRISB                               (abs)        000F93
_TRISC                               (abs)        000F94
_TRISC3                              (abs)        007CA3
_TRISC4                              (abs)        007CA4
_TRISD                               (abs)        000F95
_TRISE                               (abs)        000F96
_V_LIM_9V                            dataBANK0    0000F5
_V_LIM_AA                            dataBANK0    0000F8
_V_LIM_C                             dataBANK0    0000FB
_Vcc                                 mediumconst  00FE39
__CFG_BOREN$SBORDIS                  (abs)        000000
__CFG_BORV$3                         (abs)        000000
__CFG_CCP2MX$PORTC                   (abs)        000000
__CFG_CP0$OFF                        (abs)        000000
__CFG_CP1$OFF                        (abs)        000000
__CFG_CP2$OFF                        (abs)        000000
__CFG_CP3$OFF                        (abs)        000000
__CFG_CPB$OFF                        (abs)        000000
__CFG_CPD$OFF                        (abs)        000000
__CFG_EBTR0$OFF                      (abs)        000000
__CFG_EBTR1$OFF                      (abs)        000000
__CFG_EBTR2$OFF                      (abs)        000000
__CFG_EBTR3$OFF                      (abs)        000000
__CFG_EBTRB$OFF                      (abs)        000000
__CFG_FCMEN$OFF                      (abs)        000000
__CFG_IESO$OFF                       (abs)        000000
__CFG_LPT1OSC$OFF                    (abs)        000000
__CFG_LVP$OFF                        (abs)        000000
__CFG_MCLRE$ON                       (abs)        000000
__CFG_OSC$HS                         (abs)        000000
__CFG_PBADEN$ON                      (abs)        000000
__CFG_PWRT$OFF                       (abs)        000000
__CFG_STVREN$ON                      (abs)        000000
__CFG_WDT$OFF                        (abs)        000000
__CFG_WDTPS$32768                    (abs)        000000
__CFG_WRT0$OFF                       (abs)        000000
__CFG_WRT1$OFF                       (abs)        000000
__CFG_WRT2$OFF                       (abs)        000000
__CFG_WRT3$OFF                       (abs)        000000
__CFG_WRTB$OFF                       (abs)        000000
__CFG_WRTC$OFF                       (abs)        000000
__CFG_WRTD$OFF                       (abs)        000000
__CFG_XINST$OFF                      (abs)        000000
__HRAM                               (abs)        000000
__Habs1                              abs1         000000
__Hbank0                             bank0        000000
__Hbank1                             bank1        000000
__Hbank10                            bank10       000000
__Hbank11                            bank11       000000
__Hbank12                            bank12       000000
__Hbank13                            bank13       000000
__Hbank14                            bank14       000000
__Hbank15                            bank15       000000
__Hbank2                             bank2        000000
__Hbank3                             bank3        000000
__Hbank4                             bank4        000000
__Hbank5                             bank5        000000
__Hbank6                             bank6        000000
__Hbank7                             bank7        000000
__Hbank8                             bank8        000000
__Hbank9                             bank9        000000
__Hbigbss                            bigbss       000000
__Hbigdata                           bigdata      000000
__Hbigram                            bigram       000000
__Hbss                               bss          000000
__HbssBANK0                          bssBANK0     000000
__HbssBANK1                          bssBANK1     000000
__HbssCOMRAM                         bssCOMRAM    000000
__Hcinit                             cinit        000000
__Hclrtext                           clrtext      000000
__Hcomram                            comram       000000
__Hconfig                            config       30000E
__Hconst                             const        000000
__HcstackBANK0                       cstackBANK0  000000
__HcstackBANK1                       cstackBANK1  000000
__HcstackCOMRAM                      cstackCOMRAM 000000
__Hdata                              data         000000
__HdataBANK0                         dataBANK0    000000
__HdataBANK1                         dataBANK1    000000
__HdataCOMRAM                        dataCOMRAM   000000
__Heeprom_data                       eeprom_data  000000
__Hfarbss                            farbss       000000
__Hfardata                           fardata      000000
__Hibigdata                          ibigdata     000000
__Hidata                             idata        000000
__HidataBANK0                        idataBANK0   000000
__HidataBANK1                        idataBANK1   000000
__HidataCOMRAM                       idataCOMRAM  000000
__Hidloc                             idloc        200008
__Hifardata                          ifardata     000000
__Hinit                              init         000012
__Hintcode                           intcode      00000E
__Hintcode_body                      intcode_body 000000
__Hintcodelo                         intcodelo    00000E
__Hintentry                          intentry     000000
__Hintret                            intret       000000
__Hintsave_regs                      intsave_regs 000000
__Hirdata                            irdata       000000
__Hmediumconst                       mediumconst  010000
__HnvFARRAM                          nvFARRAM     000000
__Hnvbit                             nvbit        000000
__Hnvrram                            nvrram       000000
__Hparam                             rparam       000000
__Hpowerup                           powerup      00000E
__Hram                               ram          000000
__Hramtop                            ramtop       001000
__Hrbit                              rbit         000000
__Hrbss                              rbss         000000
__Hrdata                             rdata        000000
__Hreset_vec                         reset_vec    000004
__Hrparam                            rparam       000000
__Hsfr                               sfr          000000
__Hsmallconst                        smallconst   000000
__Hspace_0                           (abs)        30000E
__Hspace_1                           (abs)        000159
__Hspace_2                           (abs)        000000
__Hstack                             stack        000000
__Hstruct                            struct       000000
__Htemp                              temp         00005C
__Htext                              text         000000
__Htext0                             text0        000000
__Htext1                             text1        000000
__Htext10                            text10       000000
__Htext11                            text11       000000
__Htext12                            text12       000000
__Htext13                            text13       000000
__Htext14                            text14       000000
__Htext15                            text15       000000
__Htext16                            text16       000000
__Htext17                            text17       000000
__Htext18                            text18       000000
__Htext19                            text19       000000
__Htext2                             text2        000000
__Htext20                            text20       000000
__Htext21                            text21       000000
__Htext22                            text22       000000
__Htext23                            text23       000000
__Htext24                            text24       000000
__Htext25                            text25       000000
__Htext26                            text26       000000
__Htext27                            text27       000000
__Htext28                            text28       000000
__Htext29                            text29       000000
__Htext3                             text3        000000
__Htext30                            text30       000000
__Htext31                            text31       000000
__Htext32                            text32       000000
__Htext33                            text33       000000
__Htext34                            text34       000000
__Htext35                            text35       000000
__Htext36                            text36       000000
__Htext37                            text37       000000
__Htext38                            text38       000000
__Htext39                            text39       000000
__Htext4                             text4        000000
__Htext40                            text40       000000
__Htext41                            text41       000000
__Htext42                            text42       000000
__Htext43                            text43       000000
__Htext44                            text44       000000
__Htext45                            text45       000000
__Htext46                            text46       000000
__Htext47                            text47       000000
__Htext48                            text48       000000
__Htext49                            text49       000000
__Htext5                             text5        000000
__Htext50                            text50       000000
__Htext51                            text51       000000
__Htext52                            text52       000000
__Htext53                            text53       000000
__Htext54                            text54       000000
__Htext55                            text55       000000
__Htext56                            text56       000000
__Htext57                            text57       000000
__Htext58                            text58       000000
__Htext59                            text59       000000
__Htext6                             text6        000000
__Htext60                            text60       000000
__Htext61                            text61       000000
__Htext62                            text62       000000
__Htext63                            text63       000000
__Htext65                            text65       000000
__Htext66                            text66       000000
__Htext67                            text67       000000
__Htext68                            text68       000000
__Htext69                            text69       000000
__Htext7                             text7        000000
__Htext8                             text8        000000
__Htext9                             text9        000000
__LRAM                               (abs)        000001
__Labs1                              abs1         000000
__Lbank0                             bank0        000000
__Lbank1                             bank1        000000
__Lbank10                            bank10       000000
__Lbank11                            bank11       000000
__Lbank12                            bank12       000000
__Lbank13                            bank13       000000
__Lbank14                            bank14       000000
__Lbank15                            bank15       000000
__Lbank2                             bank2        000000
__Lbank3                             bank3        000000
__Lbank4                             bank4        000000
__Lbank5                             bank5        000000
__Lbank6                             bank6        000000
__Lbank7                             bank7        000000
__Lbank8                             bank8        000000
__Lbank9                             bank9        000000
__Lbigbss                            bigbss       000000
__Lbigdata                           bigdata      000000
__Lbigram                            bigram       000000
__Lbss                               bss          000000
__LbssBANK0                          bssBANK0     000000
__LbssBANK1                          bssBANK1     000000
__LbssCOMRAM                         bssCOMRAM    000000
__Lcinit                             cinit        000000
__Lclrtext                           clrtext      000000
__Lcomram                            comram       000000
__Lconfig                            config       300000
__Lconst                             const        000000
__LcstackBANK0                       cstackBANK0  000000
__LcstackBANK1                       cstackBANK1  000000
__LcstackCOMRAM                      cstackCOMRAM 000000
__Ldata                              data         000000
__LdataBANK0                         dataBANK0    000000
__LdataBANK1                         dataBANK1    000000
__LdataCOMRAM                        dataCOMRAM   000000
__Leeprom_data                       eeprom_data  000000
__Lfarbss                            farbss       000000
__Lfardata                           fardata      000000
__Libigdata                          ibigdata     000000
__Lidata                             idata        000000
__LidataBANK0                        idataBANK0   000000
__LidataBANK1                        idataBANK1   000000
__LidataCOMRAM                       idataCOMRAM  000000
__Lidloc                             idloc        200000
__Lifardata                          ifardata     000000
__Linit                              init         00000E
__Lintcode                           intcode      000008
__Lintcode_body                      intcode_body 000000
__Lintcodelo                         intcodelo    00000E
__Lintentry                          intentry     000000
__Lintret                            intret       000000
__Lintsave_regs                      intsave_regs 000000
__Lirdata                            irdata       000000
__Lmediumconst                       mediumconst  00FD8A
__LnvFARRAM                          nvFARRAM     000000
__Lnvbit                             nvbit        000000
__Lnvrram                            nvrram       000000
__Lparam                             rparam       000000
__Lpowerup                           powerup      00000E
__Lram                               ram          000000
__Lramtop                            ramtop       001000
__Lrbit                              rbit         000000
__Lrbss                              rbss         000000
__Lrdata                             rdata        000000
__Lreset_vec                         reset_vec    000000
__Lrparam                            rparam       000000
__Lsfr                               sfr          000000
__Lsmallconst                        smallconst   000000
__Lspace_0                           (abs)        000000
__Lspace_1                           (abs)        000000
__Lspace_2                           (abs)        000000
__Lstack                             stack        000000
__Lstruct                            struct       000000
__Ltemp                              temp         00005B
__Ltext                              text         000000
__Ltext0                             text0        000000
__Ltext1                             text1        000000
__Ltext10                            text10       000000
__Ltext11                            text11       000000
__Ltext12                            text12       000000
__Ltext13                            text13       000000
__Ltext14                            text14       000000
__Ltext15                            text15       000000
__Ltext16                            text16       000000
__Ltext17                            text17       000000
__Ltext18                            text18       000000
__Ltext19                            text19       000000
__Ltext2                             text2        000000
__Ltext20                            text20       000000
__Ltext21                            text21       000000
__Ltext22                            text22       000000
__Ltext23                            text23       000000
__Ltext24                            text24       000000
__Ltext25                            text25       000000
__Ltext26                            text26       000000
__Ltext27                            text27       000000
__Ltext28                            text28       000000
__Ltext29                            text29       000000
__Ltext3                             text3        000000
__Ltext30                            text30       000000
__Ltext31                            text31       000000
__Ltext32                            text32       000000
__Ltext33                            text33       000000
__Ltext34                            text34       000000
__Ltext35                            text35       000000
__Ltext36                            text36       000000
__Ltext37                            text37       000000
__Ltext38                            text38       000000
__Ltext39                            text39       000000
__Ltext4                             text4        000000
__Ltext40                            text40       000000
__Ltext41                            text41       000000
__Ltext42                            text42       000000
__Ltext43                            text43       000000
__Ltext44                            text44       000000
__Ltext45                            text45       000000
__Ltext46                            text46       000000
__Ltext47                            text47       000000
__Ltext48                            text48       000000
__Ltext49                            text49       000000
__Ltext5                             text5        000000
__Ltext50                            text50       000000
__Ltext51                            text51       000000
__Ltext52                            text52       000000
__Ltext53                            text53       000000
__Ltext54                            text54       000000
__Ltext55                            text55       000000
__Ltext56                            text56       000000
__Ltext57                            text57       000000
__Ltext58                            text58       000000
__Ltext59                            text59       000000
__Ltext6                             text6        000000
__Ltext60                            text60       000000
__Ltext61                            text61       000000
__Ltext62                            text62       000000
__Ltext63                            text63       000000
__Ltext65                            text65       000000
__Ltext66                            text66       000000
__Ltext67                            text67       000000
__Ltext68                            text68       000000
__Ltext69                            text69       000000
__Ltext7                             text7        000000
__Ltext8                             text8        000000
__Ltext9                             text9        000000
__S0                                 (abs)        30000E
__S1                                 (abs)        000159
__S2                                 (abs)        000000
___aldiv                             text8        003628
___aldiv@counter                     cstackBANK0  000080
___aldiv@dividend                    cstackCOMRAM 00002F
___aldiv@divisor                     cstackCOMRAM 000033
___aldiv@quotient                    cstackBANK0  000082
___aldiv@sign                        cstackBANK0  000081
___almod                             text7        00395C
___almod@counter                     cstackCOMRAM 00002D
___almod@dividend                    cstackCOMRAM 000025
___almod@divisor                     cstackCOMRAM 000029
___almod@sign                        cstackCOMRAM 00002E
___altoft                            text58       003DEE
___altoft@c                          cstackCOMRAM 00002D
___altoft@exp                        cstackCOMRAM 000035
___altoft@sign                       cstackCOMRAM 000036
___awdiv                             text23       003CE8
___awdiv@counter                     cstackCOMRAM 00002F
___awdiv@dividend                    cstackCOMRAM 00002B
___awdiv@divisor                     cstackCOMRAM 00002D
___awdiv@quotient                    cstackCOMRAM 000031
___awdiv@sign                        cstackCOMRAM 000030
___awmod                             text22       003E66
___awmod@counter                     cstackCOMRAM 000029
___awmod@dividend                    cstackCOMRAM 000025
___awmod@divisor                     cstackCOMRAM 000027
___awmod@sign                        cstackCOMRAM 00002A
___awtoft                            text57       00441A
___awtoft@c                          cstackCOMRAM 00002D
___awtoft@sign                       cstackCOMRAM 000030
___ftadd                             text56       001FC0
___ftadd@exp1                        cstackBANK0  0000A9
___ftadd@exp2                        cstackBANK0  0000A8
___ftadd@f1                          cstackBANK0  00009E
___ftadd@f2                          cstackBANK0  0000A1
___ftadd@sign                        cstackBANK0  0000A7
___ftdiv                             text55       002A46
___ftdiv@cntr                        cstackBANK0  000098
___ftdiv@exp                         cstackBANK0  00009C
___ftdiv@f1                          cstackBANK0  00008F
___ftdiv@f2                          cstackBANK0  000092
___ftdiv@f3                          cstackBANK0  000099
___ftdiv@sign                        cstackBANK0  00009D
___ftge                              text30       003B48
___ftge@ff1                          cstackCOMRAM 000031
___ftge@ff2                          cstackCOMRAM 000034
___ftmul                             text54       0028E8
___ftmul@cntr                        cstackBANK0  00008D
___ftmul@exp                         cstackBANK0  000089
___ftmul@f1                          cstackBANK0  000080
___ftmul@f2                          cstackBANK0  000083
___ftmul@f3_as_product               cstackBANK0  00008A
___ftmul@sign                        cstackBANK0  00008E
___ftneg                             text29       0044F4
___ftneg@f1                          cstackCOMRAM 000025
___ftpack                            text59       0038AE
___ftpack@arg                        cstackCOMRAM 000025
___ftpack@exp                        cstackCOMRAM 000028
___ftpack@sign                       cstackCOMRAM 000029
___ftsub                             text28       00422E
___ftsub@f1                          cstackBANK0  0000AA
___ftsub@f2                          cstackBANK0  0000AD
___fttol                             text53       002B92
___fttol@exp1                        cstackBANK0  0000B8
___fttol@f1                          cstackBANK0  0000AA
___fttol@lval                        cstackBANK0  0000B4
___fttol@sign1                       cstackBANK0  0000B3
___inthi_sp                          stack        000000
___intlo_sp                          stack        000000
___lldiv                             text36       003D6C
___lldiv@counter                     cstackCOMRAM 000031
___lldiv@dividend                    cstackCOMRAM 000025
___lldiv@divisor                     cstackCOMRAM 000029
___lldiv@quotient                    cstackCOMRAM 00002D
___llmod                             text27       003F46
___llmod@counter                     cstackBANK0  000080
___llmod@dividend                    cstackCOMRAM 000032
___llmod@divisor                     cstackCOMRAM 000036
___lltoft                            text26       0040D8
___lltoft@c                          cstackCOMRAM 00002D
___lltoft@exp                        cstackCOMRAM 000035
___param_bank                        (abs)        000000
___rparam_used                       (abs)        000001
___sp                                stack        000000
___wmul                              text47       0044CE
___wmul@multiplicand                 cstackCOMRAM 000035
___wmul@multiplier                   cstackCOMRAM 000033
___wmul@product                      cstackCOMRAM 000037
__accesstop                          (abs)        000080
__activetblptr                       (abs)        000002
__div_to_l_                          text25       002E08
__div_to_l_@cntr                     cstackCOMRAM 00002F
__div_to_l_@exp1                     cstackCOMRAM 000030
__div_to_l_@f1                       cstackCOMRAM 000025
__div_to_l_@f2                       cstackCOMRAM 000028
__div_to_l_@quot                     cstackCOMRAM 00002B
__end_of_I2C_Master_Init             text35       00418E
__end_of_I2C_Master_Read             text41       0044CE
__end_of_I2C_Master_Start            text40       004636
__end_of_I2C_Master_Stop             text39       00462E
__end_of_I2C_Master_Wait             text42       0045E0
__end_of_I2C_Master_Write            text38       004604
__end_of_Vcc                         mediumconst  00FE3C
__end_of___aldiv                     text8        00370C
__end_of___almod                     text7        003A08
__end_of___altoft                    text58       003E66
__end_of___awdiv                     text23       003D6C
__end_of___awmod                     text22       003ED6
__end_of___awtoft                    text57       004452
__end_of___ftadd                     text56       002228
__end_of___ftdiv                     text55       002B92
__end_of___ftge                      text30       003BD8
__end_of___ftmul                     text54       002A46
__end_of___ftneg                     text29       004518
__end_of___ftpack                    text59       00395C
__end_of___ftsub                     text28       00427A
__end_of___fttol                     text53       002CD6
__end_of___lldiv                     text36       003DEE
__end_of___llmod                     text27       003FB2
__end_of___lltoft                    text26       004134
__end_of___wmul                      text47       0044F4
__end_of__div_to_l_                  text25       002F30
__end_of__initialization             cinit        003CDA
__end_of__npowers_                   mediumconst  00FDDA
__end_of__powers_                    mediumconst  00FE01
__end_of__tdiv_to_l_                 text24       002E08
__end_of_analogRead                  text4        00441A
__end_of_angleToPulse                text52       0028E8
__end_of_conveyorServo               mediumconst  00FE55
__end_of_cylinderBackward            mediumconst  00FE41
__end_of_cylinderForward             mediumconst  00FE43
__end_of_cylinderMotor1              mediumconst  00FE59
__end_of_cylinderMotor2              mediumconst  00FE5D
__end_of_digitalRead                 text3        002612
__end_of_digitalWrite                text2        003254
__end_of_dpowers                     mediumconst  00FDB3
__end_of_eepromRead                  text46       0045B8
__end_of_eepromWrite                 text45       00422E
__end_of_fround                      text21       002488
__end_of_getTime                     text37       003C64
__end_of_happynewyear                mediumconst  00FE39
__end_of_hexpowers                   mediumconst  00FE21
__end_of_initLCD                     text61       0043A2
__end_of_initRTC                     text34       0045CE
__end_of_initServo                   text49       003454
__end_of_initTimer                   text60       00435C
__end_of_isdigit                     text20       00459A
__end_of_keyPressed                  text33       0045FA
__end_of_keyPressedInterruptService  text69       00457C
__end_of_keys                        mediumconst  00FE32
__end_of_lcdClear                    text32       004626
__end_of_lcdHome                     text31       00461E
__end_of_lcdInst                     text62       00455C
__end_of_lcdNewline                  text19       004616
__end_of_lcdNibble                   text63       004018
__end_of_main                        text0        0014EC
__end_of_padAngle_CLOSE              mediumconst  00FE45
__end_of_padAngle_NEUTRAL            mediumconst  00FE47
__end_of_padAngle_OPEN               mediumconst  00FE49
__end_of_padServo                    mediumconst  00FE61
__end_of_pinSetup                    text48       0043E2
__end_of_printf                      text16       000E0A
__end_of_putch                       text18       00453A
__end_of_readKeypad                  text14       0044A8
__end_of_readPastRun                 text43       003B48
__end_of_redirectAngle_9V            mediumconst  00FE4B
__end_of_redirectAngle_AA            mediumconst  00FE4D
__end_of_redirectAngle_C             mediumconst  00FE4F
__end_of_redirectAngle_OTHER         mediumconst  00FE51
__end_of_redirectingServo            mediumconst  00FE65
__end_of_resolution                  mediumconst  00FE3F
__end_of_saveNewRun                  text44       00353E
__end_of_scale                       text17       001FC0
__end_of_service                     intcode_body 003628
__end_of_servoInterruptService       text65       00314C
__end_of_setAngle                    text51       0037E0
__end_of_showDateTime                text15       003040
__end_of_showErrorMessage            text13       004482
__end_of_showInterface               text5        0038AE
__end_of_showMainMenu                text12       0041DE
__end_of_showRunMenu                 text11       0040D8
__end_of_showRunSelect               text10       00407C
__end_of_showRunStats                text9        003AB0
__end_of_showRunTime                 text6        00278A
__end_of_sortBattery                 text1        001BAA
__end_of_startTimer                  text50       0042C6
__end_ofi2___awmod                   text68       003F46
__end_ofi2_digitalWrite              text67       00335C
__end_ofi2_startTimer                text66       004312
__initialization                     cinit        003C64
__mediumconst                        mediumconst  00FD8A
__npowers_                           mediumconst  00FDB3
__pbssBANK0                          bssBANK0     0000FE
__pbssBANK1                          bssBANK1     00013F
__pbssCOMRAM                         bssCOMRAM    00003A
__pcinit                             cinit        003C64
__pcstackBANK0                       cstackBANK0  000080
__pcstackBANK1                       cstackBANK1  000100
__pcstackCOMRAM                      cstackCOMRAM 000001
__pdataBANK0                         dataBANK0    0000F5
__pdataBANK1                         dataBANK1    000157
__pdataCOMRAM                        dataCOMRAM   00004D
__pidataBANK0                        idataBANK0   004604
__pidataBANK1                        idataBANK1   004636
__pidataCOMRAM                       idataCOMRAM  0045E0
__pintcode                           intcode      000008
__pintcode_body                      intcode_body 00353E
__pmediumconst                       mediumconst  00FD8A
__powers_                            mediumconst  00FDDA
__ptext0                             text0        000E0A
__ptext1                             text1        0014EC
__ptext10                            text10       004018
__ptext11                            text11       00407C
__ptext12                            text12       00418E
__ptext13                            text13       004452
__ptext14                            text14       004482
__ptext15                            text15       002F30
__ptext16                            text16       000012
__ptext17                            text17       001BAA
__ptext18                            text18       004518
__ptext19                            text19       00460E
__ptext2                             text2        00314C
__ptext20                            text20       00457C
__ptext21                            text21       002228
__ptext22                            text22       003E66
__ptext23                            text23       003CE8
__ptext24                            text24       002CD6
__ptext25                            text25       002E08
__ptext26                            text26       0040D8
__ptext27                            text27       003F46
__ptext28                            text28       00422E
__ptext29                            text29       0044F4
__ptext3                             text3        002488
__ptext30                            text30       003B48
__ptext31                            text31       004616
__ptext32                            text32       00461E
__ptext33                            text33       0045EE
__ptext34                            text34       0045B8
__ptext35                            text35       004134
__ptext36                            text36       003D6C
__ptext37                            text37       003BD8
__ptext38                            text38       0045FA
__ptext39                            text39       004626
__ptext4                             text4        0043E2
__ptext40                            text40       00462E
__ptext41                            text41       0044A8
__ptext42                            text42       0045CE
__ptext43                            text43       003AB0
__ptext44                            text44       003454
__ptext45                            text45       0041DE
__ptext46                            text46       00459A
__ptext47                            text47       0044CE
__ptext48                            text48       0043A2
__ptext49                            text49       00335C
__ptext5                             text5        0037E0
__ptext50                            text50       00427A
__ptext51                            text51       00370C
__ptext52                            text52       00278A
__ptext53                            text53       002B92
__ptext54                            text54       0028E8
__ptext55                            text55       002A46
__ptext56                            text56       001FC0
__ptext57                            text57       00441A
__ptext58                            text58       003DEE
__ptext59                            text59       0038AE
__ptext6                             text6        002612
__ptext60                            text60       004312
__ptext61                            text61       00435C
__ptext62                            text62       00453A
__ptext63                            text63       003FB2
__ptext65                            text65       003040
__ptext66                            text66       0042C6
__ptext67                            text67       003254
__ptext68                            text68       003ED6
__ptext69                            text69       00455C
__ptext7                             text7        00395C
__ptext8                             text8        003628
__ptext9                             text9        003A08
__ramtop                             ramtop       001000
__size_of_I2C_Master_Init            (abs)        000000
__size_of_I2C_Master_Read            (abs)        000000
__size_of_I2C_Master_Start           (abs)        000000
__size_of_I2C_Master_Stop            (abs)        000000
__size_of_I2C_Master_Wait            (abs)        000000
__size_of_I2C_Master_Write           (abs)        000000
__size_of___aldiv                    (abs)        000000
__size_of___almod                    (abs)        000000
__size_of___altoft                   (abs)        000000
__size_of___awdiv                    (abs)        000000
__size_of___awmod                    (abs)        000000
__size_of___awtoft                   (abs)        000000
__size_of___ftadd                    (abs)        000000
__size_of___ftdiv                    (abs)        000000
__size_of___ftge                     (abs)        000000
__size_of___ftmul                    (abs)        000000
__size_of___ftneg                    (abs)        000000
__size_of___ftpack                   (abs)        000000
__size_of___ftsub                    (abs)        000000
__size_of___fttol                    (abs)        000000
__size_of___lldiv                    (abs)        000000
__size_of___llmod                    (abs)        000000
__size_of___lltoft                   (abs)        000000
__size_of___wmul                     (abs)        000000
__size_of__div_to_l_                 (abs)        000000
__size_of__tdiv_to_l_                (abs)        000000
__size_of_analogRead                 (abs)        000000
__size_of_angleToPulse               (abs)        000000
__size_of_digitalRead                (abs)        000000
__size_of_digitalWrite               (abs)        000000
__size_of_eepromRead                 (abs)        000000
__size_of_eepromWrite                (abs)        000000
__size_of_fround                     (abs)        000000
__size_of_getTime                    (abs)        000000
__size_of_initLCD                    (abs)        000000
__size_of_initRTC                    (abs)        000000
__size_of_initServo                  (abs)        000000
__size_of_initTimer                  (abs)        000000
__size_of_isdigit                    (abs)        000000
__size_of_keyPressed                 (abs)        000000
__size_of_keyPressedInterruptService (abs)        000000
__size_of_lcdClear                   (abs)        000000
__size_of_lcdHome                    (abs)        000000
__size_of_lcdInst                    (abs)        000000
__size_of_lcdNewline                 (abs)        000000
__size_of_lcdNibble                  (abs)        000000
__size_of_main                       (abs)        000000
__size_of_pinSetup                   (abs)        000000
__size_of_printf                     (abs)        000000
__size_of_putch                      (abs)        000000
__size_of_readKeypad                 (abs)        000000
__size_of_readPastRun                (abs)        000000
__size_of_saveNewRun                 (abs)        000000
__size_of_scale                      (abs)        000000
__size_of_service                    (abs)        000000
__size_of_servoInterruptService      (abs)        000000
__size_of_setAngle                   (abs)        000000
__size_of_showDateTime               (abs)        000000
__size_of_showErrorMessage           (abs)        000000
__size_of_showInterface              (abs)        000000
__size_of_showMainMenu               (abs)        000000
__size_of_showRunMenu                (abs)        000000
__size_of_showRunSelect              (abs)        000000
__size_of_showRunStats               (abs)        000000
__size_of_showRunTime                (abs)        000000
__size_of_sortBattery                (abs)        000000
__size_of_startTimer                 (abs)        000000
__size_ofi2___awmod                  (abs)        000000
__size_ofi2_digitalWrite             (abs)        000000
__size_ofi2_startTimer               (abs)        000000
__smallconst                         smallconst   000000
__tdiv_to_l_                         text24       002CD6
__tdiv_to_l_@cntr                    cstackCOMRAM 000032
__tdiv_to_l_@exp1                    cstackCOMRAM 000033
__tdiv_to_l_@f1                      cstackCOMRAM 000025
__tdiv_to_l_@f2                      cstackCOMRAM 000028
__tdiv_to_l_@quot                    cstackCOMRAM 00002E
_analogRead                          text4        0043E2
_angle                               dataCOMRAM   00004D
_angleToPulse                        text52       00278A
_angleToPulse$1419                   cstackBANK0  0000C9
_batteryDetected                     bssBANK1     00014B
_conveyorServo                       mediumconst  00FE51
_count                               bssCOMRAM    000046
_curr                                bssCOMRAM    000048
_cylinderBackward                    mediumconst  00FE3F
_cylinderForward                     mediumconst  00FE41
_cylinderMotor1                      mediumconst  00FE55
_cylinderMotor2                      mediumconst  00FE59
_digitalRead                         text3        002488
_digitalWrite                        text2        00314C
_dpowers                             mediumconst  00FD8B
_eepromRead                          text46       00459A
_eepromWrite                         text45       0041DE
_fround                              text21       002228
_fround$1421                         cstackBANK0  000095
_fround$1422                         cstackBANK0  000092
_getTime                             text37       003BD8
_happynewyear                        mediumconst  00FE32
_hexpowers                           mediumconst  00FE01
_initLCD                             text61       00435C
_initRTC                             text34       0045B8
_initServo                           text49       00335C
_initTimer                           text60       004312
_isdigit                             text20       00457C
_isdigit$1053                        cstackCOMRAM 000026
_keyPressed                          text33       0045EE
_keyPressedInterruptService          text69       00455C
_keys                                mediumconst  00FE21
_lastKey                             bssCOMRAM    00004C
_lcdClear                            text32       00461E
_lcdHome                             text31       004616
_lcdInst                             text62       00453A
_lcdNewline                          text19       00460E
_lcdNibble                           text63       003FB2
_main                                text0        000E0A
_main$1417                           cstackBANK1  000127
_n                                   bssBANK0     0000FE
_n_9V                                bssBANK1     00014D
_n_AA                                bssBANK1     00014F
_n_C                                 bssBANK1     000151
_n_OTHER                             bssBANK1     000153
_padAngle_CLOSE                      mediumconst  00FE43
_padAngle_NEUTRAL                    mediumconst  00FE45
_padAngle_OPEN                       mediumconst  00FE47
_padPin1                             dataCOMRAM   000053
_padPin2                             dataCOMRAM   000057
_padPin3                             bssCOMRAM    000042
_padServo                            mediumconst  00FE5D
_pinSetup                            text48       0043A2
_prevTime                            bssCOMRAM    00004A
_printf                              text16       000012
_printf$1424                         cstackBANK0  0000CD
_pulse                               bssBANK1     00013F
_putch                               text18       004518
_readKeypad                          text14       004482
_readPastRun                         text43       003AB0
_redirectAngle_9V                    mediumconst  00FE49
_redirectAngle_AA                    mediumconst  00FE4B
_redirectAngle_C                     mediumconst  00FE4D
_redirectAngle_OTHER                 mediumconst  00FE4F
_redirectingServo                    mediumconst  00FE61
_resolution                          mediumconst  00FE3C
_saveNewRun                          text44       003454
_scale                               text17       001BAA
_scale$1423                          cstackBANK0  000092
_service                             intcode      000008
_servoInterruptService               text65       003040
_servos                              bssCOMRAM    00003A
_setAngle                            text51       00370C
_showDateTime                        text15       002F30
_showErrorMessage                    text13       004452
_showInterface                       text5        0037E0
_showMainMenu                        text12       00418E
_showRunMenu                         text11       00407C
_showRunSelect                       text10       004018
_showRunStats                        text9        003A08
_showRunTime                         text6        002612
_showRunTime$1420                    cstackBANK1  000100
_sortBattery                         text1        0014EC
_sortBattery$1418                    cstackBANK1  000100
_startTimer                          text50       00427A
_stoppingTime                        dataBANK1    000157
_terminate                           bssBANK1     000155
_time                                bssBANK1     000147
analogRead@channel                   cstackCOMRAM 000025
angleToPulse@a000                    cstackBANK0  0000CC
angleToPulse@a180                    cstackBANK0  0000C5
angleToPulse@angle                   cstackBANK0  0000B9
angleToPulse@offset                  cstackBANK0  0000C1
btemp                                temp         00005B
digitalRead@pin                      cstackCOMRAM 000025
digitalWrite@p                       cstackCOMRAM 00002E
digitalWrite@pin                     cstackCOMRAM 000025
digitalWrite@val                     cstackCOMRAM 000027
eepromRead@address                   cstackBANK0  000080
eepromWrite@address                  cstackBANK0  000086
eepromWrite@data                     cstackBANK0  000084
eepromWrite@ien                      cstackBANK0  00008A
end_of_initialization                cinit        003CDA
fround@prec                          cstackBANK0  000098
getTime@i                            cstackBANK0  00008E
getTime@time                         cstackBANK0  000080
i2___awmod                           text68       003ED6
i2___awmod@counter                   cstackCOMRAM 000005
i2___awmod@dividend                  cstackCOMRAM 000001
i2___awmod@divisor                   cstackCOMRAM 000003
i2___awmod@sign                      cstackCOMRAM 000006
i2_digitalWrite                      text67       003254
i2_startTimer                        text66       0042C6
i2digitalWrite@p                     cstackCOMRAM 000010
i2digitalWrite@pin                   cstackCOMRAM 000007
i2digitalWrite@val                   cstackCOMRAM 000009
i2startTimer@timer                   cstackCOMRAM 000007
i2startTimer@val                     cstackCOMRAM 000009
initServo@angle                      cstackBANK0  0000DC
initServo@i                          cstackBANK0  0000E2
initServo@motor                      cstackBANK0  0000DA
initTimer@timer                      cstackCOMRAM 000025
int$flags                            temp         00005B
int_func                             intcode_body 00353E
intlevel0                            text         000000
intlevel1                            text         000000
intlevel2                            text         000000
intlevel3                            text         000000
isdigit@c                            cstackCOMRAM 000027
keyPressed@key                       cstackCOMRAM 000025
keyPressedInterruptService@key       cstackCOMRAM 000001
lcdInst@data                         cstackCOMRAM 000028
lcdNibble@data                       cstackCOMRAM 000026
lcdNibble@temp                       cstackCOMRAM 000025
main@cylinderStart                   cstackBANK1  00012B
main@duration                        cstackBANK1  00013B
main@lastBatteryTime                 cstackBANK1  00013D
main@run                             cstackBANK1  00012D
printf@ap                            cstackBANK0  0000D5
printf@c                             cstackBANK0  0000EA
printf@cp                            cstackBANK0  0000D1
printf@exp                           cstackBANK0  0000DB
printf@f                             cstackBANK0  0000B9
printf@flag                          cstackBANK0  0000E6
printf@fval                          cstackBANK0  0000DD
printf@idx                           cstackBANK0  0000D0
printf@len                           cstackBANK0  0000D3
printf@prec                          cstackBANK0  0000E8
printf@tmpval                        cstackBANK0  0000D7
printf@val                           cstackBANK0  0000E0
printf@width                         cstackBANK0  0000E4
putch@data                           cstackCOMRAM 000029
readKeypad@key                       cstackCOMRAM 000025
readPastRun@data                     cstackBANK0  000086
readPastRun@i                        cstackBANK0  000094
readPastRun@run                      cstackBANK0  000084
saveNewRun@data                      cstackBANK0  00008C
saveNewRun@i                         cstackBANK0  000090
saveNewRun@n                         cstackBANK0  00008E
scale@scl                            cstackBANK0  000095
service@key                          cstackCOMRAM 000024
setAngle@angle                       cstackBANK0  0000D2
setAngle@i                           cstackBANK0  0000D8
setAngle@motor                       cstackBANK0  0000D0
setAngle@period                      cstackBANK0  0000D6
showDateTime@day                     cstackBANK1  000106
showDateTime@hour                    cstackBANK1  000104
showDateTime@min                     cstackBANK1  000102
showDateTime@mon                     cstackBANK1  000108
showDateTime@sec                     cstackBANK1  000100
showDateTime@t                       cstackBANK1  00010C
showDateTime@year                    cstackBANK1  00010A
showInterface@key                    cstackBANK1  000114
showInterface@n                      cstackBANK1  000110
showInterface@run                    cstackBANK1  000112
showMainMenu@k                       cstackBANK0  0000EB
showRunMenu@k                        cstackBANK0  0000EC
showRunMenu@key                      cstackBANK0  0000EB
showRunSelect@k                      cstackBANK0  0000EB
showRunStats@n_9V                    cstackBANK0  0000EF
showRunStats@n_AA                    cstackBANK0  0000ED
showRunStats@n_C                     cstackBANK0  0000F1
showRunStats@n_OTHER                 cstackBANK0  0000F3
showRunStats@run                     cstackBANK0  0000EB
showRunTime@run                      cstackBANK0  0000EB
showRunTime@t1                       cstackBANK1  000104
showRunTime@t2                       cstackBANK1  000106
showRunTime@time                     cstackBANK1  000108
sortBattery@V                        cstackBANK1  000117
sortBattery@V_249                    cstackBANK1  000111
sortBattery@V_float                  cstackBANK1  000102
sortBattery@V_max                    cstackBANK1  000107
sortBattery@V_sum                    cstackBANK1  00010E
sortBattery@i                        cstackBANK1  000114
sortBattery@pos_v_counter            cstackBANK1  00010A
sortBattery@signal                   cstackBANK1  000105
sortBattery@targetAngle              cstackBANK1  00010C
stackhi                              (abs)        000F7F
stacklo                              (abs)        000159
start                                init         00000E
startTimer@timer                     cstackCOMRAM 000025
startTimer@val                       cstackCOMRAM 000027
start_initialization                 cinit        003C64


FUNCTION INFORMATION:

 *************** function _main *****************
 Defined at:
		line 129 in file "main.c"
 Parameters:    Size  Location     Type
		None
 Auto vars:     Size  Location     Type
  lastBatteryT    2   61[BANK1 ] int 
  duration        2   59[BANK1 ] int 
  cylinderStar    2   43[BANK1 ] int 
  run            14   45[BANK1 ] int [7]
 Return value:  Size  Location     Type
                  1    wreg      void 
 Registers used:
		wreg, fsr2l, fsr2h, status,2, status,0, tblptrl, tblptrh, tblptru, prodl, prodh, cstack
 Tracked objects:
		On entry : 
		On exit  : 
		Unchanged: 
 Data sizes:     COMRAM   BANK0   BANK1   BANK2   BANK3   BANK4   BANK5   BANK6   BANK7   BANK8   BANK9  BANK10  BANK11  BANK12  BANK13  BANK14  BANK15
      Params:         0       0       0       0       0       0       0       0       0       0       0       0       0       0       0       0       0
      Locals:         0       0      24       0       0       0       0       0       0       0       0       0       0       0       0       0       0
      Temps:          0       0      13       0       0       0       0       0       0       0       0       0       0       0       0       0       0
      Totals:         0       0      37       0       0       0       0       0       0       0       0       0       0       0       0       0       0
Total ram usage:       37 bytes
 Hardware stack levels required when called:   10
 This function calls:
		___aldiv
		___almod
		___awtoft
		___ftadd
		___ftdiv
		___ftmul
		___fttol
		_digitalRead
		_digitalWrite
		_initLCD
		_initServo
		_initTimer
		_lcdHome
		_pinSetup
		_printf
		_saveNewRun
		_setAngle
		_showInterface
		_showRunStats
		_showRunTime
		_sortBattery
		_startTimer
 This function is called by:
		Startup code after reset
 This function uses a non-reentrant model


[...]
 Tracked objects:
		On entry : 
		On exit  : 
		Unchanged: 
 Data sizes:     COMRAM   BANK0   BANK1   BANK2   BANK3   BANK4   BANK5   BANK6   BANK7   BANK8   BANK9  BANK10  BANK11  BANK12  BANK13  BANK14  BANK15
      Params:         0       0       0       0       0       0       0       0       0       0       0       0       0       0       0       0       0
      Locals:         1       0       0       0       0       0       0       0       0       0       0       0       0       0       0       0       0
      Temps:          1       0       0       0       0       0       0       0       0       0       0       0       0       0       0       0       0
      Totals:         2       0       0       0       0       0       0       0       0       0       0       0       0       0       0       0       0
Total ram usage:        2 bytes
 Hardware stack levels used:    1
 Hardware stack levels required when called:    4
 This function calls:
		_lcdNibble
 This function is called by:
		_initLCD
		_lcdHome
		_lcdClear
		_lcdNewline
 This function uses a non-reentrant model


 *************** function _lcdNibble *****************
 Defined at:
		line 46 in file "lcd.c"
 Parameters:    Size  Location     Type
  data            1    wreg     unsigned char 
 Auto vars:     Size  Location     Type
  data            1   37[COMRAM] unsigned char 
  temp            1   36[COMRAM] unsigned char 
 Return value:  Size  Location     Type
                  1    wreg      void 
 Registers used:
		wreg, status,2, status,0
 Tracked objects:
		On entry : 
		On exit  : 
		Unchanged: 
 Data sizes:     COMRAM   BANK0   BANK1   BANK2   BANK3   BANK4   BANK5   BANK6   BANK7   BANK8   BANK9  BANK10  BANK11  BANK12  BANK13  BANK14  BANK15
      Params:         0       0       0       0       0       0       0       0       0       0       0       0       0       0       0       0       0
      Locals:         2       0       0       0       0       0       0       0       0       0       0       0       0       0       0       0       0
      Temps:          0       0       0       0       0       0       0       0       0       0       0       0       0       0       0       0       0
      Totals:         2       0       0       0       0       0       0       0       0       0       0       0       0       0       0       0       0
Total ram usage:        2 bytes
 Hardware stack levels used:    1
 Hardware stack levels required when called:    3
 This function calls:
		Nothing
 This function is called by:
		_lcdInst
		_putch
 This function uses a non-reentrant model


 *************** function _service *****************
 Defined at:
		line 375 in file "main.c"
 Parameters:    Size  Location     Type
		None
 Auto vars:     Size  Location     Type
  key             1   35[COMRAM] unsigned char 
 Return value:  Size  Location     Type
                  1    wreg      void 
 Registers used:
		wreg, fsr2l, fsr2h, status,2, status,0, tblptrl, tblptrh, tblptru, prodl, prodh, cstack
 Tracked objects:
		On entry : 
		On exit  : 
		Unchanged: 
 Data sizes:     COMRAM   BANK0   BANK1   BANK2   BANK3   BANK4   BANK5   BANK6   BANK7   BANK8   BANK9  BANK10  BANK11  BANK12  BANK13  BANK14  BANK15
      Params:         0       0       0       0       0       0       0       0       0       0       0       0       0       0       0       0       0
      Locals:         1       0       0       0       0       0       0       0       0       0       0       0       0       0       0       0       0
      Temps:         14       0       0       0       0       0       0       0       0       0       0       0       0       0       0       0       0
      Totals:        15       0       0       0       0       0       0       0       0       0       0       0       0       0       0       0       0
Total ram usage:       15 bytes
 Hardware stack levels used:    1
 Hardware stack levels required when called:    2
 This function calls:
		_keyPressedInterruptService
		_servoInterruptService
		i2_startTimer
 This function is called by:
		Interrupt level 2
 This function uses a non-reentrant model


 *************** function _servoInterruptService *****************
 Defined at:
		line 58 in file "servo.c"
 Parameters:    Size  Location     Type
		None
 Auto vars:     Size  Location     Type
		None
 Return value:  Size  Location     Type
                  1    wreg      unsigned char 
 Registers used:
		wreg, fsr2l, fsr2h, status,2, status,0, tblptrl, tblptrh, tblptru, cstack
 Tracked objects:
		On entry : 
		On exit  : 
		Unchanged: 
 Data sizes:     COMRAM   BANK0   BANK1   BANK2   BANK3   BANK4   BANK5   BANK6   BANK7   BANK8   BANK9  BANK10  BANK11  BANK12  BANK13  BANK14  BANK15
      Params:         0       0       0       0       0       0       0       0       0       0       0       0       0       0       0       0       0
      Locals:         0       0       0       0       0       0       0       0       0       0       0       0       0       0       0       0       0
      Temps:          4       0       0       0       0       0       0       0       0       0       0       0       0       0       0       0       0
      Totals:         4       0       0       0       0       0       0       0       0       0       0       0       0       0       0       0       0
Total ram usage:        4 bytes
 Hardware stack levels used:    1
 Hardware stack levels required when called:    1
 This function calls:
		i2___awmod
		i2_digitalWrite
		i2_startTimer
 This function is called by:
		_service
 This function uses a non-reentrant model


 *************** function i2_startTimer *****************
 Defined at:
		line 77 in file "timer.c"
 Parameters:    Size  Location     Type
  timer           2    6[COMRAM] int 
  val             4    8[COMRAM] long 
 Auto vars:     Size  Location     Type
		None
 Return value:  Size  Location     Type
                  1    wreg      void 
 Registers used:
		wreg, status,2, status,0
 Tracked objects:
		On entry : 
		On exit  : 
		Unchanged: 
 Data sizes:     COMRAM   BANK0   BANK1   BANK2   BANK3   BANK4   BANK5   BANK6   BANK7   BANK8   BANK9  BANK10  BANK11  BANK12  BANK13  BANK14  BANK15
      Params:         6       0       0       0       0       0       0       0       0       0       0       0       0       0       0       0       0
      Locals:         0       0       0       0       0       0       0       0       0       0       0       0       0       0       0       0       0
      Temps:          2       0       0       0       0       0       0       0       0       0       0       0       0       0       0       0       0
      Totals:         8       0       0       0       0       0       0       0       0       0       0       0       0       0       0       0       0
Total ram usage:        8 bytes
 Hardware stack levels used:    1
 This function calls:
		Nothing
 This function is called by:
		_service
		_servoInterruptService
 This function uses a non-reentrant model


 *************** function i2_digitalWrite *****************
 Defined at:
		line 53 in file "iopin.c"
 Parameters:    Size  Location     Type
  pin             2    6[COMRAM] PTR int 
		 -> AA_float(4), cylinderMotor2(4), padServo(4), conveyorServo(4), 
		 -> cylinderMotor1(4), redirectingServo(4), 
  val             2    8[COMRAM] int 
 Auto vars:     Size  Location     Type
  digitalWrite    2   15[COMRAM] int 
 Return value:  Size  Location     Type
                  1    wreg      void 
 Registers used:
		wreg, fsr2l, fsr2h, status,2, status,0, tblptrl, tblptrh, tblptru
 Tracked objects:
		On entry : 
		On exit  : 
		Unchanged: 
 Data sizes:     COMRAM   BANK0   BANK1   BANK2   BANK3   BANK4   BANK5   BANK6   BANK7   BANK8   BANK9  BANK10  BANK11  BANK12  BANK13  BANK14  BANK15
      Params:         4       0       0       0       0       0       0       0       0       0       0       0       0       0       0       0       0
      Locals:         2       0       0       0       0       0       0       0       0       0       0       0       0       0       0       0       0
      Temps:          5       0       0       0       0       0       0       0       0       0       0       0       0       0       0       0       0
      Totals:        11       0       0       0       0       0       0       0       0       0       0       0       0       0       0       0       0
Total ram usage:       11 bytes
 Hardware stack levels used:    1
 This function calls:
		Nothing
 This function is called by:
		_servoInterruptService
 This function uses a non-reentrant model


 *************** function i2___awmod *****************
 Defined at:
		line 8 in file "C:\Program Files (x86)\Microchip\xc8\v1.40\sources\common\awmod.c"
 Parameters:    Size  Location     Type
  dividend        2    0[COMRAM] int 
  divisor         2    2[COMRAM] int 
 Auto vars:     Size  Location     Type
  __awmod         1    5[COMRAM] unsigned char 
  __awmod         1    4[COMRAM] unsigned char 
 Return value:  Size  Location     Type
                  2    0[COMRAM] int 
 Registers used:
		wreg, status,2, status,0
 Tracked objects:
		On entry : 
		On exit  : 
		Unchanged: 
 Data sizes:     COMRAM   BANK0   BANK1   BANK2   BANK3   BANK4   BANK5   BANK6   BANK7   BANK8   BANK9  BANK10  BANK11  BANK12  BANK13  BANK14  BANK15
      Params:         4       0       0       0       0       0       0       0       0       0       0       0       0       0       0       0       0
      Locals:         2       0       0       0       0       0       0       0       0       0       0       0       0       0       0       0       0
      Temps:          0       0       0       0       0       0       0       0       0       0       0       0       0       0       0       0       0
      Totals:         6       0       0       0       0       0       0       0       0       0       0       0       0       0       0       0       0
Total ram usage:        6 bytes
 Hardware stack levels used:    1
 This function calls:
		Nothing
 This function is called by:
		_servoInterruptService
 This function uses a non-reentrant model


 *************** function _keyPressedInterruptService *****************
 Defined at:
		line 49 in file "keypad.c"
 Parameters:    Size  Location     Type
		None
 Auto vars:     Size  Location     Type
  key             1    0[COMRAM] unsigned char 
 Return value:  Size  Location     Type
                  1    wreg      void 
 Registers used:
		wreg, status,2, status,0, tblptrl, tblptrh, tblptru, prodl, prodh
 Tracked objects:
		On entry : 
		On exit  : 
		Unchanged: 
 Data sizes:     COMRAM   BANK0   BANK1   BANK2   BANK3   BANK4   BANK5   BANK6   BANK7   BANK8   BANK9  BANK10  BANK11  BANK12  BANK13  BANK14  BANK15
      Params:         0       0       0       0       0       0       0       0       0       0       0       0       0       0       0       0       0
      Locals:         1       0       0       0       0       0       0       0       0       0       0       0       0       0       0       0       0
      Temps:          0       0       0       0       0       0       0       0       0       0       0       0       0       0       0       0       0
      Totals:         1       0       0       0       0       0       0       0       0       0       0       0       0       0       0       0       0
Total ram usage:        1 bytes
 Hardware stack levels used:    1
 This function calls:
		Nothing
 This function is called by:
		_service
 This function uses a non-reentrant model



MODULE INFORMATION

Module		Function		Class		Link	Load	Size
C:\Program Files (x86)\Microchip\xc8\v1.40\sources\common\awtoft.c
		___awtoft      		CODE           	441A	0000	57

C:\Program Files (x86)\Microchip\xc8\v1.40\sources\common\awtoft.c estimated size: 57

C:\Program Files (x86)\Microchip\xc8\v1.40\sources\common\altoft.c
		___altoft      		CODE           	3DEE	0000	121

C:\Program Files (x86)\Microchip\xc8\v1.40\sources\common\altoft.c estimated size: 121

servo.c
		_initServo     		CODE           	335C	0000	249
		_servoInterruptService		CODE           	3040	0000	269
		_setAngle      		CODE           	370C	0000	213
		_angleToPulse  		CODE           	278A	0000	351

servo.c estimated size: 1082

keypad.c
		_readKeypad    		CODE           	4482	0000	39
		_keyPressedInterruptService		CODE           	455C	0000	33
		_keyPressed    		CODE           	45EE	0000	13

keypad.c estimated size: 85

C:\Program Files (x86)\Microchip\xc8\v1.40\sources\common\ftneg.c
		___ftneg       		CODE           	44F4	0000	37

C:\Program Files (x86)\Microchip\xc8\v1.40\sources\common\ftneg.c estimated size: 37

C:\Program Files (x86)\Microchip\xc8\v1.40\sources\common\doprnt.c
		_scale         		CODE           	1BAA	0000	1047
		_printf        		CODE           	0012	0000	3577
		_fround        		CODE           	2228	0000	609

C:\Program Files (x86)\Microchip\xc8\v1.40\sources\common\doprnt.c estimated size: 5233

C:\Program Files (x86)\Microchip\xc8\v1.40\sources\common\lltoft.c
		___lltoft      		CODE           	40D8	0000	93

C:\Program Files (x86)\Microchip\xc8\v1.40\sources\common\lltoft.c estimated size: 93

C:\Program Files (x86)\Microchip\xc8\v1.40\sources\common\ftsub.c
		___ftsub       		CODE           	422E	0000	77

C:\Program Files (x86)\Microchip\xc8\v1.40\sources\common\ftsub.c estimated size: 77

C:\Program Files (x86)\Microchip\xc8\v1.40\sources\common\float.c
		___ftpack      		CODE           	38AE	0000	175

C:\Program Files (x86)\Microchip\xc8\v1.40\sources\common\float.c estimated size: 175

timer.c
		_initTimer     		CODE           	4312	0000	75
		_startTimer    		CODE           	427A	0000	77

timer.c estimated size: 152

I2C.c
		_I2C_Master_Read		CODE           	44A8	0000	39
		_I2C_Master_Wait		CODE           	45CE	0000	19
		_I2C_Master_Init		CODE           	4134	0000	91
		_I2C_Master_Stop		CODE           	4626	0000	9
		_I2C_Master_Write		CODE           	45FA	0000	11
		_I2C_Master_Start		CODE           	462E	0000	9

I2C.c estimated size: 178

C:\Program Files (x86)\Microchip\xc8\v1.40\sources\common\ftdivl.c
		__tdiv_to_l_   		CODE           	2CD6	0000	307

C:\Program Files (x86)\Microchip\xc8\v1.40\sources\common\ftdivl.c estimated size: 307

C:\Program Files (x86)\Microchip\xc8\v1.40\sources\common\ftge.c
		___ftge        		CODE           	3B48	0000	145

C:\Program Files (x86)\Microchip\xc8\v1.40\sources\common\ftge.c estimated size: 145

eeprom.c
		_saveNewRun    		CODE           	3454	0000	235
		_eepromWrite   		CODE           	41DE	0000	81
		_readPastRun   		CODE           	3AB0	0000	153
		_eepromRead    		CODE           	459A	0000	31

eeprom.c estimated size: 500

C:\Program Files (x86)\Microchip\xc8\v1.40\sources\common\Umul16.c
		___wmul        		CODE           	44CE	0000	39

C:\Program Files (x86)\Microchip\xc8\v1.40\sources\common\Umul16.c estimated size: 39

C:\Program Files (x86)\Microchip\xc8\v1.40\sources\common\ftmul.c
		___ftmul       		CODE           	28E8	0000	351

C:\Program Files (x86)\Microchip\xc8\v1.40\sources\common\ftmul.c estimated size: 351

C:\Program Files (x86)\Microchip\xc8\v1.40\sources\common\awmod.c
		___awmod       		CODE           	3E66	0000	113

C:\Program Files (x86)\Microchip\xc8\v1.40\sources\common\awmod.c estimated size: 113

iopin.c
		_digitalRead   		CODE           	2488	0000	395
		_digitalWrite  		CODE           	314C	0000	265
		_analogRead    		CODE           	43E2	0000	57

iopin.c estimated size: 717

C:\Program Files (x86)\Microchip\xc8\v1.40\sources\common\ftdiv.c
		___ftdiv       		CODE           	2A46	0000	333

C:\Program Files (x86)\Microchip\xc8\v1.40\sources\common\ftdiv.c estimated size: 333

C:\Program Files (x86)\Microchip\xc8\v1.40\sources\common\llmod.c
		___llmod       		CODE           	3F46	0000	109

C:\Program Files (x86)\Microchip\xc8\v1.40\sources\common\llmod.c estimated size: 109

C:\Program Files (x86)\Microchip\xc8\v1.40\sources\common\almod.c
		___almod       		CODE           	395C	0000	173

C:\Program Files (x86)\Microchip\xc8\v1.40\sources\common\almod.c estimated size: 173

C:\Program Files (x86)\Microchip\xc8\v1.40\sources\common\isdigit.c
		_isdigit       		CODE           	457C	0000	31

C:\Program Files (x86)\Microchip\xc8\v1.40\sources\common\isdigit.c estimated size: 31

shared
		_redirectAngle_AA		MEDIUMCONST    	FE4B	0000	3
		_padAngle_CLOSE		MEDIUMCONST    	FE43	0000	3
		_redirectAngle_9V		MEDIUMCONST    	FE49	0000	3
		__powers_      		MEDIUMCONST    	FDDA	0000	40
		_dpowers       		MEDIUMCONST    	FD8B	0000	41
		_cylinderBackward		MEDIUMCONST    	FE3F	0000	3
		_Vcc           		MEDIUMCONST    	FE39	0000	4
		i2_startTimer  		CODE           	42C6	0000	77
		_cylinderMotor1		MEDIUMCONST    	FE55	0000	5
		_cylinderMotor2		MEDIUMCONST    	FE59	0000	5
		_redirectingServo		MEDIUMCONST    	FE61	0000	5
		__npowers_     		MEDIUMCONST    	FDB3	0000	40
		_keys          		MEDIUMCONST    	FE21	0000	18
		__initialization		CODE           	3C64	0000	119
		_padServo      		MEDIUMCONST    	FE5D	0000	5
		i2___awmod     		CODE           	3ED6	0000	113
		_resolution    		MEDIUMCONST    	FE3C	0000	4
		_hexpowers     		MEDIUMCONST    	FE01	0000	33
		_redirectAngle_C		MEDIUMCONST    	FE4D	0000	3
		_padAngle_NEUTRAL		MEDIUMCONST    	FE45	0000	3
		_cylinderForward		MEDIUMCONST    	FE41	0000	3
		_conveyorServo 		MEDIUMCONST    	FE51	0000	5
		_happynewyear  		MEDIUMCONST    	FE32	0000	8
		i2_digitalWrite		CODE           	3254	0000	265
		_redirectAngle_OTHER		MEDIUMCONST    	FE4F	0000	3
		_padAngle_OPEN 		MEDIUMCONST    	FE47	0000	3

shared estimated size: 814

interface.c
		_showErrorMessage		CODE           	4452	0000	49
		_showMainMenu  		CODE           	418E	0000	81
		_showDateTime  		CODE           	2F30	0000	273
		_showRunTime   		CODE           	2612	0000	377
		_showRunMenu   		CODE           	407C	0000	93
		_showRunStats  		CODE           	3A08	0000	169
		_showRunSelect 		CODE           	4018	0000	101
		_showInterface 		CODE           	37E0	0000	207

interface.c estimated size: 1350

lcd.c
		_putch         		CODE           	4518	0000	35
		_lcdInst       		CODE           	453A	0000	35
		_lcdClear      		CODE           	461E	0000	9
		_lcdNibble     		CODE           	3FB2	0000	103
		_lcdHome       		CODE           	4616	0000	9
		_initLCD       		CODE           	435C	0000	71
		_lcdNewline    		CODE           	460E	0000	9

lcd.c estimated size: 271

C:\Program Files (x86)\Microchip\xc8\v1.40\sources\common\fttol.c
		___fttol       		CODE           	2B92	0000	325

C:\Program Files (x86)\Microchip\xc8\v1.40\sources\common\fttol.c estimated size: 325

C:\Program Files (x86)\Microchip\xc8\v1.40\sources\common\fldivl.c
		__div_to_l_    		CODE           	2E08	0000	297

C:\Program Files (x86)\Microchip\xc8\v1.40\sources\common\fldivl.c estimated size: 297

C:\Program Files (x86)\Microchip\xc8\v1.40\sources\common\awdiv.c
		___awdiv       		CODE           	3CE8	0000	133

C:\Program Files (x86)\Microchip\xc8\v1.40\sources\common\awdiv.c estimated size: 133

main.c
		_service       		CODE           	0008	0000	241
		_sortBattery   		CODE           	14EC	0000	1727
		_pinSetup      		CODE           	43A2	0000	65
		_main          		CODE           	0E0A	0000	1763

main.c estimated size: 3796

C:\Program Files (x86)\Microchip\xc8\v1.40\sources\common\ftadd.c
		___ftadd       		CODE           	1FC0	0000	617

C:\Program Files (x86)\Microchip\xc8\v1.40\sources\common\ftadd.c estimated size: 617

RTC.c
		_initRTC       		CODE           	45B8	0000	23
		_getTime       		CODE           	3BD8	0000	141

RTC.c estimated size: 164

C:\Program Files (x86)\Microchip\xc8\v1.40\sources\common\lldiv.c
		___lldiv       		CODE           	3D6C	0000	131

C:\Program Files (x86)\Microchip\xc8\v1.40\sources\common\lldiv.c estimated size: 131

C:\Program Files (x86)\Microchip\xc8\v1.40\sources\common\aldiv.c
		___aldiv       		CODE           	3628	0000	229

C:\Program Files (x86)\Microchip\xc8\v1.40\sources\common\aldiv.c estimated size: 229

