Microchip MPLAB XC8 Compiler V1.40 ()

Linker command line:

-W-3 --edf=C:\Program Files (x86)\Microchip\xc8\v1.40\dat\en_msgs.txt -cs \
  -h+dist/default/production\PIC18_LCD_LIB.X.production.sym \
  --cmf=dist/default/production\PIC18_LCD_LIB.X.production.cmf -z -Q18F4620 \
  -oC:\Users\Nam\AppData\Local\Temp\s3n0.2 \
  -Mdist/default/production/PIC18_LCD_LIB.X.production.map -E1 -ver=XC8 \
  -ASTACK=0150h-0f7fh -pstack=STACK -ACODE=00h-0FFFFh -ACONST=00h-0FFFFh \
  -ASMALLCONST=01000h-010FFhx240 -AMEDIUMCONST=01000h-0FFFFh \
  -ACOMRAM=01h-07Fh -AABS1=00h-0F7Fh -ABIGRAM=01h-0F7Fh \
  -ARAM=080h-0FFh,0100h-01FFhx14,0F00h-0F7Fh -ABANK0=080h-0FFh \
  -ABANK1=0100h-01FFh -ABANK2=0200h-02FFh -ABANK3=0300h-03FFh \
  -ABANK4=0400h-04FFh -ABANK5=0500h-05FFh -ABANK6=0600h-06FFh \
  -ABANK7=0700h-07FFh -ABANK8=0800h-08FFh -ABANK9=0900h-09FFh \
  -ABANK10=0A00h-0AFFh -ABANK11=0B00h-0BFFh -ABANK12=0C00h-0CFFh \
  -ABANK13=0D00h-0DFFh -ABANK14=0E00h-0EFFh -ABANK15=0F00h-0F7Fh \
  -ASFR=0F80h-0FFFh -preset_vec=00h,intcode=08h,intcodelo,powerup,init \
  -pramtop=01000h -psmallconst=SMALLCONST -pmediumconst=MEDIUMCONST \
  -pconst=CONST -AFARRAM=00h-00h -ACONFIG=0300000h-030000Dh -pconfig=CONFIG \
  -AIDLOC=0200000h-0200007h -pidloc=IDLOC -AEEDATA=0F00000h-0F003FFh \
  -peeprom_data=EEDATA \
  -prdata=COMRAM,nvrram=COMRAM,nvbit=COMRAM,rbss=COMRAM,rbit=COMRAM \
  -pfarbss=FARRAM,fardata=FARRAM,nvFARRAM=FARRAM \
  -pintsave_regs=BIGRAM,bigbss=BIGRAM,bigdata=BIGRAM -pbss=RAM \
  -pidata=CODE,irdata=CODE,ibigdata=CODE,ifardata=CODE -prparam=COMRAM \
  C:\Users\Nam\AppData\Local\Temp\s3n0.obj \
  dist/default/production\PIC18_LCD_LIB.X.production.obj 

Object code version is 3.11

Machine type is 18F4620

Call graph: (short form)




                Name                               Link     Load   Length Selector   Space Scale
C:\Users\Nam\AppData\Local\Temp\s3n0.obj
                init                                  E        E        4        4       0
                reset_vec                             0        0        4        0       0
                idloc                            200000   200000        8   200000       0
                config                           300000   300000        E   300000       0
dist/default/production\PIC18_LCD_LIB.X.production.obj
                intcode                               8        8        6        4       0
                temp                                 5C       5C        1        1       1
                mediumconst                        FDCC     FDCC      234     7EE6       0
                text53                             2E6E     2E6E       20        4       0
                text52                             214C     214C       EA        4       0
                text51                             22F6     22F6       C0        4       0
                text50                             2AFC     2AFC       4C        4       0
                text49                             1576     1576      198        4       0
                intcode_body                       2598     2598       94        4       0
                text47                             29A2     29A2       66        4       0
                text46                             2E4C     2E4C       22        4       0
                text45                             2BD4     2BD4       46        4       0
                text44                             2C1A     2C1A       42        4       0
                text43                             2ED6     2ED6        8        4       0
                text42                             26BE     26BE       90        4       0
                text41                             2E06     2E06       24        4       0
                text40                             23B6     23B6       AE        4       0
                text39                             10AE     10AE      268        4       0
                text38                             2AB0     2AB0       4C        4       0
                text37                             19C4     19C4      144        4       0
                text36                             27D2     27D2       82        4       0
                text35                             293C     293C       66        4       0
                text34                             2A08     2A08       5C        4       0
                text33                             1C3A     1C3A      128        4       0
                text32                             1B08     1B08      132        4       0
                text31                             274E     274E       84        4       0
                text30                             28CC     28CC       70        4       0
                text29                             170E     170E      15E        4       0
                text28                             2DE0     2DE0       26        4       0
                text27                             1316     1316      260        4       0
                text26                             2ECE     2ECE        8        4       0
                text25                             2E2A     2E2A       22        4       0
                text24                              93E      93E      416        4       0
                text23                               12       12      92C        4       0
                text22                             2DBA     2DBA       26        4       0
                text21                             2D94     2D94       26        4       0
                text20                             2D6E     2D6E       26        4       0
                text19                             2CCC     2CCC       30        4       0
                text18                             2D48     2D48       26        4       0
                text17                             2D22     2D22       26        4       0
                text16                             2CFC     2CFC       26        4       0
                text15                             1E72     1E72      104        4       0
                text14                             2C94     2C94       38        4       0
                text13                             2062     2062       EA        4       0
                text12                             2236     2236       C0        4       0
                text11                             2B8E     2B8E       46        4       0
                text10                             2854     2854       78        4       0
                text9                              2C5C     2C5C       38        4       0
                text8                              1D62     1D62      110        4       0
                text7                              186C     186C      158        4       0
                text6                              2500     2500       98        4       0
                text5                              2A64     2A64       4C        4       0
                text4                              1F76     1F76       EC        4       0
                text3                              2EA4     2EA4       16        4       0
                text2                              2B48     2B48       46        4       0
                text1                               D54      D54      35A        4       0
                text0                              2464     2464       9C        4       0
                cstackCOMRAM                          1        1       3C        1       1
                cstackBANK0                          80       80       60       80       1
                cstackBANK1                         100      100       2A      100       1
                dataBANK1                           14A      14A        6      100       1
                bssBANK1                            12A      12A       20      100       1
                dataBANK0                            E0       E0       14       80       1
                bssBANK0                             F4       F4        B       80       1
                dataCOMRAM                           3D       3D       16        1       1
                bssCOMRAM                            53       53        9        1       1
                cinit                              262C     262C       92        4       0
                idataBANK1                         2EDE     2EDE        6        4       0
                idataBANK0                         2EBA     2EBA       14        4       0
                idataCOMRAM                        2E8E     2E8E       16        4       0

TOTAL           Name                               Link     Load   Length     Space
        CLASS   STACK          

        CLASS   CODE           
                intcode                               8        8        6         0
                init                                  E        E        4         0
                reset_vec                             0        0        4         0
                text53                             2E6E     2E6E       20         0
                text52                             214C     214C       EA         0
                text51                             22F6     22F6       C0         0
                text50                             2AFC     2AFC       4C         0
                text49                             1576     1576      198         0
                intcode_body                       2598     2598       94         0
                text47                             29A2     29A2       66         0
                text46                             2E4C     2E4C       22         0
                text45                             2BD4     2BD4       46         0
                text44                             2C1A     2C1A       42         0
                text43                             2ED6     2ED6        8         0
                text42                             26BE     26BE       90         0
                text41                             2E06     2E06       24         0
                text40                             23B6     23B6       AE         0
                text39                             10AE     10AE      268         0
                text38                             2AB0     2AB0       4C         0
                text37                             19C4     19C4      144         0
                text36                             27D2     27D2       82         0
                text35                             293C     293C       66         0
                text34                             2A08     2A08       5C         0
                text33                             1C3A     1C3A      128         0
                text32                             1B08     1B08      132         0
                text31                             274E     274E       84         0
                text30                             28CC     28CC       70         0
                text29                             170E     170E      15E         0
                text28                             2DE0     2DE0       26         0
                text27                             1316     1316      260         0
                text26                             2ECE     2ECE        8         0
                text25                             2E2A     2E2A       22         0
                text24                              93E      93E      416         0
                text23                               12       12      92C         0
                text22                             2DBA     2DBA       26         0
                text21                             2D94     2D94       26         0
                text20                             2D6E     2D6E       26         0
                text19                             2CCC     2CCC       30         0
                text18                             2D48     2D48       26         0
                text17                             2D22     2D22       26         0
                text16                             2CFC     2CFC       26         0
                text15                             1E72     1E72      104         0
                text14                             2C94     2C94       38         0
                text13                             2062     2062       EA         0
                text12                             2236     2236       C0         0
                text11                             2B8E     2B8E       46         0
                text10                             2854     2854       78         0
                text9                              2C5C     2C5C       38         0
                text8                              1D62     1D62      110         0
                text7                              186C     186C      158         0
                text6                              2500     2500       98         0
                text5                              2A64     2A64       4C         0
                text4                              1F76     1F76       EC         0
                text3                              2EA4     2EA4       16         0
                text2                              2B48     2B48       46         0
                text1                               D54      D54      35A         0
                text0                              2464     2464       9C         0
                cinit                              262C     262C       92         0
                idataBANK1                         2EDE     2EDE        6         0
                idataBANK0                         2EBA     2EBA       14         0
                idataCOMRAM                        2E8E     2E8E       16         0

        CLASS   CONST          

        CLASS   SMALLCONST     

        CLASS   MEDIUMCONST    
                mediumconst                        FDCC     FDCC      234         0

        CLASS   COMRAM         
                temp                                 5C       5C        1         1
                cstackCOMRAM                          1        1       3C         1
                dataCOMRAM                           3D       3D       16         1
                bssCOMRAM                            53       53        9         1

        CLASS   ABS1           

        CLASS   BIGRAM         

        CLASS   RAM            

        CLASS   BANK0          
                cstackBANK0                          80       80       60         1
                dataBANK0                            E0       E0       14         1
                bssBANK0                             F4       F4        B         1

        CLASS   BANK1          
                cstackBANK1                         100      100       2A         1
                dataBANK1                           14A      14A        6         1
                bssBANK1                            12A      12A       20         1

        CLASS   BANK2          

        CLASS   BANK3          

        CLASS   BANK4          

        CLASS   BANK5          

        CLASS   BANK6          

        CLASS   BANK7          

        CLASS   BANK8          

        CLASS   BANK9          

        CLASS   BANK10         

        CLASS   BANK11         

        CLASS   BANK12         

        CLASS   BANK13         

        CLASS   BANK14         

        CLASS   BANK15         

        CLASS   SFR            

        CLASS   FARRAM         

        CLASS   CONFIG         
                config                           300000   300000        E         0

        CLASS   IDLOC          
                idloc                            200000   200000        8         0

        CLASS   EEDATA         



SEGMENTS        Name                           Load    Length   Top    Selector   Space  Class

                reset_vec                      000000  000004  000004         0       0  CODE    
                cstackCOMRAM                   000001  00005C  00005D         1       1  COMRAM  
                intcode                        000008  002EDC  002EE4         4       0  CODE    
                cstackBANK0                    000080  00007F  0000FF        80       1  BANK0   
                cstackBANK1                    000100  000050  000150       100       1  BANK1   
                mediumconst                    00FDCC  000234  010000      7EE6       0  MEDIUMCO
                idloc                          200000  000008  200008    200000       0  IDLOC   
                config                         300000  00000E  30000E    300000       0  CONFIG  


UNUSED ADDRESS RANGES

        Name                Unused          Largest block    Delta
        BANK0            0000FF-0000FF                1
        BANK1            000150-0001FF               B0
        BANK10           000A00-000AFF              100
        BANK11           000B00-000BFF              100
        BANK12           000C00-000CFF              100
        BANK13           000D00-000DFF              100
        BANK14           000E00-000EFF              100
        BANK15           000F00-000F7F               80
        BANK2            000200-0002FF              100
        BANK3            000300-0003FF              100
        BANK4            000400-0004FF              100
        BANK5            000500-0005FF              100
        BANK6            000600-0006FF              100
        BANK7            000700-0007FF              100
        BANK8            000800-0008FF              100
        BANK9            000900-0009FF              100
        BIGRAM           00005D-00007F               23
                         0000FF-0000FF                1
                         000150-000F7F              E30
        CODE             000004-000007                4
                         002EE4-00FDCB             CEE8
        COMRAM           00005D-00007F               23
        CONST            000004-000007                4
                         002EE4-00FDCB             CEE8
        EEDATA           F00000-F003FF              400
        MEDIUMCONST      002EE4-00FDCB             CEE8
        RAM              0000FF-0000FF                1
                         000150-000F7F              100
        SFR              000F80-000FFF               80
        SMALLCONST       002EE4-00FDCB              100
        STACK            000150-000F7F              E30

                                  Symbol Table

?___altoft                           cstackCOMRAM 00002C
?___awdiv                            cstackCOMRAM 00002A
?___awmod                            cstackCOMRAM 000024
?___awtoft                           cstackCOMRAM 00002C
?___ftadd                            cstackBANK0  0000A2
?___ftdiv                            cstackCOMRAM 000036
?___ftmul                            cstackBANK0  000089
?___ftneg                            cstackCOMRAM 000024
?___ftpack                           cstackCOMRAM 000024
?___ftsub                            cstackBANK0  0000AE
?___fttol                            cstackBANK0  0000AE
?___lldiv                            cstackCOMRAM 000024
?___llmod                            cstackCOMRAM 000031
?___lltoft                           cstackCOMRAM 00002C
?___wmul                             cstackCOMRAM 000032
?__div_to_l_                         cstackCOMRAM 000024
?__tdiv_to_l_                        cstackCOMRAM 000024
?_analogRead                         cstackCOMRAM 000024
?_angleToPulse                       cstackBANK0  0000BD
?_digitalRead                        cstackCOMRAM 000024
?_fround                             cstackBANK0  000098
?_printf                             cstackBANK0  0000BD
?_scale                              cstackBANK0  000098
?i2_digitalRead                      cstackCOMRAM 000001
_AA_float                            dataBANK0    0000EC
_ACKDT                               (abs)        007E2D
_ACKEN                               (abs)        007E2C
_ADCON0                              (abs)        000FC2
_ADCON1                              (abs)        000FC1
_ADCON2                              (abs)        000FC0
_ADRESH                              (abs)        000FC4
_ADRESL                              (abs)        000FC3
_EEADR                               (abs)        000FA9
_EEADRH                              (abs)        000FAA
_EECON1                              (abs)        000FA6
_EECON2                              (abs)        000FA7
_EEDATA                              (abs)        000FA8
_EEIF                                (abs)        007D0C
_INT0IE                              (abs)        007F94
_INT0IF                              (abs)        007F91
_INT1IE                              (abs)        007F83
_INT1IF                              (abs)        007F80
_INTCONbits                          (abs)        000FF2
_LATA                                (abs)        000F89
_LATB                                (abs)        000F8A
_LATC                                (abs)        000F8B
_LATD                                (abs)        000F8C
_LATDbits                            (abs)        000F8C
_LATE                                (abs)        000F8D
_PEIE                                (abs)        007F96
_PEN                                 (abs)        007E2A
_PORTA                               (abs)        000F80
_PORTB                               (abs)        000F81
_PORTBbits                           (abs)        000F81
_PORTC                               (abs)        000F82
_PORTD                               (abs)        000F83
_RCEN                                (abs)        007E2B
_RSEN                                (abs)        007E29
_SEN                                 (abs)        007E28
_SSPADD                              (abs)        000FC8
_SSPBUF                              (abs)        000FC9
_SSPCON1                             (abs)        000FC6
_SSPCON2                             (abs)        000FC5
_SSPSTAT                             (abs)        000FC7
_T0CON                               (abs)        000FD5
_T1CON                               (abs)        000FCD
_T2CON                               (abs)        000FCA
_T3CON                               (abs)        000FB1
_TMR0H                               (abs)        000FD7
_TMR0IE                              (abs)        007F95
_TMR0IF                              (abs)        007F92
_TMR0L                               (abs)        000FD6
_TMR1H                               (abs)        000FCF
_TMR1IE                              (abs)        007CE8
_TMR1IF                              (abs)        007CF0
_TMR1L                               (abs)        000FCE
_TMR2IF                              (abs)        007CF1
_TMR3H                               (abs)        000FB3
_TMR3IE                              (abs)        007D01
_TMR3IF                              (abs)        007D09
_TMR3L                               (abs)        000FB2
_TRISA                               (abs)        000F92
_TRISB                               (abs)        000F93
_TRISC                               (abs)        000F94
_TRISC3                              (abs)        007CA3
_TRISC4                              (abs)        007CA4
_TRISD                               (abs)        000F95
_TRISE                               (abs)        000F96
_V_LIM_9V                            bssBANK0     0000F4
_V_LIM_AA                            bssBANK0     0000F7
_V_LIM_C                             bssBANK0     0000FA
__CFG_BOREN$SBORDIS                  (abs)        000000
__CFG_BORV$3                         (abs)        000000
__CFG_CCP2MX$PORTC                   (abs)        000000
__CFG_CP0$OFF                        (abs)        000000
__CFG_CP1$OFF                        (abs)        000000
__CFG_CP2$OFF                        (abs)        000000
__CFG_CP3$OFF                        (abs)        000000
__CFG_CPB$OFF                        (abs)        000000
__CFG_CPD$OFF                        (abs)        000000
__CFG_EBTR0$OFF                      (abs)        000000
__CFG_EBTR1$OFF                      (abs)        000000
__CFG_EBTR2$OFF                      (abs)        000000
__CFG_EBTR3$OFF                      (abs)        000000
__CFG_EBTRB$OFF                      (abs)        000000
__CFG_FCMEN$OFF                      (abs)        000000
__CFG_IESO$OFF                       (abs)        000000
__CFG_LPT1OSC$OFF                    (abs)        000000
__CFG_LVP$OFF                        (abs)        000000
__CFG_MCLRE$ON                       (abs)        000000
__CFG_OSC$HS                         (abs)        000000
__CFG_PBADEN$ON                      (abs)        000000
__CFG_PWRT$OFF                       (abs)        000000
__CFG_STVREN$ON                      (abs)        000000
__CFG_WDT$OFF                        (abs)        000000
__CFG_WDTPS$32768                    (abs)        000000
__CFG_WRT0$OFF                       (abs)        000000
__CFG_WRT1$OFF                       (abs)        000000
__CFG_WRT2$OFF                       (abs)        000000
__CFG_WRT3$OFF                       (abs)        000000
__CFG_WRTB$OFF                       (abs)        000000
__CFG_WRTC$OFF                       (abs)        000000
__CFG_WRTD$OFF                       (abs)        000000
__CFG_XINST$OFF                      (abs)        000000
__HRAM                               (abs)        000000
__Habs1                              abs1         000000
__Hbank0                             bank0        000000
__Hbank1                             bank1        000000
__Hbank10                            bank10       000000
__Hbank11                            bank11       000000
__Hbank12                            bank12       000000
__Hbank13                            bank13       000000
__Hbank14                            bank14       000000
__Hbank15                            bank15       000000
__Hbank2                             bank2        000000
__Hbank3                             bank3        000000
__Hbank4                             bank4        000000
__Hbank5                             bank5        000000
__Hbank6                             bank6        000000
__Hbank7                             bank7        000000
__Hbank8                             bank8        000000
__Hbank9                             bank9        000000
__Hbigbss                            bigbss       000000
__Hbigdata                           bigdata      000000
__Hbigram                            bigram       000000
__Hbss                               bss          000000
__HbssBANK0                          bssBANK0     000000
__HbssBANK1                          bssBANK1     000000
__HbssCOMRAM                         bssCOMRAM    000000
__Hcinit                             cinit        000000
__Hclrtext                           clrtext      000000
__Hcomram                            comram       000000
__Hconfig                            config       30000E
__Hconst                             const        000000
__HcstackBANK0                       cstackBANK0  000000
__HcstackBANK1                       cstackBANK1  000000
__HcstackCOMRAM                      cstackCOMRAM 000000
__Hdata                              data         000000
__HdataBANK0                         dataBANK0    000000
__HdataBANK1                         dataBANK1    000000
__HdataCOMRAM                        dataCOMRAM   000000
__Heeprom_data                       eeprom_data  000000
__Hfarbss                            farbss       000000
__Hfardata                           fardata      000000
__Hibigdata                          ibigdata     000000
__Hidata                             idata        000000
__HidataBANK0                        idataBANK0   000000
__HidataBANK1                        idataBANK1   000000
__HidataCOMRAM                       idataCOMRAM  000000
__Hidloc                             idloc        200008
__Hifardata                          ifardata     000000
__Hinit                              init         000012
__Hintcode                           intcode      00000E
__Hintcode_body                      intcode_body 000000
__Hintcodelo                         intcodelo    00000E
__Hintentry                          intentry     000000
__Hintret                            intret       000000
__Hintsave_regs                      intsave_regs 000000
__Hirdata                            irdata       000000
__Hmediumconst                       mediumconst  010000
__HnvFARRAM                          nvFARRAM     000000
__Hnvbit                             nvbit        000000
__Hnvrram                            nvrram       000000
__Hparam                             rparam       000000
__Hpowerup                           powerup      00000E
__Hram                               ram          000000
__Hramtop                            ramtop       001000
__Hrbit                              rbit         000000
__Hrbss                              rbss         000000
__Hrdata                             rdata        000000
__Hreset_vec                         reset_vec    000004
__Hrparam                            rparam       000000
__Hsfr                               sfr          000000
__Hsmallconst                        smallconst   000000
__Hspace_0                           (abs)        30000E
__Hspace_1                           (abs)        000150
__Hspace_2                           (abs)        000000
__Hstack                             stack        000000
__Hstruct                            struct       000000
__Htemp                              temp         00005D
__Htext                              text         000000
__Htext0                             text0        000000
__Htext1                             text1        000000
__Htext10                            text10       000000
__Htext11                            text11       000000
__Htext12                            text12       000000
__Htext13                            text13       000000
__Htext14                            text14       000000
__Htext15                            text15       000000
__Htext16                            text16       000000
__Htext17                            text17       000000
__Htext18                            text18       000000
__Htext19                            text19       000000
__Htext2                             text2        000000
__Htext20                            text20       000000
__Htext21                            text21       000000
__Htext22                            text22       000000
__Htext23                            text23       000000
__Htext24                            text24       000000
__Htext25                            text25       000000
__Htext26                            text26       000000
__Htext27                            text27       000000
__Htext28                            text28       000000
__Htext29                            text29       000000
__Htext3                             text3        000000
__Htext30                            text30       000000
__Htext31                            text31       000000
__Htext32                            text32       000000
__Htext33                            text33       000000
__Htext34                            text34       000000
__Htext35                            text35       000000
__Htext36                            text36       000000
__Htext37                            text37       000000
__Htext38                            text38       000000
__Htext39                            text39       000000
__Htext4                             text4        000000
__Htext40                            text40       000000
__Htext41                            text41       000000
__Htext42                            text42       000000
__Htext43                            text43       000000
__Htext44                            text44       000000
__Htext45                            text45       000000
__Htext46                            text46       000000
__Htext47                            text47       000000
__Htext49                            text49       000000
__Htext5                             text5        000000
__Htext50                            text50       000000
__Htext51                            text51       000000
__Htext52                            text52       000000
__Htext53                            text53       000000
__Htext6                             text6        000000
__Htext7                             text7        000000
__Htext8                             text8        000000
__Htext9                             text9        000000
__LRAM                               (abs)        000001
__Labs1                              abs1         000000
__Lbank0                             bank0        000000
__Lbank1                             bank1        000000
__Lbank10                            bank10       000000
__Lbank11                            bank11       000000
__Lbank12                            bank12       000000
__Lbank13                            bank13       000000
__Lbank14                            bank14       000000
__Lbank15                            bank15       000000
__Lbank2                             bank2        000000
__Lbank3                             bank3        000000
__Lbank4                             bank4        000000
__Lbank5                             bank5        000000
__Lbank6                             bank6        000000
__Lbank7                             bank7        000000
__Lbank8                             bank8        000000
__Lbank9                             bank9        000000
__Lbigbss                            bigbss       000000
__Lbigdata                           bigdata      000000
__Lbigram                            bigram       000000
__Lbss                               bss          000000
__LbssBANK0                          bssBANK0     000000
__LbssBANK1                          bssBANK1     000000
__LbssCOMRAM                         bssCOMRAM    000000
__Lcinit                             cinit        000000
__Lclrtext                           clrtext      000000
__Lcomram                            comram       000000
__Lconfig                            config       300000
__Lconst                             const        000000
__LcstackBANK0                       cstackBANK0  000000
__LcstackBANK1                       cstackBANK1  000000
__LcstackCOMRAM                      cstackCOMRAM 000000
__Ldata                              data         000000
__LdataBANK0                         dataBANK0    000000
__LdataBANK1                         dataBANK1    000000
__LdataCOMRAM                        dataCOMRAM   000000
__Leeprom_data                       eeprom_data  000000
__Lfarbss                            farbss       000000
__Lfardata                           fardata      000000
__Libigdata                          ibigdata     000000
__Lidata                             idata        000000
__LidataBANK0                        idataBANK0   000000
__LidataBANK1                        idataBANK1   000000
__LidataCOMRAM                       idataCOMRAM  000000
__Lidloc                             idloc        200000
__Lifardata                          ifardata     000000
__Linit                              init         00000E
__Lintcode                           intcode      000008
__Lintcode_body                      intcode_body 000000
__Lintcodelo                         intcodelo    00000E
__Lintentry                          intentry     000000
__Lintret                            intret       000000
__Lintsave_regs                      intsave_regs 000000
__Lirdata                            irdata       000000
__Lmediumconst                       mediumconst  00FDCC
__LnvFARRAM                          nvFARRAM     000000
__Lnvbit                             nvbit        000000
__Lnvrram                            nvrram       000000
__Lparam                             rparam       000000
__Lpowerup                           powerup      00000E
__Lram                               ram          000000
__Lramtop                            ramtop       001000
__Lrbit                              rbit         000000
__Lrbss                              rbss         000000
__Lrdata                             rdata        000000
__Lreset_vec                         reset_vec    000000
__Lrparam                            rparam       000000
__Lsfr                               sfr          000000
__Lsmallconst                        smallconst   000000
__Lspace_0                           (abs)        000000
__Lspace_1                           (abs)        000000
__Lspace_2                           (abs)        000000
__Lstack                             stack        000000
__Lstruct                            struct       000000
__Ltemp                              temp         00005C
__Ltext                              text         000000
__Ltext0                             text0        000000
__Ltext1                             text1        000000
__Ltext10                            text10       000000
__Ltext11                            text11       000000
__Ltext12                            text12       000000
__Ltext13                            text13       000000
__Ltext14                            text14       000000
__Ltext15                            text15       000000
__Ltext16                            text16       000000
__Ltext17                            text17       000000
__Ltext18                            text18       000000
__Ltext19                            text19       000000
__Ltext2                             text2        000000
__Ltext20                            text20       000000
__Ltext21                            text21       000000
__Ltext22                            text22       000000
__Ltext23                            text23       000000
__Ltext24                            text24       000000
__Ltext25                            text25       000000
__Ltext26                            text26       000000
__Ltext27                            text27       000000
__Ltext28                            text28       000000
__Ltext29                            text29       000000
__Ltext3                             text3        000000
__Ltext30                            text30       000000
__Ltext31                            text31       000000
__Ltext32                            text32       000000
__Ltext33                            text33       000000
__Ltext34                            text34       000000
__Ltext35                            text35       000000
__Ltext36                            text36       000000
__Ltext37                            text37       000000
__Ltext38                            text38       000000
__Ltext39                            text39       000000
__Ltext4                             text4        000000
__Ltext40                            text40       000000
__Ltext41                            text41       000000
__Ltext42                            text42       000000
__Ltext43                            text43       000000
__Ltext44                            text44       000000
__Ltext45                            text45       000000
__Ltext46                            text46       000000
__Ltext47                            text47       000000
__Ltext49                            text49       000000
__Ltext5                             text5        000000
__Ltext50                            text50       000000
__Ltext51                            text51       000000
__Ltext52                            text52       000000
__Ltext53                            text53       000000
__Ltext6                             text6        000000
__Ltext7                             text7        000000
__Ltext8                             text8        000000
__Ltext9                             text9        000000
__S0                                 (abs)        30000E
__S1                                 (abs)        000150
__S2                                 (abs)        000000
___altoft                            text10       002854
___altoft@c                          cstackCOMRAM 00002C
___altoft@exp                        cstackCOMRAM 000034
___altoft@sign                       cstackCOMRAM 000035
___awdiv                             text31       00274E
___awdiv@counter                     cstackCOMRAM 00002E
___awdiv@dividend                    cstackCOMRAM 00002A
___awdiv@divisor                     cstackCOMRAM 00002C
___awdiv@quotient                    cstackCOMRAM 000030
___awdiv@sign                        cstackCOMRAM 00002F
___awmod                             text30       0028CC
___awmod@counter                     cstackCOMRAM 000028
___awmod@dividend                    cstackCOMRAM 000024
___awmod@divisor                     cstackCOMRAM 000026
___awmod@sign                        cstackCOMRAM 000029
___awtoft                            text9        002C5C
___awtoft@c                          cstackCOMRAM 00002C
___awtoft@sign                       cstackCOMRAM 00002F
___ftadd                             text39       0010AE
___ftadd@exp1                        cstackBANK0  0000AD
___ftadd@exp2                        cstackBANK0  0000AC
___ftadd@f1                          cstackBANK0  0000A2
___ftadd@f2                          cstackBANK0  0000A5
___ftadd@sign                        cstackBANK0  0000AB
___ftdiv                             text8        001D62
___ftdiv@cntr                        cstackBANK0  000083
___ftdiv@exp                         cstackBANK0  000087
___ftdiv@f1                          cstackCOMRAM 000036
___ftdiv@f2                          cstackCOMRAM 000039
___ftdiv@f3                          cstackBANK0  000084
___ftdiv@sign                        cstackBANK0  000088
___ftge                              text42       0026BE
___ftge@ff1                          cstackCOMRAM 000024
___ftge@ff2                          cstackCOMRAM 000027
___ftmul                             text29       00170E
___ftmul@cntr                        cstackBANK0  000096
___ftmul@exp                         cstackBANK0  000092
___ftmul@f1                          cstackBANK0  000089
___ftmul@f2                          cstackBANK0  00008C
___ftmul@f3_as_product               cstackBANK0  000093
___ftmul@sign                        cstackBANK0  000097
___ftneg                             text41       002E06
___ftneg@f1                          cstackCOMRAM 000024
___ftpack                            text40       0023B6
___ftpack@arg                        cstackCOMRAM 000024
___ftpack@exp                        cstackCOMRAM 000027
___ftpack@sign                       cstackCOMRAM 000028
___ftsub                             text38       002AB0
___ftsub@f1                          cstackBANK0  0000AE
___ftsub@f2                          cstackBANK0  0000B1
___fttol                             text37       0019C4
___fttol@exp1                        cstackBANK0  0000BC
___fttol@f1                          cstackBANK0  0000AE
___fttol@lval                        cstackBANK0  0000B8
___fttol@sign1                       cstackBANK0  0000B7
___inthi_sp                          stack        000000
___intlo_sp                          stack        000000
___lldiv                             text36       0027D2
___lldiv@counter                     cstackCOMRAM 000030
___lldiv@dividend                    cstackCOMRAM 000024
___lldiv@divisor                     cstackCOMRAM 000028
___lldiv@quotient                    cstackCOMRAM 00002C
___llmod                             text35       00293C
___llmod@counter                     cstackCOMRAM 000039
___llmod@dividend                    cstackCOMRAM 000031
___llmod@divisor                     cstackCOMRAM 000035
___lltoft                            text34       002A08
___lltoft@c                          cstackCOMRAM 00002C
___lltoft@exp                        cstackCOMRAM 000034
___param_bank                        (abs)        000000
___rparam_used                       (abs)        000001
___sp                                stack        000000
___wmul                              text28       002DE0
___wmul@multiplicand                 cstackCOMRAM 000034
___wmul@multiplier                   cstackCOMRAM 000032
___wmul@product                      cstackCOMRAM 000036
__accesstop                          (abs)        000080
__activetblptr                       (abs)        000002
__div_to_l_                          text33       001C3A
__div_to_l_@cntr                     cstackCOMRAM 00002E
__div_to_l_@exp1                     cstackCOMRAM 00002F
__div_to_l_@f1                       cstackCOMRAM 000024
__div_to_l_@f2                       cstackCOMRAM 000027
__div_to_l_@quot                     cstackCOMRAM 00002A
__end_of___altoft                    text10       0028CC
__end_of___awdiv                     text31       0027D2
__end_of___awmod                     text30       00293C
__end_of___awtoft                    text9        002C94
__end_of___ftadd                     text39       001316
__end_of___ftdiv                     text8        001E72
__end_of___ftge                      text42       00274E
__end_of___ftmul                     text29       00186C
__end_of___ftneg                     text41       002E2A
__end_of___ftpack                    text40       002464
__end_of___ftsub                     text38       002AFC
__end_of___fttol                     text37       001B08
__end_of___lldiv                     text36       002854
__end_of___llmod                     text35       0029A2
__end_of___lltoft                    text34       002A64
__end_of___wmul                      text28       002E06
__end_of__div_to_l_                  text33       001D62
__end_of__initialization             cinit        0026B0
__end_of__npowers_                   mediumconst  00FE1C
__end_of__powers_                    mediumconst  00FE43
__end_of__tdiv_to_l_                 text32       001C3A
__end_of_analogRead                  text14       002CCC
__end_of_angleToPulse                text7        0019C4
__end_of_dateTime                    text22       002DE0
__end_of_digitalRead                 text13       00214C
__end_of_digitalWrite                text12       0022F6
__end_of_dpowers                     mediumconst  00FDF5
__end_of_fround                      text27       001576
__end_of_happynewyear                mediumconst  00FE7B
__end_of_hexpowers                   mediumconst  00FE63
__end_of_initLCD                     text45       002C1A
__end_of_initServo                   text4        002062
__end_of_initTimer                   text11       002BD4
__end_of_keyPressedInterruptService  text53       002E8E
__end_of_keys                        mediumconst  00FE74
__end_of_lcdClear                    text43       002EDE
__end_of_lcdInst                     text46       002E6E
__end_of_lcdNewline                  text26       002ED6
__end_of_lcdNibble                   text47       002A08
__end_of_main                        text0        002500
__end_of_mainMenu                    text21       002DBA
__end_of_pause                       text3        002EBA
__end_of_pinSetup                    text44       002C5C
__end_of_printf                      text23       00093E
__end_of_putch                       text25       002E4C
__end_of_readKeypad                  text20       002D94
__end_of_runMenu                     text19       002CFC
__end_of_runSelect                   text18       002D6E
__end_of_runStats                    text17       002D48
__end_of_runTime                     text16       002D22
__end_of_scale                       text24       000D54
__end_of_service                     intcode_body 00262C
__end_of_servoInterruptService       text49       00170E
__end_of_setAngle                    text6        002598
__end_of_showInterface               text15       001F76
__end_of_sortBattery                 text1        0010AE
__end_of_startTimer                  text5        002AB0
__end_of_stopServo                   text2        002B8E
__end_ofi2_digitalRead               text52       002236
__end_ofi2_digitalWrite              text51       0023B6
__end_ofi2_startTimer                text50       002B48
__initialization                     cinit        00262C
__mediumconst                        mediumconst  00FDCC
__npowers_                           mediumconst  00FDF5
__pbssBANK0                          bssBANK0     0000F4
__pbssBANK1                          bssBANK1     00012A
__pbssCOMRAM                         bssCOMRAM    000053
__pcinit                             cinit        00262C
__pcstackBANK0                       cstackBANK0  000080
__pcstackBANK1                       cstackBANK1  000100
__pcstackCOMRAM                      cstackCOMRAM 000001
__pdataBANK0                         dataBANK0    0000E0
__pdataBANK1                         dataBANK1    00014A
__pdataCOMRAM                        dataCOMRAM   00003D
__pidataBANK0                        idataBANK0   002EBA
__pidataBANK1                        idataBANK1   002EDE
__pidataCOMRAM                       idataCOMRAM  002E8E
__pintcode                           intcode      000008
__pintcode_body                      intcode_body 002598
__pmediumconst                       mediumconst  00FDCC
__powers_                            mediumconst  00FE1C
__ptext0                             text0        002464
__ptext1                             text1        000D54
__ptext10                            text10       002854
__ptext11                            text11       002B8E
__ptext12                            text12       002236
__ptext13                            text13       002062
__ptext14                            text14       002C94
__ptext15                            text15       001E72
__ptext16                            text16       002CFC
__ptext17                            text17       002D22
__ptext18                            text18       002D48
__ptext19                            text19       002CCC
__ptext2                             text2        002B48
__ptext20                            text20       002D6E
__ptext21                            text21       002D94
__ptext22                            text22       002DBA
__ptext23                            text23       000012
__ptext24                            text24       00093E
__ptext25                            text25       002E2A
__ptext26                            text26       002ECE
__ptext27                            text27       001316
__ptext28                            text28       002DE0
__ptext29                            text29       00170E
__ptext3                             text3        002EA4
__ptext30                            text30       0028CC
__ptext31                            text31       00274E
__ptext32                            text32       001B08
__ptext33                            text33       001C3A
__ptext34                            text34       002A08
__ptext35                            text35       00293C
__ptext36                            text36       0027D2
__ptext37                            text37       0019C4
__ptext38                            text38       002AB0
__ptext39                            text39       0010AE
__ptext4                             text4        001F76
__ptext40                            text40       0023B6
__ptext41                            text41       002E06
__ptext42                            text42       0026BE
__ptext43                            text43       002ED6
__ptext44                            text44       002C1A
__ptext45                            text45       002BD4
__ptext46                            text46       002E4C
__ptext47                            text47       0029A2
__ptext49                            text49       001576
__ptext5                             text5        002A64
__ptext50                            text50       002AFC
__ptext51                            text51       0022F6
__ptext52                            text52       00214C
__ptext53                            text53       002E6E
__ptext6                             text6        002500
__ptext7                             text7        00186C
__ptext8                             text8        001D62
__ptext9                             text9        002C5C
__ramtop                             ramtop       001000
__size_of___altoft                   (abs)        000000
__size_of___awdiv                    (abs)        000000
__size_of___awmod                    (abs)        000000
__size_of___awtoft                   (abs)        000000
__size_of___ftadd                    (abs)        000000
__size_of___ftdiv                    (abs)        000000
__size_of___ftge                     (abs)        000000
__size_of___ftmul                    (abs)        000000
__size_of___ftneg                    (abs)        000000
__size_of___ftpack                   (abs)        000000
__size_of___ftsub                    (abs)        000000
__size_of___fttol                    (abs)        000000
__size_of___lldiv                    (abs)        000000
__size_of___llmod                    (abs)        000000
__size_of___lltoft                   (abs)        000000
__size_of___wmul                     (abs)        000000
__size_of__div_to_l_                 (abs)        000000
__size_of__tdiv_to_l_                (abs)        000000
__size_of_analogRead                 (abs)        000000
__size_of_angleToPulse               (abs)        000000
__size_of_dateTime                   (abs)        000000
__size_of_digitalRead                (abs)        000000
__size_of_digitalWrite               (abs)        000000
__size_of_fround                     (abs)        000000
__size_of_initLCD                    (abs)        000000
__size_of_initServo                  (abs)        000000
__size_of_initTimer                  (abs)        000000
__size_of_keyPressedInterruptService (abs)        000000
__size_of_lcdClear                   (abs)        000000
__size_of_lcdInst                    (abs)        000000
__size_of_lcdNewline                 (abs)        000000
__size_of_lcdNibble                  (abs)        000000
__size_of_main                       (abs)        000000
__size_of_mainMenu                   (abs)        000000
__size_of_pause                      (abs)        000000
__size_of_pinSetup                   (abs)        000000
__size_of_printf                     (abs)        000000
__size_of_putch                      (abs)        000000
__size_of_readKeypad                 (abs)        000000
__size_of_runMenu                    (abs)        000000
__size_of_runSelect                  (abs)        000000
__size_of_runStats                   (abs)        000000
__size_of_runTime                    (abs)        000000
__size_of_scale                      (abs)        000000
__size_of_service                    (abs)        000000
__size_of_servoInterruptService      (abs)        000000
__size_of_setAngle                   (abs)        000000
__size_of_showInterface              (abs)        000000
__size_of_sortBattery                (abs)        000000
__size_of_startTimer                 (abs)        000000
__size_of_stopServo                  (abs)        000000
__size_ofi2_digitalRead              (abs)        000000
__size_ofi2_digitalWrite             (abs)        000000
__size_ofi2_startTimer               (abs)        000000
__smallconst                         smallconst   000000
__tdiv_to_l_                         text32       001B08
__tdiv_to_l_@cntr                    cstackCOMRAM 000031
__tdiv_to_l_@exp1                    cstackCOMRAM 000032
__tdiv_to_l_@f1                      cstackCOMRAM 000024
__tdiv_to_l_@f2                      cstackCOMRAM 000027
__tdiv_to_l_@quot                    cstackCOMRAM 00002D
_analogRead                          text14       002C94
_angleToPulse                        text7        00186C
_angleToPulse$1333                   cstackBANK0  0000CD
_batteryDetected                     bssBANK0     0000FD
_conveyorServo                       dataCOMRAM   00003F
_count                               bssCOMRAM    000057
_cylinderMotor                       dataBANK0    0000F0
_dateTime                            text22       002DBA
_digitalRead                         text13       002062
_digitalWrite                        text12       002236
_dpowers                             mediumconst  00FDCD
_fround                              text27       001316
_fround$1334                         cstackBANK0  00009E
_fround$1335                         cstackBANK0  00009B
_happynewyear                        mediumconst  00FE74
_hexpowers                           mediumconst  00FE43
_initLCD                             text45       002BD4
_initServo                           text4        001F76
_initTimer                           text11       002B8E
_keyPressedInterruptService          text53       002E6E
_keys                                mediumconst  00FE63
_lastKey                             bssCOMRAM    00005B
_lcdClear                            text43       002ED6
_lcdInst                             text46       002E4C
_lcdNewline                          text26       002ECE
_lcdNibble                           text47       0029A2
_main                                text0        002464
_mainMenu                            text21       002D94
_padAngle_CLOSE                      dataBANK0    0000E0
_padAngle_NEUTRAL                    dataBANK0    0000E2
_padAngle_OPEN                       dataBANK0    0000E4
_padPin1                             dataCOMRAM   00004B
_padPin2                             dataCOMRAM   00004F
_padPin3                             bssCOMRAM    000053
_padServo                            dataCOMRAM   000045
_pause                               text3        002EA4
_pinSetup                            text44       002C1A
_prevTime                            bssCOMRAM    000059
_printf                              text23       000012
_printf$1337                         cstackBANK1  000100
_pulse                               bssBANK1     00012A
_putch                               text25       002E2A
_readKeypad                          text20       002D6E
_redirectAngle_9V                    dataBANK0    0000E6
_redirectAngle_AA                    dataBANK0    0000E8
_redirectAngle_C                     dataCOMRAM   00003D
_redirectAngle_OTHER                 dataBANK0    0000EA
_redirectingServo                    dataBANK1    00014A
_runMenu                             text19       002CCC
_runSelect                           text18       002D48
_runStats                            text17       002D22
_runTime                             text16       002CFC
_scale                               text24       00093E
_scale$1336                          cstackBANK0  00009B
_service                             intcode      000008
_servo                               bssBANK1     00013A
_servoInterruptService               text49       001576
_setAngle                            text6        002500
_showInterface                       text15       001E72
_sortBattery                         text1        000D54
_startTimer                          text5        002A64
_stopServo                           text2        002B48
analogRead@channel                   cstackCOMRAM 000024
angleToPulse@a000                    cstackBANK0  0000D0
angleToPulse@a180                    cstackBANK0  0000C9
angleToPulse@angle                   cstackBANK0  0000BD
angleToPulse@offset                  cstackBANK0  0000C5
btemp                                temp         00005C
digitalRead@pin                      cstackCOMRAM 000024
digitalWrite@p                       cstackCOMRAM 00002B
digitalWrite@pin                     cstackCOMRAM 000024
digitalWrite@val                     cstackCOMRAM 000026
end_of_initialization                cinit        0026B0
fround@prec                          cstackBANK0  0000A1
i2_digitalRead                       text52       00214C
i2_digitalWrite                      text51       0022F6
i2_startTimer                        text50       002AFC
i2digitalRead@pin                    cstackCOMRAM 000001
i2digitalWrite@p                     cstackCOMRAM 000008
i2digitalWrite@pin                   cstackCOMRAM 000001
i2digitalWrite@val                   cstackCOMRAM 000003
i2startTimer@timer                   cstackCOMRAM 000001
i2startTimer@val                     cstackCOMRAM 000003
initServo@angle                      cstackBANK1  000102
initServo@motor                      cstackBANK1  000100
initServo@pin                        cstackBANK1  000106
initServo@port                       cstackBANK1  000104
initServo@timer                      cstackBANK1  000108
initTimer@timer                      cstackCOMRAM 000024
int$flags                            temp         00005C
int_func                             intcode_body 002598
intlevel0                            text         000000
intlevel1                            text         000000
intlevel2                            text         000000
intlevel3                            text         000000
keyPressedInterruptService@key       cstackCOMRAM 000001
lcdInst@data                         cstackCOMRAM 000027
lcdNibble@data                       cstackCOMRAM 000025
lcdNibble@temp                       cstackCOMRAM 000024
pause@message                        cstackBANK0  0000CA
printf@ap                            cstackBANK1  000104
printf@c                             cstackBANK1  000117
printf@exp                           cstackBANK1  00010A
printf@f                             cstackBANK0  0000BD
printf@flag                          cstackBANK1  000106
printf@fval                          cstackBANK1  000114
printf@idx                           cstackBANK1  000103
printf@prec                          cstackBANK1  000108
printf@tmpval                        cstackBANK1  00010C
printf@val                           cstackBANK1  000110
putch@data                           cstackCOMRAM 000028
readKeypad@key                       cstackCOMRAM 000024
runMenu@key                          cstackCOMRAM 00003C
scale@scl                            cstackBANK0  00009E
servoInterruptService@flags          cstackCOMRAM 00000C
servoInterruptService@i              cstackCOMRAM 000014
setAngle@angle                       cstackBANK0  0000D6
setAngle@motor                       cstackBANK0  0000D4
showInterface@key                    cstackBANK0  0000CA
sortBattery@V                        cstackBANK1  000127
sortBattery@V_float                  cstackBANK1  00011A
sortBattery@Vcc                      cstackBANK1  00011D
sortBattery@resolution               cstackBANK1  000120
sortBattery@signal                   cstackBANK1  000123
sortBattery@targetAngle              cstackBANK1  000125
stackhi                              (abs)        000F7F
stacklo                              (abs)        000150
start                                init         00000E
startTimer@timer                     cstackCOMRAM 000024
startTimer@val                       cstackCOMRAM 000026
start_initialization                 cinit        00262C
stopServo@timer                      cstackCOMRAM 000024


FUNCTION INFORMATION:

 *************** function _main *****************
 Defined at:
		line 90 in file "main.c"
 Parameters:    Size  Location     Type
		None
 Auto vars:     Size  Location     Type
		None
 Return value:  Size  Location     Type
                  1    wreg      void 
 Registers used:
		wreg, fsr2l, fsr2h, status,2, status,0, tblptrl, tblptrh, tblptru, prodl, prodh, cstack
 Tracked objects:
		On entry : 
		On exit  : 
		Unchanged: 
 Data sizes:     COMRAM   BANK0   BANK1   BANK2   BANK3   BANK4   BANK5   BANK6   BANK7   BANK8   BANK9  BANK10  BANK11  BANK12  BANK13  BANK14  BANK15
      Params:         0       0       0       0       0       0       0       0       0       0       0       0       0       0       0       0       0
      Locals:         0       0       0       0       0       0       0       0       0       0       0       0       0       0       0       0       0
      Temps:          0       0       0       0       0       0       0       0       0       0       0       0       0       0       0       0       0
      Totals:         0       0       0       0       0       0       0       0       0       0       0       0       0       0       0       0       0
Total ram usage:        0 bytes
 Hardware stack levels required when called:   10
 This function calls:
		_digitalWrite
		_initLCD
		_initServo
		_lcdClear
		_pinSetup
		_printf
		_showInterface
		_sortBattery
 This function is called by:
		Startup code after reset
 This function uses a non-reentrant model


 *************** function _sortBattery *****************
 Defined at:
		line 124 in file "main.c"
 Parameters:    Size  Location     Type
		None
 Auto vars:     Size  Location     Type
  V_float         3   26[BANK1 ] float 
  V               3   39[BANK1 ] float 
  resolution      3   32[BANK1 ] float 
  Vcc             3   29[BANK1 ] float 
  targetAngle     2   37[BANK1 ] int 
  signal          2   35[BANK1 ] int 
 Return value:  Size  Location     Type
                  1    wreg      void 
 Registers used:
		wreg, fsr2l, fsr2h, status,2, status,0, tblptrl, tblptrh, tblptru, prodl, prodh, cstack
 Tracked objects:
		On entry : 
		On exit  : 
		Unchanged: 
 Data sizes:     COMRAM   BANK0   BANK1   BANK2   BANK3   BANK4   BANK5   BANK6   BANK7   BANK8   BANK9  BANK10  BANK11  BANK12  BANK13  BANK14  BANK15
      Params:         0       0       0       0       0       0       0       0       0       0       0       0       0       0       0       0       0
      Locals:         0       0      16       0       0       0       0       0       0       0       0       0       0       0       0       0       0
      Temps:          0       0       2       0       0       0       0       0       0       0       0       0       0       0       0       0       0
      Totals:         0       0      18       0       0       0       0       0       0       0       0       0       0       0       0       0       0
Total ram usage:       18 bytes
 Hardware stack levels used:    1
 Hardware stack levels required when called:    9
 This function calls:
		___altoft
		___ftdiv
		___ftge
		___ftmul
		_analogRead
		_digitalRead
		_digitalWrite
		_initServo
		_lcdClear
		_pause
		_printf
		_readKeypad
		_setAngle
		_stopServo
 This function is called by:
		_main
 This function uses a non-reentrant model


 *************** function _stopServo *****************
 Defined at:
		line 32 in file "servo.c"
 Parameters:    Size  Location     Type
  timer           2   35[COMRAM] int 
 Auto vars:     Size  Location     Type
		None
 Return value:  Size  Location     Type
                  1    wreg      void 
 Registers used:
		wreg, status,2, status,0
 Tracked objects:
		On entry : 
		On exit  : 
		Unchanged: 
 Data sizes:     COMRAM   BANK0   BANK1   BANK2   BANK3   BANK4   BANK5   BANK6   BANK7   BANK8   BANK9  BANK10  BANK11  BANK12  BANK13  BANK14  BANK15
      Params:         2       0       0       0       0       0       0       0       0       0       0       0       0       0       0       0       0
      Locals:         0       0       0       0       0       0       0       0       0       0       0       0       0       0       0       0       0
      Temps:          2       0       0       0       0       0       0       0       0       0       0       0       0       0       0       0       0
      Totals:         4       0       0       0       0       0       0       0       0       0       0       0       0       0       0       0       0
Total ram usage:        4 bytes
 Hardware stack levels used:    1
 Hardware stack levels required when called:    3
 This function calls:
		Nothing
 This function is called by:
		_sortBattery
 This function uses a non-reentrant model


 *************** function _pause *****************
 Defined at:
		line 244 in file "main.c"
 Parameters:    Size  Location     Type
  message         2   74[BANK0 ] PTR unsigned char 
		 -> STR_8(25), STR_7(15), STR_6(17), STR_5(20), 
		 -> STR_3(14), STR_2(20), 
 Auto vars:     Size  Location     Type
		None
 Return value:  Size  Location     Type
                  1    wreg      void 
 Registers used:
		wreg, fsr2l, fsr2h, status,2, status,0, tblptrl, tblptrh, tblptru, prodl, prodh, cstack
 Tracked objects:
		On entry : 
		On exit  : 
		Unchanged: 
 Data sizes:     COMRAM   BANK0   BANK1   BANK2   BANK3   BANK4   BANK5   BANK6   BANK7   BANK8   BANK9  BANK10  BANK11  BANK12  BANK13  BANK14  BANK15
      Params:         0       2       0       0       0       0       0       0       0       0       0       0       0       0       0       0       0
      Locals:         0       0       0       0       0       0       0       0       0       0       0       0       0       0       0       0       0
      Temps:          0       0       0       0       0       0       0       0       0       0       0       0       0       0       0       0       0
      Totals:         0       2       0       0       0       0       0       0       0       0       0       0       0       0       0       0       0
Total ram usage:        2 bytes
 Hardware stack levels used:    1
 Hardware stack levels required when called:    8
 This function calls:
		_lcdClear
		_printf
		_readKeypad
 This function is called by:
		_sortBattery
 This function uses a non-reentrant model


 *************** function _initServo *****************
 Defined at:
		line 19 in file "servo.c"
 Parameters:    Size  Location     Type
  motor           2    0[BANK1 ] PTR int 
		 -> redirectingServo(6), padServo(6), conveyorServo(6), 
  angle           2    2[BANK1 ] int 
 Auto vars:     Size  Location     Type
  timer           2    8[BANK1 ] int 
  pin             2    6[BANK1 ] int 
  port            2    4[BANK1 ] int 
 Return value:  Size  Location     Type
                  1    wreg      void 
 Registers used:
		wreg, fsr2l, fsr2h, status,2, status,0, cstack
 Tracked objects:
		On entry : 
		On exit  : 
		Unchanged: 
 Data sizes:     COMRAM   BANK0   BANK1   BANK2   BANK3   BANK4   BANK5   BANK6   BANK7   BANK8   BANK9  BANK10  BANK11  BANK12  BANK13  BANK14  BANK15
      Params:         0       0       4       0       0       0       0       0       0       0       0       0       0       0       0       0       0
      Locals:         0       0       6       0       0       0       0       0       0       0       0       0       0       0       0       0       0
      Temps:          0       2       0       0       0       0       0       0       0       0       0       0       0       0       0       0       0
      Totals:         0       2      10       0       0       0       0       0       0       0       0       0       0       0       0       0       0
Total ram usage:       12 bytes
 Hardware stack levels used:    1
 Hardware stack levels required when called:    7
 This function calls:
		_initTimer
		_setAngle
		_startTimer
 This function is called by:
		_main
		_sortBattery
 This function uses a non-reentrant model


 *************** function _startTimer *****************
 Defined at:
		line 75 in file "timer.c"
 Parameters:    Size  Location     Type
  timer           2   35[COMRAM] int 
  val             4   37[COMRAM] long 
 Auto vars:     Size  Location     Type
		None
 Return value:  Size  Location     Type
                  1    wreg      void 
 Registers used:
		wreg, status,2, status,0
 Tracked objects:
		On entry : 
		On exit  : 
		Unchanged: 
 Data sizes:     COMRAM   BANK0   BANK1   BANK2   BANK3   BANK4   BANK5   BANK6   BANK7   BANK8   BANK9  BANK10  BANK11  BANK12  BANK13  BANK14  BANK15
      Params:         6       0       0       0       0       0       0       0       0       0       0       0       0       0       0       0       0
      Locals:         0       0       0       0       0       0       0       0       0       0       0       0       0       0       0       0       0
      Temps:          2       0       0       0       0       0       0       0       0       0       0       0       0       0       0       0       0
      Totals:         8       0       0       0       0       0       0       0       0       0       0       0       0       0       0       0       0
Total ram usage:        8 bytes
 Hardware stack levels used:    1
 Hardware stack levels required when called:    3
 This function calls:
		Nothing
 This function is called by:
		_initServo
		_testFrequency
 This function uses a non-reentrant model


 *************** function _setAngle *****************
 Defined at:
		line 49 in file "servo.c"
 Parameters:    Size  Location     Type
  motor           2   84[BANK0 ] PTR int 
		 -> initServo@timer(2), redirectingServo(6), padServo(6), 
  angle           2   86[BANK0 ] int 
 Auto vars:     Size  Location     Type
		None
 Return value:  Size  Location     Type
                  1    wreg      void 
 Registers used:
		wreg, fsr2l, fsr2h, status,2, status,0, cstack
 Tracked objects:
		On entry : 
		On exit  : 
		Unchanged: 
 Data sizes:     COMRAM   BANK0   BANK1   BANK2   BANK3   BANK4   BANK5   BANK6   BANK7   BANK8   BANK9  BANK10  BANK11  BANK12  BANK13  BANK14  BANK15
      Params:         0       4       0       0       0       0       0       0       0       0       0       0       0       0       0       0       0
      Locals:         0       0       0       0       0       0       0       0       0       0       0       0       0       0       0       0       0
      Temps:          0       6       0       0       0       0       0       0       0       0       0       0       0       0       0       0       0
      Totals:         0      10       0       0       0       0       0       0       0       0       0       0       0       0       0       0       0
Total ram usage:       10 bytes
 Hardware stack levels used:    1
 Hardware stack levels required when called:    6
 This function calls:
		_angleToPulse
 This function is called by:
		_sortBattery
		_initServo
 This function uses a non-reentrant model


 *************** function _angleToPulse *****************
 Defined at:
		line 41 in file "servo.c"
 Parameters:    Size  Location     Type
  angle           2   61[BANK0 ] int 
 Auto vars:     Size  Location     Type
  a000            4   80[BANK0 ] long 
  a180            4   73[BANK0 ] long 
  offset          4   69[BANK0 ] long 
 Return value:  Size  Location     Type
                  4   61[BANK0 ] long 
 Registers used:
		wreg, status,2, status,0, cstack
 Tracked objects:
		On entry : 
		On exit  : 
		Unchanged: 
 Data sizes:     COMRAM   BANK0   BANK1   BANK2   BANK3   BANK4   BANK5   BANK6   BANK7   BANK8   BANK9  BANK10  BANK11  BANK12  BANK13  BANK14  BANK15
      Params:         0       4       0       0       0       0       0       0       0       0       0       0       0       0       0       0       0
      Locals:         0      15       0       0       0       0       0       0       0       0       0       0       0       0       0       0       0
      Temps:          0       4       0       0       0       0       0       0       0       0       0       0       0       0       0       0       0
      Totals:         0      23       0       0       0       0       0       0       0       0       0       0       0       0       0       0       0
Total ram usage:       23 bytes
 Hardware stack levels used:    1
 Hardware stack levels required when called:    5
 This function calls:
		___altoft
		___awtoft
		___ftadd
		___ftdiv
		___ftmul
		___fttol
 This function is called by:
		_setAngle
 This function uses a non-reentrant model


 *************** function ___ftdiv *****************
 Defined at:
		line 54 in file "C:\Program Files (x86)\Microchip\xc8\v1.40\sources\common\ftdiv.c"
 Parameters:    Size  Location     Type
  f1              3   53[COMRAM] float 
  f2              3   56[COMRAM] float 
 Auto vars:     Size  Location     Type
  f3              3    4[BANK0 ] float 
  sign            1    8[BANK0 ] unsigned char 
  exp             1    7[BANK0 ] unsigned char 
  cntr            1    3[BANK0 ] unsigned char 
 Return value:  Size  Location     Type
                  3   53[COMRAM] float 
 Registers used:
		wreg, status,2, status,0, cstack
 Tracked objects:
		On entry : 
		On exit  : 
		Unchanged: 
 Data sizes:     COMRAM   BANK0   BANK1   BANK2   BANK3   BANK4   BANK5   BANK6   BANK7   BANK8   BANK9  BANK10  BANK11  BANK12  BANK13  BANK14  BANK15
      Params:         6       0       0       0       0       0       0       0       0       0       0       0       0       0       0       0       0
      Locals:         0       6       0       0       0       0       0       0       0       0       0       0       0       0       0       0       0
      Temps:          0       3       0       0       0       0       0       0       0       0       0       0       0       0       0       0       0
      Totals:         6       9       0       0       0       0       0       0       0       0       0       0       0       0       0       0       0
Total ram usage:       15 bytes
 Hardware stack levels used:    1
 Hardware stack levels required when called:    4
 This function calls:
		___ftpack
 This function is called by:
		_sortBattery
		_angleToPulse
		_testFrequency
 This function uses a non-reentrant model


 *************** function ___awtoft *****************
 Defined at:
		line 32 in file "C:\Program Files (x86)\Microchip\xc8\v1.40\sources\common\awtoft.c"
 Parameters:    Size  Location     Type
  c               2   43[COMRAM] int 
 Auto vars:     Size  Location     Type
  sign            1   46[COMRAM] unsigned char 
 Return value:  Size  Location     Type
                  3   43[COMRAM] float 
 Registers used:
		wreg, status,2, status,0, cstack
 Tracked objects:
		On entry : 
		On exit  : 
		Unchanged: 
 Data sizes:     COMRAM   BANK0   BANK1   BANK2   BANK3   BANK4   BANK5   BANK6   BANK7   BANK8   BANK9  BANK10  BANK11  BANK12  BANK13  BANK14  BANK15
      Params:         3       0       0       0       0       0       0       0       0       0       0       0       0       0       0       0       0
      Locals:         1       0       0       0       0       0       0       0       0       0       0       0       0       0       0       0       0
      Temps:          0       0       0       0       0       0       0       0       0       0       0       0       0       0       0       0       0
      Totals:         4       0       0       0       0       0       0       0       0       0       0       0       0       0       0       0       0
Total ram usage:        4 bytes
 Hardware stack levels used:    1
 Hardware stack levels required when called:    4
 This function calls:
		___ftpack
 This function is called by:
[...]
      Temps:          0       0       0       0       0       0       0       0       0       0       0       0       0       0       0       0       0
      Totals:         0       0       0       0       0       0       0       0       0       0       0       0       0       0       0       0       0
Total ram usage:        0 bytes
 Hardware stack levels used:    1
 Hardware stack levels required when called:    3
 This function calls:
		Nothing
 This function is called by:
		_main
 This function uses a non-reentrant model


 *************** function _initLCD *****************
 Defined at:
		line 15 in file "lcd.c"
 Parameters:    Size  Location     Type
		None
 Auto vars:     Size  Location     Type
		None
 Return value:  Size  Location     Type
                  1    wreg      void 
 Registers used:
		wreg, status,2, status,0, cstack
 Tracked objects:
		On entry : 
		On exit  : 
		Unchanged: 
 Data sizes:     COMRAM   BANK0   BANK1   BANK2   BANK3   BANK4   BANK5   BANK6   BANK7   BANK8   BANK9  BANK10  BANK11  BANK12  BANK13  BANK14  BANK15
      Params:         0       0       0       0       0       0       0       0       0       0       0       0       0       0       0       0       0
      Locals:         0       0       0       0       0       0       0       0       0       0       0       0       0       0       0       0       0
      Temps:          1       0       0       0       0       0       0       0       0       0       0       0       0       0       0       0       0
      Totals:         1       0       0       0       0       0       0       0       0       0       0       0       0       0       0       0       0
Total ram usage:        1 bytes
 Hardware stack levels used:    1
 Hardware stack levels required when called:    5
 This function calls:
		_lcdInst
 This function is called by:
		_main
 This function uses a non-reentrant model


 *************** function _lcdInst *****************
 Defined at:
		line 27 in file "lcd.c"
 Parameters:    Size  Location     Type
  data            1    wreg     unsigned char 
 Auto vars:     Size  Location     Type
  data            1   38[COMRAM] unsigned char 
 Return value:  Size  Location     Type
                  1    wreg      void 
 Registers used:
		wreg, status,2, status,0, cstack
 Tracked objects:
		On entry : 
		On exit  : 
		Unchanged: 
 Data sizes:     COMRAM   BANK0   BANK1   BANK2   BANK3   BANK4   BANK5   BANK6   BANK7   BANK8   BANK9  BANK10  BANK11  BANK12  BANK13  BANK14  BANK15
      Params:         0       0       0       0       0       0       0       0       0       0       0       0       0       0       0       0       0
      Locals:         1       0       0       0       0       0       0       0       0       0       0       0       0       0       0       0       0
      Temps:          1       0       0       0       0       0       0       0       0       0       0       0       0       0       0       0       0
      Totals:         2       0       0       0       0       0       0       0       0       0       0       0       0       0       0       0       0
Total ram usage:        2 bytes
 Hardware stack levels used:    1
 Hardware stack levels required when called:    4
 This function calls:
		_lcdNibble
 This function is called by:
		_initLCD
		_lcdClear
		_lcdNewline
		_lcdHome
 This function uses a non-reentrant model


 *************** function _lcdNibble *****************
 Defined at:
		line 46 in file "lcd.c"
 Parameters:    Size  Location     Type
  data            1    wreg     unsigned char 
 Auto vars:     Size  Location     Type
  data            1   36[COMRAM] unsigned char 
  temp            1   35[COMRAM] unsigned char 
 Return value:  Size  Location     Type
                  1    wreg      void 
 Registers used:
		wreg, status,2, status,0
 Tracked objects:
		On entry : 
		On exit  : 
		Unchanged: 
 Data sizes:     COMRAM   BANK0   BANK1   BANK2   BANK3   BANK4   BANK5   BANK6   BANK7   BANK8   BANK9  BANK10  BANK11  BANK12  BANK13  BANK14  BANK15
      Params:         0       0       0       0       0       0       0       0       0       0       0       0       0       0       0       0       0
      Locals:         2       0       0       0       0       0       0       0       0       0       0       0       0       0       0       0       0
      Temps:          0       0       0       0       0       0       0       0       0       0       0       0       0       0       0       0       0
      Totals:         2       0       0       0       0       0       0       0       0       0       0       0       0       0       0       0       0
Total ram usage:        2 bytes
 Hardware stack levels used:    1
 Hardware stack levels required when called:    3
 This function calls:
		Nothing
 This function is called by:
		_lcdInst
		_putch
 This function uses a non-reentrant model


 *************** function _service *****************
 Defined at:
		line 229 in file "main.c"
 Parameters:    Size  Location     Type
		None
 Auto vars:     Size  Location     Type
		None
 Return value:  Size  Location     Type
                  1    wreg      void 
 Registers used:
		wreg, fsr2l, fsr2h, status,2, status,0, tblptrl, tblptrh, tblptru, prodl, prodh, cstack
 Tracked objects:
		On entry : 
		On exit  : 
		Unchanged: 
 Data sizes:     COMRAM   BANK0   BANK1   BANK2   BANK3   BANK4   BANK5   BANK6   BANK7   BANK8   BANK9  BANK10  BANK11  BANK12  BANK13  BANK14  BANK15
      Params:         0       0       0       0       0       0       0       0       0       0       0       0       0       0       0       0       0
      Locals:         0       0       0       0       0       0       0       0       0       0       0       0       0       0       0       0       0
      Temps:         14       0       0       0       0       0       0       0       0       0       0       0       0       0       0       0       0
      Totals:        14       0       0       0       0       0       0       0       0       0       0       0       0       0       0       0       0
Total ram usage:       14 bytes
 Hardware stack levels used:    1
 Hardware stack levels required when called:    2
 This function calls:
		_keyPressedInterruptService
		_servoInterruptService
 This function is called by:
		Interrupt level 2
 This function uses a non-reentrant model


 *************** function _servoInterruptService *****************
 Defined at:
		line 53 in file "servo.c"
 Parameters:    Size  Location     Type
		None
 Auto vars:     Size  Location     Type
  i               2   19[COMRAM] int 
  flags           8   11[COMRAM] int [4]
 Return value:  Size  Location     Type
                  1    wreg      void 
 Registers used:
		wreg, fsr2l, fsr2h, status,2, status,0, cstack
 Tracked objects:
		On entry : 
		On exit  : 
		Unchanged: 
 Data sizes:     COMRAM   BANK0   BANK1   BANK2   BANK3   BANK4   BANK5   BANK6   BANK7   BANK8   BANK9  BANK10  BANK11  BANK12  BANK13  BANK14  BANK15
      Params:         0       0       0       0       0       0       0       0       0       0       0       0       0       0       0       0       0
      Locals:        10       0       0       0       0       0       0       0       0       0       0       0       0       0       0       0       0
      Temps:          2       0       0       0       0       0       0       0       0       0       0       0       0       0       0       0       0
      Totals:        12       0       0       0       0       0       0       0       0       0       0       0       0       0       0       0       0
Total ram usage:       12 bytes
 Hardware stack levels used:    1
 Hardware stack levels required when called:    1
 This function calls:
		i2_digitalRead
		i2_digitalWrite
		i2_startTimer
 This function is called by:
		_service
 This function uses a non-reentrant model


 *************** function i2_startTimer *****************
 Defined at:
		line 75 in file "timer.c"
 Parameters:    Size  Location     Type
  timer           2    0[COMRAM] int 
  val             4    2[COMRAM] long 
 Auto vars:     Size  Location     Type
		None
 Return value:  Size  Location     Type
                  1    wreg      void 
 Registers used:
		wreg, status,2, status,0
 Tracked objects:
		On entry : 
		On exit  : 
		Unchanged: 
 Data sizes:     COMRAM   BANK0   BANK1   BANK2   BANK3   BANK4   BANK5   BANK6   BANK7   BANK8   BANK9  BANK10  BANK11  BANK12  BANK13  BANK14  BANK15
      Params:         6       0       0       0       0       0       0       0       0       0       0       0       0       0       0       0       0
      Locals:         0       0       0       0       0       0       0       0       0       0       0       0       0       0       0       0       0
      Temps:          2       0       0       0       0       0       0       0       0       0       0       0       0       0       0       0       0
      Totals:         8       0       0       0       0       0       0       0       0       0       0       0       0       0       0       0       0
Total ram usage:        8 bytes
 Hardware stack levels used:    1
 This function calls:
		Nothing
 This function is called by:
		_servoInterruptService
 This function uses a non-reentrant model


 *************** function i2_digitalWrite *****************
 Defined at:
		line 53 in file "iopin.c"
 Parameters:    Size  Location     Type
  pin             2    0[COMRAM] PTR int 
		 -> servo(16), AA_float(4), cylinderMotor(4), 
  val             2    2[COMRAM] int 
 Auto vars:     Size  Location     Type
  digitalWrite    2    7[COMRAM] int 
 Return value:  Size  Location     Type
                  1    wreg      void 
 Registers used:
		wreg, fsr2l, fsr2h, status,2, status,0
 Tracked objects:
		On entry : 
		On exit  : 
		Unchanged: 
 Data sizes:     COMRAM   BANK0   BANK1   BANK2   BANK3   BANK4   BANK5   BANK6   BANK7   BANK8   BANK9  BANK10  BANK11  BANK12  BANK13  BANK14  BANK15
      Params:         4       0       0       0       0       0       0       0       0       0       0       0       0       0       0       0       0
      Locals:         2       0       0       0       0       0       0       0       0       0       0       0       0       0       0       0       0
      Temps:          3       0       0       0       0       0       0       0       0       0       0       0       0       0       0       0       0
      Totals:         9       0       0       0       0       0       0       0       0       0       0       0       0       0       0       0       0
Total ram usage:        9 bytes
 Hardware stack levels used:    1
 This function calls:
		Nothing
 This function is called by:
		_servoInterruptService
 This function uses a non-reentrant model


 *************** function i2_digitalRead *****************
 Defined at:
		line 43 in file "iopin.c"
 Parameters:    Size  Location     Type
  pin             2    0[COMRAM] PTR int 
		 -> servo(16), padPin2(4), padPin1(4), 
 Auto vars:     Size  Location     Type
		None
 Return value:  Size  Location     Type
                  2    0[COMRAM] int 
 Registers used:
		wreg, fsr2l, fsr2h, status,2, status,0
 Tracked objects:
		On entry : 
		On exit  : 
		Unchanged: 
 Data sizes:     COMRAM   BANK0   BANK1   BANK2   BANK3   BANK4   BANK5   BANK6   BANK7   BANK8   BANK9  BANK10  BANK11  BANK12  BANK13  BANK14  BANK15
      Params:         2       0       0       0       0       0       0       0       0       0       0       0       0       0       0       0       0
      Locals:         0       0       0       0       0       0       0       0       0       0       0       0       0       0       0       0       0
      Temps:          2       0       0       0       0       0       0       0       0       0       0       0       0       0       0       0       0
      Totals:         4       0       0       0       0       0       0       0       0       0       0       0       0       0       0       0       0
Total ram usage:        4 bytes
 Hardware stack levels used:    1
 This function calls:
		Nothing
 This function is called by:
		_servoInterruptService
 This function uses a non-reentrant model


 *************** function _keyPressedInterruptService *****************
 Defined at:
		line 49 in file "keypad.c"
 Parameters:    Size  Location     Type
		None
 Auto vars:     Size  Location     Type
  key             1    0[COMRAM] unsigned char 
 Return value:  Size  Location     Type
                  1    wreg      void 
 Registers used:
		wreg, status,2, status,0, tblptrl, tblptrh, tblptru, prodl, prodh
 Tracked objects:
		On entry : 
		On exit  : 
		Unchanged: 
 Data sizes:     COMRAM   BANK0   BANK1   BANK2   BANK3   BANK4   BANK5   BANK6   BANK7   BANK8   BANK9  BANK10  BANK11  BANK12  BANK13  BANK14  BANK15
      Params:         0       0       0       0       0       0       0       0       0       0       0       0       0       0       0       0       0
      Locals:         1       0       0       0       0       0       0       0       0       0       0       0       0       0       0       0       0
      Temps:          0       0       0       0       0       0       0       0       0       0       0       0       0       0       0       0       0
      Totals:         1       0       0       0       0       0       0       0       0       0       0       0       0       0       0       0       0
Total ram usage:        1 bytes
 Hardware stack levels used:    1
 This function calls:
		Nothing
 This function is called by:
		_service
 This function uses a non-reentrant model



MODULE INFORMATION

Module		Function		Class		Link	Load	Size
C:\Program Files (x86)\Microchip\xc8\v1.40\sources\common\awtoft.c
		___awtoft      		CODE           	2C5C	0000	57

C:\Program Files (x86)\Microchip\xc8\v1.40\sources\common\awtoft.c estimated size: 57

C:\Program Files (x86)\Microchip\xc8\v1.40\sources\common\altoft.c
		___altoft      		CODE           	2854	0000	121

C:\Program Files (x86)\Microchip\xc8\v1.40\sources\common\altoft.c estimated size: 121

servo.c
		_initServo     		CODE           	1F76	0000	237
		_servoInterruptService		CODE           	1576	0000	409
		_stopServo     		CODE           	2B48	0000	71
		_setAngle      		CODE           	2500	0000	153
		_angleToPulse  		CODE           	186C	0000	345

servo.c estimated size: 1215

keypad.c
		_readKeypad    		CODE           	2D6E	0000	39
		_keyPressedInterruptService		CODE           	2E6E	0000	33

keypad.c estimated size: 72

C:\Program Files (x86)\Microchip\xc8\v1.40\sources\common\ftneg.c
		___ftneg       		CODE           	2E06	0000	37

C:\Program Files (x86)\Microchip\xc8\v1.40\sources\common\ftneg.c estimated size: 37

C:\Program Files (x86)\Microchip\xc8\v1.40\sources\common\doprnt.c
		_scale         		CODE           	093E	0000	1047
		_printf        		CODE           	0012	0000	2349
		_fround        		CODE           	1316	0000	609

C:\Program Files (x86)\Microchip\xc8\v1.40\sources\common\doprnt.c estimated size: 4005

C:\Program Files (x86)\Microchip\xc8\v1.40\sources\common\lltoft.c
		___lltoft      		CODE           	2A08	0000	93

C:\Program Files (x86)\Microchip\xc8\v1.40\sources\common\lltoft.c estimated size: 93

C:\Program Files (x86)\Microchip\xc8\v1.40\sources\common\ftsub.c
		___ftsub       		CODE           	2AB0	0000	77

C:\Program Files (x86)\Microchip\xc8\v1.40\sources\common\ftsub.c estimated size: 77

C:\Program Files (x86)\Microchip\xc8\v1.40\sources\common\float.c
		___ftpack      		CODE           	23B6	0000	175

C:\Program Files (x86)\Microchip\xc8\v1.40\sources\common\float.c estimated size: 175

timer.c
		_initTimer     		CODE           	2B8E	0000	71
		_startTimer    		CODE           	2A64	0000	77

timer.c estimated size: 148

C:\Program Files (x86)\Microchip\xc8\v1.40\sources\common\ftdivl.c
		__tdiv_to_l_   		CODE           	1B08	0000	307

C:\Program Files (x86)\Microchip\xc8\v1.40\sources\common\ftdivl.c estimated size: 307

C:\Program Files (x86)\Microchip\xc8\v1.40\sources\common\ftge.c
		___ftge        		CODE           	26BE	0000	145

C:\Program Files (x86)\Microchip\xc8\v1.40\sources\common\ftge.c estimated size: 145

C:\Program Files (x86)\Microchip\xc8\v1.40\sources\common\Umul16.c
		___wmul        		CODE           	2DE0	0000	39

C:\Program Files (x86)\Microchip\xc8\v1.40\sources\common\Umul16.c estimated size: 39

C:\Program Files (x86)\Microchip\xc8\v1.40\sources\common\ftmul.c
		___ftmul       		CODE           	170E	0000	351

C:\Program Files (x86)\Microchip\xc8\v1.40\sources\common\ftmul.c estimated size: 351

C:\Program Files (x86)\Microchip\xc8\v1.40\sources\common\awmod.c
		___awmod       		CODE           	28CC	0000	113

C:\Program Files (x86)\Microchip\xc8\v1.40\sources\common\awmod.c estimated size: 113

iopin.c
		_digitalRead   		CODE           	2062	0000	235
		_digitalWrite  		CODE           	2236	0000	193
		_analogRead    		CODE           	2C94	0000	57

iopin.c estimated size: 485

C:\Program Files (x86)\Microchip\xc8\v1.40\sources\common\ftdiv.c
		___ftdiv       		CODE           	1D62	0000	273

C:\Program Files (x86)\Microchip\xc8\v1.40\sources\common\ftdiv.c estimated size: 273

C:\Program Files (x86)\Microchip\xc8\v1.40\sources\common\llmod.c
		___llmod       		CODE           	293C	0000	103

C:\Program Files (x86)\Microchip\xc8\v1.40\sources\common\llmod.c estimated size: 103

shared
		__powers_      		MEDIUMCONST    	FE1C	0000	40
		_dpowers       		MEDIUMCONST    	FDCD	0000	41
		i2_startTimer  		CODE           	2AFC	0000	77
		__npowers_     		MEDIUMCONST    	FDF5	0000	40
		_keys          		MEDIUMCONST    	FE63	0000	18
		__initialization		CODE           	262C	0000	133
		_hexpowers     		MEDIUMCONST    	FE43	0000	33
		i2_digitalRead 		CODE           	214C	0000	235
		_happynewyear  		MEDIUMCONST    	FE74	0000	8
		i2_digitalWrite		CODE           	22F6	0000	193

shared estimated size: 818

interface.c
		_dateTime      		CODE           	2DBA	0000	39
		_runSelect     		CODE           	2D48	0000	39
		_runTime       		CODE           	2CFC	0000	39
		_runStats      		CODE           	2D22	0000	39
		_runMenu       		CODE           	2CCC	0000	49
		_showInterface 		CODE           	1E72	0000	261
		_mainMenu      		CODE           	2D94	0000	39

interface.c estimated size: 505

lcd.c
		_putch         		CODE           	2E2A	0000	35
		_lcdInst       		CODE           	2E4C	0000	35
		_lcdClear      		CODE           	2ED6	0000	9
		_lcdNibble     		CODE           	29A2	0000	103
		_initLCD       		CODE           	2BD4	0000	71
		_lcdNewline    		CODE           	2ECE	0000	9

lcd.c estimated size: 262

C:\Program Files (x86)\Microchip\xc8\v1.40\sources\common\fttol.c
		___fttol       		CODE           	19C4	0000	325

C:\Program Files (x86)\Microchip\xc8\v1.40\sources\common\fttol.c estimated size: 325

C:\Program Files (x86)\Microchip\xc8\v1.40\sources\common\fldivl.c
		__div_to_l_    		CODE           	1C3A	0000	297

C:\Program Files (x86)\Microchip\xc8\v1.40\sources\common\fldivl.c estimated size: 297

C:\Program Files (x86)\Microchip\xc8\v1.40\sources\common\awdiv.c
		___awdiv       		CODE           	274E	0000	133

C:\Program Files (x86)\Microchip\xc8\v1.40\sources\common\awdiv.c estimated size: 133

main.c
		_service       		CODE           	0008	0000	155
		_sortBattery   		CODE           	0D54	0000	859
		_pinSetup      		CODE           	2C1A	0000	67
		_main          		CODE           	2464	0000	157
		_pause         		CODE           	2EA4	0000	23

main.c estimated size: 1261

C:\Program Files (x86)\Microchip\xc8\v1.40\sources\common\ftadd.c
		___ftadd       		CODE           	10AE	0000	617

C:\Program Files (x86)\Microchip\xc8\v1.40\sources\common\ftadd.c estimated size: 617

C:\Program Files (x86)\Microchip\xc8\v1.40\sources\common\lldiv.c
		___lldiv       		CODE           	27D2	0000	131

C:\Program Files (x86)\Microchip\xc8\v1.40\sources\common\lldiv.c estimated size: 131

