Microchip MPLAB XC8 Compiler V1.40 ()

Linker command line:

-W-3 --edf=C:\Program Files (x86)\Microchip\xc8\v1.40\dat\en_msgs.txt -cs \
  -h+dist/default/production\PIC18_LCD_LIB.X.production.sym \
  --cmf=dist/default/production\PIC18_LCD_LIB.X.production.cmf -z -Q18F4620 \
  -oC:\Users\Nam\AppData\Local\Temp\s68s.2 \
  -Mdist/default/production/PIC18_LCD_LIB.X.production.map -E1 -ver=XC8 \
  -ASTACK=016Dh-0f7fh -pstack=STACK -ACODE=00h-0FFFFh -ACONST=00h-0FFFFh \
  -ASMALLCONST=01000h-010FFhx240 -AMEDIUMCONST=01000h-0FFFFh \
  -ACOMRAM=01h-07Fh -AABS1=00h-0F7Fh -ABIGRAM=01h-0F7Fh \
  -ARAM=080h-0FFh,0100h-01FFhx14,0F00h-0F7Fh -ABANK0=080h-0FFh \
  -ABANK1=0100h-01FFh -ABANK2=0200h-02FFh -ABANK3=0300h-03FFh \
  -ABANK4=0400h-04FFh -ABANK5=0500h-05FFh -ABANK6=0600h-06FFh \
  -ABANK7=0700h-07FFh -ABANK8=0800h-08FFh -ABANK9=0900h-09FFh \
  -ABANK10=0A00h-0AFFh -ABANK11=0B00h-0BFFh -ABANK12=0C00h-0CFFh \
  -ABANK13=0D00h-0DFFh -ABANK14=0E00h-0EFFh -ABANK15=0F00h-0F7Fh \
  -ASFR=0F80h-0FFFh -preset_vec=00h,intcode=08h,intcodelo,powerup,init \
  -pramtop=01000h -psmallconst=SMALLCONST -pmediumconst=MEDIUMCONST \
  -pconst=CONST -AFARRAM=00h-00h -ACONFIG=0300000h-030000Dh -pconfig=CONFIG \
  -AIDLOC=0200000h-0200007h -pidloc=IDLOC -AEEDATA=0F00000h-0F003FFh \
  -peeprom_data=EEDATA \
  -prdata=COMRAM,nvrram=COMRAM,nvbit=COMRAM,rbss=COMRAM,rbit=COMRAM \
  -pfarbss=FARRAM,fardata=FARRAM,nvFARRAM=FARRAM \
  -pintsave_regs=BIGRAM,bigbss=BIGRAM,bigdata=BIGRAM -pbss=RAM \
  -pidata=CODE,irdata=CODE,ibigdata=CODE,ifardata=CODE -prparam=COMRAM \
  C:\Users\Nam\AppData\Local\Temp\s68s.obj \
  dist/default/production\PIC18_LCD_LIB.X.production.obj 

Object code version is 3.11

Machine type is 18F4620

Call graph: (short form)




                Name                               Link     Load   Length Selector   Space Scale
C:\Users\Nam\AppData\Local\Temp\s68s.obj
                init                                  E        E        4        4       0
                reset_vec                             0        0        4        0       0
                idloc                            200000   200000        8   200000       0
                config                           300000   300000        E   300000       0
dist/default/production\PIC18_LCD_LIB.X.production.obj
                intcode                               8        8        6        4       0
                temp                                 78       78        1        1       1
                mediumconst                        FDD2     FDD2      22E     7EE9       0
                text61                             2E60     2E60       B2        4       0
                text60                             2FC0     2FC0       AC        4       0
                text59                             3618     3618       4C        4       0
                text58                             1650     1650      1D4        4       0
                text57                             2F12     2F12       AE        4       0
                text56                             344A     344A       78        4       0
                text55                             3806     3806       38        4       0
                text54                             1824     1824      1AC        4       0
                text53                             29A6     29A6       E6        4       0
                text52                             27CA     27CA       F4        4       0
                text51                             26D6     26D6       F4        4       0
                text50                             224A     224A      140        4       0
                text49                             34C2     34C2       68        4       0
                intcode_body                       238A     238A      13C        4       0
                text47                             33D2     33D2       78        4       0
                text46                             392E     392E       2A        4       0
                text45                             36F8     36F8       4A        4       0
                text44                             37C8     37C8       3E        4       0
                text43                             3A5C     3A5C        8        4       0
                text42                             2B6C     2B6C       C8        4       0
                text41                             38A6     38A6       30        4       0
                text40                             24C6     24C6      10C        4       0
                text39                             13E8     13E8      268        4       0
                text38                             35CC     35CC       4C        4       0
                text37                             2106     2106      144        4       0
                text36                             2CF2     2CF2       BC        4       0
                text35                             31AC     31AC       9A        4       0
                text34                             3356     3356       7C        4       0
                text33                             1B6E     1B6E      188        4       0
                text32                             19D0     19D0      19E        4       0
                text31                             2C34     2C34       BE        4       0
                text30                             306C     306C       A2        4       0
                text29                             1E5C     1E5C      15E        4       0
                text28                             383E     383E       36        4       0
                text27                             113C     113C      2AC        4       0
                text26                             3A54     3A54        8        4       0
                text25                             3958     3958       28        4       0
                text24                              964      964      4AE        4       0
                text23                               12       12      952        4       0
                text22                             3A18     3A18       26        4       0
                text21                             39F2     39F2       26        4       0
                text20                             3904     3904       2A        4       0
                text19                             3874     3874       32        4       0
                text18                             39CC     39CC       26        4       0
                text17                             39A6     39A6       26        4       0
                text16                             3980     3980       26        4       0
                text15                             25D2     25D2      104        4       0
                text14                             3786     3786       42        4       0
                text13                             28BE     28BE       E8        4       0
                text12                             2A8C     2A8C       E0        4       0
                text11                             36AE     36AE       4A        4       0
                text10                             310E     310E       9E        4       0
                text9                              3742     3742       44        4       0
                text8                              1FBA     1FBA      14C        4       0
                text7                              1CF6     1CF6      166        4       0
                text6                              3246     3246       94        4       0
                text5                              357C     357C       50        4       0
                text4                              32DA     32DA       7C        4       0
                text3                              3A3E     3A3E       16        4       0
                text2                              3664     3664       4A        4       0
                text1                               E12      E12      32A        4       0
                text0                              2DAE     2DAE       B2        4       0
                cstackCOMRAM                          1        1       75        1       1
                cstackBANK0                          80       80       80       80       1
                cstackBANK1                         15D      15D       10      100       1
                dataBANK1                           12F      12F       2E      100       1
                bssBANK1                            100      100       2F      100       1
                dataCOMRAM                           76       76        2        1       1
                cinit                              352A     352A       52        4       0
                idataBANK1                         38D6     38D6       2E        4       0
                idataCOMRAM                        3A64     3A64        2        4       0

TOTAL           Name                               Link     Load   Length     Space
        CLASS   STACK          

        CLASS   CODE           
                intcode                               8        8        6         0
                init                                  E        E        4         0
                reset_vec                             0        0        4         0
                text61                             2E60     2E60       B2         0
                text60                             2FC0     2FC0       AC         0
                text59                             3618     3618       4C         0
                text58                             1650     1650      1D4         0
                text57                             2F12     2F12       AE         0
                text56                             344A     344A       78         0
                text55                             3806     3806       38         0
                text54                             1824     1824      1AC         0
                text53                             29A6     29A6       E6         0
                text52                             27CA     27CA       F4         0
                text51                             26D6     26D6       F4         0
                text50                             224A     224A      140         0
                text49                             34C2     34C2       68         0
                intcode_body                       238A     238A      13C         0
                text47                             33D2     33D2       78         0
                text46                             392E     392E       2A         0
                text45                             36F8     36F8       4A         0
                text44                             37C8     37C8       3E         0
                text43                             3A5C     3A5C        8         0
                text42                             2B6C     2B6C       C8         0
                text41                             38A6     38A6       30         0
                text40                             24C6     24C6      10C         0
                text39                             13E8     13E8      268         0
                text38                             35CC     35CC       4C         0
                text37                             2106     2106      144         0
                text36                             2CF2     2CF2       BC         0
                text35                             31AC     31AC       9A         0
                text34                             3356     3356       7C         0
                text33                             1B6E     1B6E      188         0
                text32                             19D0     19D0      19E         0
                text31                             2C34     2C34       BE         0
                text30                             306C     306C       A2         0
                text29                             1E5C     1E5C      15E         0
                text28                             383E     383E       36         0
                text27                             113C     113C      2AC         0
                text26                             3A54     3A54        8         0
                text25                             3958     3958       28         0
                text24                              964      964      4AE         0
                text23                               12       12      952         0
                text22                             3A18     3A18       26         0
                text21                             39F2     39F2       26         0
                text20                             3904     3904       2A         0
                text19                             3874     3874       32         0
                text18                             39CC     39CC       26         0
                text17                             39A6     39A6       26         0
                text16                             3980     3980       26         0
                text15                             25D2     25D2      104         0
                text14                             3786     3786       42         0
                text13                             28BE     28BE       E8         0
                text12                             2A8C     2A8C       E0         0
                text11                             36AE     36AE       4A         0
                text10                             310E     310E       9E         0
                text9                              3742     3742       44         0
                text8                              1FBA     1FBA      14C         0
                text7                              1CF6     1CF6      166         0
                text6                              3246     3246       94         0
                text5                              357C     357C       50         0
                text4                              32DA     32DA       7C         0
                text3                              3A3E     3A3E       16         0
                text2                              3664     3664       4A         0
                text1                               E12      E12      32A         0
                text0                              2DAE     2DAE       B2         0
                cinit                              352A     352A       52         0
                idataBANK1                         38D6     38D6       2E         0
                idataCOMRAM                        3A64     3A64        2         0

        CLASS   CONST          

        CLASS   SMALLCONST     

        CLASS   MEDIUMCONST    
                mediumconst                        FDD2     FDD2      22E         0

        CLASS   COMRAM         
                temp                                 78       78        1         1
                cstackCOMRAM                          1        1       75         1
                dataCOMRAM                           76       76        2         1

        CLASS   ABS1           

        CLASS   BIGRAM         

        CLASS   RAM            

        CLASS   BANK0          
                cstackBANK0                          80       80       80         1

        CLASS   BANK1          
                cstackBANK1                         15D      15D       10         1
                dataBANK1                           12F      12F       2E         1
                bssBANK1                            100      100       2F         1

        CLASS   BANK2          

        CLASS   BANK3          

        CLASS   BANK4          

        CLASS   BANK5          

        CLASS   BANK6          

        CLASS   BANK7          

        CLASS   BANK8          

        CLASS   BANK9          

        CLASS   BANK10         

        CLASS   BANK11         

        CLASS   BANK12         

        CLASS   BANK13         

        CLASS   BANK14         

        CLASS   BANK15         

        CLASS   SFR            

        CLASS   FARRAM         

        CLASS   CONFIG         
                config                           300000   300000        E         0

        CLASS   IDLOC          
                idloc                            200000   200000        8         0

        CLASS   EEDATA         



SEGMENTS        Name                           Load    Length   Top    Selector   Space  Class

                reset_vec                      000000  000004  000004         0       0  CODE    
                cstackCOMRAM                   000001  000078  000079         1       1  COMRAM  
                intcode                        000008  003A5E  003A66         4       0  CODE    
                cstackBANK0                    000080  000080  000100        80       1  BANK0   
                bssBANK1                       000100  00006D  00016D       100       1  BANK1   
                mediumconst                    00FDD2  00022E  010000      7EE9       0  MEDIUMCO
                idloc                          200000  000008  200008    200000       0  IDLOC   
                config                         300000  00000E  30000E    300000       0  CONFIG  


UNUSED ADDRESS RANGES

        Name                Unused          Largest block    Delta
        BANK1            00016D-0001FF               93
        BANK10           000A00-000AFF              100
        BANK11           000B00-000BFF              100
        BANK12           000C00-000CFF              100
        BANK13           000D00-000DFF              100
        BANK14           000E00-000EFF              100
        BANK15           000F00-000F7F               80
        BANK2            000200-0002FF              100
        BANK3            000300-0003FF              100
        BANK4            000400-0004FF              100
        BANK5            000500-0005FF              100
        BANK6            000600-0006FF              100
        BANK7            000700-0007FF              100
        BANK8            000800-0008FF              100
        BANK9            000900-0009FF              100
        BIGRAM           000079-00007F                7
                         00016D-000F7F              E13
        CODE             000004-000007                4
                         003A66-00FDD1             C36C
        COMRAM           000079-00007F                7
        CONST            000004-000007                4
                         003A66-00FDD1             C36C
        EEDATA           F00000-F003FF              400
        MEDIUMCONST      003A66-00FDD1             C36C
        RAM              00016D-000F7F              100
        SFR              000F80-000FFF               80
        SMALLCONST       003A66-00FDD1              100
        STACK            00016D-000F7F              E13

                                  Symbol Table

?___altoft                      cstackBANK0  000088
?___awdiv                       cstackBANK0  000086
?___awmod                       cstackBANK0  000080
?___awtoft                      cstackBANK0  000088
?___ftadd                       cstackBANK0  0000BA
?___ftdiv                       cstackBANK0  000092
?___ftmul                       cstackBANK0  0000A1
?___ftneg                       cstackBANK0  000080
?___ftpack                      cstackBANK0  000080
?___ftsub                       cstackBANK0  0000C6
?___fttol                       cstackBANK0  0000C6
?___lldiv                       cstackBANK0  000080
?___llmod                       cstackBANK0  00008D
?___lltoft                      cstackBANK0  000088
?___wmul                        cstackBANK0  00008E
?__div_to_l_                    cstackBANK0  000080
?__tdiv_to_l_                   cstackBANK0  000080
?_analogRead                    cstackBANK0  000080
?_angleToPulse                  cstackBANK0  0000D5
?_digitalRead                   cstackBANK0  000080
?_fround                        cstackBANK0  0000B0
?_printf                        cstackBANK0  0000D5
?_scale                         cstackBANK0  0000B0
?i2___altoft                    cstackCOMRAM 000009
?i2___awtoft                    cstackCOMRAM 000009
?i2___ftadd                     cstackCOMRAM 00002B
?i2___ftdiv                     cstackCOMRAM 00000D
?i2___ftmul                     cstackCOMRAM 00001C
?i2___ftpack                    cstackCOMRAM 000001
?i2___fttol                     cstackCOMRAM 000037
?i2_angleToPulse                cstackCOMRAM 000046
?i2_digitalRead                 cstackCOMRAM 000001
_AA_float                       dataBANK1    000141
_ACKDT                          (abs)        007E2D
_ACKEN                          (abs)        007E2C
_ADCON0                         (abs)        000FC2
_ADCON1                         (abs)        000FC1
_ADCON2                         (abs)        000FC0
_ADRESH                         (abs)        000FC4
_ADRESL                         (abs)        000FC3
_EEADR                          (abs)        000FA9
_EEADRH                         (abs)        000FAA
_EECON1                         (abs)        000FA6
_EECON2                         (abs)        000FA7
_EEDATA                         (abs)        000FA8
_EEIF                           (abs)        007D0C
_INT0IE                         (abs)        007F94
_INT0IF                         (abs)        007F91
_INT1IF                         (abs)        007F80
_INTCONbits                     (abs)        000FF2
_LATA                           (abs)        000F89
_LATB                           (abs)        000F8A
_LATC                           (abs)        000F8B
_LATD                           (abs)        000F8C
_LATDbits                       (abs)        000F8C
_LATE                           (abs)        000F8D
_PEIE                           (abs)        007F96
_PEN                            (abs)        007E2A
_PORTA                          (abs)        000F80
_PORTB                          (abs)        000F81
_PORTBbits                      (abs)        000F81
_PORTC                          (abs)        000F82
_PORTD                          (abs)        000F83
_RCEN                           (abs)        007E2B
_RSEN                           (abs)        007E29
_SEN                            (abs)        007E28
_SSPADD                         (abs)        000FC8
_SSPBUF                         (abs)        000FC9
_SSPCON1                        (abs)        000FC6
_SSPCON2                        (abs)        000FC5
_SSPSTAT                        (abs)        000FC7
_T0CON                          (abs)        000FD5
_T1CON                          (abs)        000FCD
_T2CON                          (abs)        000FCA
_T3CON                          (abs)        000FB1
_TMR0H                          (abs)        000FD7
_TMR0IE                         (abs)        007F95
_TMR0IF                         (abs)        007F92
_TMR0L                          (abs)        000FD6
_TMR1H                          (abs)        000FCF
_TMR1IE                         (abs)        007CE8
_TMR1IF                         (abs)        007CF0
_TMR1L                          (abs)        000FCE
_TMR2IF                         (abs)        007CF1
_TMR3H                          (abs)        000FB3
_TMR3IE                         (abs)        007D01
_TMR3IF                         (abs)        007D09
_TMR3L                          (abs)        000FB2
_TRISA                          (abs)        000F92
_TRISB                          (abs)        000F93
_TRISC                          (abs)        000F94
_TRISC3                         (abs)        007CA3
_TRISC4                         (abs)        007CA4
_TRISD                          (abs)        000F95
_TRISE                          (abs)        000F96
_V_LIM_9V                       bssBANK1     000124
_V_LIM_AA                       bssBANK1     000127
_V_LIM_C                        bssBANK1     00012A
__CFG_BOREN$SBORDIS             (abs)        000000
__CFG_BORV$3                    (abs)        000000
__CFG_CCP2MX$PORTC              (abs)        000000
__CFG_CP0$OFF                   (abs)        000000
__CFG_CP1$OFF                   (abs)        000000
__CFG_CP2$OFF                   (abs)        000000
__CFG_CP3$OFF                   (abs)        000000
__CFG_CPB$OFF                   (abs)        000000
__CFG_CPD$OFF                   (abs)        000000
__CFG_EBTR0$OFF                 (abs)        000000
__CFG_EBTR1$OFF                 (abs)        000000
__CFG_EBTR2$OFF                 (abs)        000000
__CFG_EBTR3$OFF                 (abs)        000000
__CFG_EBTRB$OFF                 (abs)        000000
__CFG_FCMEN$OFF                 (abs)        000000
__CFG_IESO$OFF                  (abs)        000000
__CFG_LPT1OSC$OFF               (abs)        000000
__CFG_LVP$OFF                   (abs)        000000
__CFG_MCLRE$ON                  (abs)        000000
__CFG_OSC$HS                    (abs)        000000
__CFG_PBADEN$ON                 (abs)        000000
__CFG_PWRT$OFF                  (abs)        000000
__CFG_STVREN$ON                 (abs)        000000
__CFG_WDT$OFF                   (abs)        000000
__CFG_WDTPS$32768               (abs)        000000
__CFG_WRT0$OFF                  (abs)        000000
__CFG_WRT1$OFF                  (abs)        000000
__CFG_WRT2$OFF                  (abs)        000000
__CFG_WRT3$OFF                  (abs)        000000
__CFG_WRTB$OFF                  (abs)        000000
__CFG_WRTC$OFF                  (abs)        000000
__CFG_WRTD$OFF                  (abs)        000000
__CFG_XINST$OFF                 (abs)        000000
__HRAM                          (abs)        000000
__Habs1                         abs1         000000
__Hbank0                        bank0        000000
__Hbank1                        bank1        000000
__Hbank10                       bank10       000000
__Hbank11                       bank11       000000
__Hbank12                       bank12       000000
__Hbank13                       bank13       000000
__Hbank14                       bank14       000000
__Hbank15                       bank15       000000
__Hbank2                        bank2        000000
__Hbank3                        bank3        000000
__Hbank4                        bank4        000000
__Hbank5                        bank5        000000
__Hbank6                        bank6        000000
__Hbank7                        bank7        000000
__Hbank8                        bank8        000000
__Hbank9                        bank9        000000
__Hbigbss                       bigbss       000000
__Hbigdata                      bigdata      000000
__Hbigram                       bigram       000000
__Hbss                          bss          000000
__HbssBANK1                     bssBANK1     000000
__Hcinit                        cinit        000000
__Hclrtext                      clrtext      000000
__Hcomram                       comram       000000
__Hconfig                       config       30000E
__Hconst                        const        000000
__HcstackBANK0                  cstackBANK0  000000
__HcstackBANK1                  cstackBANK1  000000
__HcstackCOMRAM                 cstackCOMRAM 000000
__Hdata                         data         000000
__HdataBANK1                    dataBANK1    000000
__HdataCOMRAM                   dataCOMRAM   000000
__Heeprom_data                  eeprom_data  000000
__Hfarbss                       farbss       000000
__Hfardata                      fardata      000000
__Hibigdata                     ibigdata     000000
__Hidata                        idata        000000
__HidataBANK1                   idataBANK1   000000
__HidataCOMRAM                  idataCOMRAM  000000
__Hidloc                        idloc        200008
__Hifardata                     ifardata     000000
__Hinit                         init         000012
__Hintcode                      intcode      00000E
__Hintcode_body                 intcode_body 000000
__Hintcodelo                    intcodelo    00000E
__Hintentry                     intentry     000000
__Hintret                       intret       000000
__Hintsave_regs                 intsave_regs 000000
__Hirdata                       irdata       000000
__Hmediumconst                  mediumconst  010000
__HnvFARRAM                     nvFARRAM     000000
__Hnvbit                        nvbit        000000
__Hnvrram                       nvrram       000000
__Hparam                        rparam       000000
__Hpowerup                      powerup      00000E
__Hram                          ram          000000
__Hramtop                       ramtop       001000
__Hrbit                         rbit         000000
__Hrbss                         rbss         000000
__Hrdata                        rdata        000000
__Hreset_vec                    reset_vec    000004
__Hrparam                       rparam       000000
__Hsfr                          sfr          000000
__Hsmallconst                   smallconst   000000
__Hspace_0                      (abs)        30000E
__Hspace_1                      (abs)        00016D
__Hspace_2                      (abs)        000000
__Hstack                        stack        000000
__Hstruct                       struct       000000
__Htemp                         temp         000079
__Htext                         text         000000
__Htext0                        text0        000000
__Htext1                        text1        000000
__Htext10                       text10       000000
__Htext11                       text11       000000
__Htext12                       text12       000000
__Htext13                       text13       000000
__Htext14                       text14       000000
__Htext15                       text15       000000
__Htext16                       text16       000000
__Htext17                       text17       000000
__Htext18                       text18       000000
__Htext19                       text19       000000
__Htext2                        text2        000000
__Htext20                       text20       000000
__Htext21                       text21       000000
__Htext22                       text22       000000
__Htext23                       text23       000000
__Htext24                       text24       000000
__Htext25                       text25       000000
__Htext26                       text26       000000
__Htext27                       text27       000000
__Htext28                       text28       000000
__Htext29                       text29       000000
__Htext3                        text3        000000
__Htext30                       text30       000000
__Htext31                       text31       000000
__Htext32                       text32       000000
__Htext33                       text33       000000
__Htext34                       text34       000000
__Htext35                       text35       000000
__Htext36                       text36       000000
__Htext37                       text37       000000
__Htext38                       text38       000000
__Htext39                       text39       000000
__Htext4                        text4        000000
__Htext40                       text40       000000
__Htext41                       text41       000000
__Htext42                       text42       000000
__Htext43                       text43       000000
__Htext44                       text44       000000
__Htext45                       text45       000000
__Htext46                       text46       000000
__Htext47                       text47       000000
__Htext49                       text49       000000
__Htext5                        text5        000000
__Htext50                       text50       000000
__Htext51                       text51       000000
__Htext52                       text52       000000
__Htext53                       text53       000000
__Htext54                       text54       000000
__Htext55                       text55       000000
__Htext56                       text56       000000
__Htext57                       text57       000000
__Htext58                       text58       000000
__Htext59                       text59       000000
__Htext6                        text6        000000
__Htext60                       text60       000000
__Htext61                       text61       000000
__Htext7                        text7        000000
__Htext8                        text8        000000
__Htext9                        text9        000000
__LRAM                          (abs)        000001
__Labs1                         abs1         000000
__Lbank0                        bank0        000000
__Lbank1                        bank1        000000
__Lbank10                       bank10       000000
__Lbank11                       bank11       000000
__Lbank12                       bank12       000000
__Lbank13                       bank13       000000
__Lbank14                       bank14       000000
__Lbank15                       bank15       000000
__Lbank2                        bank2        000000
__Lbank3                        bank3        000000
__Lbank4                        bank4        000000
__Lbank5                        bank5        000000
__Lbank6                        bank6        000000
__Lbank7                        bank7        000000
__Lbank8                        bank8        000000
__Lbank9                        bank9        000000
__Lbigbss                       bigbss       000000
__Lbigdata                      bigdata      000000
__Lbigram                       bigram       000000
__Lbss                          bss          000000
__LbssBANK1                     bssBANK1     000000
__Lcinit                        cinit        000000
__Lclrtext                      clrtext      000000
__Lcomram                       comram       000000
__Lconfig                       config       300000
__Lconst                        const        000000
__LcstackBANK0                  cstackBANK0  000000
__LcstackBANK1                  cstackBANK1  000000
__LcstackCOMRAM                 cstackCOMRAM 000000
__Ldata                         data         000000
__LdataBANK1                    dataBANK1    000000
__LdataCOMRAM                   dataCOMRAM   000000
__Leeprom_data                  eeprom_data  000000
__Lfarbss                       farbss       000000
__Lfardata                      fardata      000000
__Libigdata                     ibigdata     000000
__Lidata                        idata        000000
__LidataBANK1                   idataBANK1   000000
__LidataCOMRAM                  idataCOMRAM  000000
__Lidloc                        idloc        200000
__Lifardata                     ifardata     000000
__Linit                         init         00000E
__Lintcode                      intcode      000008
__Lintcode_body                 intcode_body 000000
__Lintcodelo                    intcodelo    00000E
__Lintentry                     intentry     000000
__Lintret                       intret       000000
__Lintsave_regs                 intsave_regs 000000
__Lirdata                       irdata       000000
__Lmediumconst                  mediumconst  00FDD2
__LnvFARRAM                     nvFARRAM     000000
__Lnvbit                        nvbit        000000
__Lnvrram                       nvrram       000000
__Lparam                        rparam       000000
__Lpowerup                      powerup      00000E
__Lram                          ram          000000
__Lramtop                       ramtop       001000
__Lrbit                         rbit         000000
__Lrbss                         rbss         000000
__Lrdata                        rdata        000000
__Lreset_vec                    reset_vec    000000
__Lrparam                       rparam       000000
__Lsfr                          sfr          000000
__Lsmallconst                   smallconst   000000
__Lspace_0                      (abs)        000000
__Lspace_1                      (abs)        000000
__Lspace_2                      (abs)        000000
__Lstack                        stack        000000
__Lstruct                       struct       000000
__Ltemp                         temp         000078
__Ltext                         text         000000
__Ltext0                        text0        000000
__Ltext1                        text1        000000
__Ltext10                       text10       000000
__Ltext11                       text11       000000
__Ltext12                       text12       000000
__Ltext13                       text13       000000
__Ltext14                       text14       000000
__Ltext15                       text15       000000
__Ltext16                       text16       000000
__Ltext17                       text17       000000
__Ltext18                       text18       000000
__Ltext19                       text19       000000
__Ltext2                        text2        000000
__Ltext20                       text20       000000
__Ltext21                       text21       000000
__Ltext22                       text22       000000
__Ltext23                       text23       000000
__Ltext24                       text24       000000
__Ltext25                       text25       000000
__Ltext26                       text26       000000
__Ltext27                       text27       000000
__Ltext28                       text28       000000
__Ltext29                       text29       000000
__Ltext3                        text3        000000
__Ltext30                       text30       000000
__Ltext31                       text31       000000
__Ltext32                       text32       000000
__Ltext33                       text33       000000
__Ltext34                       text34       000000
__Ltext35                       text35       000000
__Ltext36                       text36       000000
__Ltext37                       text37       000000
__Ltext38                       text38       000000
__Ltext39                       text39       000000
__Ltext4                        text4        000000
__Ltext40                       text40       000000
__Ltext41                       text41       000000
__Ltext42                       text42       000000
__Ltext43                       text43       000000
__Ltext44                       text44       000000
__Ltext45                       text45       000000
__Ltext46                       text46       000000
__Ltext47                       text47       000000
__Ltext49                       text49       000000
__Ltext5                        text5        000000
__Ltext50                       text50       000000
__Ltext51                       text51       000000
__Ltext52                       text52       000000
__Ltext53                       text53       000000
__Ltext54                       text54       000000
__Ltext55                       text55       000000
__Ltext56                       text56       000000
__Ltext57                       text57       000000
__Ltext58                       text58       000000
__Ltext59                       text59       000000
__Ltext6                        text6        000000
__Ltext60                       text60       000000
__Ltext61                       text61       000000
__Ltext7                        text7        000000
__Ltext8                        text8        000000
__Ltext9                        text9        000000
__S0                            (abs)        30000E
__S1                            (abs)        00016D
__S2                            (abs)        000000
___altoft                       text10       00310E
___altoft@c                     cstackBANK0  000088
___altoft@exp                   cstackBANK0  000090
___altoft@sign                  cstackBANK0  000091
___awdiv                        text31       002C34
___awdiv@counter                cstackBANK0  00008A
___awdiv@dividend               cstackBANK0  000086
___awdiv@divisor                cstackBANK0  000088
___awdiv@quotient               cstackBANK0  00008C
___awdiv@sign                   cstackBANK0  00008B
___awmod                        text30       00306C
___awmod@counter                cstackBANK0  000084
___awmod@dividend               cstackBANK0  000080
___awmod@divisor                cstackBANK0  000082
___awmod@sign                   cstackBANK0  000085
___awtoft                       text9        003742
___awtoft@c                     cstackBANK0  000088
___awtoft@sign                  cstackBANK0  00008B
___ftadd                        text39       0013E8
___ftadd@exp1                   cstackBANK0  0000C5
___ftadd@exp2                   cstackBANK0  0000C4
___ftadd@f1                     cstackBANK0  0000BA
___ftadd@f2                     cstackBANK0  0000BD
___ftadd@sign                   cstackBANK0  0000C3
___ftdiv                        text8        001FBA
___ftdiv@cntr                   cstackBANK0  00009B
___ftdiv@exp                    cstackBANK0  00009F
___ftdiv@f1                     cstackBANK0  000092
___ftdiv@f2                     cstackBANK0  000095
___ftdiv@f3                     cstackBANK0  00009C
___ftdiv@sign                   cstackBANK0  0000A0
___ftge                         text42       002B6C
___ftge@ff1                     cstackBANK0  000080
___ftge@ff2                     cstackBANK0  000083
___ftmul                        text29       001E5C
___ftmul@cntr                   cstackBANK0  0000AE
___ftmul@exp                    cstackBANK0  0000AA
___ftmul@f1                     cstackBANK0  0000A1
___ftmul@f2                     cstackBANK0  0000A4
___ftmul@f3_as_product          cstackBANK0  0000AB
___ftmul@sign                   cstackBANK0  0000AF
___ftneg                        text41       0038A6
___ftneg@f1                     cstackBANK0  000080
___ftpack                       text40       0024C6
___ftpack@arg                   cstackBANK0  000080
___ftpack@exp                   cstackBANK0  000083
___ftpack@sign                  cstackBANK0  000084
___ftsub                        text38       0035CC
___ftsub@f1                     cstackBANK0  0000C6
___ftsub@f2                     cstackBANK0  0000C9
___fttol                        text37       002106
___fttol@exp1                   cstackBANK0  0000D4
___fttol@f1                     cstackBANK0  0000C6
___fttol@lval                   cstackBANK0  0000D0
___fttol@sign1                  cstackBANK0  0000CF
___inthi_sp                     stack        000000
___intlo_sp                     stack        000000
___lldiv                        text36       002CF2
___lldiv@counter                cstackBANK0  00008C
___lldiv@dividend               cstackBANK0  000080
___lldiv@divisor                cstackBANK0  000084
___lldiv@quotient               cstackBANK0  000088
___llmod                        text35       0031AC
___llmod@counter                cstackBANK0  000095
___llmod@dividend               cstackBANK0  00008D
___llmod@divisor                cstackBANK0  000091
___lltoft                       text34       003356
___lltoft@c                     cstackBANK0  000088
___lltoft@exp                   cstackBANK0  000090
___param_bank                   (abs)        000000
___rparam_used                  (abs)        000001
___sp                           stack        000000
___wmul                         text28       00383E
___wmul@multiplicand            cstackBANK0  000090
___wmul@multiplier              cstackBANK0  00008E
___wmul@product                 cstackBANK0  000092
__accesstop                     (abs)        000080
__activetblptr                  (abs)        000002
__div_to_l_                     text33       001B6E
__div_to_l_@cntr                cstackBANK0  00008A
__div_to_l_@exp1                cstackBANK0  00008B
__div_to_l_@f1                  cstackBANK0  000080
__div_to_l_@f2                  cstackBANK0  000083
__div_to_l_@quot                cstackBANK0  000086
__end_of___altoft               text10       0031AC
__end_of___awdiv                text31       002CF2
__end_of___awmod                text30       00310E
__end_of___awtoft               text9        003786
__end_of___ftadd                text39       001650
__end_of___ftdiv                text8        002106
__end_of___ftge                 text42       002C34
__end_of___ftmul                text29       001FBA
__end_of___ftneg                text41       0038D6
__end_of___ftpack               text40       0025D2
__end_of___ftsub                text38       003618
__end_of___fttol                text37       00224A
__end_of___lldiv                text36       002DAE
__end_of___llmod                text35       003246
__end_of___lltoft               text34       0033D2
__end_of___wmul                 text28       003874
__end_of__div_to_l_             text33       001CF6
__end_of__initialization        cinit        00356E
__end_of__npowers_              mediumconst  00FE22
__end_of__powers_               mediumconst  00FE49
__end_of__tdiv_to_l_            text32       001B6E
__end_of_analogRead             text14       0037C8
__end_of_angleToPulse           text7        001E5C
__end_of_dateTime               text22       003A3E
__end_of_digitalRead            text13       0029A6
__end_of_digitalWrite           text12       002B6C
__end_of_dpowers                mediumconst  00FDFB
__end_of_fround                 text27       0013E8
__end_of_happynewyear           mediumconst  00FE81
__end_of_hexpowers              mediumconst  00FE69
__end_of_initLCD                text45       003742
__end_of_initServo              text4        003356
__end_of_initTimer              text11       0036F8
__end_of_keys                   mediumconst  00FE7A
__end_of_lcdClear               text43       003A64
__end_of_lcdInst                text46       003958
__end_of_lcdNewline             text26       003A5C
__end_of_lcdNibble              text47       00344A
__end_of_main                   text0        002E60
__end_of_mainMenu               text21       003A18
__end_of_pause                  text3        003A54
__end_of_pinSetup               text44       003806
__end_of_printf                 text23       000964
__end_of_putch                  text25       003980
__end_of_readKeypad             text20       00392E
__end_of_runMenu                text19       0038A6
__end_of_runSelect              text18       0039F2
__end_of_runStats               text17       0039CC
__end_of_runTime                text16       0039A6
__end_of_scale                  text24       000E12
__end_of_service                intcode_body 0024C6
__end_of_servoInterruptService  text58       001824
__end_of_setAngle               text6        0032DA
__end_of_showInterface          text15       0026D6
__end_of_sortBattery            text1        00113C
__end_of_startTimer             text5        0035CC
__end_of_stopServo              text2        0036AE
__end_ofi2___altoft             text56       0034C2
__end_ofi2___awtoft             text55       00383E
__end_ofi2___ftadd              text54       0019D0
__end_ofi2___ftdiv              text53       002A8C
__end_ofi2___ftmul              text52       0028BE
__end_ofi2___ftpack             text57       002FC0
__end_ofi2___fttol              text51       0027CA
__end_ofi2_angleToPulse         text50       00238A
__end_ofi2_digitalRead          text61       002F12
__end_ofi2_digitalWrite         text60       00306C
__end_ofi2_setAngle             text49       00352A
__end_ofi2_startTimer           text59       003664
__initialization                cinit        00352A
__mediumconst                   mediumconst  00FDD2
__npowers_                      mediumconst  00FDFB
__pbssBANK1                     bssBANK1     000100
__pcinit                        cinit        00352A
__pcstackBANK0                  cstackBANK0  000080
__pcstackBANK1                  cstackBANK1  00015D
__pcstackCOMRAM                 cstackCOMRAM 000001
__pdataBANK1                    dataBANK1    00012F
__pdataCOMRAM                   dataCOMRAM   000076
__pidataBANK1                   idataBANK1   0038D6
__pidataCOMRAM                  idataCOMRAM  003A64
__pintcode                      intcode      000008
__pintcode_body                 intcode_body 00238A
__pmediumconst                  mediumconst  00FDD2
__powers_                       mediumconst  00FE22
__ptext0                        text0        002DAE
__ptext1                        text1        000E12
__ptext10                       text10       00310E
__ptext11                       text11       0036AE
__ptext12                       text12       002A8C
__ptext13                       text13       0028BE
__ptext14                       text14       003786
__ptext15                       text15       0025D2
__ptext16                       text16       003980
__ptext17                       text17       0039A6
__ptext18                       text18       0039CC
__ptext19                       text19       003874
__ptext2                        text2        003664
__ptext20                       text20       003904
__ptext21                       text21       0039F2
__ptext22                       text22       003A18
__ptext23                       text23       000012
__ptext24                       text24       000964
__ptext25                       text25       003958
__ptext26                       text26       003A54
__ptext27                       text27       00113C
__ptext28                       text28       00383E
__ptext29                       text29       001E5C
__ptext3                        text3        003A3E
__ptext30                       text30       00306C
__ptext31                       text31       002C34
__ptext32                       text32       0019D0
__ptext33                       text33       001B6E
__ptext34                       text34       003356
__ptext35                       text35       0031AC
__ptext36                       text36       002CF2
__ptext37                       text37       002106
__ptext38                       text38       0035CC
__ptext39                       text39       0013E8
__ptext4                        text4        0032DA
__ptext40                       text40       0024C6
__ptext41                       text41       0038A6
__ptext42                       text42       002B6C
__ptext43                       text43       003A5C
__ptext44                       text44       0037C8
__ptext45                       text45       0036F8
__ptext46                       text46       00392E
__ptext47                       text47       0033D2
__ptext49                       text49       0034C2
__ptext5                        text5        00357C
__ptext50                       text50       00224A
__ptext51                       text51       0026D6
__ptext52                       text52       0027CA
__ptext53                       text53       0029A6
__ptext54                       text54       001824
__ptext55                       text55       003806
__ptext56                       text56       00344A
__ptext57                       text57       002F12
__ptext58                       text58       001650
__ptext59                       text59       003618
__ptext6                        text6        003246
__ptext60                       text60       002FC0
__ptext61                       text61       002E60
__ptext7                        text7        001CF6
__ptext8                        text8        001FBA
__ptext9                        text9        003742
__ramtop                        ramtop       001000
__size_of___altoft              (abs)        000000
__size_of___awdiv               (abs)        000000
__size_of___awmod               (abs)        000000
__size_of___awtoft              (abs)        000000
__size_of___ftadd               (abs)        000000
__size_of___ftdiv               (abs)        000000
__size_of___ftge                (abs)        000000
__size_of___ftmul               (abs)        000000
__size_of___ftneg               (abs)        000000
__size_of___ftpack              (abs)        000000
__size_of___ftsub               (abs)        000000
__size_of___fttol               (abs)        000000
__size_of___lldiv               (abs)        000000
__size_of___llmod               (abs)        000000
__size_of___lltoft              (abs)        000000
__size_of___wmul                (abs)        000000
__size_of__div_to_l_            (abs)        000000
__size_of__tdiv_to_l_           (abs)        000000
__size_of_analogRead            (abs)        000000
__size_of_angleToPulse          (abs)        000000
__size_of_dateTime              (abs)        000000
__size_of_digitalRead           (abs)        000000
__size_of_digitalWrite          (abs)        000000
__size_of_fround                (abs)        000000
__size_of_initLCD               (abs)        000000
__size_of_initServo             (abs)        000000
__size_of_initTimer             (abs)        000000
__size_of_lcdClear              (abs)        000000
__size_of_lcdInst               (abs)        000000
__size_of_lcdNewline            (abs)        000000
__size_of_lcdNibble             (abs)        000000
__size_of_main                  (abs)        000000
__size_of_mainMenu              (abs)        000000
__size_of_pause                 (abs)        000000
__size_of_pinSetup              (abs)        000000
__size_of_printf                (abs)        000000
__size_of_putch                 (abs)        000000
__size_of_readKeypad            (abs)        000000
__size_of_runMenu               (abs)        000000
__size_of_runSelect             (abs)        000000
__size_of_runStats              (abs)        000000
__size_of_runTime               (abs)        000000
__size_of_scale                 (abs)        000000
__size_of_service               (abs)        000000
__size_of_servoInterruptService (abs)        000000
__size_of_setAngle              (abs)        000000
__size_of_showInterface         (abs)        000000
__size_of_sortBattery           (abs)        000000
__size_of_startTimer            (abs)        000000
__size_of_stopServo             (abs)        000000
__size_ofi2___altoft            (abs)        000000
__size_ofi2___awtoft            (abs)        000000
__size_ofi2___ftadd             (abs)        000000
__size_ofi2___ftdiv             (abs)        000000
__size_ofi2___ftmul             (abs)        000000
__size_ofi2___ftpack            (abs)        000000
__size_ofi2___fttol             (abs)        000000
__size_ofi2_angleToPulse        (abs)        000000
__size_ofi2_digitalRead         (abs)        000000
__size_ofi2_digitalWrite        (abs)        000000
__size_ofi2_setAngle            (abs)        000000
__size_ofi2_startTimer          (abs)        000000
__smallconst                    smallconst   000000
__tdiv_to_l_                    text32       0019D0
__tdiv_to_l_@cntr               cstackBANK0  00008D
__tdiv_to_l_@exp1               cstackBANK0  00008E
__tdiv_to_l_@f1                 cstackBANK0  000080
__tdiv_to_l_@f2                 cstackBANK0  000083
__tdiv_to_l_@quot               cstackBANK0  000089
_analogRead                     text14       003786
_angleToPulse                   text7        001CF6
_angleToPulse$1297              cstackBANK0  0000E5
_conveyorServo                  dataBANK1    00012F
_cylinderMotor                  dataBANK1    000145
_dateTime                       text22       003A18
_digitalRead                    text13       0028BE
_digitalWrite                   text12       002A8C
_dpowers                        mediumconst  00FDD3
_fround                         text27       00113C
_fround$1298                    cstackBANK0  0000B6
_fround$1299                    cstackBANK0  0000B3
_happynewyear                   mediumconst  00FE7A
_hexpowers                      mediumconst  00FE49
_initLCD                        text45       0036F8
_initServo                      text4        0032DA
_initTimer                      text11       0036AE
_keys                           mediumconst  00FE69
_lcdClear                       text43       003A5C
_lcdInst                        text46       00392E
_lcdNewline                     text26       003A54
_lcdNibble                      text47       0033D2
_main                           text0        002DAE
_mainMenu                       text21       0039F2
_padAngle_CLOSE                 dataBANK1    000151
_padAngle_NEUTRAL               dataBANK1    000153
_padAngle_OPEN                  dataBANK1    000155
_padPin1                        dataBANK1    000149
_padPin2                        dataBANK1    00014D
_padPin3                        bssBANK1     000120
_padServo                       dataBANK1    000135
_pause                          text3        003A3E
_pin                            bssBANK1     000110
_pinSetup                       text44       0037C8
_port                           bssBANK1     000118
_printf                         text23       000012
_printf$1301                    cstackBANK0  0000E2
_pulse                          bssBANK1     000100
_putch                          text25       003958
_readKeypad                     text20       003904
_redirectAngle_9V               dataBANK1    000157
_redirectAngle_AA               dataBANK1    000159
_redirectAngle_C                dataCOMRAM   000076
_redirectAngle_OTHER            dataBANK1    00015B
_redirectingServo               dataBANK1    00013B
_runMenu                        text19       003874
_runSelect                      text18       0039CC
_runStats                       text17       0039A6
_runTime                        text16       003980
_scale                          text24       000964
_scale$1300                     cstackBANK0  0000B3
_service                        intcode      000008
_servoInterruptService          text58       001650
_setAngle                       text6        003246
_showInterface                  text15       0025D2
_sortBattery                    text1        000E12
_startTimer                     text5        00357C
_stopServo                      text2        003664
_switchFlag                     bssBANK1     00012D
analogRead@channel              cstackBANK0  000080
angleToPulse@a000               cstackBANK0  0000E8
angleToPulse@a180               cstackBANK0  0000E1
angleToPulse@angle              cstackBANK0  0000D5
angleToPulse@offset             cstackBANK0  0000DD
btemp                           temp         000078
digitalRead@pin                 cstackBANK0  000082
digitalRead@port                cstackBANK0  000080
digitalWrite@pin                cstackBANK0  000082
digitalWrite@port               cstackBANK0  000080
digitalWrite@val                cstackBANK0  000084
end_of_initialization           cinit        00356E
fround@prec                     cstackBANK0  0000B9
i2___altoft                     text56       00344A
i2___altoft@c                   cstackCOMRAM 000009
i2___altoft@exp                 cstackCOMRAM 000011
i2___altoft@sign                cstackCOMRAM 000012
i2___awtoft                     text55       003806
i2___awtoft@c                   cstackCOMRAM 000009
i2___awtoft@sign                cstackCOMRAM 00000C
i2___ftadd                      text54       001824
i2___ftadd@exp1                 cstackCOMRAM 000036
i2___ftadd@exp2                 cstackCOMRAM 000035
i2___ftadd@f1                   cstackCOMRAM 00002B
i2___ftadd@f2                   cstackCOMRAM 00002E
i2___ftadd@sign                 cstackCOMRAM 000034
i2___ftdiv                      text53       0029A6
i2___ftdiv@cntr                 cstackCOMRAM 000016
i2___ftdiv@exp                  cstackCOMRAM 00001A
i2___ftdiv@f1                   cstackCOMRAM 00000D
i2___ftdiv@f2                   cstackCOMRAM 000010
i2___ftdiv@f3                   cstackCOMRAM 000017
i2___ftdiv@sign                 cstackCOMRAM 00001B
i2___ftmul                      text52       0027CA
i2___ftmul@cntr                 cstackCOMRAM 000029
i2___ftmul@exp                  cstackCOMRAM 000025
i2___ftmul@f1                   cstackCOMRAM 00001C
i2___ftmul@f2                   cstackCOMRAM 00001F
i2___ftmul@f3_as_product        cstackCOMRAM 000026
i2___ftmul@sign                 cstackCOMRAM 00002A
i2___ftpack                     text57       002F12
i2___ftpack@arg                 cstackCOMRAM 000001
i2___ftpack@exp                 cstackCOMRAM 000004
i2___ftpack@sign                cstackCOMRAM 000005
i2___fttol                      text51       0026D6
i2___fttol@exp1                 cstackCOMRAM 000045
i2___fttol@f1                   cstackCOMRAM 000037
i2___fttol@lval                 cstackCOMRAM 000041
i2___fttol@sign1                cstackCOMRAM 000040
i2_angleToPulse                 text50       00224A
i2_angleToPulse$1393            cstackCOMRAM 000056
i2_digitalRead                  text61       002E60
i2_digitalWrite                 text60       002FC0
i2_setAngle                     text49       0034C2
i2_startTimer                   text59       003618
i2angleToPulse@a000             cstackCOMRAM 000059
i2angleToPulse@a180             cstackCOMRAM 000052
i2angleToPulse@angle            cstackCOMRAM 000046
i2angleToPulse@offset           cstackCOMRAM 00004E
i2digitalRead@pin               cstackCOMRAM 000003
i2digitalRead@port              cstackCOMRAM 000001
i2digitalWrite@pin              cstackCOMRAM 000003
i2digitalWrite@port             cstackCOMRAM 000001
i2digitalWrite@val              cstackCOMRAM 000005
i2setAngle@angle                cstackCOMRAM 00005F
i2setAngle@timer                cstackCOMRAM 00005D
i2startTimer@timer              cstackCOMRAM 000001
i2startTimer@val                cstackCOMRAM 000003
initServo@angle                 cstackBANK0  0000FC
initServo@pi                    cstackBANK0  0000FA
initServo@po                    cstackBANK0  0000F8
initServo@timer                 cstackBANK0  0000F6
initTimer@timer                 cstackBANK0  000080
int$flags                       temp         000078
int_func                        intcode_body 00238A
intlevel0                       text         000000
intlevel1                       text         000000
intlevel2                       text         000000
intlevel3                       text         000000
lcdInst@data                    cstackBANK0  000083
lcdNibble@data                  cstackBANK0  000081
lcdNibble@temp                  cstackBANK0  000080
pause@message                   cstackBANK0  0000FA
printf@ap                       cstackBANK0  0000E6
printf@c                        cstackBANK0  0000F9
printf@exp                      cstackBANK0  0000EC
printf@f                        cstackBANK0  0000D5
printf@flag                     cstackBANK0  0000E8
printf@fval                     cstackBANK0  0000F6
printf@idx                      cstackBANK0  0000E5
printf@prec                     cstackBANK0  0000EA
printf@tmpval                   cstackBANK0  0000EE
printf@val                      cstackBANK0  0000F2
putch@data                      cstackBANK0  000084
readKeypad@key                  cstackBANK0  000080
runMenu@key                     cstackBANK0  0000FA
scale@scl                       cstackBANK0  0000B6
service@key                     cstackCOMRAM 000075
servoInterruptService@flags     cstackCOMRAM 00000C
servoInterruptService@i         cstackCOMRAM 000014
setAngle@angle                  cstackBANK0  0000EE
setAngle@timer                  cstackBANK0  0000EC
showInterface@key               cstackBANK0  0000FB
sortBattery@V                   cstackBANK1  00016A
sortBattery@V_float             cstackBANK1  00015D
sortBattery@Vcc                 cstackBANK1  000160
sortBattery@resolution          cstackBANK1  000163
sortBattery@signal              cstackBANK1  000168
sortBattery@targetAngle         cstackBANK1  000166
stackhi                         (abs)        000F7F
stacklo                         (abs)        00016D
start                           init         00000E
startTimer@timer                cstackBANK0  000080
startTimer@val                  cstackBANK0  000082
start_initialization            cinit        00352A
stopServo@timer                 cstackBANK0  000080


FUNCTION INFORMATION:

 *************** function _main *****************
 Defined at:
		line 57 in file "main.c"
 Parameters:    Size  Location     Type
		None
 Auto vars:     Size  Location     Type
		None
 Return value:  Size  Location     Type
                  1    wreg      void 
 Registers used:
		wreg, fsr2l, fsr2h, status,2, status,0, tblptrl, tblptrh, tblptru, prodl, prodh, cstack
 Tracked objects:
		On entry : 
		On exit  : 
		Unchanged: 
 Data sizes:     COMRAM   BANK0   BANK1   BANK2   BANK3   BANK4   BANK5   BANK6   BANK7   BANK8   BANK9  BANK10  BANK11  BANK12  BANK13  BANK14  BANK15
      Params:         0       0       0       0       0       0       0       0       0       0       0       0       0       0       0       0       0
      Locals:         0       0       0       0       0       0       0       0       0       0       0       0       0       0       0       0       0
      Temps:          0       0       0       0       0       0       0       0       0       0       0       0       0       0       0       0       0
      Totals:         0       0       0       0       0       0       0       0       0       0       0       0       0       0       0       0       0
Total ram usage:        0 bytes
 Hardware stack levels required when called:   12
 This function calls:
		_initLCD
		_initServo
		_lcdClear
		_pinSetup
		_printf
		_showInterface
		_sortBattery
 This function is called by:
		Startup code after reset
 This function uses a non-reentrant model


 *************** function _sortBattery *****************
 Defined at:
		line 94 in file "main.c"
 Parameters:    Size  Location     Type
		None
 Auto vars:     Size  Location     Type
  V_float         3    0[BANK1 ] float 
  V               3   13[BANK1 ] float 
  resolution      3    6[BANK1 ] float 
  Vcc             3    3[BANK1 ] float 
  signal          2   11[BANK1 ] int 
  targetAngle     2    9[BANK1 ] int 
 Return value:  Size  Location     Type
                  1    wreg      void 
 Registers used:
		wreg, fsr2l, fsr2h, status,2, status,0, tblptrl, tblptrh, tblptru, prodl, prodh, cstack
 Tracked objects:
		On entry : 
		On exit  : 
		Unchanged: 
 Data sizes:     COMRAM   BANK0   BANK1   BANK2   BANK3   BANK4   BANK5   BANK6   BANK7   BANK8   BANK9  BANK10  BANK11  BANK12  BANK13  BANK14  BANK15
      Params:         0       0       0       0       0       0       0       0       0       0       0       0       0       0       0       0       0
      Locals:         0       0      16       0       0       0       0       0       0       0       0       0       0       0       0       0       0
      Temps:          0       2       0       0       0       0       0       0       0       0       0       0       0       0       0       0       0
      Totals:         0       2      16       0       0       0       0       0       0       0       0       0       0       0       0       0       0
Total ram usage:       18 bytes
 Hardware stack levels used:    1
 Hardware stack levels required when called:   11
 This function calls:
		___altoft
		___ftdiv
		___ftge
		___ftmul
		_analogRead
		_digitalRead
		_digitalWrite
		_initServo
		_lcdClear
		_pause
		_printf
		_setAngle
		_stopServo
 This function is called by:
		_main
 This function uses a non-reentrant model


 *************** function _stopServo *****************
 Defined at:
		line 26 in file "servo.c"
 Parameters:    Size  Location     Type
  timer           2    0[BANK0 ] int 
 Auto vars:     Size  Location     Type
		None
 Return value:  Size  Location     Type
                  1    wreg      void 
 Registers used:
		wreg, status,2, status,0
 Tracked objects:
		On entry : 
		On exit  : 
		Unchanged: 
 Data sizes:     COMRAM   BANK0   BANK1   BANK2   BANK3   BANK4   BANK5   BANK6   BANK7   BANK8   BANK9  BANK10  BANK11  BANK12  BANK13  BANK14  BANK15
      Params:         0       2       0       0       0       0       0       0       0       0       0       0       0       0       0       0       0
      Locals:         0       0       0       0       0       0       0       0       0       0       0       0       0       0       0       0       0
      Temps:          0       2       0       0       0       0       0       0       0       0       0       0       0       0       0       0       0
      Totals:         0       4       0       0       0       0       0       0       0       0       0       0       0       0       0       0       0
Total ram usage:        4 bytes
 Hardware stack levels used:    1
 Hardware stack levels required when called:    5
 This function calls:
		Nothing
 This function is called by:
		_sortBattery
 This function uses a non-reentrant model


 *************** function _pause *****************
 Defined at:
		line 224 in file "main.c"
 Parameters:    Size  Location     Type
  message         2  122[BANK0 ] PTR unsigned char 
		 -> STR_8(24), STR_7(15), STR_6(17), STR_5(20), 
		 -> STR_3(14), STR_2(20), 
 Auto vars:     Size  Location     Type
		None
 Return value:  Size  Location     Type
                  1    wreg      void 
 Registers used:
		wreg, fsr2l, fsr2h, status,2, status,0, tblptrl, tblptrh, tblptru, prodl, prodh, cstack
 Tracked objects:
		On entry : 
		On exit  : 
		Unchanged: 
 Data sizes:     COMRAM   BANK0   BANK1   BANK2   BANK3   BANK4   BANK5   BANK6   BANK7   BANK8   BANK9  BANK10  BANK11  BANK12  BANK13  BANK14  BANK15
      Params:         0       2       0       0       0       0       0       0       0       0       0       0       0       0       0       0       0
      Locals:         0       0       0       0       0       0       0       0       0       0       0       0       0       0       0       0       0
      Temps:          0       0       0       0       0       0       0       0       0       0       0       0       0       0       0       0       0
      Totals:         0       2       0       0       0       0       0       0       0       0       0       0       0       0       0       0       0
Total ram usage:        2 bytes
 Hardware stack levels used:    1
 Hardware stack levels required when called:   10
 This function calls:
		_lcdClear
		_printf
		_readKeypad
 This function is called by:
		_sortBattery
 This function uses a non-reentrant model


 *************** function _initServo *****************
 Defined at:
		line 17 in file "servo.c"
 Parameters:    Size  Location     Type
  timer           2  118[BANK0 ] int 
  po              2  120[BANK0 ] int 
  pi              2  122[BANK0 ] int 
  angle           2  124[BANK0 ] int 
 Auto vars:     Size  Location     Type
		None
 Return value:  Size  Location     Type
                  1    wreg      void 
 Registers used:
		wreg, fsr2l, fsr2h, status,2, status,0, cstack
 Tracked objects:
		On entry : 
		On exit  : 
		Unchanged: 
 Data sizes:     COMRAM   BANK0   BANK1   BANK2   BANK3   BANK4   BANK5   BANK6   BANK7   BANK8   BANK9  BANK10  BANK11  BANK12  BANK13  BANK14  BANK15
      Params:         0       8       0       0       0       0       0       0       0       0       0       0       0       0       0       0       0
      Locals:         0       0       0       0       0       0       0       0       0       0       0       0       0       0       0       0       0
      Temps:          0       0       0       0       0       0       0       0       0       0       0       0       0       0       0       0       0
      Totals:         0       8       0       0       0       0       0       0       0       0       0       0       0       0       0       0       0
Total ram usage:        8 bytes
 Hardware stack levels used:    1
 Hardware stack levels required when called:    9
 This function calls:
		_initTimer
		_setAngle
		_startTimer
 This function is called by:
		_main
		_sortBattery
 This function uses a non-reentrant model


 *************** function _startTimer *****************
 Defined at:
		line 75 in file "timer.c"
 Parameters:    Size  Location     Type
  timer           2    0[BANK0 ] int 
  val             4    2[BANK0 ] long 
 Auto vars:     Size  Location     Type
		None
 Return value:  Size  Location     Type
                  1    wreg      void 
 Registers used:
		wreg, status,2, status,0
 Tracked objects:
		On entry : 
		On exit  : 
		Unchanged: 
 Data sizes:     COMRAM   BANK0   BANK1   BANK2   BANK3   BANK4   BANK5   BANK6   BANK7   BANK8   BANK9  BANK10  BANK11  BANK12  BANK13  BANK14  BANK15
      Params:         0       6       0       0       0       0       0       0       0       0       0       0       0       0       0       0       0
      Locals:         0       0       0       0       0       0       0       0       0       0       0       0       0       0       0       0       0
      Temps:          0       2       0       0       0       0       0       0       0       0       0       0       0       0       0       0       0
      Totals:         0       8       0       0       0       0       0       0       0       0       0       0       0       0       0       0       0
Total ram usage:        8 bytes
 Hardware stack levels used:    1
 Hardware stack levels required when called:    5
 This function calls:
		Nothing
 This function is called by:
		_initServo
		_testFrequency
 This function uses a non-reentrant model


 *************** function _setAngle *****************
 Defined at:
		line 43 in file "servo.c"
 Parameters:    Size  Location     Type
  timer           2  108[BANK0 ] int 
  angle           2  110[BANK0 ] int 
 Auto vars:     Size  Location     Type
		None
 Return value:  Size  Location     Type
                  1    wreg      void 
 Registers used:
		wreg, fsr2l, fsr2h, status,2, status,0, cstack
 Tracked objects:
		On entry : 
		On exit  : 
		Unchanged: 
 Data sizes:     COMRAM   BANK0   BANK1   BANK2   BANK3   BANK4   BANK5   BANK6   BANK7   BANK8   BANK9  BANK10  BANK11  BANK12  BANK13  BANK14  BANK15
      Params:         0       4       0       0       0       0       0       0       0       0       0       0       0       0       0       0       0
      Locals:         0       0       0       0       0       0       0       0       0       0       0       0       0       0       0       0       0
      Temps:          0       6       0       0       0       0       0       0       0       0       0       0       0       0       0       0       0
      Totals:         0      10       0       0       0       0       0       0       0       0       0       0       0       0       0       0       0
Total ram usage:       10 bytes
 Hardware stack levels used:    1
 Hardware stack levels required when called:    8
 This function calls:
		_angleToPulse
 This function is called by:
		_sortBattery
		_initServo
 This function uses a non-reentrant model


 *************** function _angleToPulse *****************
 Defined at:
		line 35 in file "servo.c"
 Parameters:    Size  Location     Type
  angle           2   85[BANK0 ] int 
 Auto vars:     Size  Location     Type
  a000            4  104[BANK0 ] long 
  a180            4   97[BANK0 ] long 
  offset          4   93[BANK0 ] long 
 Return value:  Size  Location     Type
                  4   85[BANK0 ] long 
 Registers used:
		wreg, status,2, status,0, cstack
 Tracked objects:
		On entry : 
		On exit  : 
		Unchanged: 
 Data sizes:     COMRAM   BANK0   BANK1   BANK2   BANK3   BANK4   BANK5   BANK6   BANK7   BANK8   BANK9  BANK10  BANK11  BANK12  BANK13  BANK14  BANK15
      Params:         0       4       0       0       0       0       0       0       0       0       0       0       0       0       0       0       0
      Locals:         0      15       0       0       0       0       0       0       0       0       0       0       0       0       0       0       0
      Temps:          0       4       0       0       0       0       0       0       0       0       0       0       0       0       0       0       0
      Totals:         0      23       0       0       0       0       0       0       0       0       0       0       0       0       0       0       0
Total ram usage:       23 bytes
 Hardware stack levels used:    1
 Hardware stack levels required when called:    7
 This function calls:
		___altoft
		___awtoft
		___ftadd
		___ftdiv
		___ftmul
		___fttol
 This function is called by:
		_setAngle
 This function uses a non-reentrant model


 *************** function ___ftdiv *****************
 Defined at:
		line 54 in file "C:\Program Files (x86)\Microchip\xc8\v1.40\sources\common\ftdiv.c"
 Parameters:    Size  Location     Type
  f1              3   18[BANK0 ] float 
  f2              3   21[BANK0 ] float 
 Auto vars:     Size  Location     Type
  f3              3   28[BANK0 ] float 
  sign            1   32[BANK0 ] unsigned char 
  exp             1   31[BANK0 ] unsigned char 
  cntr            1   27[BANK0 ] unsigned char 
 Return value:  Size  Location     Type
                  3   18[BANK0 ] float 
 Registers used:
		wreg, status,2, status,0, cstack
 Tracked objects:
		On entry : 
		On exit  : 
		Unchanged: 
 Data sizes:     COMRAM   BANK0   BANK1   BANK2   BANK3   BANK4   BANK5   BANK6   BANK7   BANK8   BANK9  BANK10  BANK11  BANK12  BANK13  BANK14  BANK15
      Params:         0       6       0       0       0       0       0       0       0       0       0       0       0       0       0       0       0
      Locals:         0       6       0       0       0       0       0       0       0       0       0       0       0       0       0       0       0
      Temps:          0       3       0       0       0       0       0       0       0       0       0       0       0       0       0       0       0
      Totals:         0      15       0       0       0       0       0       0       0       0       0       0       0       0       0       0       0
Total ram usage:       15 bytes
 Hardware stack levels used:    1
 Hardware stack levels required when called:    6
 This function calls:
		___ftpack
 This function is called by:
		_sortBattery
		_angleToPulse
		_testFrequency
 This function uses a non-reentrant model


 *************** function ___awtoft *****************
 Defined at:
		line 32 in file "C:\Program Files (x86)\Microchip\xc8\v1.40\sources\common\awtoft.c"
 Parameters:    Size  Location     Type
  c               2    8[BANK0 ] int 
 Auto vars:     Size  Location     Type
  sign            1   11[BANK0 ] unsigned char 
 Return value:  Size  Location     Type
                  3    8[BANK0 ] float 
 Registers used:
		wreg, status,2, status,0, cstack
 Tracked objects:
		On entry : 
		On exit  : 
		Unchanged: 
 Data sizes:     COMRAM   BANK0   BANK1   BANK2   BANK3   BANK4   BANK5   BANK6   BANK7   BANK8   BANK9  BANK10  BANK11  BANK12  BANK13  BANK14  BANK15
      Params:         0       3       0       0       0       0       0       0       0       0       0       0       0       0       0       0       0
      Locals:         0       1       0       0       0       0       0       0       0       0       0       0       0       0       0       0       0
[...]
  __ftdiv         1   21[COMRAM] unsigned char 
 Return value:  Size  Location     Type
                  3   12[COMRAM] float 
 Registers used:
		wreg, status,2, status,0, cstack
 Tracked objects:
		On entry : 
		On exit  : 
		Unchanged: 
 Data sizes:     COMRAM   BANK0   BANK1   BANK2   BANK3   BANK4   BANK5   BANK6   BANK7   BANK8   BANK9  BANK10  BANK11  BANK12  BANK13  BANK14  BANK15
      Params:         6       0       0       0       0       0       0       0       0       0       0       0       0       0       0       0       0
      Locals:         6       0       0       0       0       0       0       0       0       0       0       0       0       0       0       0       0
      Temps:          3       0       0       0       0       0       0       0       0       0       0       0       0       0       0       0       0
      Totals:        15       0       0       0       0       0       0       0       0       0       0       0       0       0       0       0       0
Total ram usage:       15 bytes
 Hardware stack levels used:    1
 Hardware stack levels required when called:    1
 This function calls:
		i2___ftpack
 This function is called by:
		i2_angleToPulse
 This function uses a non-reentrant model


 *************** function i2___ftadd *****************
 Defined at:
		line 86 in file "C:\Program Files (x86)\Microchip\xc8\v1.40\sources\common\ftadd.c"
 Parameters:    Size  Location     Type
  f1              3   42[COMRAM] float 
  f2              3   45[COMRAM] float 
 Auto vars:     Size  Location     Type
  __ftadd         1   53[COMRAM] unsigned char 
  __ftadd         1   52[COMRAM] unsigned char 
  __ftadd         1   51[COMRAM] unsigned char 
 Return value:  Size  Location     Type
                  3   42[COMRAM] float 
 Registers used:
		wreg, status,2, status,0, cstack
 Tracked objects:
		On entry : 
		On exit  : 
		Unchanged: 
 Data sizes:     COMRAM   BANK0   BANK1   BANK2   BANK3   BANK4   BANK5   BANK6   BANK7   BANK8   BANK9  BANK10  BANK11  BANK12  BANK13  BANK14  BANK15
      Params:         6       0       0       0       0       0       0       0       0       0       0       0       0       0       0       0       0
      Locals:         3       0       0       0       0       0       0       0       0       0       0       0       0       0       0       0       0
      Temps:          3       0       0       0       0       0       0       0       0       0       0       0       0       0       0       0       0
      Totals:        12       0       0       0       0       0       0       0       0       0       0       0       0       0       0       0       0
Total ram usage:       12 bytes
 Hardware stack levels used:    1
 Hardware stack levels required when called:    1
 This function calls:
		i2___ftpack
 This function is called by:
		i2_angleToPulse
 This function uses a non-reentrant model


 *************** function i2___awtoft *****************
 Defined at:
		line 32 in file "C:\Program Files (x86)\Microchip\xc8\v1.40\sources\common\awtoft.c"
 Parameters:    Size  Location     Type
  c               2    8[COMRAM] int 
 Auto vars:     Size  Location     Type
  __awtoft        1   11[COMRAM] unsigned char 
 Return value:  Size  Location     Type
                  3    8[COMRAM] float 
 Registers used:
		wreg, status,2, status,0, cstack
 Tracked objects:
		On entry : 
		On exit  : 
		Unchanged: 
 Data sizes:     COMRAM   BANK0   BANK1   BANK2   BANK3   BANK4   BANK5   BANK6   BANK7   BANK8   BANK9  BANK10  BANK11  BANK12  BANK13  BANK14  BANK15
      Params:         3       0       0       0       0       0       0       0       0       0       0       0       0       0       0       0       0
      Locals:         1       0       0       0       0       0       0       0       0       0       0       0       0       0       0       0       0
      Temps:          0       0       0       0       0       0       0       0       0       0       0       0       0       0       0       0       0
      Totals:         4       0       0       0       0       0       0       0       0       0       0       0       0       0       0       0       0
Total ram usage:        4 bytes
 Hardware stack levels used:    1
 Hardware stack levels required when called:    1
 This function calls:
		i2___ftpack
 This function is called by:
		i2_angleToPulse
 This function uses a non-reentrant model


 *************** function i2___altoft *****************
 Defined at:
		line 42 in file "C:\Program Files (x86)\Microchip\xc8\v1.40\sources\common\altoft.c"
 Parameters:    Size  Location     Type
  c               4    8[COMRAM] long 
 Auto vars:     Size  Location     Type
  __altoft        1   17[COMRAM] unsigned char 
  __altoft        1   16[COMRAM] unsigned char 
 Return value:  Size  Location     Type
                  3    8[COMRAM] float 
 Registers used:
		wreg, status,2, status,0, cstack
 Tracked objects:
		On entry : 
		On exit  : 
		Unchanged: 
 Data sizes:     COMRAM   BANK0   BANK1   BANK2   BANK3   BANK4   BANK5   BANK6   BANK7   BANK8   BANK9  BANK10  BANK11  BANK12  BANK13  BANK14  BANK15
      Params:         4       0       0       0       0       0       0       0       0       0       0       0       0       0       0       0       0
      Locals:         2       0       0       0       0       0       0       0       0       0       0       0       0       0       0       0       0
      Temps:          4       0       0       0       0       0       0       0       0       0       0       0       0       0       0       0       0
      Totals:        10       0       0       0       0       0       0       0       0       0       0       0       0       0       0       0       0
Total ram usage:       10 bytes
 Hardware stack levels used:    1
 Hardware stack levels required when called:    1
 This function calls:
		i2___ftpack
 This function is called by:
		i2_angleToPulse
 This function uses a non-reentrant model


 *************** function i2___ftpack *****************
 Defined at:
		line 62 in file "C:\Program Files (x86)\Microchip\xc8\v1.40\sources\common\float.c"
 Parameters:    Size  Location     Type
  arg             3    0[COMRAM] unsigned um
  exp             1    3[COMRAM] unsigned char 
  sign            1    4[COMRAM] unsigned char 
 Auto vars:     Size  Location     Type
		None
 Return value:  Size  Location     Type
                  3    0[COMRAM] float 
 Registers used:
		wreg, status,2, status,0
 Tracked objects:
		On entry : 
		On exit  : 
		Unchanged: 
 Data sizes:     COMRAM   BANK0   BANK1   BANK2   BANK3   BANK4   BANK5   BANK6   BANK7   BANK8   BANK9  BANK10  BANK11  BANK12  BANK13  BANK14  BANK15
      Params:         5       0       0       0       0       0       0       0       0       0       0       0       0       0       0       0       0
      Locals:         0       0       0       0       0       0       0       0       0       0       0       0       0       0       0       0       0
      Temps:          3       0       0       0       0       0       0       0       0       0       0       0       0       0       0       0       0
      Totals:         8       0       0       0       0       0       0       0       0       0       0       0       0       0       0       0       0
Total ram usage:        8 bytes
 Hardware stack levels used:    1
 This function calls:
		Nothing
 This function is called by:
		i2___altoft
		i2___awtoft
		i2___ftadd
		i2___ftdiv
		i2___ftmul
 This function uses a non-reentrant model


 *************** function _servoInterruptService *****************
 Defined at:
		line 47 in file "servo.c"
 Parameters:    Size  Location     Type
		None
 Auto vars:     Size  Location     Type
  i               2   19[COMRAM] int 
  flags           8   11[COMRAM] int [4]
 Return value:  Size  Location     Type
                  1    wreg      void 
 Registers used:
		wreg, fsr2l, fsr2h, status,2, status,0, cstack
 Tracked objects:
		On entry : 
		On exit  : 
		Unchanged: 
 Data sizes:     COMRAM   BANK0   BANK1   BANK2   BANK3   BANK4   BANK5   BANK6   BANK7   BANK8   BANK9  BANK10  BANK11  BANK12  BANK13  BANK14  BANK15
      Params:         0       0       0       0       0       0       0       0       0       0       0       0       0       0       0       0       0
      Locals:        10       0       0       0       0       0       0       0       0       0       0       0       0       0       0       0       0
      Temps:          2       0       0       0       0       0       0       0       0       0       0       0       0       0       0       0       0
      Totals:        12       0       0       0       0       0       0       0       0       0       0       0       0       0       0       0       0
Total ram usage:       12 bytes
 Hardware stack levels used:    1
 Hardware stack levels required when called:    1
 This function calls:
		i2_digitalRead
		i2_digitalWrite
		i2_startTimer
 This function is called by:
		_service
 This function uses a non-reentrant model


 *************** function i2_startTimer *****************
 Defined at:
		line 75 in file "timer.c"
 Parameters:    Size  Location     Type
  timer           2    0[COMRAM] int 
  val             4    2[COMRAM] long 
 Auto vars:     Size  Location     Type
		None
 Return value:  Size  Location     Type
                  1    wreg      void 
 Registers used:
		wreg, status,2, status,0
 Tracked objects:
		On entry : 
		On exit  : 
		Unchanged: 
 Data sizes:     COMRAM   BANK0   BANK1   BANK2   BANK3   BANK4   BANK5   BANK6   BANK7   BANK8   BANK9  BANK10  BANK11  BANK12  BANK13  BANK14  BANK15
      Params:         6       0       0       0       0       0       0       0       0       0       0       0       0       0       0       0       0
      Locals:         0       0       0       0       0       0       0       0       0       0       0       0       0       0       0       0       0
      Temps:          2       0       0       0       0       0       0       0       0       0       0       0       0       0       0       0       0
      Totals:         8       0       0       0       0       0       0       0       0       0       0       0       0       0       0       0       0
Total ram usage:        8 bytes
 Hardware stack levels used:    1
 This function calls:
		Nothing
 This function is called by:
		_servoInterruptService
 This function uses a non-reentrant model


 *************** function i2_digitalWrite *****************
 Defined at:
		line 53 in file "iopin.c"
 Parameters:    Size  Location     Type
  port            2    0[COMRAM] int 
  pin             2    2[COMRAM] int 
  val             2    4[COMRAM] int 
 Auto vars:     Size  Location     Type
		None
 Return value:  Size  Location     Type
                  1    wreg      void 
 Registers used:
		wreg, status,2, status,0
 Tracked objects:
		On entry : 
		On exit  : 
		Unchanged: 
 Data sizes:     COMRAM   BANK0   BANK1   BANK2   BANK3   BANK4   BANK5   BANK6   BANK7   BANK8   BANK9  BANK10  BANK11  BANK12  BANK13  BANK14  BANK15
      Params:         6       0       0       0       0       0       0       0       0       0       0       0       0       0       0       0       0
      Locals:         0       0       0       0       0       0       0       0       0       0       0       0       0       0       0       0       0
      Temps:          3       0       0       0       0       0       0       0       0       0       0       0       0       0       0       0       0
      Totals:         9       0       0       0       0       0       0       0       0       0       0       0       0       0       0       0       0
Total ram usage:        9 bytes
 Hardware stack levels used:    1
 This function calls:
		Nothing
 This function is called by:
		_servoInterruptService
 This function uses a non-reentrant model


 *************** function i2_digitalRead *****************
 Defined at:
		line 43 in file "iopin.c"
 Parameters:    Size  Location     Type
  port            2    0[COMRAM] int 
  pin             2    2[COMRAM] int 
 Auto vars:     Size  Location     Type
		None
 Return value:  Size  Location     Type
                  2    0[COMRAM] int 
 Registers used:
		wreg, status,2, status,0
 Tracked objects:
		On entry : 
		On exit  : 
		Unchanged: 
 Data sizes:     COMRAM   BANK0   BANK1   BANK2   BANK3   BANK4   BANK5   BANK6   BANK7   BANK8   BANK9  BANK10  BANK11  BANK12  BANK13  BANK14  BANK15
      Params:         4       0       0       0       0       0       0       0       0       0       0       0       0       0       0       0       0
      Locals:         0       0       0       0       0       0       0       0       0       0       0       0       0       0       0       0       0
      Temps:          2       0       0       0       0       0       0       0       0       0       0       0       0       0       0       0       0
      Totals:         6       0       0       0       0       0       0       0       0       0       0       0       0       0       0       0       0
Total ram usage:        6 bytes
 Hardware stack levels used:    1
 This function calls:
		Nothing
 This function is called by:
		_servoInterruptService
 This function uses a non-reentrant model



MODULE INFORMATION

Module		Function		Class		Link	Load	Size
C:\Program Files (x86)\Microchip\xc8\v1.40\sources\common\awtoft.c
		___awtoft      		CODE           	3742	0000	69

C:\Program Files (x86)\Microchip\xc8\v1.40\sources\common\awtoft.c estimated size: 69

C:\Program Files (x86)\Microchip\xc8\v1.40\sources\common\altoft.c
		___altoft      		CODE           	310E	0000	159

C:\Program Files (x86)\Microchip\xc8\v1.40\sources\common\altoft.c estimated size: 159

servo.c
		_initServo     		CODE           	32DA	0000	125
		_servoInterruptService		CODE           	1650	0000	469
		_stopServo     		CODE           	3664	0000	75
		_setAngle      		CODE           	3246	0000	149
		_angleToPulse  		CODE           	1CF6	0000	359

servo.c estimated size: 1177

keypad.c
		_readKeypad    		CODE           	3904	0000	43

keypad.c estimated size: 43

C:\Program Files (x86)\Microchip\xc8\v1.40\sources\common\ftneg.c
		___ftneg       		CODE           	38A6	0000	49

C:\Program Files (x86)\Microchip\xc8\v1.40\sources\common\ftneg.c estimated size: 49

C:\Program Files (x86)\Microchip\xc8\v1.40\sources\common\doprnt.c
		_scale         		CODE           	0964	0000	1199
		_printf        		CODE           	0012	0000	2387
		_fround        		CODE           	113C	0000	685

C:\Program Files (x86)\Microchip\xc8\v1.40\sources\common\doprnt.c estimated size: 4271

C:\Program Files (x86)\Microchip\xc8\v1.40\sources\common\lltoft.c
		___lltoft      		CODE           	3356	0000	125

C:\Program Files (x86)\Microchip\xc8\v1.40\sources\common\lltoft.c estimated size: 125

C:\Program Files (x86)\Microchip\xc8\v1.40\sources\common\ftsub.c
		___ftsub       		CODE           	35CC	0000	77

C:\Program Files (x86)\Microchip\xc8\v1.40\sources\common\ftsub.c estimated size: 77

C:\Program Files (x86)\Microchip\xc8\v1.40\sources\common\float.c
		___ftpack      		CODE           	24C6	0000	269

C:\Program Files (x86)\Microchip\xc8\v1.40\sources\common\float.c estimated size: 269

timer.c
		_initTimer     		CODE           	36AE	0000	75
		_startTimer    		CODE           	357C	0000	81

timer.c estimated size: 156

C:\Program Files (x86)\Microchip\xc8\v1.40\sources\common\ftdivl.c
		__tdiv_to_l_   		CODE           	19D0	0000	415

C:\Program Files (x86)\Microchip\xc8\v1.40\sources\common\ftdivl.c estimated size: 415

C:\Program Files (x86)\Microchip\xc8\v1.40\sources\common\ftge.c
		___ftge        		CODE           	2B6C	0000	201

C:\Program Files (x86)\Microchip\xc8\v1.40\sources\common\ftge.c estimated size: 201

C:\Program Files (x86)\Microchip\xc8\v1.40\sources\common\Umul16.c
		___wmul        		CODE           	383E	0000	55

C:\Program Files (x86)\Microchip\xc8\v1.40\sources\common\Umul16.c estimated size: 55

C:\Program Files (x86)\Microchip\xc8\v1.40\sources\common\ftmul.c
		___ftmul       		CODE           	1E5C	0000	351

C:\Program Files (x86)\Microchip\xc8\v1.40\sources\common\ftmul.c estimated size: 351

C:\Program Files (x86)\Microchip\xc8\v1.40\sources\common\awmod.c
		___awmod       		CODE           	306C	0000	163

C:\Program Files (x86)\Microchip\xc8\v1.40\sources\common\awmod.c estimated size: 163

iopin.c
		_digitalRead   		CODE           	28BE	0000	233
		_digitalWrite  		CODE           	2A8C	0000	225
		_analogRead    		CODE           	3786	0000	67

iopin.c estimated size: 525

C:\Program Files (x86)\Microchip\xc8\v1.40\sources\common\ftdiv.c
		___ftdiv       		CODE           	1FBA	0000	333

C:\Program Files (x86)\Microchip\xc8\v1.40\sources\common\ftdiv.c estimated size: 333

C:\Program Files (x86)\Microchip\xc8\v1.40\sources\common\llmod.c
		___llmod       		CODE           	31AC	0000	155

C:\Program Files (x86)\Microchip\xc8\v1.40\sources\common\llmod.c estimated size: 155

shared
		i2___ftadd     		CODE           	1824	0000	429
		i2___ftdiv     		CODE           	29A6	0000	231
		__powers_      		MEDIUMCONST    	FE22	0000	40
		i2___fttol     		CODE           	26D6	0000	245
		_dpowers       		MEDIUMCONST    	FDD3	0000	41
		i2_setAngle    		CODE           	34C2	0000	105
		i2___awtoft    		CODE           	3806	0000	57
		i2_startTimer  		CODE           	3618	0000	77
		i2___ftmul     		CODE           	27CA	0000	245
		__npowers_     		MEDIUMCONST    	FDFB	0000	40
		i2___ftpack    		CODE           	2F12	0000	175
		_keys          		MEDIUMCONST    	FE69	0000	18
		__initialization		CODE           	352A	0000	69
		i2___altoft    		CODE           	344A	0000	121
		_hexpowers     		MEDIUMCONST    	FE49	0000	33
		i2_digitalRead 		CODE           	2E60	0000	179
		_happynewyear  		MEDIUMCONST    	FE7A	0000	8
		i2_digitalWrite		CODE           	2FC0	0000	173
		i2_angleToPulse		CODE           	224A	0000	321

shared estimated size: 2607

interface.c
		_dateTime      		CODE           	3A18	0000	39
		_runSelect     		CODE           	39CC	0000	39
		_runTime       		CODE           	3980	0000	39
		_runStats      		CODE           	39A6	0000	39
		_runMenu       		CODE           	3874	0000	51
		_showInterface 		CODE           	25D2	0000	261
		_mainMenu      		CODE           	39F2	0000	39

interface.c estimated size: 507

lcd.c
		_putch         		CODE           	3958	0000	41
		_lcdInst       		CODE           	392E	0000	43
		_lcdClear      		CODE           	3A5C	0000	9
		_lcdNibble     		CODE           	33D2	0000	121
		_initLCD       		CODE           	36F8	0000	75
		_lcdNewline    		CODE           	3A54	0000	9

lcd.c estimated size: 298

C:\Program Files (x86)\Microchip\xc8\v1.40\sources\common\fttol.c
		___fttol       		CODE           	2106	0000	325

C:\Program Files (x86)\Microchip\xc8\v1.40\sources\common\fttol.c estimated size: 325

C:\Program Files (x86)\Microchip\xc8\v1.40\sources\common\fldivl.c
		__div_to_l_    		CODE           	1B6E	0000	393

C:\Program Files (x86)\Microchip\xc8\v1.40\sources\common\fldivl.c estimated size: 393

C:\Program Files (x86)\Microchip\xc8\v1.40\sources\common\awdiv.c
		___awdiv       		CODE           	2C34	0000	191

C:\Program Files (x86)\Microchip\xc8\v1.40\sources\common\awdiv.c estimated size: 191

main.c
		_service       		CODE           	0008	0000	323
		_sortBattery   		CODE           	0E12	0000	811
		_pinSetup      		CODE           	37C8	0000	63
		_main          		CODE           	2DAE	0000	179
		_pause         		CODE           	3A3E	0000	23

main.c estimated size: 1399

C:\Program Files (x86)\Microchip\xc8\v1.40\sources\common\ftadd.c
		___ftadd       		CODE           	13E8	0000	617

C:\Program Files (x86)\Microchip\xc8\v1.40\sources\common\ftadd.c estimated size: 617

C:\Program Files (x86)\Microchip\xc8\v1.40\sources\common\lldiv.c
		___lldiv       		CODE           	2CF2	0000	189

C:\Program Files (x86)\Microchip\xc8\v1.40\sources\common\lldiv.c estimated size: 189

